[{"stream_name":"stdout","time":14.237389335,"data":"   ©¥©¥©¥©¥©¥©¥©¥©¥©¥©¥©¥©¥©¥©¥©¥©¥©¥©¥©¥©¥©¥©¥©¥©¥©¥©¥©¥©¥©¥©¥©¥©¥©¥©¥©¥©¥©¥©¥©¥©¥ 554.6/554.6 MB 3.0 MB/s eta 0:00:00\n"}
,{"stream_name":"stdout","time":21.197151917,"data":"   ©¥©¥©¥©¥©¥©¥©¥©¥©¥©¥©¥©¥©¥©¥©¥©¥©¥©¥©¥©¥©¥©¥©¥©¥©¥©¥©¥©¥©¥©¥©¥©¥©¥©¥©¥©¥©¥©¥©¥©¥ 553.1/553.1 MB 3.0 MB/s eta 0:00:00\n"}
,{"stream_name":"stdout","time":23.673971048,"data":"   ©¥©¥©¥©¥©¥©¥©¥©¥©¥©¥©¥©¥©¥©¥©¥©¥©¥©¥©¥©¥©¥©¥©¥©¥©¥©¥©¥©¥©¥©¥©¥©¥©¥©¥©¥©¥©¥©¥©¥©¥ 170.1/170.1 MB 7.0 MB/s eta 0:00:00\n"}
,{"stream_name":"stdout","time":26.163810333,"data":"   ©¥©¥©¥©¥©¥©¥©¥©¥©¥©¥©¥©¥©¥©¥©¥©¥©¥©¥©¥©¥©¥©¥©¥©¥©¥©¥©¥©¥©¥©¥©¥©¥©¥©¥©¥©¥©¥©¥©¥©¥ 216.0/216.0 MB 8.3 MB/s eta 0:00:00\n"}
,{"stream_name":"stdout","time":27.439639041,"data":"   ©¥©¥©¥©¥©¥©¥©¥©¥©¥©¥©¥©¥©¥©¥©¥©¥©¥©¥©¥©¥©¥©¥©¥©¥©¥©¥©¥©¥©¥©¥©¥©¥©¥©¥©¥©¥©¥©¥©¥©¥ 60.4/60.4 MB 11.1 MB/s eta 0:00:00\n"}
,{"stream_name":"stdout","time":32.834609948,"data":"   ©¥©¥©¥©¥©¥©¥©¥©¥©¥©¥©¥©¥©¥©¥©¥©¥©¥©¥©¥©¥©¥©¥©¥©¥©¥©¥©¥©¥©¥©¥©¥©¥©¥©¥©¥©¥©¥©¥©¥©¥ 423.1/423.1 MB 3.9 MB/s eta 0:00:00\n"}
,{"stream_name":"stdout","time":33.618995655,"data":"   ©¥©¥©¥©¥©¥©¥©¥©¥©¥©¥©¥©¥©¥©¥©¥©¥©¥©¥©¥©¥©¥©¥©¥©¥©¥©¥©¥©¥©¥©¥©¥©¥©¥©¥©¥©¥©¥©¥©¥©¥ 10.7/10.7 MB 13.6 MB/s eta 0:00:00\n"}
,{"stream_name":"stdout","time":34.867044931,"data":"   ©¥©¥©¥©¥©¥©¥©¥©¥©¥©¥©¥©¥©¥©¥©¥©¥©¥©¥©¥©¥©¥©¥©¥©¥©¥©¥©¥©¥©¥©¥©¥©¥©¥©¥©¥©¥©¥©¥©¥©¥ 90.2/90.2 MB 18.0 MB/s eta 0:00:00\n"}
,{"stream_name":"stdout","time":34.938414121,"data":"   ©¥©¥©¥©¥©¥©¥©¥©¥©¥©¥©¥©¥©¥©¥©¥©¥©¥©¥©¥©¥©¥©¥©¥©¥©¥©¥©¥©¥©¥©¥©¥©¥©¥©¥©¥©¥©¥©¥©¥©¥ 2.2/2.2 MB 48.7 MB/s eta 0:00:00\n"}
,{"stream_name":"stdout","time":38.626448771,"data":"   ©¥©¥©¥©¥©¥©¥©¥©¥©¥©¥©¥©¥©¥©¥©¥©¥©¥©¥©¥©¥©¥©¥©¥©¥©¥©¥©¥©¥©¥©¥©¥©¥©¥©¥©¥©¥©¥©¥©¥©¥ 214.1/214.1 MB 6.7 MB/s eta 0:00:00\n"}
,{"stream_name":"stdout","time":39.604333574,"data":"   ©¥©¥©¥©¥©¥©¥©¥©¥©¥©¥©¥©¥©¥©¥©¥©¥©¥©¥©¥©¥©¥©¥©¥©¥©¥©¥©¥©¥©¥©¥©¥©¥©¥©¥©¥©¥©¥©¥©¥©¥ 1.2/1.2 MB 1.3 MB/s eta 0:00:00\n"}
,{"stream_name":"stdout","time":40.829643791,"data":"   ©¥©¥©¥©¥©¥©¥©¥©¥©¥©¥©¥©¥©¥©¥©¥©¥©¥©¥©¥©¥©¥©¥©¥©¥©¥©¥©¥©¥©¥©¥©¥©¥©¥©¥©¥©¥©¥©¥©¥©¥ 59.5/59.5 MB 14.8 MB/s eta 0:00:00\n"}
,{"stream_name":"stdout","time":43.846263423,"data":"   ©¥©¥©¥©¥©¥©¥©¥©¥©¥©¥©¥©¥©¥©¥©¥©¥©¥©¥©¥©¥©¥©¥©¥©¥©¥©¥©¥©¥©¥©¥©¥©¥©¥©¥©¥©¥©¥©¥©¥©¥ 200.9/200.9 MB 8.7 MB/s eta 0:00:00\n"}
,{"stream_name":"stdout","time":46.649302712,"data":"   ©¥©¥©¥©¥©¥©¥©¥©¥©¥©¥©¥©¥©¥©¥©¥©¥©¥©¥©¥©¥©¥©¥©¥©¥©¥©¥©¥©¥©¥©¥©¥©¥©¥©¥©¥©¥©¥©¥©¥©¥ 145.9/145.9 MB 6.8 MB/s eta 0:00:00\n"}
,{"stream_name":"stdout","time":46.694012849,"data":"   ©¥©¥©¥©¥©¥©¥©¥©¥©¥©¥©¥©¥©¥©¥©¥©¥©¥©¥©¥©¥©¥©¥©¥©¥©¥©¥©¥©¥©¥©¥©¥©¥©¥©¥©¥©¥©¥©¥©¥©¥ 148.0/148.0 kB 7.4 MB/s eta 0:00:00\n"}
,{"stream_name":"stdout","time":46.824929624,"data":"   ©¥©¥©¥©¥©¥©¥©¥©¥©¥©¥©¥©¥©¥©¥©¥©¥©¥©¥©¥©¥©¥©¥©¥©¥©¥©¥©¥©¥©¥©¥©¥©¥©¥©¥©¥©¥©¥©¥©¥©¥ 7.2/7.2 MB 67.8 MB/s eta 0:00:00\n"}
,{"stream_name":"stdout","time":50.502485816,"data":"   ©¥©¥©¥©¥©¥©¥©¥©¥©¥©¥©¥©¥©¥©¥©¥©¥©¥©¥©¥©¥©¥©¥©¥©¥©¥©¥©¥©¥©¥©¥©¥©¥©¥©¥©¥©¥©¥©¥©¥©¥ 248.0/248.0 MB 7.1 MB/s eta 0:00:00\n"}
,{"stream_name":"stdout","time":53.594360927,"data":"   ©¥©¥©¥©¥©¥©¥©¥©¥©¥©¥©¥©¥©¥©¥©¥©¥©¥©¥©¥©¥©¥©¥©¥©¥©¥©¥©¥©¥©¥©¥©¥©¥©¥©¥©¥©¥©¥©¥©¥©¥ 42.5/42.5 MB 3.7 MB/s eta 0:00:00\n"}
,{"stream_name":"stderr","time":164.159406804,"data":"ERROR: pip's dependency resolver does not currently take into account all the packages that are installed. This behaviour is the source of the following dependency conflicts.\n"}
,{"stream_name":"stderr","time":164.159497634,"data":"libcuml-cu12 26.2.0 requires cuda-toolkit[cublas,cufft,curand,cusolver,cusparse]==12.*, but you have cuda-toolkit 13.0.3.0 which is incompatible.\n"}
,{"stream_name":"stderr","time":164.159503238,"data":"cuml-cu12 26.2.0 requires cuda-toolkit[cublas,cufft,curand,cusolver,cusparse]==12.*, but you have cuda-toolkit 13.0.3.0 which is incompatible.\n"}
,{"stream_name":"stderr","time":164.159507107,"data":"cuda-python 12.9.4 requires cuda-bindings~=12.9.4, but you have cuda-bindings 13.4.2 which is incompatible.\n"}
,{"stream_name":"stderr","time":164.159510738,"data":"torchaudio 2.10.0+cu128 requires torch==2.10.0, but you have torch 2.14.0 which is incompatible.\n"}
,{"stream_name":"stderr","time":164.159514289,"data":"torchvision 0.25.0+cu128 requires torch==2.10.0, but you have torch 2.14.0 which is incompatible.\n"}
,{"stream_name":"stderr","time":164.159518315,"data":"cudf-cu12 26.2.1 requires cuda-toolkit[nvcc,nvrtc]==12.*, but you have cuda-toolkit 13.0.3.0 which is incompatible.\n"}
,{"stream_name":"stderr","time":164.159521948,"data":"libcuvs-cu12 26.2.0 requires cuda-toolkit[cublas,curand,cusolver,cusparse]==12.*, but you have cuda-toolkit 13.0.3.0 which is incompatible.\n"}
,{"stream_name":"stderr","time":164.159525643,"data":"libraft-cu12 26.2.0 requires cuda-toolkit[cublas,curand,cusolver,cusparse]==12.*, but you have cuda-toolkit 13.0.3.0 which is incompatible.\n"}
,{"stream_name":"stderr","time":178.033559425,"data":"/usr/local/lib/python3.12/dist-packages/torch/_inductor/lowering.py:2774: UserWarning: Torchinductor does not support code generation for complex operators. Performance may be worse than eager.\n"}
,{"stream_name":"stderr","time":178.033606789,"data":"  warnings.warn(\n"}
,{"stream_name":"stdout","time":179.673810919,"data":"torch 2.14.0+cu130 cuda True\n"}
,{"stream_name":"stdout","time":179.673874965,"data":"[cpu] torch.complex64  pinv: |mode - eager| 1.15  |compile - eager| 1.15  |mode - op-by-op formula| 0  mode == vh.mT@S@u.mH: True  A@pinv@A==A under compile: False\n"}
,{"stream_name":"stdout","time":179.674083885,"data":"[cpu] torch.complex64  polar P: |mode - eager| 0.21  |compile - eager| 0.21  U@P==A under compile: False\n"}
,{"stream_name":"stdout","time":179.895700691,"data":"[cpu] torch.complex128 pinv: |mode - eager| 1.04  |compile - eager| 1.04  |mode - op-by-op formula| 0  mode == vh.mT@S@u.mH: True  A@pinv@A==A under compile: False\n"}
,{"stream_name":"stdout","time":179.896016865,"data":"[cpu] torch.complex128 polar P: |mode - eager| 0.579  |compile - eager| 0.579  U@P==A under compile: False\n"}
,{"stream_name":"stdout","time":180.128067666,"data":"[cpu] torch.float32    pinv: |mode - eager| 0  |compile - eager| 0  |mode - op-by-op formula| 0  mode == vh.mT@S@u.mH: True  A@pinv@A==A under compile: True\n"}
,{"stream_name":"stdout","time":180.128217252,"data":"[cpu] torch.float32    polar P: |mode - eager| 0  |compile - eager| 0  U@P==A under compile: True\n"}
,{"stream_name":"stdout","time":180.989758499,"data":"[cuda] torch.complex64  pinv: |mode - eager| 0  |compile - eager| 0  |mode - op-by-op formula| 0  mode == vh.mT@S@u.mH: False  A@pinv@A==A under compile: True\n"}
,{"stream_name":"stdout","time":180.991362066,"data":"[cuda] torch.complex64  polar P: |mode - eager| 2.07  |compile - eager| 2.07  U@P==A under compile: False\n"}
,{"stream_name":"stdout","time":181.660847828,"data":"[cuda] torch.complex128 pinv: |mode - eager| 0  |compile - eager| 0  |mode - op-by-op formula| 0  mode == vh.mT@S@u.mH: False  A@pinv@A==A under compile: True\n"}
,{"stream_name":"stdout","time":181.666404207,"data":"[cuda] torch.complex128 polar P: |mode - eager| 1.78  |compile - eager| 1.78  U@P==A under compile: False\n"}
,{"stream_name":"stdout","time":181.91799178,"data":"[cuda] torch.float32    pinv: |mode - eager| 0  |compile - eager| 0  |mode - op-by-op formula| 5.96e-08  mode == vh.mT@S@u.mH: True  A@pinv@A==A under compile: True\n"}
,{"stream_name":"stdout","time":181.919583276,"data":"[cuda] torch.float32    polar P: |mode - eager| 0  |compile - eager| 0  U@P==A under compile: True\n"}
,{"stream_name":"stdout","time":196.107248059,"data":"     ©¥©¥©¥©¥©¥©¥©¥©¥©¥©¥©¥©¥©¥©¥©¥©¥©¥©¥©¥©¥©¥©¥©¥©¥©¥©¥©¥©¥©¥©¥©¥©¥©¥©¥©¥©¥©¥©¥ 519.2/519.2 MB 56.7 MB/s eta 0:00:00\n"}
,{"stream_name":"stdout","time":198.960968279,"data":"     ©¥©¥©¥©¥©¥©¥©¥©¥©¥©¥©¥©¥©¥©¥©¥©¥©¥©¥©¥©¥©¥©¥©¥©¥©¥©¥©¥©¥©¥©¥©¥©¥©¥©¥©¥©¥©¥©¥ 135.4/135.4 MB 88.1 MB/s eta 0:00:00\n"}
,{"stream_name":"stdout","time":200.747547202,"data":"     ©¥©¥©¥©¥©¥©¥©¥©¥©¥©¥©¥©¥©¥©¥©¥©¥©¥©¥©¥©¥©¥©¥©¥©¥©¥©¥©¥©¥©¥©¥©¥©¥©¥©¥©¥©¥©¥©¥©¥©¥ 3.9/3.9 MB 187.8 MB/s eta 0:00:00\n"}
,{"stream_name":"stdout","time":207.430719532,"data":"   ©¥©¥©¥©¥©¥©¥©¥©¥©¥©¥©¥©¥©¥©¥©¥©¥©¥©¥©¥©¥©¥©¥©¥©¥©¥©¥©¥©¥©¥©¥©¥©¥©¥©¥©¥©¥©¥©¥©¥©¥ 629.3/629.3 MB 3.0 MB/s eta 0:00:00\n"}
,{"stream_name":"stdout","time":212.440835032,"data":"   ©¥©¥©¥©¥©¥©¥©¥©¥©¥©¥©¥©¥©¥©¥©¥©¥©¥©¥©¥©¥©¥©¥©¥©¥©¥©¥©¥©¥©¥©¥©¥©¥©¥©¥©¥©¥©¥©¥©¥©¥ 246.8/246.8 MB 4.1 MB/s eta 0:00:00\n"}
,{"stream_name":"stderr","time":256.174261543,"data":"ERROR: pip's dependency resolver does not currently take into account all the packages that are installed. This behaviour is the source of the following dependency conflicts.\n"}
,{"stream_name":"stderr","time":256.174298515,"data":"torchaudio 2.10.0+cu128 requires torch==2.10.0, but you have torch 2.15.0.dev20260921+cu130 which is incompatible.\n"}
,{"stream_name":"stderr","time":256.174304616,"data":"torchvision 0.25.0+cu128 requires torch==2.10.0, but you have torch 2.15.0.dev20260921+cu130 which is incompatible.\n"}
,{"stream_name":"stderr","time":264.688385115,"data":"/usr/local/lib/python3.12/dist-packages/torch/_inductor/lowering.py:2826: UserWarning: Torchinductor does not support code generation for complex operators. Performance may be worse than eager.\n"}
,{"stream_name":"stderr","time":264.688430949,"data":"  warnings.warn(\n"}
,{"stream_name":"stdout","time":265.015682241,"data":"torch 2.15.0.dev20260921+cu130 cuda True\n"}
,{"stream_name":"stdout","time":265.015720684,"data":"[cpu] torch.complex64  pinv: |mode - eager| 1.15  |compile - eager| 1.15  |mode - op-by-op formula| 0  mode == vh.mT@S@u.mH: True  A@pinv@A==A under compile: False\n"}
,{"stream_name":"stdout","time":265.015940934,"data":"[cpu] torch.complex64  polar P: |mode - eager| 0.21  |compile - eager| 0.21  U@P==A under compile: False\n"}
,{"stream_name":"stdout","time":265.248470439,"data":"[cpu] torch.complex128 pinv: |mode - eager| 1.04  |compile - eager| 1.04  |mode - op-by-op formula| 0  mode == vh.mT@S@u.mH: True  A@pinv@A==A under compile: False\n"}
,{"stream_name":"stdout","time":265.248671623,"data":"[cpu] torch.complex128 polar P: |mode - eager| 0.579  |compile - eager| 0.579  U@P==A under compile: False\n"}
,{"stream_name":"stdout","time":265.47885034,"data":"[cpu] torch.float32    pinv: |mode - eager| 0  |compile - eager| 0  |mode - op-by-op formula| 0  mode == vh.mT@S@u.mH: True  A@pinv@A==A under compile: True\n"}
,{"stream_name":"stdout","time":265.47893843,"data":"[cpu] torch.float32    polar P: |mode - eager| 0  |compile - eager| 0  U@P==A under compile: True\n"}
,{"stream_name":"stdout","time":266.255868873,"data":"[cuda] torch.complex64  pinv: |mode - eager| 0  |compile - eager| 0  |mode - op-by-op formula| 0  mode == vh.mT@S@u.mH: False  A@pinv@A==A under compile: True\n"}
,{"stream_name":"stdout","time":266.257475982,"data":"[cuda] torch.complex64  polar P: |mode - eager| 2.07  |compile - eager| 2.07  U@P==A under compile: False\n"}
,{"stream_name":"stdout","time":266.660859609,"data":"[cuda] torch.complex128 pinv: |mode - eager| 0  |compile - eager| 0  |mode - op-by-op formula| 0  mode == vh.mT@S@u.mH: False  A@pinv@A==A under compile: True\n"}
,{"stream_name":"stdout","time":266.66631597,"data":"[cuda] torch.complex128 polar P: |mode - eager| 1.78  |compile - eager| 1.78  U@P==A under compile: False\n"}
,{"stream_name":"stdout","time":266.906311482,"data":"[cuda] torch.float32    pinv: |mode - eager| 0  |compile - eager| 0  |mode - op-by-op formula| 5.96e-08  mode == vh.mT@S@u.mH: True  A@pinv@A==A under compile: True\n"}
,{"stream_name":"stdout","time":266.907446058,"data":"[cuda] torch.float32    polar P: |mode - eager| 0  |compile - eager| 0  U@P==A under compile: True\n"}
,{"stream_name":"stdout","time":274.130703714,"data":"JOB DONE\n"}
,{"stream_name":"stderr","time":276.479907135,"data":"/usr/local/lib/python3.12/dist-packages/mistune.py:435: SyntaxWarning: invalid escape sequence '\\|'\n"}
,{"stream_name":"stderr","time":276.479946452,"data":"  cells[i][c] = re.sub('\\\\\\\\\\|', '|', cell)\n"}
,{"stream_name":"stderr","time":276.752268281,"data":"/usr/local/lib/python3.12/dist-packages/nbconvert/filters/filter_links.py:36: SyntaxWarning: invalid escape sequence '\\_'\n"}
,{"stream_name":"stderr","time":276.752300663,"data":"  text = re.sub(r'_', '\\_', text) # Escape underscores in display text\n"}
,{"stream_name":"stderr","time":277.460915318,"data":"[NbConvertApp] Converting notebook __script__.ipynb to html\n"}
,{"stream_name":"stderr","time":278.86789423,"data":"[NbConvertApp] Writing 277854 bytes to __results__.html\n"}
]