[{"stream_name":"stdout","time":14.054984789,"data":"   ©¥©¥©¥©¥©¥©¥©¥©¥©¥©¥©¥©¥©¥©¥©¥©¥©¥©¥©¥©¥©¥©¥©¥©¥©¥©¥©¥©¥©¥©¥©¥©¥©¥©¥©¥©¥©¥©¥©¥©¥ 554.6/554.6 MB 3.0 MB/s eta 0:00:00\n"}
,{"stream_name":"stdout","time":21.906565874,"data":"   ©¥©¥©¥©¥©¥©¥©¥©¥©¥©¥©¥©¥©¥©¥©¥©¥©¥©¥©¥©¥©¥©¥©¥©¥©¥©¥©¥©¥©¥©¥©¥©¥©¥©¥©¥©¥©¥©¥©¥©¥ 553.1/553.1 MB 3.3 MB/s eta 0:00:00\n"}
,{"stream_name":"stdout","time":24.233264577,"data":"   ©¥©¥©¥©¥©¥©¥©¥©¥©¥©¥©¥©¥©¥©¥©¥©¥©¥©¥©¥©¥©¥©¥©¥©¥©¥©¥©¥©¥©¥©¥©¥©¥©¥©¥©¥©¥©¥©¥©¥©¥ 170.1/170.1 MB 11.0 MB/s eta 0:00:00\n"}
,{"stream_name":"stdout","time":26.410783286,"data":"   ©¥©¥©¥©¥©¥©¥©¥©¥©¥©¥©¥©¥©¥©¥©¥©¥©¥©¥©¥©¥©¥©¥©¥©¥©¥©¥©¥©¥©¥©¥©¥©¥©¥©¥©¥©¥©¥©¥©¥©¥ 216.0/216.0 MB 8.7 MB/s eta 0:00:00\n"}
,{"stream_name":"stdout","time":27.16115364,"data":"   ©¥©¥©¥©¥©¥©¥©¥©¥©¥©¥©¥©¥©¥©¥©¥©¥©¥©¥©¥©¥©¥©¥©¥©¥©¥©¥©¥©¥©¥©¥©¥©¥©¥©¥©¥©¥©¥©¥©¥©¥ 60.4/60.4 MB 30.3 MB/s eta 0:00:00\n"}
,{"stream_name":"stdout","time":32.889755991,"data":"   ©¥©¥©¥©¥©¥©¥©¥©¥©¥©¥©¥©¥©¥©¥©¥©¥©¥©¥©¥©¥©¥©¥©¥©¥©¥©¥©¥©¥©¥©¥©¥©¥©¥©¥©¥©¥©¥©¥©¥©¥ 423.1/423.1 MB 4.3 MB/s eta 0:00:00\n"}
,{"stream_name":"stdout","time":33.054288295,"data":"   ©¥©¥©¥©¥©¥©¥©¥©¥©¥©¥©¥©¥©¥©¥©¥©¥©¥©¥©¥©¥©¥©¥©¥©¥©¥©¥©¥©¥©¥©¥©¥©¥©¥©¥©¥©¥©¥©¥©¥©¥ 10.7/10.7 MB 72.2 MB/s eta 0:00:00\n"}
,{"stream_name":"stdout","time":34.265763143,"data":"   ©¥©¥©¥©¥©¥©¥©¥©¥©¥©¥©¥©¥©¥©¥©¥©¥©¥©¥©¥©¥©¥©¥©¥©¥©¥©¥©¥©¥©¥©¥©¥©¥©¥©¥©¥©¥©¥©¥©¥©¥ 90.2/90.2 MB 17.4 MB/s eta 0:00:00\n"}
,{"stream_name":"stdout","time":34.321975084,"data":"   ©¥©¥©¥©¥©¥©¥©¥©¥©¥©¥©¥©¥©¥©¥©¥©¥©¥©¥©¥©¥©¥©¥©¥©¥©¥©¥©¥©¥©¥©¥©¥©¥©¥©¥©¥©¥©¥©¥©¥©¥ 2.2/2.2 MB 57.9 MB/s eta 0:00:00\n"}
,{"stream_name":"stdout","time":38.148879924,"data":"   ©¥©¥©¥©¥©¥©¥©¥©¥©¥©¥©¥©¥©¥©¥©¥©¥©¥©¥©¥©¥©¥©¥©¥©¥©¥©¥©¥©¥©¥©¥©¥©¥©¥©¥©¥©¥©¥©¥©¥©¥ 214.1/214.1 MB 4.7 MB/s eta 0:00:00\n"}
,{"stream_name":"stdout","time":39.253414864,"data":"   ©¥©¥©¥©¥©¥©¥©¥©¥©¥©¥©¥©¥©¥©¥©¥©¥©¥©¥©¥©¥©¥©¥©¥©¥©¥©¥©¥©¥©¥©¥©¥©¥©¥©¥©¥©¥©¥©¥©¥©¥ 1.2/1.2 MB 1.1 MB/s eta 0:00:00\n"}
,{"stream_name":"stdout","time":40.640279875,"data":"   ©¥©¥©¥©¥©¥©¥©¥©¥©¥©¥©¥©¥©¥©¥©¥©¥©¥©¥©¥©¥©¥©¥©¥©¥©¥©¥©¥©¥©¥©¥©¥©¥©¥©¥©¥©¥©¥©¥©¥©¥ 59.5/59.5 MB 9.9 MB/s eta 0:00:00\n"}
,{"stream_name":"stdout","time":43.056919346,"data":"   ©¥©¥©¥©¥©¥©¥©¥©¥©¥©¥©¥©¥©¥©¥©¥©¥©¥©¥©¥©¥©¥©¥©¥©¥©¥©¥©¥©¥©¥©¥©¥©¥©¥©¥©¥©¥©¥©¥©¥©¥ 200.9/200.9 MB 8.9 MB/s eta 0:00:00\n"}
,{"stream_name":"stdout","time":45.272064099,"data":"   ©¥©¥©¥©¥©¥©¥©¥©¥©¥©¥©¥©¥©¥©¥©¥©¥©¥©¥©¥©¥©¥©¥©¥©¥©¥©¥©¥©¥©¥©¥©¥©¥©¥©¥©¥©¥©¥©¥©¥©¥ 145.9/145.9 MB 8.9 MB/s eta 0:00:00\n"}
,{"stream_name":"stdout","time":46.280172805,"data":"   ©¥©¥©¥©¥©¥©¥©¥©¥©¥©¥©¥©¥©¥©¥©¥©¥©¥©¥©¥©¥©¥©¥©¥©¥©¥©¥©¥©¥©¥©¥©¥©¥©¥©¥©¥©¥©¥©¥©¥ 148.0/148.0 kB 139.5 kB/s eta 0:00:00\n"}
,{"stream_name":"stdout","time":47.915581575,"data":"   ©¥©¥©¥©¥©¥©¥©¥©¥©¥©¥©¥©¥©¥©¥©¥©¥©¥©¥©¥©¥©¥©¥©¥©¥©¥©¥©¥©¥©¥©¥©¥©¥©¥©¥©¥©¥©¥©¥©¥©¥ 7.2/7.2 MB 4.4 MB/s eta 0:00:00\n"}
,{"stream_name":"stdout","time":51.965845201,"data":"   ©¥©¥©¥©¥©¥©¥©¥©¥©¥©¥©¥©¥©¥©¥©¥©¥©¥©¥©¥©¥©¥©¥©¥©¥©¥©¥©¥©¥©¥©¥©¥©¥©¥©¥©¥©¥©¥©¥©¥©¥ 248.0/248.0 MB 5.1 MB/s eta 0:00:00\n"}
,{"stream_name":"stdout","time":52.54968728,"data":"   ©¥©¥©¥©¥©¥©¥©¥©¥©¥©¥©¥©¥©¥©¥©¥©¥©¥©¥©¥©¥©¥©¥©¥©¥©¥©¥©¥©¥©¥©¥©¥©¥©¥©¥©¥©¥©¥©¥©¥©¥ 42.5/42.5 MB 34.8 MB/s eta 0:00:00\n"}
,{"stream_name":"stderr","time":153.83337289,"data":"ERROR: pip's dependency resolver does not currently take into account all the packages that are installed. This behaviour is the source of the following dependency conflicts.\n"}
,{"stream_name":"stderr","time":153.833426372,"data":"libcuml-cu12 26.2.0 requires cuda-toolkit[cublas,cufft,curand,cusolver,cusparse]==12.*, but you have cuda-toolkit 13.0.3.0 which is incompatible.\n"}
,{"stream_name":"stderr","time":153.833431762,"data":"cuml-cu12 26.2.0 requires cuda-toolkit[cublas,cufft,curand,cusolver,cusparse]==12.*, but you have cuda-toolkit 13.0.3.0 which is incompatible.\n"}
,{"stream_name":"stderr","time":153.833435214,"data":"cuda-python 12.9.4 requires cuda-bindings~=12.9.4, but you have cuda-bindings 13.4.2 which is incompatible.\n"}
,{"stream_name":"stderr","time":153.833438407,"data":"torchaudio 2.10.0+cu128 requires torch==2.10.0, but you have torch 2.14.0 which is incompatible.\n"}
,{"stream_name":"stderr","time":153.833442049,"data":"torchvision 0.25.0+cu128 requires torch==2.10.0, but you have torch 2.14.0 which is incompatible.\n"}
,{"stream_name":"stderr","time":153.833445125,"data":"cudf-cu12 26.2.1 requires cuda-toolkit[nvcc,nvrtc]==12.*, but you have cuda-toolkit 13.0.3.0 which is incompatible.\n"}
,{"stream_name":"stderr","time":153.833448239,"data":"libcuvs-cu12 26.2.0 requires cuda-toolkit[cublas,curand,cusolver,cusparse]==12.*, but you have cuda-toolkit 13.0.3.0 which is incompatible.\n"}
,{"stream_name":"stderr","time":153.833451342,"data":"libraft-cu12 26.2.0 requires cuda-toolkit[cublas,curand,cusolver,cusparse]==12.*, but you have cuda-toolkit 13.0.3.0 which is incompatible.\n"}
,{"stream_name":"stdout","time":182.248133696,"data":"torch 2.14.0+cu130 cuda True\n"}
,{"stream_name":"stdout","time":182.248192086,"data":"!! [cpu] avg_pool1d k=6 s=3 p=2 ceil count_include_pad=True   forward same: True  grad: eager==aot_eager True  eager==inductor False  max|diff| 0.0333\n"}
,{"stream_name":"stdout","time":185.136724901,"data":"        eager grad tail    [0.3333333432674408, 0.36666667461395264, 0.36666667461395264, 0.36666667461395264]\n"}
,{"stream_name":"stdout","time":185.136779,"data":"        inductor grad tail [0.3333333432674408, 0.3333333432674408, 0.3333333432674408, 0.3333333432674408]\n"}
,{"stream_name":"stdout","time":185.136785726,"data":"   [cpu] avg_pool1d k=6 s=3 p=2 ceil count_include_pad=False  forward same: True  grad: eager==aot_eager True  eager==inductor True  max|diff| 0.0000\n"}
,{"stream_name":"stdout","time":187.999085908,"data":"!! [cpu] avg_pool1d k=3 s=2 p=0 ceil (no padding)             forward same: True  grad: eager==aot_eager True  eager==inductor False  max|diff| 0.1667\n"}
,{"stream_name":"stdout","time":193.571173131,"data":"        eager grad tail    [0.6666666865348816, 0.3333333432674408, 0.8333333730697632, 0.5]\n"}
,{"stream_name":"stdout","time":193.571212113,"data":"        inductor grad tail [0.6666666865348816, 0.3333333432674408, 0.6666666865348816, 0.3333333432674408]\n"}
,{"stream_name":"stdout","time":193.57121858,"data":"!! [cpu] avg_pool2d k=3 s=2 p=1 ceil count_include_pad=True   forward same: True  grad: eager==aot_eager True  eager==inductor False  max|diff| 0.2500\n"}
,{"stream_name":"stdout","time":198.545654288,"data":"        eager grad tail    [0.2777777910232544, 0.5555555820465088, 0.2777777910232544, 0.694444477558136]\n"}
,{"stream_name":"stdout","time":198.545707377,"data":"        inductor grad tail [0.2222222238779068, 0.4444444477558136, 0.2222222238779068, 0.4444444477558136]\n"}
,{"stream_name":"stdout","time":198.545714693,"data":"   [cpu] avg_pool2d k=3 s=2 p=1 ceil count_include_pad=False  forward same: True  grad: eager==aot_eager True  eager==inductor True  max|diff| 0.0000\n"}
,{"stream_name":"stdout","time":203.842580573,"data":"   [cpu] avg_pool2d k=3 s=2 p=1 ceil=False (control)          forward same: True  grad: eager==aot_eager True  eager==inductor True  max|diff| 0.0000\n"}
,{"stream_name":"stdout","time":209.980534052,"data":"   [cpu] avg_pool3d k=2 s=2 p=1 ceil count_include_pad=True   forward same: True  grad: eager==aot_eager True  eager==inductor True  max|diff| 0.0000\n"}
,{"stream_name":"stdout","time":211.446893331,"data":"!! [cuda] avg_pool1d k=6 s=3 p=2 ceil count_include_pad=True   forward same: True  grad: eager==aot_eager True  eager==inductor False  max|diff| 0.0333\n"}
,{"stream_name":"stdout","time":212.455688305,"data":"        eager grad tail    [0.3333333432674408, 0.36666667461395264, 0.36666667461395264, 0.36666667461395264]\n"}
,{"stream_name":"stdout","time":212.455718302,"data":"        inductor grad tail [0.3333333432674408, 0.3333333432674408, 0.3333333432674408, 0.3333333432674408]\n"}
,{"stream_name":"stdout","time":212.455724528,"data":"   [cuda] avg_pool1d k=6 s=3 p=2 ceil count_include_pad=False  forward same: True  grad: eager==aot_eager True  eager==inductor True  max|diff| 0.0000\n"}
,{"stream_name":"stdout","time":213.244531146,"data":"!! [cuda] avg_pool1d k=3 s=2 p=0 ceil (no padding)             forward same: True  grad: eager==aot_eager True  eager==inductor False  max|diff| 0.1667\n"}
,{"stream_name":"stdout","time":214.95895946,"data":"        eager grad tail    [0.6666666865348816, 0.3333333432674408, 0.8333333730697632, 0.5]\n"}
,{"stream_name":"stdout","time":214.958989644,"data":"        inductor grad tail [0.6666666865348816, 0.3333333432674408, 0.6666666865348816, 0.3333333432674408]\n"}
,{"stream_name":"stdout","time":214.958995058,"data":"!! [cuda] avg_pool2d k=3 s=2 p=1 ceil count_include_pad=True   forward same: True  grad: eager==aot_eager True  eager==inductor False  max|diff| 0.2500\n"}
,{"stream_name":"stdout","time":217.362063995,"data":"        eager grad tail    [0.2777777910232544, 0.5555555820465088, 0.2777777910232544, 0.694444477558136]\n"}
,{"stream_name":"stdout","time":217.362102549,"data":"        inductor grad tail [0.2222222238779068, 0.4444444477558136, 0.2222222238779068, 0.4444444477558136]\n"}
,{"stream_name":"stdout","time":217.362108921,"data":"   [cuda] avg_pool2d k=3 s=2 p=1 ceil count_include_pad=False  forward same: True  grad: eager==aot_eager True  eager==inductor True  max|diff| 0.0000\n"}
,{"stream_name":"stdout","time":219.050018995,"data":"   [cuda] avg_pool2d k=3 s=2 p=1 ceil=False (control)          forward same: True  grad: eager==aot_eager True  eager==inductor True  max|diff| 0.0000\n"}
,{"stream_name":"stdout","time":221.264252745,"data":"   [cuda] avg_pool3d k=2 s=2 p=1 ceil count_include_pad=True   forward same: True  grad: eager==aot_eager True  eager==inductor True  max|diff| 0.0000\n"}
,{"stream_name":"stdout","time":228.870414927,"data":"     ©¥©¥©¥©¥©¥©¥©¥©¥©¥©¥©¥©¥©¥©¥©¥©¥©¥©¥©¥©¥©¥©¥©¥©¥©¥©¥©¥©¥©¥©¥©¥©¥©¥©¥©¥©¥©¥©¥ 519.2/519.2 MB 72.0 MB/s eta 0:00:00\n"}
,{"stream_name":"stdout","time":231.163767765,"data":"     ©¥©¥©¥©¥©¥©¥©¥©¥©¥©¥©¥©¥©¥©¥©¥©¥©¥©¥©¥©¥©¥©¥©¥©¥©¥©¥©¥©¥©¥©¥©¥©¥©¥©¥©¥©¥©¥ 135.4/135.4 MB 150.9 MB/s eta 0:00:00\n"}
,{"stream_name":"stdout","time":232.039819043,"data":"     ©¥©¥©¥©¥©¥©¥©¥©¥©¥©¥©¥©¥©¥©¥©¥©¥©¥©¥©¥©¥©¥©¥©¥©¥©¥©¥©¥©¥©¥©¥©¥©¥©¥©¥©¥©¥©¥©¥©¥©¥ 3.9/3.9 MB 235.3 MB/s eta 0:00:00\n"}
,{"stream_name":"stdout","time":239.995290174,"data":"   ©¥©¥©¥©¥©¥©¥©¥©¥©¥©¥©¥©¥©¥©¥©¥©¥©¥©¥©¥©¥©¥©¥©¥©¥©¥©¥©¥©¥©¥©¥©¥©¥©¥©¥©¥©¥©¥©¥©¥©¥ 629.3/629.3 MB 3.1 MB/s eta 0:00:00\n"}
,{"stream_name":"stdout","time":242.330572821,"data":"   ©¥©¥©¥©¥©¥©¥©¥©¥©¥©¥©¥©¥©¥©¥©¥©¥©¥©¥©¥©¥©¥©¥©¥©¥©¥©¥©¥©¥©¥©¥©¥©¥©¥©¥©¥©¥©¥©¥©¥©¥ 246.8/246.8 MB 7.7 MB/s eta 0:00:00\n"}
,{"stream_name":"stderr","time":284.843721041,"data":"ERROR: pip's dependency resolver does not currently take into account all the packages that are installed. This behaviour is the source of the following dependency conflicts.\n"}
,{"stream_name":"stderr","time":284.843764704,"data":"torchaudio 2.10.0+cu128 requires torch==2.10.0, but you have torch 2.15.0.dev20260921+cu130 which is incompatible.\n"}
,{"stream_name":"stderr","time":284.843770831,"data":"torchvision 0.25.0+cu128 requires torch==2.10.0, but you have torch 2.15.0.dev20260921+cu130 which is incompatible.\n"}
,{"stream_name":"stdout","time":306.417498819,"data":"torch 2.15.0.dev20260921+cu130 cuda True\n"}
,{"stream_name":"stdout","time":306.417537674,"data":"!! [cpu] avg_pool1d k=6 s=3 p=2 ceil count_include_pad=True   forward same: True  grad: eager==aot_eager True  eager==inductor False  max|diff| 0.0333\n"}
,{"stream_name":"stdout","time":309.049368012,"data":"        eager grad tail    [0.3333333432674408, 0.36666667461395264, 0.36666667461395264, 0.36666667461395264]\n"}
,{"stream_name":"stdout","time":309.049406049,"data":"        inductor grad tail [0.3333333432674408, 0.3333333432674408, 0.3333333432674408, 0.3333333432674408]\n"}
,{"stream_name":"stdout","time":309.04941070899997,"data":"   [cpu] avg_pool1d k=6 s=3 p=2 ceil count_include_pad=False  forward same: True  grad: eager==aot_eager True  eager==inductor True  max|diff| 0.0000\n"}
,{"stream_name":"stdout","time":311.760977661,"data":"!! [cpu] avg_pool1d k=3 s=2 p=0 ceil (no padding)             forward same: True  grad: eager==aot_eager True  eager==inductor False  max|diff| 0.1667\n"}
,{"stream_name":"stdout","time":319.859841348,"data":"        eager grad tail    [0.6666666865348816, 0.3333333432674408, 0.8333333730697632, 0.5]\n"}
,{"stream_name":"stdout","time":319.859891395,"data":"        inductor grad tail [0.6666666865348816, 0.3333333432674408, 0.6666666865348816, 0.3333333432674408]\n"}
,{"stream_name":"stdout","time":319.859896016,"data":"!! [cpu] avg_pool2d k=3 s=2 p=1 ceil count_include_pad=True   forward same: True  grad: eager==aot_eager True  eager==inductor False  max|diff| 0.2500\n"}
,{"stream_name":"stdout","time":324.625910968,"data":"        eager grad tail    [0.2777777910232544, 0.5555555820465088, 0.2777777910232544, 0.694444477558136]\n"}
,{"stream_name":"stdout","time":324.62594519,"data":"        inductor grad tail [0.2222222238779068, 0.4444444477558136, 0.2222222238779068, 0.4444444477558136]\n"}
,{"stream_name":"stdout","time":324.625949656,"data":"   [cpu] avg_pool2d k=3 s=2 p=1 ceil count_include_pad=False  forward same: True  grad: eager==aot_eager True  eager==inductor True  max|diff| 0.0000\n"}
,{"stream_name":"stdout","time":329.508848446,"data":"   [cpu] avg_pool2d k=3 s=2 p=1 ceil=False (control)          forward same: True  grad: eager==aot_eager True  eager==inductor True  max|diff| 0.0000\n"}
,{"stream_name":"stdout","time":335.086542732,"data":"   [cpu] avg_pool3d k=2 s=2 p=1 ceil count_include_pad=True   forward same: True  grad: eager==aot_eager True  eager==inductor True  max|diff| 0.0000\n"}
,{"stream_name":"stdout","time":336.461203873,"data":"!! [cuda] avg_pool1d k=6 s=3 p=2 ceil count_include_pad=True   forward same: True  grad: eager==aot_eager True  eager==inductor False  max|diff| 0.0333\n"}
,{"stream_name":"stdout","time":337.436779166,"data":"        eager grad tail    [0.3333333432674408, 0.36666667461395264, 0.36666667461395264, 0.36666667461395264]\n"}
,{"stream_name":"stdout","time":337.436816811,"data":"        inductor grad tail [0.3333333432674408, 0.3333333432674408, 0.3333333432674408, 0.3333333432674408]\n"}
,{"stream_name":"stdout","time":337.436823587,"data":"   [cuda] avg_pool1d k=6 s=3 p=2 ceil count_include_pad=False  forward same: True  grad: eager==aot_eager True  eager==inductor True  max|diff| 0.0000\n"}
,{"stream_name":"stdout","time":338.237930698,"data":"!! [cuda] avg_pool1d k=3 s=2 p=0 ceil (no padding)             forward same: True  grad: eager==aot_eager True  eager==inductor False  max|diff| 0.1667\n"}
,{"stream_name":"stdout","time":339.784712942,"data":"        eager grad tail    [0.6666666865348816, 0.3333333432674408, 0.8333333730697632, 0.5]\n"}
,{"stream_name":"stdout","time":339.784784198,"data":"        inductor grad tail [0.6666666865348816, 0.3333333432674408, 0.6666666865348816, 0.3333333432674408]\n"}
,{"stream_name":"stdout","time":339.784793864,"data":"!! [cuda] avg_pool2d k=3 s=2 p=1 ceil count_include_pad=True   forward same: True  grad: eager==aot_eager True  eager==inductor False  max|diff| 0.2500\n"}
,{"stream_name":"stdout","time":341.768388577,"data":"        eager grad tail    [0.2777777910232544, 0.5555555820465088, 0.2777777910232544, 0.694444477558136]\n"}
,{"stream_name":"stdout","time":341.768430413,"data":"        inductor grad tail [0.2222222238779068, 0.4444444477558136, 0.2222222238779068, 0.4444444477558136]\n"}
,{"stream_name":"stdout","time":341.76843651,"data":"   [cuda] avg_pool2d k=3 s=2 p=1 ceil count_include_pad=False  forward same: True  grad: eager==aot_eager True  eager==inductor True  max|diff| 0.0000\n"}
,{"stream_name":"stdout","time":343.355848845,"data":"   [cuda] avg_pool2d k=3 s=2 p=1 ceil=False (control)          forward same: True  grad: eager==aot_eager True  eager==inductor True  max|diff| 0.0000\n"}
,{"stream_name":"stdout","time":345.258646411,"data":"   [cuda] avg_pool3d k=2 s=2 p=1 ceil count_include_pad=True   forward same: True  grad: eager==aot_eager True  eager==inductor True  max|diff| 0.0000\n"}
,{"stream_name":"stdout","time":347.764516479,"data":"JOB DONE\n"}
,{"stream_name":"stderr","time":349.88155963,"data":"/usr/local/lib/python3.12/dist-packages/mistune.py:435: SyntaxWarning: invalid escape sequence '\\|'\n"}
,{"stream_name":"stderr","time":349.881586283,"data":"  cells[i][c] = re.sub('\\\\\\\\\\|', '|', cell)\n"}
,{"stream_name":"stderr","time":350.134172834,"data":"/usr/local/lib/python3.12/dist-packages/nbconvert/filters/filter_links.py:36: SyntaxWarning: invalid escape sequence '\\_'\n"}
,{"stream_name":"stderr","time":350.134206252,"data":"  text = re.sub(r'_', '\\_', text) # Escape underscores in display text\n"}
,{"stream_name":"stderr","time":350.775328876,"data":"[NbConvertApp] Converting notebook __script__.ipynb to html\n"}
,{"stream_name":"stderr","time":352.000903517,"data":"[NbConvertApp] Writing 278746 bytes to __results__.html\n"}
]