[{"stream_name":"stderr","time":10.972342865,"data":"Traceback (most recent call last):\n"}
,{"stream_name":"stderr","time":10.972428024,"data":"  File \"/kaggle/working/r.py\", line 7, in \u003cmodule\u003e\n"}
,{"stream_name":"stderr","time":10.972437419,"data":"    ref = torch.linalg.pinv(A); refP = torch.linalg.polar(A)[1]\n"}
,{"stream_name":"stderr","time":10.972492952,"data":"                                       ^^^^^^^^^^^^^^^^^^\n"}
,{"stream_name":"stderr","time":10.972508402,"data":"AttributeError: module 'torch.linalg' has no attribute 'polar'\n"}
,{"stream_name":"stderr","time":54.256745199,"data":"Traceback (most recent call last):\n"}
,{"stream_name":"stderr","time":54.256792575,"data":"  File \"/kaggle/working/r.py\", line 7, in \u003cmodule\u003e\n"}
,{"stream_name":"stderr","time":54.256819002,"data":"    ref = torch.linalg.pinv(A); refP = torch.linalg.polar(A)[1]\n"}
,{"stream_name":"stderr","time":54.256827184,"data":"                                       ^^^^^^^^^^^^^^^^^^\n"}
,{"stream_name":"stderr","time":54.256833329,"data":"AttributeError: module 'torch.linalg' has no attribute 'polar'\n"}
,{"stream_name":"stderr","time":85.541772586,"data":"Traceback (most recent call last):\n"}
,{"stream_name":"stderr","time":85.541840453,"data":"  File \"/kaggle/working/r.py\", line 7, in \u003cmodule\u003e\n"}
,{"stream_name":"stderr","time":85.541866048,"data":"    ref = torch.linalg.pinv(A); refP = torch.linalg.polar(A)[1]\n"}
,{"stream_name":"stderr","time":85.541873255,"data":"                                       ^^^^^^^^^^^^^^^^^^\n"}
,{"stream_name":"stderr","time":85.541878611,"data":"AttributeError: module 'torch.linalg' has no attribute 'polar'\n"}
,{"stream_name":"stderr","time":116.124943906,"data":"Traceback (most recent call last):\n"}
,{"stream_name":"stderr","time":116.124990682,"data":"  File \"/kaggle/working/r.py\", line 7, in \u003cmodule\u003e\n"}
,{"stream_name":"stderr","time":116.124999525,"data":"    ref = torch.linalg.pinv(A); refP = torch.linalg.polar(A)[1]\n"}
,{"stream_name":"stderr","time":116.125009672,"data":"                                       ^^^^^^^^^^^^^^^^^^\n"}
,{"stream_name":"stderr","time":116.125015757,"data":"AttributeError: module 'torch.linalg' has no attribute 'polar'\n"}
,{"stream_name":"stdout","time":153.21912113,"data":"torch 2.14.0+cpu: pinv |mode - eager| 1.15  polar P |mode - eager| 0.21  pinv |aot_eager compile - eager| 1.1541486978530884\n"}
,{"stream_name":"stdout","time":154.092356929,"data":"JOB DONE\n"}
,{"stream_name":"stderr","time":156.904653317,"data":"/usr/local/lib/python3.12/dist-packages/mistune.py:435: SyntaxWarning: invalid escape sequence '\\|'\n"}
,{"stream_name":"stderr","time":156.904697433,"data":"  cells[i][c] = re.sub('\\\\\\\\\\|', '|', cell)\n"}
,{"stream_name":"stderr","time":157.245747972,"data":"/usr/local/lib/python3.12/dist-packages/nbconvert/filters/filter_links.py:36: SyntaxWarning: invalid escape sequence '\\_'\n"}
,{"stream_name":"stderr","time":157.245778718,"data":"  text = re.sub(r'_', '\\_', text) # Escape underscores in display text\n"}
,{"stream_name":"stderr","time":158.021558048,"data":"[NbConvertApp] Converting notebook __script__.ipynb to html\n"}
,{"stream_name":"stderr","time":159.659579465,"data":"[NbConvertApp] Writing 276883 bytes to __results__.html\n"}
]