[isolate:dynamo] 268 items to run (0 already done)
  [10/268] ii_right_shift (13s, total 129s)
  [12/268] ii_lcm: CRASH rc=3221225621 (15s)
  [20/268] ii_divmod0 (15s, total 266s)
  [30/268] ii_absdiff (15s, total 412s)
  [40/268] i_floordiv_3 (13s, total 548s)
  [50/268] i_sum (14s, total 678s)
  [60/268] i_clip_narrow (14s, total 809s)
  [70/268] i_count_nonzero (13s, total 936s)
  [80/268] i_all (13s, total 1066s)
  [90/268] ff_arctan2 (13s, total 1185s)
  [100/268] ff_less (11s, total 1297s)
  [110/268] ff_isclose (11s, total 1408s)
  [120/268] f_signbit (12s, total 1521s)
  [130/268] f_log (12s, total 1646s)
  [140/268] f_sinh (11s, total 1765s)
  [150/268] f_nan_to_num (11s, total 1873s)
  [160/268] f_mod3 (11s, total 1982s)
  [170/268] f_minimum_m0 (9s, total 2078s)
  [180/268] f_nansum (11s, total 2179s)
  [190/268] f_nanmedian (12s, total 2286s)
  [200/268] f_searchsorted (10s, total 2395s)
  [210/268] f_convolve (11s, total 2503s)
  [220/268] mix_concat (14s, total 2632s)
  [230/268] m_matmul (11s, total 2766s)
  [240/268] m_bool_mask_sum (9s, total 2852s)
  [250/268] m_var_axis (11s, total 2958s)
  [260/268] oob_index (10s, total 3067s)
[isolate:dynamo] finished in 3168s
