[isolate:jax] 268 items to run (0 already done)
  [10/268] ii_right_shift (3s, total 29s)
  [11/268] ii_gcd: CRASH rc=timeout (1200s)
  [12/268] ii_lcm: CRASH rc=timeout (1200s)
  [20/268] ii_divmod0 (22s, total 2505s)
  [30/268] ii_absdiff (3s, total 2595s)
  [40/268] i_floordiv_3 (7s, total 2628s)
  [50/268] i_sum (3s, total 2663s)
  [60/268] i_clip_narrow (3s, total 2692s)
  [70/268] i_count_nonzero (4s, total 2721s)
  [80/268] i_all (3s, total 2756s)
  [90/268] ff_arctan2 (2s, total 2780s)
  [100/268] ff_less (2s, total 2804s)
  [110/268] ff_isclose (4s, total 2829s)
  [120/268] f_signbit (2s, total 2848s)
  [130/268] f_log (2s, total 2866s)
  [140/268] f_sinh (2s, total 2885s)
  [150/268] f_nan_to_num (3s, total 2909s)
  [160/268] f_mod3 (2s, total 2926s)
  [170/268] f_minimum_m0 (1s, total 2949s)
  [180/268] f_nansum (3s, total 2966s)
  [190/268] f_nanmedian (4s, total 2990s)
  [200/268] f_searchsorted (5s, total 3009s)
  [210/268] f_convolve (2s, total 3033s)
  [220/268] mix_concat (6s, total 3088s)
  [230/268] m_matmul (1s, total 3161s)
  [240/268] m_bool_mask_sum (1s, total 3173s)
  [250/268] m_var_axis (2s, total 3187s)
  [260/268] oob_index (1s, total 3203s)
[isolate:jax] finished in 3218s
