[isolate:numba_parallel] 268 items to run (0 already done)
  [10/268] ii_right_shift (16s, total 175s)
  [17/268] ii_remainder: CRASH rc=3221225621 (3s)
  [18/268] ii_mod: CRASH rc=3221225621 (3s)
  [20/268] ii_divmod0: CRASH rc=3221225621 (3s)
  [22/268] ii_remainder_zero: CRASH rc=3221225621 (4s)
  [30/268] ii_absdiff (16s, total 513s)
  [40/268] i_floordiv_3 (15s, total 650s)
  [50/268] i_sum (22s, total 814s)
  [60/268] i_clip_narrow (11s, total 1020s)
  [70/268] i_count_nonzero (9s, total 1124s)
  [80/268] i_all (4s, total 1296s)
  [90/268] ff_arctan2 (5s, total 1374s)
  [100/268] ff_less (5s, total 1423s)
  [110/268] ff_isclose (5s, total 1470s)
  [120/268] f_signbit (5s, total 1508s)
  [130/268] f_log (4s, total 1552s)
  [140/268] f_sinh (4s, total 1589s)
  [150/268] f_nan_to_num (3s, total 1623s)
  [160/268] f_mod3 (4s, total 1657s)
  [170/268] f_minimum_m0 (4s, total 1694s)
  [180/268] f_nansum (2s, total 1739s)
  [190/268] f_nanmedian (4s, total 1771s)
  [200/268] f_searchsorted (6s, total 1799s)
  [210/268] f_convolve (6s, total 1853s)
  [220/268] mix_concat (9s, total 1995s)
  [230/268] m_matmul (2s, total 2166s)
  [240/268] m_bool_mask_sum (3s, total 2199s)
  [250/268] m_var_axis (1s, total 2223s)
  [260/268] oob_index (1s, total 2259s)
[isolate:numba_parallel] finished in 2316s
