[isolate:numba] 268 items to run (0 already done)
  [10/268] ii_right_shift (11s, total 110s)
  [17/268] ii_remainder: CRASH rc=3221225621 (4s)
  [18/268] ii_mod: CRASH rc=3221225621 (4s)
  [20/268] ii_divmod0: CRASH rc=3221225621 (5s)
  [22/268] ii_remainder_zero: CRASH rc=3221225621 (4s)
  [30/268] ii_absdiff (14s, total 365s)
  [40/268] i_floordiv_3 (8s, total 449s)
  [50/268] i_sum (5s, total 519s)
  [60/268] i_clip_narrow (10s, total 628s)
  [70/268] i_count_nonzero (12s, total 701s)
  [80/268] i_all (4s, total 820s)
  [90/268] ff_arctan2 (3s, total 897s)
  [100/268] ff_less (2s, total 921s)
  [110/268] ff_isclose (5s, total 952s)
  [120/268] f_signbit (2s, total 974s)
  [130/268] f_log (2s, total 994s)
  [140/268] f_sinh (2s, total 1015s)
  [150/268] f_nan_to_num (3s, total 1035s)
  [160/268] f_mod3 (2s, total 1055s)
  [170/268] f_minimum_m0 (2s, total 1075s)
  [180/268] f_nansum (2s, total 1095s)
  [190/268] f_nanmedian (6s, total 1137s)
  [200/268] f_searchsorted (11s, total 1175s)
  [210/268] f_convolve (14s, total 1270s)
  [220/268] mix_concat (14s, total 1425s)
  [230/268] m_matmul (3s, total 1593s)
  [240/268] m_bool_mask_sum (2s, total 1638s)
  [250/268] m_var_axis (1s, total 1664s)
  [260/268] oob_index (2s, total 1723s)
[isolate:numba] finished in 1759s
