[isolate:numba_fastmath] 268 items to run (0 already done)
  [10/268] ii_right_shift (13s, total 126s)
  [17/268] ii_remainder: CRASH rc=3221225621 (4s)
  [18/268] ii_mod: CRASH rc=3221225621 (3s)
  [20/268] ii_divmod0: CRASH rc=3221225621 (3s)
  [22/268] ii_remainder_zero: CRASH rc=3221225621 (3s)
  [30/268] ii_absdiff (14s, total 356s)
  [40/268] i_floordiv_3 (11s, total 449s)
  [50/268] i_sum (5s, total 528s)
  [60/268] i_clip_narrow (11s, total 625s)
  [70/268] i_count_nonzero (12s, total 706s)
  [80/268] i_all (6s, total 872s)
  [90/268] ff_arctan2 (4s, total 961s)
  [100/268] ff_less (3s, total 992s)
  [110/268] ff_isclose (10s, total 1034s)
  [120/268] f_signbit (3s, total 1065s)
  [130/268] f_log (3s, total 1095s)
  [140/268] f_sinh (3s, total 1123s)
  [150/268] f_nan_to_num (4s, total 1150s)
  [160/268] f_mod3 (3s, total 1177s)
  [170/268] f_minimum_m0 (4s, total 1206s)
  [180/268] f_nansum (2s, total 1234s)
  [190/268] f_nanmedian (7s, total 1282s)
  [200/268] f_searchsorted (9s, total 1320s)
  [210/268] f_convolve (12s, total 1401s)
  [220/268] mix_concat (13s, total 1536s)
  [230/268] m_matmul (3s, total 1660s)
  [240/268] m_bool_mask_sum (2s, total 1693s)
  [250/268] m_var_axis (1s, total 1719s)
  [260/268] oob_index (1s, total 1764s)
[isolate:numba_fastmath] finished in 1795s
