[{"stream_name":"stdout","time":10.842398491,"data":"   ©¥©¥©¥©¥©¥©¥©¥©¥©¥©¥©¥©¥©¥©¥©¥©¥©¥©¥©¥©¥©¥©¥©¥©¥©¥©¥©¥©¥©¥©¥©¥©¥©¥©¥©¥©¥©¥©¥©¥©¥ 554.6/554.6 MB 3.0 MB/s eta 0:00:00\n"}
,{"stream_name":"stdout","time":16.437530001,"data":"   ©¥©¥©¥©¥©¥©¥©¥©¥©¥©¥©¥©¥©¥©¥©¥©¥©¥©¥©¥©¥©¥©¥©¥©¥©¥©¥©¥©¥©¥©¥©¥©¥©¥©¥©¥©¥©¥©¥©¥©¥ 553.1/553.1 MB 3.4 MB/s eta 0:00:00\n"}
,{"stream_name":"stdout","time":17.954534305,"data":"   ©¥©¥©¥©¥©¥©¥©¥©¥©¥©¥©¥©¥©¥©¥©¥©¥©¥©¥©¥©¥©¥©¥©¥©¥©¥©¥©¥©¥©¥©¥©¥©¥©¥©¥©¥©¥©¥©¥©¥©¥ 170.1/170.1 MB 11.1 MB/s eta 0:00:00\n"}
,{"stream_name":"stdout","time":20.072819577,"data":"   ©¥©¥©¥©¥©¥©¥©¥©¥©¥©¥©¥©¥©¥©¥©¥©¥©¥©¥©¥©¥©¥©¥©¥©¥©¥©¥©¥©¥©¥©¥©¥©¥©¥©¥©¥©¥©¥©¥©¥©¥ 216.0/216.0 MB 8.7 MB/s eta 0:00:00\n"}
,{"stream_name":"stdout","time":20.575383693,"data":"   ©¥©¥©¥©¥©¥©¥©¥©¥©¥©¥©¥©¥©¥©¥©¥©¥©¥©¥©¥©¥©¥©¥©¥©¥©¥©¥©¥©¥©¥©¥©¥©¥©¥©¥©¥©¥©¥©¥©¥©¥ 60.4/60.4 MB 33.0 MB/s eta 0:00:00\n"}
,{"stream_name":"stdout","time":25.228250693,"data":"   ©¥©¥©¥©¥©¥©¥©¥©¥©¥©¥©¥©¥©¥©¥©¥©¥©¥©¥©¥©¥©¥©¥©¥©¥©¥©¥©¥©¥©¥©¥©¥©¥©¥©¥©¥©¥©¥©¥©¥©¥ 423.1/423.1 MB 3.5 MB/s eta 0:00:00\n"}
,{"stream_name":"stdout","time":25.328203868,"data":"   ©¥©¥©¥©¥©¥©¥©¥©¥©¥©¥©¥©¥©¥©¥©¥©¥©¥©¥©¥©¥©¥©¥©¥©¥©¥©¥©¥©¥©¥©¥©¥©¥©¥©¥©¥©¥©¥©¥©¥©¥ 10.7/10.7 MB 112.5 MB/s eta 0:00:00\n"}
,{"stream_name":"stdout","time":26.203592828,"data":"   ©¥©¥©¥©¥©¥©¥©¥©¥©¥©¥©¥©¥©¥©¥©¥©¥©¥©¥©¥©¥©¥©¥©¥©¥©¥©¥©¥©¥©¥©¥©¥©¥©¥©¥©¥©¥©¥©¥©¥©¥ 90.2/90.2 MB 20.9 MB/s eta 0:00:00\n"}
,{"stream_name":"stdout","time":26.239736524,"data":"   ©¥©¥©¥©¥©¥©¥©¥©¥©¥©¥©¥©¥©¥©¥©¥©¥©¥©¥©¥©¥©¥©¥©¥©¥©¥©¥©¥©¥©¥©¥©¥©¥©¥©¥©¥©¥©¥©¥©¥©¥ 2.2/2.2 MB 79.4 MB/s eta 0:00:00\n"}
,{"stream_name":"stdout","time":30.227669262,"data":"   ©¥©¥©¥©¥©¥©¥©¥©¥©¥©¥©¥©¥©¥©¥©¥©¥©¥©¥©¥©¥©¥©¥©¥©¥©¥©¥©¥©¥©¥©¥©¥©¥©¥©¥©¥©¥©¥©¥©¥©¥ 214.1/214.1 MB 3.4 MB/s eta 0:00:00\n"}
,{"stream_name":"stdout","time":30.255939729,"data":"   ©¥©¥©¥©¥©¥©¥©¥©¥©¥©¥©¥©¥©¥©¥©¥©¥©¥©¥©¥©¥©¥©¥©¥©¥©¥©¥©¥©¥©¥©¥©¥©¥©¥©¥©¥©¥©¥©¥©¥©¥ 1.2/1.2 MB 56.3 MB/s eta 0:00:00\n"}
,{"stream_name":"stdout","time":30.744050522,"data":"   ©¥©¥©¥©¥©¥©¥©¥©¥©¥©¥©¥©¥©¥©¥©¥©¥©¥©¥©¥©¥©¥©¥©¥©¥©¥©¥©¥©¥©¥©¥©¥©¥©¥©¥©¥©¥©¥©¥©¥©¥ 59.5/59.5 MB 34.9 MB/s eta 0:00:00\n"}
,{"stream_name":"stdout","time":32.852179229,"data":"   ©¥©¥©¥©¥©¥©¥©¥©¥©¥©¥©¥©¥©¥©¥©¥©¥©¥©¥©¥©¥©¥©¥©¥©¥©¥©¥©¥©¥©¥©¥©¥©¥©¥©¥©¥©¥©¥©¥©¥©¥ 200.9/200.9 MB 7.9 MB/s eta 0:00:00\n"}
,{"stream_name":"stdout","time":35.210882551,"data":"   ©¥©¥©¥©¥©¥©¥©¥©¥©¥©¥©¥©¥©¥©¥©¥©¥©¥©¥©¥©¥©¥©¥©¥©¥©¥©¥©¥©¥©¥©¥©¥©¥©¥©¥©¥©¥©¥©¥©¥©¥ 145.9/145.9 MB 6.5 MB/s eta 0:00:00\n"}
,{"stream_name":"stdout","time":35.231770579,"data":"   ©¥©¥©¥©¥©¥©¥©¥©¥©¥©¥©¥©¥©¥©¥©¥©¥©¥©¥©¥©¥©¥©¥©¥©¥©¥©¥©¥©¥©¥©¥©¥©¥©¥©¥©¥©¥©¥©¥©¥©¥ 148.0/148.0 kB 9.9 MB/s eta 0:00:00\n"}
,{"stream_name":"stdout","time":35.299680849,"data":"   ©¥©¥©¥©¥©¥©¥©¥©¥©¥©¥©¥©¥©¥©¥©¥©¥©¥©¥©¥©¥©¥©¥©¥©¥©¥©¥©¥©¥©¥©¥©¥©¥©¥©¥©¥©¥©¥©¥©¥©¥ 7.2/7.2 MB 115.9 MB/s eta 0:00:00\n"}
,{"stream_name":"stdout","time":37.719558699,"data":"   ©¥©¥©¥©¥©¥©¥©¥©¥©¥©¥©¥©¥©¥©¥©¥©¥©¥©¥©¥©¥©¥©¥©¥©¥©¥©¥©¥©¥©¥©¥©¥©¥©¥©¥©¥©¥©¥©¥©¥©¥ 248.0/248.0 MB 7.5 MB/s eta 0:00:00\n"}
,{"stream_name":"stdout","time":38.449699208,"data":"   ©¥©¥©¥©¥©¥©¥©¥©¥©¥©¥©¥©¥©¥©¥©¥©¥©¥©¥©¥©¥©¥©¥©¥©¥©¥©¥©¥©¥©¥©¥©¥©¥©¥©¥©¥©¥©¥©¥©¥©¥ 42.5/42.5 MB 18.1 MB/s eta 0:00:00\n"}
,{"stream_name":"stderr","time":132.302409788,"data":"ERROR: pip's dependency resolver does not currently take into account all the packages that are installed. This behaviour is the source of the following dependency conflicts.\n"}
,{"stream_name":"stderr","time":132.302475868,"data":"libcuml-cu12 26.2.0 requires cuda-toolkit[cublas,cufft,curand,cusolver,cusparse]==12.*, but you have cuda-toolkit 13.0.3.0 which is incompatible.\n"}
,{"stream_name":"stderr","time":132.302481839,"data":"cuml-cu12 26.2.0 requires cuda-toolkit[cublas,cufft,curand,cusolver,cusparse]==12.*, but you have cuda-toolkit 13.0.3.0 which is incompatible.\n"}
,{"stream_name":"stderr","time":132.302487072,"data":"cuda-python 12.9.4 requires cuda-bindings~=12.9.4, but you have cuda-bindings 13.4.2 which is incompatible.\n"}
,{"stream_name":"stderr","time":132.302491759,"data":"torchaudio 2.10.0+cu128 requires torch==2.10.0, but you have torch 2.14.0 which is incompatible.\n"}
,{"stream_name":"stderr","time":132.302496572,"data":"torchvision 0.25.0+cu128 requires torch==2.10.0, but you have torch 2.14.0 which is incompatible.\n"}
,{"stream_name":"stderr","time":132.302501447,"data":"cudf-cu12 26.2.1 requires cuda-toolkit[nvcc,nvrtc]==12.*, but you have cuda-toolkit 13.0.3.0 which is incompatible.\n"}
,{"stream_name":"stderr","time":132.302506089,"data":"libcuvs-cu12 26.2.0 requires cuda-toolkit[cublas,curand,cusolver,cusparse]==12.*, but you have cuda-toolkit 13.0.3.0 which is incompatible.\n"}
,{"stream_name":"stderr","time":132.302510471,"data":"libraft-cu12 26.2.0 requires cuda-toolkit[cublas,curand,cusolver,cusparse]==12.*, but you have cuda-toolkit 13.0.3.0 which is incompatible.\n"}
,{"stream_name":"stdout","time":160.22908159,"data":"torch 2.14.0+cu130 cuda True\n"}
,{"stream_name":"stdout","time":160.229121762,"data":"[cpu] torch.any(x)           eager 1 torch.uint8   inductor True torch.bool\n"}
,{"stream_name":"stdout","time":161.102245823,"data":"[cpu] torch.all(x)           eager 0 torch.uint8   inductor 0 torch.uint8\n"}
,{"stream_name":"stdout","time":162.083987765,"data":"[cpu] x.any(0)               eager [0, 1] torch.uint8   inductor [False, True] torch.bool\n"}
,{"stream_name":"stdout","time":163.00754832,"data":"[cpu] any(x) * 200 + 100     eager 44 torch.uint8   inductor 300 torch.int64\n"}
,{"stream_name":"stdout","time":164.401003943,"data":"[cuda] torch.float32  cumprod  [1e20, 1e20, 0]    eager [1.0000000200408773e+20, inf, nan] compiled [1.0000000200408773e+20, inf, 0.0]\n"}
,{"stream_name":"stdout","time":169.558852752,"data":"[cuda] torch.any(x)           eager 1 torch.uint8   inductor True torch.bool\n"}
,{"stream_name":"stdout","time":169.735841965,"data":"[cuda] torch.all(x)           eager 0 torch.uint8   inductor 0 torch.uint8\n"}
,{"stream_name":"stdout","time":169.897037014,"data":"[cuda] x.any(0)               eager [0, 1] torch.uint8   inductor [False, True] torch.bool\n"}
,{"stream_name":"stdout","time":170.094832404,"data":"[cuda] any(x) * 200 + 100     eager 44 torch.uint8   inductor 300 torch.int64\n"}
,{"stream_name":"stdout","time":170.094867992,"data":"DONE\n"}
,{"stream_name":"stdout","time":178.90418418,"data":"     ©¥©¥©¥©¥©¥©¥©¥©¥©¥©¥©¥©¥©¥©¥©¥©¥©¥©¥©¥©¥©¥©¥©¥©¥©¥©¥©¥©¥©¥©¥©¥©¥©¥©¥©¥©¥©¥©¥ 519.2/519.2 MB 64.7 MB/s eta 0:00:00\n"}
,{"stream_name":"stdout","time":181.638618806,"data":"     ©¥©¥©¥©¥©¥©¥©¥©¥©¥©¥©¥©¥©¥©¥©¥©¥©¥©¥©¥©¥©¥©¥©¥©¥©¥©¥©¥©¥©¥©¥©¥©¥©¥©¥©¥©¥©¥ 135.4/135.4 MB 128.1 MB/s eta 0:00:00\n"}
,{"stream_name":"stdout","time":183.298360046,"data":"     ©¥©¥©¥©¥©¥©¥©¥©¥©¥©¥©¥©¥©¥©¥©¥©¥©¥©¥©¥©¥©¥©¥©¥©¥©¥©¥©¥©¥©¥©¥©¥©¥©¥©¥©¥©¥©¥©¥©¥©¥ 3.9/3.9 MB 207.7 MB/s eta 0:00:00\n"}
,{"stream_name":"stdout","time":194.441712141,"data":"   ©¥©¥©¥©¥©¥©¥©¥©¥©¥©¥©¥©¥©¥©¥©¥©¥©¥©¥©¥©¥©¥©¥©¥©¥©¥©¥©¥©¥©¥©¥©¥©¥©¥©¥©¥©¥©¥©¥©¥©¥ 629.3/629.3 MB 2.6 MB/s eta 0:00:00\n"}
,{"stream_name":"stdout","time":197.561802294,"data":"   ©¥©¥©¥©¥©¥©¥©¥©¥©¥©¥©¥©¥©¥©¥©¥©¥©¥©¥©¥©¥©¥©¥©¥©¥©¥©¥©¥©¥©¥©¥©¥©¥©¥©¥©¥©¥©¥©¥©¥©¥ 246.8/246.8 MB 6.0 MB/s eta 0:00:00\n"}
,{"stream_name":"stderr","time":240.570689969,"data":"ERROR: pip's dependency resolver does not currently take into account all the packages that are installed. This behaviour is the source of the following dependency conflicts.\n"}
,{"stream_name":"stderr","time":240.570719245,"data":"torchaudio 2.10.0+cu128 requires torch==2.10.0, but you have torch 2.15.0.dev20260921+cu130 which is incompatible.\n"}
,{"stream_name":"stderr","time":240.570724724,"data":"torchvision 0.25.0+cu128 requires torch==2.10.0, but you have torch 2.15.0.dev20260921+cu130 which is incompatible.\n"}
,{"stream_name":"stdout","time":262.814252537,"data":"torch 2.15.0.dev20260921+cu130 cuda True\n"}
,{"stream_name":"stdout","time":262.814299078,"data":"[cpu] torch.any(x)           eager 1 torch.uint8   inductor True torch.bool\n"}
,{"stream_name":"stdout","time":263.685066755,"data":"[cpu] torch.all(x)           eager 0 torch.uint8   inductor 0 torch.uint8\n"}
,{"stream_name":"stdout","time":264.583892627,"data":"[cpu] x.any(0)               eager [0, 1] torch.uint8   inductor [False, True] torch.bool\n"}
,{"stream_name":"stdout","time":265.438824932,"data":"[cpu] any(x) * 200 + 100     eager 44 torch.uint8   inductor 300 torch.int64\n"}
,{"stream_name":"stdout","time":266.762207951,"data":"[cuda] torch.float32  cumprod  [1e20, 1e20, 0]    eager [1.0000000200408773e+20, inf, nan] compiled [1.0000000200408773e+20, inf, 0.0]\n"}
,{"stream_name":"stdout","time":271.786248599,"data":"[cuda] torch.any(x)           eager 1 torch.uint8   inductor True torch.bool\n"}
,{"stream_name":"stdout","time":271.973445487,"data":"[cuda] torch.all(x)           eager 0 torch.uint8   inductor 0 torch.uint8\n"}
,{"stream_name":"stdout","time":272.155465868,"data":"[cuda] x.any(0)               eager [0, 1] torch.uint8   inductor [False, True] torch.bool\n"}
,{"stream_name":"stdout","time":272.349439969,"data":"[cuda] any(x) * 200 + 100     eager 44 torch.uint8   inductor 300 torch.int64\n"}
,{"stream_name":"stdout","time":272.349476796,"data":"DONE\n"}
,{"stream_name":"stdout","time":274.840407713,"data":"JOB DONE\n"}
,{"stream_name":"stderr","time":276.805378245,"data":"/usr/local/lib/python3.12/dist-packages/mistune.py:435: SyntaxWarning: invalid escape sequence '\\|'\n"}
,{"stream_name":"stderr","time":276.805408643,"data":"  cells[i][c] = re.sub('\\\\\\\\\\|', '|', cell)\n"}
,{"stream_name":"stderr","time":277.022504515,"data":"/usr/local/lib/python3.12/dist-packages/nbconvert/filters/filter_links.py:36: SyntaxWarning: invalid escape sequence '\\_'\n"}
,{"stream_name":"stderr","time":277.022541094,"data":"  text = re.sub(r'_', '\\_', text) # Escape underscores in display text\n"}
,{"stream_name":"stderr","time":277.635546208,"data":"[NbConvertApp] Converting notebook __script__.ipynb to html\n"}
,{"stream_name":"stderr","time":278.784868912,"data":"[NbConvertApp] Writing 277214 bytes to __results__.html\n"}
]