shard 0/3: 60 batches to run
u:float32:0 ok []
u:float32:3 ok []
b:float32:0 ok []
p:float32:abs ok []
p:float32:relu ok []
p:float32:trunc ok []
p:float32:sqrt ok []
p:float32:rshift1 ok []
p:float32:floordiv3 ok []
p:float32:cast_f16 ok []
p:float32:hardtanh ok []
u:float64:2 ok []
u:float64:5 ok []
b:float64:2 ok []
p:float64:sign ok []
p:float64:round ok []
p:float64:reciprocal ok []
p:float64:bitwise_not_i ok []
p:float64:mod3 ok []
p:float64:cast_i8 ok []
p:float64:mul_add ok []
u:float16:1 ok []
u:float16:4 ok []
b:float16:1 ok []
u:bfloat16:1 ok []
u:bfloat16:4 ok []
b:bfloat16:1 ok []
u:int8:1 ok []
u:int8:4 ok []
b:int8:1 ok []
p:int8:neg ok []
p:int8:floor ok []
p:int8:square ok []
p:int8:clamp ok []
p:int8:where_self ok []
p:int8:cast_i32 ok []
p:int8:nan_to_num ok []
u:uint8:0 ok []
u:uint8:3 ok []
b:uint8:0 ok []
u:int16:0 ok []
u:int16:3 ok []
b:int16:0 ok []
u:int32:0 ok []
u:int32:3 ok []
b:int32:0 ok []
p:int32:abs DIFF ['abs:bits']
p:int32:relu ok []
p:int32:trunc ok []
p:int32:sqrt ok []
p:int32:rshift1 ok []
p:int32:floordiv3 ok []
p:int32:cast_f16 ok []
p:int32:hardtanh ok []
u:int64:2 ok []
u:int64:5 ok []
b:int64:2 ok []
u:bool:2 ok []
u:bool:5 ok []
b:bool:2 ok []
finished
