shard 1/3: 59 batches to run
u:float32:1 ok []
u:float32:4 ok []
b:float32:1 ok []
p:float32:neg ok []
p:float32:floor ok []
p:float32:square ok []
p:float32:clamp ok []
p:float32:where_self ok []
p:float32:cast_i32 ok []
p:float32:nan_to_num ok []
u:float64:0 ok []
u:float64:3 ok []
b:float64:0 ok []
p:float64:abs ok []
p:float64:relu ok []
p:float64:trunc ok []
p:float64:sqrt ok []
p:float64:rshift1 ok []
p:float64:floordiv3 ok []
p:float64:cast_f16 ok []
p:float64:hardtanh ok []
u:float16:2 ok []
u:float16:5 ok []
b:float16:2 ok []
u:bfloat16:2 ok []
u:bfloat16:5 ok []
b:bfloat16:2 ok []
u:int8:2 ok []
u:int8:5 ok []
b:int8:2 ok []
p:int8:sign ok []
p:int8:round ok []
p:int8:reciprocal ok []
p:int8:bitwise_not_i ok []
p:int8:mod3 ok []
p:int8:cast_i8 ok []
p:int8:mul_add ok []
u:uint8:1 ok []
u:uint8:4 ok []
b:uint8:1 ok []
u:int16:1 ok []
u:int16:4 ok []
b:int16:1 ok []
u:int32:1 ok []
u:int32:4 ok []
b:int32:1 ok []
p:int32:neg ok []
p:int32:floor ok []
p:int32:square ok []
p:int32:clamp ok []
p:int32:where_self ok []
p:int32:cast_i32 ok []
p:int32:nan_to_num ok []
u:int64:0 ok []
u:int64:3 ok []
b:int64:0 ok []
u:bool:0 ok []
u:bool:3 ok []
b:bool:0 ok []
finished
