shard 2/3: 59 batches to run
u:float32:2 ok []
u:float32:5 ok []
b:float32:2 ok []
p:float32:sign ok []
p:float32:round ok []
p:float32:reciprocal ok []
p:float32:bitwise_not_i ok []
p:float32:mod3 ok []
p:float32:cast_i8 ok []
p:float32:mul_add ok []
u:float64:1 ok []
u:float64:4 ok []
b:float64:1 ok []
p:float64:neg ok []
p:float64:floor ok []
p:float64:square ok []
p:float64:clamp ok []
p:float64:where_self ok []
p:float64:cast_i32 ok []
p:float64:nan_to_num ok []
u:float16:0 ok []
u:float16:3 ok []
b:float16:0 ok []
u:bfloat16:0 ok []
u:bfloat16:3 ok []
b:bfloat16:0 ok []
u:int8:0 ok []
u:int8:3 ok []
b:int8:0 ok []
p:int8:abs DIFF ['abs:bits']
p:int8:relu ok []
p:int8:trunc ok []
p:int8:sqrt ok []
p:int8:rshift1 ok []
p:int8:floordiv3 ok []
p:int8:cast_f16 ok []
p:int8:hardtanh ok []
u:uint8:2 ok []
u:uint8:5 ok []
b:uint8:2 ok []
u:int16:2 ok []
u:int16:5 ok []
b:int16:2 ok []
u:int32:2 ok []
u:int32:5 ok []
b:int32:2 ok []
p:int32:sign ok []
p:int32:round ok []
p:int32:reciprocal ok []
p:int32:bitwise_not_i ok []
p:int32:mod3 ok []
p:int32:cast_i8 ok []
p:int32:mul_add ok []
u:int64:1 ok []
u:int64:4 ok []
b:int64:1 ok []
u:bool:1 ok []
u:bool:4 ok []
b:bool:1 ok []
finished
