[{"stream_name":"stdout","time":22.56202758,"data":"   ━━━━━━━━━━━━━━━━━━━━━━━━━━━━━━━━━━━━━━━━ 554.6/554.6 MB 3.2 MB/s eta 0:00:00\n"}
,{"stream_name":"stdout","time":38.714294716,"data":"   ━━━━━━━━━━━━━━━━━━━━━━━━━━━━━━━━━━━━━━━━ 553.1/553.1 MB 3.2 MB/s eta 0:00:00\n"}
,{"stream_name":"stdout","time":45.459400514,"data":"   ━━━━━━━━━━━━━━━━━━━━━━━━━━━━━━━━━━━━━━━━ 170.1/170.1 MB 3.4 MB/s eta 0:00:00\n"}
,{"stream_name":"stdout","time":51.688185666,"data":"   ━━━━━━━━━━━━━━━━━━━━━━━━━━━━━━━━━━━━━━━━ 216.0/216.0 MB 7.4 MB/s eta 0:00:00\n"}
,{"stream_name":"stdout","time":53.412110198,"data":"   ━━━━━━━━━━━━━━━━━━━━━━━━━━━━━━━━━━━━━━━━ 60.4/60.4 MB 20.0 MB/s eta 0:00:00\n"}
,{"stream_name":"stdout","time":66.206920957,"data":"   ━━━━━━━━━━━━━━━━━━━━━━━━━━━━━━━━━━━━━━━━ 423.1/423.1 MB 3.3 MB/s eta 0:00:00\n"}
,{"stream_name":"stdout","time":66.541821309,"data":"   ━━━━━━━━━━━━━━━━━━━━━━━━━━━━━━━━━━━━━━━━ 10.7/10.7 MB 36.2 MB/s eta 0:00:00\n"}
,{"stream_name":"stdout","time":70.293390551,"data":"   ━━━━━━━━━━━━━━━━━━━━━━━━━━━━━━━━━━━━━━━━ 90.2/90.2 MB 5.5 MB/s eta 0:00:00\n"}
,{"stream_name":"stdout","time":70.405928149,"data":"   ━━━━━━━━━━━━━━━━━━━━━━━━━━━━━━━━━━━━━━━━ 2.2/2.2 MB 34.8 MB/s eta 0:00:00\n"}
,{"stream_name":"stdout","time":76.445953826,"data":"   ━━━━━━━━━━━━━━━━━━━━━━━━━━━━━━━━━━━━━━━━ 214.1/214.1 MB 8.4 MB/s eta 0:00:00\n"}
,{"stream_name":"stdout","time":76.524406926,"data":"   ━━━━━━━━━━━━━━━━━━━━━━━━━━━━━━━━━━━━━━━━ 1.2/1.2 MB 40.9 MB/s eta 0:00:00\n"}
,{"stream_name":"stdout","time":78.231688068,"data":"   ━━━━━━━━━━━━━━━━━━━━━━━━━━━━━━━━━━━━━━━━ 59.5/59.5 MB 20.1 MB/s eta 0:00:00\n"}
,{"stream_name":"stdout","time":84.026293917,"data":"   ━━━━━━━━━━━━━━━━━━━━━━━━━━━━━━━━━━━━━━━━ 200.9/200.9 MB 7.9 MB/s eta 0:00:00\n"}
,{"stream_name":"stdout","time":88.230919886,"data":"   ━━━━━━━━━━━━━━━━━━━━━━━━━━━━━━━━━━━━━━━━ 145.9/145.9 MB 10.3 MB/s eta 0:00:00\n"}
,{"stream_name":"stdout","time":88.290089988,"data":"   ━━━━━━━━━━━━━━━━━━━━━━━━━━━━━━━━━━━━━━━━ 148.0/148.0 kB 12.4 MB/s eta 0:00:00\n"}
,{"stream_name":"stdout","time":88.524299432,"data":"   ━━━━━━━━━━━━━━━━━━━━━━━━━━━━━━━━━━━━━━━━ 7.2/7.2 MB 38.5 MB/s eta 0:00:00\n"}
,{"stream_name":"stdout","time":95.664798656,"data":"   ━━━━━━━━━━━━━━━━━━━━━━━━━━━━━━━━━━━━━━━━ 248.0/248.0 MB 6.7 MB/s eta 0:00:00\n"}
,{"stream_name":"stdout","time":96.859535182,"data":"   ━━━━━━━━━━━━━━━━━━━━━━━━━━━━━━━━━━━━━━━━ 42.5/42.5 MB 25.7 MB/s eta 0:00:00\n"}
,{"stream_name":"stderr","time":185.785080348,"data":"ERROR: pip's dependency resolver does not currently take into account all the packages that are installed. This behaviour is the source of the following dependency conflicts.\n"}
,{"stream_name":"stderr","time":185.785126036,"data":"libcuml-cu12 26.2.0 requires cuda-toolkit[cublas,cufft,curand,cusolver,cusparse]==12.*, but you have cuda-toolkit 13.0.3.0 which is incompatible.\n"}
,{"stream_name":"stderr","time":185.785131816,"data":"cuml-cu12 26.2.0 requires cuda-toolkit[cublas,cufft,curand,cusolver,cusparse]==12.*, but you have cuda-toolkit 13.0.3.0 which is incompatible.\n"}
,{"stream_name":"stderr","time":185.78513697,"data":"cuda-python 12.9.4 requires cuda-bindings~=12.9.4, but you have cuda-bindings 13.4.2 which is incompatible.\n"}
,{"stream_name":"stderr","time":185.785141514,"data":"torchaudio 2.10.0+cu128 requires torch==2.10.0, but you have torch 2.14.0 which is incompatible.\n"}
,{"stream_name":"stderr","time":185.785146195,"data":"torchvision 0.25.0+cu128 requires torch==2.10.0, but you have torch 2.14.0 which is incompatible.\n"}
,{"stream_name":"stderr","time":185.785150958,"data":"cudf-cu12 26.2.1 requires cuda-toolkit[nvcc,nvrtc]==12.*, but you have cuda-toolkit 13.0.3.0 which is incompatible.\n"}
,{"stream_name":"stderr","time":185.785155828,"data":"libcuvs-cu12 26.2.0 requires cuda-toolkit[cublas,curand,cusolver,cusparse]==12.*, but you have cuda-toolkit 13.0.3.0 which is incompatible.\n"}
,{"stream_name":"stderr","time":185.785161055,"data":"libraft-cu12 26.2.0 requires cuda-toolkit[cublas,curand,cusolver,cusparse]==12.*, but you have cuda-toolkit 13.0.3.0 which is incompatible.\n"}
,{"stream_name":"stdout","time":189.308847043,"data":"torch 2.14.0+cu130\n"}
,{"stream_name":"stdout","time":189.308876856,"data":"\n"}
,{"stream_name":"stdout","time":189.308882442,"data":"===== draft 14 block 0\n"}
,{"stream_name":"stdout","time":213.762685557,"data":"contiguous        aot_eager == eager: True   inductor == eager: True   max diff 0\n"}
,{"stream_name":"stdout","time":213.762717843,"data":"channels_last_3d  aot_eager == eager: True   inductor == eager: False   max diff 282\n"}
,{"stream_name":"stdout","time":213.76272257,"data":"\n"}
,{"stream_name":"stdout","time":213.762726379,"data":"===== draft 14 block 1\n"}
,{"stream_name":"stdout","time":213.762730617,"data":"adaptive_max_pool3d_backward       indices strides (120, 1, 60, 20, 4)    same gradient as with contiguous indices: False\n"}
,{"stream_name":"stdout","time":213.762734638,"data":"adaptive_max_pool2d_backward       indices strides (60, 1, 20, 4)         same gradient as with contiguous indices: True\n"}
,{"stream_name":"stdout","time":213.762738493,"data":"max_pool3d_with_indices_backward   indices strides (96, 1, 32, 16, 4)     same gradient as with contiguous indices: True\n"}
,{"stream_name":"stdout","time":213.762742453,"data":"fractional_max_pool2d_backward     indices strides (36, 1, 12, 4)         same gradient as with contiguous indices: False\n"}
,{"stream_name":"stdout","time":213.762746352,"data":"fractional_max_pool3d_backward     indices strides (32, 1, 16, 8, 4)      same gradient as with contiguous indices: False\n"}
,{"stream_name":"stdout","time":213.762750294,"data":"\n"}
,{"stream_name":"stdout","time":213.762753862,"data":"===== draft 15 block 0\n"}
,{"stream_name":"stdout","time":214.919525859,"data":"logits / 1.0  eager (no compile)  out is x: False  x afterwards: [1.0, 1.0, 1.0]\n"}
,{"stream_name":"stdout","time":214.919567857,"data":"logits / 1.0  aot_eager           out is x: False  x afterwards: [1.0, 1.0, 1.0]\n"}
,{"stream_name":"stdout","time":214.919592879,"data":"logits / 1.0  inductor            out is x: True   x afterwards: [6.0, 6.0, 6.0]\n"}
,{"stream_name":"stdout","time":214.919613696,"data":"logits / 0.9  eager (no compile)  out is x: False  x afterwards: [1.0, 1.0, 1.0]\n"}
,{"stream_name":"stdout","time":214.919617592,"data":"logits / 0.9  aot_eager           out is x: False  x afterwards: [1.0, 1.0, 1.0]\n"}
,{"stream_name":"stdout","time":214.919620984,"data":"logits / 0.9  inductor            out is x: False  x afterwards: [1.0, 1.0, 1.0]\n"}
,{"stream_name":"stdout","time":214.919624385,"data":"buf * 1.0     eager (no compile)  out is x: False  x afterwards: [1.0, 1.0, 1.0]\n"}
,{"stream_name":"stdout","time":214.919627812,"data":"buf * 1.0     aot_eager           out is x: False  x afterwards: [1.0, 1.0, 1.0]\n"}
,{"stream_name":"stdout","time":214.9196332,"data":"buf * 1.0     inductor            out is x: True   x afterwards: [6.0, 6.0, 6.0]\n"}
,{"stream_name":"stdout","time":214.919640493,"data":"x + 0         eager (no compile)  out is x: False  x afterwards: [1.0, 1.0, 1.0]\n"}
,{"stream_name":"stdout","time":214.919643266,"data":"x + 0         aot_eager           out is x: False  x afterwards: [1.0, 1.0, 1.0]\n"}
,{"stream_name":"stdout","time":214.919646163,"data":"x + 0         inductor            out is x: True   x afterwards: [6.0, 6.0, 6.0]\n"}
,{"stream_name":"stdout","time":214.919649109,"data":"\n"}
,{"stream_name":"stdout","time":214.919652107,"data":"===== int abs(abs(x)) (MSVC-only?)\n"}
,{"stream_name":"stdout","time":215.716997714,"data":"cpu torch.int8 5 equal True\n"}
,{"stream_name":"stdout","time":216.522401356,"data":"cpu torch.int8 40 equal True\n"}
,{"stream_name":"stdout","time":219.227666237,"data":"cpu torch.int16 5 equal True\n"}
,{"stream_name":"stdout","time":219.995771917,"data":"cpu torch.int16 40 equal True\n"}
,{"stream_name":"stdout","time":220.768954137,"data":"cpu torch.int32 5 equal True\n"}
,{"stream_name":"stdout","time":221.543528263,"data":"cpu torch.int32 40 equal True\n"}
,{"stream_name":"stdout","time":222.36796021,"data":"cpu torch.int64 5 equal True\n"}
,{"stream_name":"stdout","time":223.174181566,"data":"cpu torch.int64 40 equal True\n"}
,{"stream_name":"stdout","time":223.573735932,"data":"cuda torch.int8 5 equal True\n"}
,{"stream_name":"stdout","time":223.734646624,"data":"cuda torch.int8 40 equal True\n"}
,{"stream_name":"stdout","time":223.938579879,"data":"cuda torch.int16 5 equal True\n"}
,{"stream_name":"stdout","time":224.093440115,"data":"cuda torch.int16 40 equal True\n"}
,{"stream_name":"stdout","time":224.246287885,"data":"cuda torch.int32 5 equal True\n"}
,{"stream_name":"stdout","time":224.403804294,"data":"cuda torch.int32 40 equal True\n"}
,{"stream_name":"stdout","time":224.5610597,"data":"cuda torch.int64 5 equal True\n"}
,{"stream_name":"stdout","time":224.716129396,"data":"cuda torch.int64 40 equal True\n"}
,{"stream_name":"stdout","time":224.71616479,"data":"\n"}
,{"stream_name":"stdout","time":224.71617049,"data":"===== draft 15 on CUDA\n"}
,{"stream_name":"stdout","time":224.802873423,"data":"cuda x / 1.0 aot_eager out is x: False x afterwards: [1.0, 1.0, 1.0]\n"}
,{"stream_name":"stdout","time":224.863325191,"data":"cuda x / 1.0 inductor out is x: True x afterwards: [6.0, 6.0, 6.0]\n"}
,{"stream_name":"stdout","time":224.925828316,"data":"cuda x * 1.0 aot_eager out is x: False x afterwards: [1.0, 1.0, 1.0]\n"}
,{"stream_name":"stdout","time":224.984518617,"data":"cuda x * 1.0 inductor out is x: True x afterwards: [6.0, 6.0, 6.0]\n"}
,{"stream_name":"stdout","time":225.038251248,"data":"cuda x + 0 aot_eager out is x: False x afterwards: [1.0, 1.0, 1.0]\n"}
,{"stream_name":"stdout","time":225.09724777,"data":"cuda x + 0 inductor out is x: True x afterwards: [6.0, 6.0, 6.0]\n"}
,{"stream_name":"stdout","time":225.153949617,"data":"cuda x / 0.9 aot_eager out is x: False x afterwards: [1.0, 1.0, 1.0]\n"}
,{"stream_name":"stdout","time":225.309438433,"data":"cuda x / 0.9 inductor out is x: False x afterwards: [1.0, 1.0, 1.0]\n"}
,{"stream_name":"stdout","time":225.309463999,"data":"===== draft 14 on CUDA (adaptive_max_pool3d channels_last_3d grad)\n"}
,{"stream_name":"stdout","time":225.514140364,"data":"cuda adaptive_max_pool3d chlast grad equal: True max diff 0.0\n"}
,{"stream_name":"stdout","time":230.670927211,"data":"JOB DONE\n"}
,{"stream_name":"stderr","time":232.610014078,"data":"/usr/local/lib/python3.12/dist-packages/mistune.py:435: SyntaxWarning: invalid escape sequence '\\|'\n"}
,{"stream_name":"stderr","time":232.610044344,"data":"  cells[i][c] = re.sub('\\\\\\\\\\|', '|', cell)\n"}
,{"stream_name":"stderr","time":232.811849023,"data":"/usr/local/lib/python3.12/dist-packages/nbconvert/filters/filter_links.py:36: SyntaxWarning: invalid escape sequence '\\_'\n"}
,{"stream_name":"stderr","time":232.8118752,"data":"  text = re.sub(r'_', '\\_', text) # Escape underscores in display text\n"}
,{"stream_name":"stderr","time":233.406116285,"data":"[NbConvertApp] Converting notebook __script__.ipynb to html\n"}
,{"stream_name":"stderr","time":234.47441735,"data":"[NbConvertApp] Writing 282365 bytes to __results__.html\n"}
]