[{"stream_name":"stdout","time":8.377677942,"data":"   ©¥©¥©¥©¥©¥©¥©¥©¥©¥©¥©¥©¥©¥©¥©¥©¥©¥©¥©¥©¥©¥©¥©¥©¥©¥©¥©¥©¥©¥©¥©¥©¥©¥©¥©¥©¥©¥©¥©¥©¥ 196.3/196.3 MB 8.7 MB/s eta 0:00:00\n"}
,{"stream_name":"stderr","time":45.682885398,"data":"ERROR: pip's dependency resolver does not currently take into account all the packages that are installed. This behaviour is the source of the following dependency conflicts.\n"}
,{"stream_name":"stderr","time":45.682968264,"data":"torchaudio 2.10.0+cpu requires torch==2.10.0, but you have torch 2.14.0+cpu which is incompatible.\n"}
,{"stream_name":"stderr","time":45.682977546000004,"data":"torchvision 0.25.0+cpu requires torch==2.10.0, but you have torch 2.14.0+cpu which is incompatible.\n"}
,{"stream_name":"stdout","time":68.734121976,"data":"torch 2.14.0+cpu\n"}
,{"stream_name":"stdout","time":68.734198949,"data":"!! acosh        torch.float64  n=64 x=1e+200: eager 461.2101657793691  compiled inf   (11 of 64)\n"}
,{"stream_name":"stdout","time":106.966810483,"data":"!! erfinv       torch.float64  n=64 x=0.9999999999999999: eager 5.8635847487551676  compiled 5.86394853224712   (5 of 64)\n"}
,{"stream_name":"stdout","time":177.460997593,"data":"!! erfinv       torch.float32  n=64 x=0.9999999403953552: eager 3.8325068950653076  compiled 3.8325369358062744   (18 of 64)\n"}
,{"stream_name":"stdout","time":210.300351852,"data":"DONE\n"}
,{"stream_name":"stdout","time":215.92408038,"data":"   ©¥©¥©¥©¥©¥©¥©¥©¥©¥©¥©¥©¥©¥©¥©¥©¥©¥©¥©¥©¥©¥©¥©¥©¥©¥©¥©¥©¥©¥©¥©¥©¥©¥©¥©¥©¥©¥©¥©¥©¥ 199.4/199.4 MB 8.7 MB/s eta 0:00:00\n"}
,{"stream_name":"stderr","time":238.113743924,"data":"ERROR: pip's dependency resolver does not currently take into account all the packages that are installed. This behaviour is the source of the following dependency conflicts.\n"}
,{"stream_name":"stderr","time":238.11381315,"data":"torchaudio 2.10.0+cpu requires torch==2.10.0, but you have torch 2.15.0.dev20260921+cpu which is incompatible.\n"}
,{"stream_name":"stderr","time":238.113821041,"data":"torchvision 0.25.0+cpu requires torch==2.10.0, but you have torch 2.15.0.dev20260921+cpu which is incompatible.\n"}
,{"stream_name":"stdout","time":255.995373589,"data":"torch 2.15.0.dev20260921+cpu\n"}
,{"stream_name":"stdout","time":255.995473723,"data":"!! acosh        torch.float64  n=64 x=1e+200: eager 461.2101657793691  compiled inf   (11 of 64)\n"}
,{"stream_name":"stdout","time":293.634842164,"data":"!! erfinv       torch.float64  n=64 x=0.9999999999999999: eager 5.8635847487551676  compiled 5.86394853224712   (5 of 64)\n"}
,{"stream_name":"stdout","time":363.606573289,"data":"!! erfinv       torch.float32  n=64 x=0.9999999403953552: eager 3.8325068950653076  compiled 3.8325369358062744   (18 of 64)\n"}
,{"stream_name":"stdout","time":396.121199937,"data":"DONE\n"}
,{"stream_name":"stdout","time":397.597864702,"data":"JOB DONE\n"}
,{"stream_name":"stderr","time":400.301269401,"data":"/usr/local/lib/python3.12/dist-packages/mistune.py:435: SyntaxWarning: invalid escape sequence '\\|'\n"}
,{"stream_name":"stderr","time":400.301315849,"data":"  cells[i][c] = re.sub('\\\\\\\\\\|', '|', cell)\n"}
,{"stream_name":"stderr","time":400.674356097,"data":"/usr/local/lib/python3.12/dist-packages/nbconvert/filters/filter_links.py:36: SyntaxWarning: invalid escape sequence '\\_'\n"}
,{"stream_name":"stderr","time":400.674388212,"data":"  text = re.sub(r'_', '\\_', text) # Escape underscores in display text\n"}
,{"stream_name":"stderr","time":401.505971508,"data":"[NbConvertApp] Converting notebook __script__.ipynb to html\n"}
,{"stream_name":"stderr","time":403.081305919,"data":"[NbConvertApp] Writing 278007 bytes to __results__.html\n"}
]