[{"stream_name":"stdout","time":3.257986906,"data":"$ pip -q install --upgrade torch==2.14.0\n"}
,{"stream_name":"stdout","time":20.898319677,"data":"   ©¥©¥©¥©¥©¥©¥©¥©¥©¥©¥©¥©¥©¥©¥©¥©¥©¥©¥©¥©¥©¥©¥©¥©¥©¥©¥©¥©¥©¥©¥©¥©¥©¥©¥©¥©¥©¥©¥©¥©¥ 554.6/554.6 MB 3.2 MB/s eta 0:00:00\n"}
,{"stream_name":"stdout","time":35.233189773,"data":"   ©¥©¥©¥©¥©¥©¥©¥©¥©¥©¥©¥©¥©¥©¥©¥©¥©¥©¥©¥©¥©¥©¥©¥©¥©¥©¥©¥©¥©¥©¥©¥©¥©¥©¥©¥©¥©¥©¥©¥©¥ 553.1/553.1 MB 2.7 MB/s eta 0:00:00\n"}
,{"stream_name":"stdout","time":39.948634276,"data":"   ©¥©¥©¥©¥©¥©¥©¥©¥©¥©¥©¥©¥©¥©¥©¥©¥©¥©¥©¥©¥©¥©¥©¥©¥©¥©¥©¥©¥©¥©¥©¥©¥©¥©¥©¥©¥©¥©¥©¥©¥ 170.1/170.1 MB 7.0 MB/s eta 0:00:00\n"}
,{"stream_name":"stdout","time":47.43710162,"data":"   ©¥©¥©¥©¥©¥©¥©¥©¥©¥©¥©¥©¥©¥©¥©¥©¥©¥©¥©¥©¥©¥©¥©¥©¥©¥©¥©¥©¥©¥©¥©¥©¥©¥©¥©¥©¥©¥©¥©¥©¥ 216.0/216.0 MB 7.5 MB/s eta 0:00:00\n"}
,{"stream_name":"stdout","time":48.9051745,"data":"   ©¥©¥©¥©¥©¥©¥©¥©¥©¥©¥©¥©¥©¥©¥©¥©¥©¥©¥©¥©¥©¥©¥©¥©¥©¥©¥©¥©¥©¥©¥©¥©¥©¥©¥©¥©¥©¥©¥©¥©¥ 60.4/60.4 MB 20.5 MB/s eta 0:00:00\n"}
,{"stream_name":"stdout","time":61.731727441,"data":"   ©¥©¥©¥©¥©¥©¥©¥©¥©¥©¥©¥©¥©¥©¥©¥©¥©¥©¥©¥©¥©¥©¥©¥©¥©¥©¥©¥©¥©¥©¥©¥©¥©¥©¥©¥©¥©¥©¥©¥©¥ 423.1/423.1 MB 2.1 MB/s eta 0:00:00\n"}
,{"stream_name":"stdout","time":61.963871076,"data":"   ©¥©¥©¥©¥©¥©¥©¥©¥©¥©¥©¥©¥©¥©¥©¥©¥©¥©¥©¥©¥©¥©¥©¥©¥©¥©¥©¥©¥©¥©¥©¥©¥©¥©¥©¥©¥©¥©¥©¥©¥ 10.7/10.7 MB 48.4 MB/s eta 0:00:00\n"}
,{"stream_name":"stdout","time":64.324656442,"data":"   ©¥©¥©¥©¥©¥©¥©¥©¥©¥©¥©¥©¥©¥©¥©¥©¥©¥©¥©¥©¥©¥©¥©¥©¥©¥©¥©¥©¥©¥©¥©¥©¥©¥©¥©¥©¥©¥©¥©¥©¥ 90.2/90.2 MB 8.6 MB/s eta 0:00:00\n"}
,{"stream_name":"stdout","time":64.384167187,"data":"   ©¥©¥©¥©¥©¥©¥©¥©¥©¥©¥©¥©¥©¥©¥©¥©¥©¥©¥©¥©¥©¥©¥©¥©¥©¥©¥©¥©¥©¥©¥©¥©¥©¥©¥©¥©¥©¥©¥©¥©¥ 2.2/2.2 MB 48.1 MB/s eta 0:00:00\n"}
,{"stream_name":"stdout","time":72.891480385,"data":"   ©¥©¥©¥©¥©¥©¥©¥©¥©¥©¥©¥©¥©¥©¥©¥©¥©¥©¥©¥©¥©¥©¥©¥©¥©¥©¥©¥©¥©¥©¥©¥©¥©¥©¥©¥©¥©¥©¥©¥©¥ 214.1/214.1 MB 3.6 MB/s eta 0:00:00\n"}
,{"stream_name":"stdout","time":72.950475893,"data":"   ©¥©¥©¥©¥©¥©¥©¥©¥©¥©¥©¥©¥©¥©¥©¥©¥©¥©¥©¥©¥©¥©¥©¥©¥©¥©¥©¥©¥©¥©¥©¥©¥©¥©¥©¥©¥©¥©¥©¥©¥ 1.2/1.2 MB 27.1 MB/s eta 0:00:00\n"}
,{"stream_name":"stdout","time":75.298295583,"data":"   ©¥©¥©¥©¥©¥©¥©¥©¥©¥©¥©¥©¥©¥©¥©¥©¥©¥©¥©¥©¥©¥©¥©¥©¥©¥©¥©¥©¥©¥©¥©¥©¥©¥©¥©¥©¥©¥©¥©¥©¥ 59.5/59.5 MB 14.3 MB/s eta 0:00:00\n"}
,{"stream_name":"stdout","time":80.759608792,"data":"   ©¥©¥©¥©¥©¥©¥©¥©¥©¥©¥©¥©¥©¥©¥©¥©¥©¥©¥©¥©¥©¥©¥©¥©¥©¥©¥©¥©¥©¥©¥©¥©¥©¥©¥©¥©¥©¥©¥©¥©¥ 200.9/200.9 MB 8.2 MB/s eta 0:00:00\n"}
,{"stream_name":"stdout","time":84.506097458,"data":"   ©¥©¥©¥©¥©¥©¥©¥©¥©¥©¥©¥©¥©¥©¥©¥©¥©¥©¥©¥©¥©¥©¥©¥©¥©¥©¥©¥©¥©¥©¥©¥©¥©¥©¥©¥©¥©¥©¥©¥©¥ 145.9/145.9 MB 10.3 MB/s eta 0:00:00\n"}
,{"stream_name":"stdout","time":84.533097047,"data":"   ©¥©¥©¥©¥©¥©¥©¥©¥©¥©¥©¥©¥©¥©¥©¥©¥©¥©¥©¥©¥©¥©¥©¥©¥©¥©¥©¥©¥©¥©¥©¥©¥©¥©¥©¥©¥©¥©¥©¥©¥ 148.0/148.0 kB 10.2 MB/s eta 0:00:00\n"}
,{"stream_name":"stdout","time":84.76230008,"data":"   ©¥©¥©¥©¥©¥©¥©¥©¥©¥©¥©¥©¥©¥©¥©¥©¥©¥©¥©¥©¥©¥©¥©¥©¥©¥©¥©¥©¥©¥©¥©¥©¥©¥©¥©¥©¥©¥©¥©¥©¥ 7.2/7.2 MB 38.0 MB/s eta 0:00:00\n"}
,{"stream_name":"stdout","time":93.043658452,"data":"   ©¥©¥©¥©¥©¥©¥©¥©¥©¥©¥©¥©¥©¥©¥©¥©¥©¥©¥©¥©¥©¥©¥©¥©¥©¥©¥©¥©¥©¥©¥©¥©¥©¥©¥©¥©¥©¥©¥©¥©¥ 248.0/248.0 MB 6.6 MB/s eta 0:00:00\n"}
,{"stream_name":"stdout","time":94.120866015,"data":"   ©¥©¥©¥©¥©¥©¥©¥©¥©¥©¥©¥©¥©¥©¥©¥©¥©¥©¥©¥©¥©¥©¥©¥©¥©¥©¥©¥©¥©¥©¥©¥©¥©¥©¥©¥©¥©¥©¥©¥©¥ 42.5/42.5 MB 27.1 MB/s eta 0:00:00\n"}
,{"stream_name":"stderr","time":198.965866758,"data":"ERROR: pip's dependency resolver does not currently take into account all the packages that are installed. This behaviour is the source of the following dependency conflicts.\n"}
,{"stream_name":"stderr","time":198.965920858,"data":"libcuml-cu12 26.2.0 requires cuda-toolkit[cublas,cufft,curand,cusolver,cusparse]==12.*, but you have cuda-toolkit 13.0.3.0 which is incompatible.\n"}
,{"stream_name":"stderr","time":198.965927782,"data":"cuml-cu12 26.2.0 requires cuda-toolkit[cublas,cufft,curand,cusolver,cusparse]==12.*, but you have cuda-toolkit 13.0.3.0 which is incompatible.\n"}
,{"stream_name":"stderr","time":198.965932961,"data":"cuda-python 12.9.4 requires cuda-bindings~=12.9.4, but you have cuda-bindings 13.4.3 which is incompatible.\n"}
,{"stream_name":"stderr","time":198.965937914,"data":"torchaudio 2.10.0+cu128 requires torch==2.10.0, but you have torch 2.14.0 which is incompatible.\n"}
,{"stream_name":"stderr","time":198.965942486,"data":"torchvision 0.25.0+cu128 requires torch==2.10.0, but you have torch 2.14.0 which is incompatible.\n"}
,{"stream_name":"stderr","time":198.965947205,"data":"cudf-cu12 26.2.1 requires cuda-toolkit[nvcc,nvrtc]==12.*, but you have cuda-toolkit 13.0.3.0 which is incompatible.\n"}
,{"stream_name":"stderr","time":198.965952135,"data":"libcuvs-cu12 26.2.0 requires cuda-toolkit[cublas,curand,cusolver,cusparse]==12.*, but you have cuda-toolkit 13.0.3.0 which is incompatible.\n"}
,{"stream_name":"stderr","time":198.965957461,"data":"libraft-cu12 26.2.0 requires cuda-toolkit[cublas,curand,cusolver,cusparse]==12.*, but you have cuda-toolkit 13.0.3.0 which is incompatible.\n"}
,{"stream_name":"stdout","time":199.609600488,"data":"$ pip -q install expecttest hypothesis\n"}
,{"stream_name":"stdout","time":202.342922326,"data":"   ©¥©¥©¥©¥©¥©¥©¥©¥©¥©¥©¥©¥©¥©¥©¥©¥©¥©¥©¥©¥©¥©¥©¥©¥©¥©¥©¥©¥©¥©¥©¥©¥©¥©¥©¥©¥©¥©¥©¥©¥ 1.2/1.2 MB 23.1 MB/s eta 0:00:00\n"}
,{"stream_name":"stdout","time":205.041049989,"data":"$ /usr/bin/python3 -c import torch; print('torch', torch.__version__, torch.cuda.get_device_name(0), flush=True)\n"}
,{"stream_name":"stdout","time":208.899302921,"data":"torch 2.14.0+cu130 Tesla T4\n"}
,{"stream_name":"stdout","time":210.389166718,"data":"$ /usr/bin/python3 scripts/cudagraph_stale_sweep.py\n"}
,{"stream_name":"stdout","time":216.416932142,"data":"torch 2.14.0+cu130 Tesla T4\n"}
,{"stream_name":"stdout","time":223.025236568,"data":"ERROR      value=ok             plain_output                             RuntimeError: Error: accessing tensor output of CUDAGraphs that has been overwritten by a subsequent run. Stack trace: File \"/kaggle/working/plan/s\n"}
,{"stream_name":"stdout","time":223.108737742,"data":"ERROR      value=ok             view_of_output                           RuntimeError: Error: accessing tensor output of CUDAGraphs that has been overwritten by a subsequent run. Stack trace: File \"/kaggle/working/plan/s\n"}
,{"stream_name":"stdout","time":223.310607581,"data":"ERROR      value=ok             output_in_list                           RuntimeError: Error: accessing tensor output of CUDAGraphs that has been overwritten by a subsequent run. Stack trace: File \"/kaggle/working/plan/s\n"}
,{"stream_name":"stdout","time":223.410275118,"data":"SAME       value=ok             output_alias_of_input                    \n"}
,{"stream_name":"stderr","time":223.617889413,"data":"W0923 03:02:23.311000 51 torch/_inductor/cudagraph_utils.py:401] [__cudagraphs] skipping cudagraphs due to mutated inputs (1 instances). Found from : \n"}
,{"stream_name":"stderr","time":223.617919114,"data":"W0923 03:02:23.311000 51 torch/_inductor/cudagraph_utils.py:401] [__cudagraphs]    File \"/kaggle/working/plan/scripts/cudagraph_stale_sweep.py\", line 66, in f\n"}
,{"stream_name":"stderr","time":223.61793987,"data":"W0923 03:02:23.311000 51 torch/_inductor/cudagraph_utils.py:401] [__cudagraphs]     x.add_(1)\n"}
,{"stream_name":"stderr","time":223.617944247,"data":"W0923 03:02:23.311000 51 torch/_inductor/cudagraph_utils.py:401] [__cudagraphs] \n"}
,{"stream_name":"stdout","time":223.622224402,"data":"SAME       value=ok             output_after_inplace_on_input            \n"}
,{"stream_name":"stderr","time":223.805527552,"data":"W0923 03:02:23.499000 51 torch/_inductor/cudagraph_utils.py:401] [__cudagraphs] skipping cudagraphs due to mutated inputs (1 instances). Found from : \n"}
,{"stream_name":"stderr","time":223.805563456,"data":"W0923 03:02:23.499000 51 torch/_inductor/cudagraph_utils.py:401] [__cudagraphs]    File \"/kaggle/working/plan/scripts/cudagraph_stale_sweep.py\", line 74, in f\n"}
,{"stream_name":"stderr","time":223.80556961,"data":"W0923 03:02:23.499000 51 torch/_inductor/cudagraph_utils.py:401] [__cudagraphs]     x.mul_(2)\n"}
,{"stream_name":"stderr","time":223.805574039,"data":"W0923 03:02:23.499000 51 torch/_inductor/cudagraph_utils.py:401] [__cudagraphs] \n"}
,{"stream_name":"stdout","time":223.809552601,"data":"SAME       value=ok             output_is_input_after_inplace            \n"}
,{"stream_name":"stdout","time":224.158053065,"data":"ERROR      value=ok             detached_output                          RuntimeError: Error: accessing tensor output of CUDAGraphs that has been overwritten by a subsequent run. Stack trace: File \"/kaggle/working/plan/s\n"}
,{"stream_name":"stdout","time":224.248393576,"data":"ERROR      value=ok             output_reshaped_by_caller                RuntimeError: Error: accessing tensor output of CUDAGraphs that has been overwritten by a subsequent run. Stack trace: File \"/kaggle/working/plan/s\n"}
,{"stream_name":"stdout","time":224.310275617,"data":"CASE_ERROR value=None           output_as_next_input_then_old_read       RuntimeError: Error: accessing tensor output of CUDAGraphs that has been overwritten by a subsequent run. Stack trace: File \"/kaggle/working/plan/s\n"}
,{"stream_name":"stderr","time":225.214025772,"data":"/usr/local/lib/python3.12/dist-packages/torch/_inductor/cudagraph_trees.py:3040: UserWarning: Unable to hit fast path of CUDAGraphs because outputs from a previous step still require backward. Ensure backward() is invoked or detach outputs. You may also call torch.compiler.cudagraph_mark_step_begin() before each model invocation.\n"}
,{"stream_name":"stderr","time":225.21406185,"data":"  warnings.warn(\n"}
,{"stream_name":"stdout","time":225.214919782,"data":"SAME       value=skipped(module) module_with_buffer_update                \n"}
,{"stream_name":"stderr","time":225.441061713,"data":"W0923 03:02:25.134000 51 torch/_inductor/utils.py:1806] [0/0] Not enough SMs to use max_autotune_gemm mode\n"}
,{"stream_name":"stderr","time":225.705974454,"data":"/usr/local/lib/python3.12/dist-packages/torch/_inductor/cudagraph_trees.py:3040: UserWarning: Unable to hit fast path of CUDAGraphs because outputs from a previous step still require backward. Ensure backward() is invoked or detach outputs. You may also call torch.compiler.cudagraph_mark_step_begin() before each model invocation.\n"}
,{"stream_name":"stderr","time":225.706025123,"data":"  warnings.warn(\n"}
,{"stream_name":"stdout","time":225.706908286,"data":"SAME       value=skipped(module) module_eval_output                       \n"}
,{"stream_name":"stdout","time":225.999432218,"data":"ERROR      value=ok             different_shape_second_call              RuntimeError: Error: accessing tensor output of CUDAGraphs that has been overwritten by a subsequent run. Stack trace: File \"/kaggle/working/plan/s\n"}
,{"stream_name":"stdout","time":226.208831766,"data":"ERROR      value=ok             scalar_output_item_later                 RuntimeError: Error: accessing tensor output of CUDAGraphs that has been overwritten by a subsequent run. Stack trace: File \"/kaggle/working/plan/s\n"}
,{"stream_name":"stderr","time":226.35342242,"data":"/usr/local/lib/python3.12/dist-packages/torch/_inductor/cudagraph_trees.py:3040: UserWarning: Unable to hit fast path of CUDAGraphs because outputs from a previous step still require backward. Ensure backward() is invoked or detach outputs. You may also call torch.compiler.cudagraph_mark_step_begin() before each model invocation.\n"}
,{"stream_name":"stderr","time":226.353456693,"data":"  warnings.warn(\n"}
,{"stream_name":"stdout","time":226.355832497,"data":"SAME       value=ok             output_with_requires_grad                \n"}
,{"stream_name":"stdout","time":226.418689311,"data":"ERROR      value=ok             output_moved_to_cpu_lazily               RuntimeError: Error: accessing tensor output of CUDAGraphs that has been overwritten by a subsequent run. Stack trace: File \"/kaggle/working/plan/s\n"}
,{"stream_name":"stdout","time":226.619401218,"data":"ERROR      value=ok             output_expanded_view                     RuntimeError: Error: accessing tensor output of CUDAGraphs that has been overwritten by a subsequent run. Stack trace: File \"/kaggle/working/plan/s\n"}
,{"stream_name":"stdout","time":226.839694669,"data":"ERROR      value=ok             two_compiled_functions_interleaved       RuntimeError: Error: accessing tensor output of CUDAGraphs that has been overwritten by a subsequent run. Stack trace: File \"/kaggle/working/plan/s\n"}
,{"stream_name":"stdout","time":226.900962819,"data":"ERROR      value=ok             output_stored_in_dict_then_two_runs      RuntimeError: Error: accessing tensor output of CUDAGraphs that has been overwritten by a subsequent run. Stack trace: File \"/kaggle/working/plan/s\n"}
,{"stream_name":"stdout","time":226.963527057,"data":"ERROR      value=ok             mark_step_begin_between                  RuntimeError: Error: accessing tensor output of CUDAGraphs that has been overwritten by a subsequent run. Stack trace: File \"/kaggle/working/plan/s\n"}
,{"stream_name":"stdout","time":226.963559359,"data":"SWEEP DONE\n"}
,{"stream_name":"stdout","time":229.230536759,"data":"JOB DONE\n"}
,{"stream_name":"stderr","time":231.537433826,"data":"/usr/local/lib/python3.12/dist-packages/mistune.py:435: SyntaxWarning: invalid escape sequence '\\|'\n"}
,{"stream_name":"stderr","time":231.537467928,"data":"  cells[i][c] = re.sub('\\\\\\\\\\|', '|', cell)\n"}
,{"stream_name":"stderr","time":231.872318446,"data":"/usr/local/lib/python3.12/dist-packages/nbconvert/filters/filter_links.py:36: SyntaxWarning: invalid escape sequence '\\_'\n"}
,{"stream_name":"stderr","time":231.872355519,"data":"  text = re.sub(r'_', '\\_', text) # Escape underscores in display text\n"}
,{"stream_name":"stderr","time":233.909320116,"data":"[NbConvertApp] Converting notebook __script__.ipynb to html\n"}
,{"stream_name":"stderr","time":235.187850659,"data":"[NbConvertApp] Writing 279984 bytes to __results__.html\n"}
]