pytorch/pytorch#197084 0913/01  open   prs=0 comments=0 human_labels=1
pytorch/pytorch#197085 0913/02  open   prs=2 comments=1 human_labels=3
pytorch/pytorch#197086 0913/03  open   prs=0 comments=0 human_labels=1
pytorch/pytorch#197087 0913/04  open   prs=0 comments=1 human_labels=0
pytorch/pytorch#197088 0913/05  open   prs=0 comments=1 human_labels=1
pytorch/pytorch#197089 0913/06  open   prs=0 comments=0 human_labels=1
pytorch/pytorch#197090 0913/07  open   prs=0 comments=0 human_labels=0
pytorch/pytorch#197091 0913/08  open   prs=1 comments=0 human_labels=1
pytorch/pytorch#197092 0913/09  open   prs=0 comments=0 human_labels=1
pytorch/pytorch#197093 0913/10  open   prs=0 comments=2 human_labels=0
pytorch/pytorch#197094 0913/11  open   prs=0 comments=1 human_labels=1
pytorch/pytorch#197095 0913/12  open   prs=0 comments=2 human_labels=1
pytorch/pytorch#197096 0913/13  open   prs=0 comments=1 human_labels=0
pytorch/pytorch#197097 0913/14  open   prs=1 comments=1 human_labels=0
pytorch/pytorch#197098 0913/15  open   prs=0 comments=0 human_labels=0
pytorch/pytorch#197099 0913/16  open   prs=1 comments=1 human_labels=0
pytorch/pytorch#197101 0913/17  closed prs=1 comments=0 human_labels=2
pytorch/pytorch#197102 0913/18  open   prs=0 comments=0 human_labels=0
pytorch/pytorch#197103 0913/19  open   prs=0 comments=0 human_labels=0
pytorch/pytorch#197104 0913/20  closed prs=1 comments=0 human_labels=0
pytorch/pytorch#197105 0913/21  open   prs=1 comments=1 human_labels=0
pytorch/pytorch#197106 0913/22  open   prs=0 comments=1 human_labels=0
pytorch/pytorch#197107 0913/23  open   prs=1 comments=2 human_labels=1
pytorch/pytorch#197108 0913/24  open   prs=1 comments=1 human_labels=1
pytorch/pytorch#197109 ?        open   prs=0 comments=1 human_labels=2
pytorch/pytorch#197110 0913/26  closed prs=1 comments=2 human_labels=2
pytorch/pytorch#197112 0913/27  open   prs=0 comments=1 human_labels=0
pytorch/pytorch#197887 0920/01  open   prs=1 comments=1 human_labels=1
pytorch/pytorch#197888 0920/02  open   prs=0 comments=1 human_labels=2
pytorch/pytorch#197889 0920/02b open   prs=0 comments=0 human_labels=1
pytorch/pytorch#197893 0920/07  open   prs=2 comments=2 human_labels=1
pytorch/pytorch#197894 0920/08  open   prs=2 comments=1 human_labels=0
pytorch/pytorch#197895 0920/09  open   prs=0 comments=1 human_labels=1
pytorch/pytorch#197896 0920/10  open   prs=1 comments=1 human_labels=3
pytorch/pytorch#198052 0920/12  open   prs=0 comments=0 human_labels=1
pytorch/pytorch#198056 0920/19  open   prs=0 comments=0 human_labels=1
pytorch/pytorch#198057 0920/13  open   prs=0 comments=0 human_labels=1
pytorch/pytorch#198064 0920/15  open   prs=0 comments=0 human_labels=1
pytorch/pytorch#198070 0920/16  open   prs=0 comments=0 human_labels=1
pytorch/pytorch#198071 0920/21  open   prs=0 comments=0 human_labels=1
pytorch/pytorch#198072 0920/23  open   prs=0 comments=0 human_labels=0
pytorch/pytorch#198077 0920/26  open   prs=0 comments=0 human_labels=0
pytorch/pytorch#198081 0920/28  open   prs=0 comments=1 human_labels=1
pytorch/pytorch#198118 0920/31  open   prs=0 comments=0 human_labels=0
pytorch/pytorch#198119 0920/33  open   prs=0 comments=0 human_labels=1
pytorch/pytorch#198133 0920/34  open   prs=0 comments=0 human_labels=1
pytorch/pytorch#198134 0920/35  open   prs=0 comments=0 human_labels=1
pytorch/pytorch#198155 0920/36  open   prs=1 comments=3 human_labels=1
pytorch/pytorch#198183 0920/39  open   prs=0 comments=0 human_labels=0
pytorch/pytorch#198189 0920/40  open   prs=1 comments=1 human_labels=2
pytorch/pytorch#198190 0920/41  open   prs=0 comments=1 human_labels=1
pytorch/pytorch#198192 0920/42  open   prs=0 comments=0 human_labels=0
pytorch/pytorch#198205 0920/43  open   prs=0 comments=0 human_labels=1
numba/numba#10845 0920/06  open   prs=0 comments=0 human_labels=1
jax-ml/jax#40840 0920/11  open   prs=1 comments=3 human_labels=0
55 issues -> D:\wsl\personal\dr\paper\toxic_compile\plan\results\issue_status\raw.json
