D:\wsl\personal\dr\paper\toxic_compile\plan\scripts\dispatch_mode_complex_sweep.py:78: UserWarning: Using torch.cross without specifying the dim arg is deprecated.
Please either pass the dim explicitly or simply use torch.linalg.cross.
The default value of dim will change to agree with that of linalg.cross in a future release. (Triggered internally at C:\actions-runner\_work\pytorch\pytorch\aten\src\ATen\native\Cross.cpp:67.)
  plain = fn(s.input, *s.args, **s.kwargs)
C:\Users\clm\AppData\Local\Python\pythoncore-3.14-64\Lib\site-packages\torch\functional.py:680: UserWarning: A window was not provided. A rectangular window will be applied,which is known to cause spectral leakage. Other windows such as torch.hann_window or torch.hamming_window are recommended to reduce spectral leakage.To suppress this warning and use a rectangular window, explicitly set `window=torch.ones(n_fft, device=<device>)`. (Triggered internally at C:\actions-runner\_work\pytorch\pytorch\aten\src\ATen\native\SpectralOps.cpp:860.)
  return _VF.stft(  # type: ignore[attr-defined]
C:\Users\clm\AppData\Local\Python\pythoncore-3.14-64\Lib\site-packages\torch\functional.py:680: UserWarning: stft with return_complex=False is deprecated. In a future pytorch release, stft will return complex tensors for all inputs, and return_complex=False will raise an error.
Note: you can still call torch.view_as_real on the complex output to recover the old return format. (Triggered internally at C:\actions-runner\_work\pytorch\pytorch\aten\src\ATen\native\SpectralOps.cpp:898.)
  return _VF.stft(  # type: ignore[attr-defined]
D:\wsl\personal\dr\paper\toxic_compile\plan\scripts\dispatch_mode_complex_sweep.py:78: UserWarning: A window was not provided. A rectangular window will be applied.Please provide the same window used by stft to make the inversion lossless.To suppress this warning and use a rectangular window, explicitly set `window=torch.ones(n_fft, device=<device>)`. (Triggered internally at C:\actions-runner\_work\pytorch\pytorch\aten\src\ATen\native\SpectralOps.cpp:1059.)
  plain = fn(s.input, *s.args, **s.kwargs)
C:\Users\clm\AppData\Local\Python\pythoncore-3.14-64\Lib\site-packages\torch\testing\_internal\common_methods_invocations.py:1251: UserWarning: Sparse CSR tensor support is in beta state. If you miss a functionality in the sparse tensor support, please submit a feature request to https://github.com/pytorch/pytorch/issues. (Triggered internally at C:\actions-runner\_work\pytorch\pytorch\aten\src\ATen\SparseCsrTensorImpl.cpp:51.)
  .to_sparse_csr()
C:\Users\clm\AppData\Local\Python\pythoncore-3.14-64\Lib\site-packages\torch\functional.py:2208: UserWarning: torch.lu is deprecated in favor of torch.linalg.lu_factor / torch.linalg.lu_factor_ex and will be removed in a future PyTorch release.
LU, pivots = torch.lu(A, compute_pivots)
should be replaced with
LU, pivots = torch.linalg.lu_factor(A, compute_pivots)
and
LU, pivots, info = torch.lu(A, compute_pivots, get_infos=True)
should be replaced with
LU, pivots, info = torch.linalg.lu_factor_ex(A, compute_pivots) (Triggered internally at C:\actions-runner\_work\pytorch\pytorch\aten\src\ATen\native\BatchLinearAlgebra.cpp:2066.)
  return torch._lu_with_info(A, pivot=pivot, check_errors=(not get_infos))
D:\wsl\personal\dr\paper\toxic_compile\plan\scripts\dispatch_mode_complex_sweep.py:78: UserWarning: torch.lu_solve is deprecated in favor of torch.linalg.lu_solveand will be removed in a future PyTorch release.
Note that torch.linalg.lu_solve has its arguments reversed.
X = torch.lu_solve(B, LU, pivots)
should be replaced with
X = torch.linalg.lu_solve(LU, pivots, B) (Triggered internally at C:\actions-runner\_work\pytorch\pytorch\aten\src\ATen\native\BatchLinearAlgebra.cpp:2220.)
  plain = fn(s.input, *s.args, **s.kwargs)
D:\wsl\personal\dr\paper\toxic_compile\plan\scripts\dispatch_mode_complex_sweep.py:78: UserWarning: var_mean(): degrees of freedom is <= 0. Correction should be strictly less than the reduction factor (input numel divided by output numel). (Triggered internally at C:\actions-runner\_work\pytorch\pytorch\aten\src\ATen\native\ReduceOps.cpp:1913.)
  plain = fn(s.input, *s.args, **s.kwargs)
D:\wsl\personal\dr\paper\toxic_compile\plan\scripts\dispatch_mode_complex_sweep.py:83: UserWarning: var_mean(): degrees of freedom is <= 0. Correction should be strictly less than the reduction factor (input numel divided by output numel). (Triggered internally at C:\actions-runner\_work\pytorch\pytorch\aten\src\ATen\native\ReduceOps.cpp:1913.)
  under = fn(s.input, *s.args, **s.kwargs)
D:\wsl\personal\dr\paper\toxic_compile\plan\scripts\dispatch_mode_complex_sweep.py:78: UserWarning: std_mean(): degrees of freedom is <= 0. Correction should be strictly less than the reduction factor (input numel divided by output numel). (Triggered internally at C:\actions-runner\_work\pytorch\pytorch\aten\src\ATen\native\ReduceOps.cpp:1913.)
  plain = fn(s.input, *s.args, **s.kwargs)
D:\wsl\personal\dr\paper\toxic_compile\plan\scripts\dispatch_mode_complex_sweep.py:83: UserWarning: std_mean(): degrees of freedom is <= 0. Correction should be strictly less than the reduction factor (input numel divided by output numel). (Triggered internally at C:\actions-runner\_work\pytorch\pytorch\aten\src\ATen\native\ReduceOps.cpp:1913.)
  under = fn(s.input, *s.args, **s.kwargs)
D:\wsl\personal\dr\paper\toxic_compile\plan\scripts\dispatch_mode_complex_sweep.py:78: UserWarning: Casting complex values to real discards the imaginary part (Triggered internally at C:\actions-runner\_work\pytorch\pytorch\aten\src\ATen\native\Copy.cpp:308.)
  plain = fn(s.input, *s.args, **s.kwargs)
D:\wsl\personal\dr\paper\toxic_compile\plan\scripts\dispatch_mode_complex_sweep.py:78: UserWarning: torch.triangular_solve is deprecated in favor of torch.linalg.solve_triangularand will be removed in a future PyTorch release.
torch.linalg.solve_triangular has its arguments reversed and does not return a copy of one of the inputs.
X = torch.triangular_solve(B, A).solution
should be replaced with
X = torch.linalg.solve_triangular(A, B). (Triggered internally at C:\actions-runner\_work\pytorch\pytorch\aten\src\ATen\native\BatchLinearAlgebra.cpp:2262.)
  plain = fn(s.input, *s.args, **s.kwargs)
!! pinverse                             complex64  max abs diff 1.46   (2/6 samples)
!! pinverse                             complex128 max abs diff 1.04   (2/6 samples)
D:\wsl\personal\dr\paper\toxic_compile\plan\scripts\dispatch_mode_complex_sweep.py:78: UserWarning: The reduce argument of torch.scatter with Tensor src is deprecated and will be removed in a future PyTorch release. Use torch.scatter_reduce instead for more reduction options. (Triggered internally at C:\actions-runner\_work\pytorch\pytorch\aten\src\ATen\native\TensorAdvancedIndexing.cpp:227.)
  plain = fn(s.input, *s.args, **s.kwargs)
C:\Users\clm\AppData\Local\Python\pythoncore-3.14-64\Lib\site-packages\torch\testing\_internal\common_methods_invocations.py:19760: UserWarning: ComplexHalf support is experimental and many operators don't support it yet. (Triggered internally at C:\actions-runner\_work\pytorch\pytorch\aten\src\ATen\EmptyTensor.cpp:55.)
  op=lambda x, *args, **kwargs: x.chalf(*args, **kwargs),
!! empty_like                           complex64  nan pattern   (2/6 samples)
!! empty_like                           complex128 max abs diff 7.58   (5/6 samples)
!! new_empty                            complex64  max abs diff 4.6e+36   (3/6 samples)
!! new_empty                            complex128 max abs diff 4.6e+36   (2/6 samples)
!! new_empty_strided                    complex64  max abs diff 5.27e+28   (2/6 samples)
!! new_empty_strided                    complex128 max abs diff 16.6   (2/6 samples)
!! empty_strided                        complex64  max abs diff 3.69e+19   (1/4 samples)
!! empty_strided                        complex128 max abs diff 1.77   (1/4 samples)
!! empty                                complex64  max abs diff 10.4   (1/6 samples)
!! empty                                complex128 max abs diff 10.4   (1/6 samples)
!! empty_permuted                       complex64  max abs diff 2.51   (2/6 samples)
!! empty_permuted                       complex128 max abs diff 16.6   (1/6 samples)
Traceback (most recent call last):
  File "D:\wsl\personal\dr\paper\toxic_compile\plan\scripts\dispatch_mode_complex_sweep.py", line 103, in <module>
    main()
    ~~~~^^
  File "D:\wsl\personal\dr\paper\toxic_compile\plan\scripts\dispatch_mode_complex_sweep.py", line 90, in main
    d = diff(e, c)
  File "D:\wsl\personal\dr\paper\toxic_compile\plan\scripts\dispatch_mode_complex_sweep.py", line 45, in diff
    if not torch.equal(e64.isnan(), c64.isnan()):
           ~~~~~~~~~~~^^^^^^^^^^^^^^^^^^^^^^^^^^
NotImplementedError: Could not run 'aten::equal' with arguments from the 'SparseCPU' backend. This could be because the operator doesn't exist for this backend, or was omitted during the selective/custom build process (if using custom build). If you are a Facebook employee using PyTorch on mobile, please visit https://fburl.com/ptmfixes for possible resolutions. 'aten::equal' is only available for these backends: [CPU, Meta, QuantizedCPU, BackendSelect, Python, FuncTorchDynamicLayerBackMode, Functionalize, Conjugate, Negative, ZeroTensor, ADInplaceOrView, AutogradOther, AutogradCPU, AutogradCUDA, AutogradHIP, AutogradXLA, AutogradMPS, AutogradIPU, AutogradXPU, AutogradHPU, AutogradVE, AutogradLazy, AutogradMTIA, AutogradMAIA, AutogradPrivateUse1, AutogradPrivateUse2, AutogradPrivateUse3, AutogradMeta, AutogradNestedTensor, Tracer, AutocastCPU, AutocastMTIA, AutocastMAIA, AutocastXPU, AutocastMPS, AutocastCUDA, FuncTorchBatched, BatchedNestedTensor, FuncTorchVmapMode, Batched, VmapMode, FuncTorchGradWrapper, PythonTLSSnapshot, FuncTorchDynamicLayerFrontMode, PreDispatch, PythonDispatcher].

CPU: registered at C:\actions-runner\_work\pytorch\pytorch\build\aten\src\ATen\RegisterCPU_1.cpp:9424 [kernel]
Meta: registered at C:\actions-runner\_work\pytorch\pytorch\aten\src\ATen\core\MetaFallbackKernel.cpp:23 [backend fallback]
QuantizedCPU: registered at C:\actions-runner\_work\pytorch\pytorch\build\aten\src\ATen\RegisterQuantizedCPU_0.cpp:2111 [kernel]
BackendSelect: fallthrough registered at C:\actions-runner\_work\pytorch\pytorch\aten\src\ATen\core\BackendSelectFallbackKernel.cpp:3 [backend fallback]
Python: registered at C:\actions-runner\_work\pytorch\pytorch\aten\src\ATen\core\PythonFallbackKernel.cpp:192 [backend fallback]
FuncTorchDynamicLayerBackMode: registered at C:\actions-runner\_work\pytorch\pytorch\aten\src\ATen\functorch\DynamicLayer.cpp:479 [backend fallback]
Functionalize: registered at C:\actions-runner\_work\pytorch\pytorch\aten\src\ATen\FunctionalizeFallbackKernel.cpp:411 [backend fallback]
Conjugate: registered at C:\actions-runner\_work\pytorch\pytorch\aten\src\ATen\ConjugateFallback.cpp:17 [backend fallback]
Negative: registered at C:\actions-runner\_work\pytorch\pytorch\aten\src\ATen\native\NegateFallback.cpp:18 [backend fallback]
ZeroTensor: registered at C:\actions-runner\_work\pytorch\pytorch\aten\src\ATen\ZeroTensorFallback.cpp:115 [backend fallback]
ADInplaceOrView: fallthrough registered at C:\actions-runner\_work\pytorch\pytorch\aten\src\ATen\core\VariableFallbackKernel.cpp:103 [backend fallback]
AutogradOther: registered at C:\actions-runner\_work\pytorch\pytorch\torch\csrc\autograd\generated\VariableType_3.cpp:11486 [autograd kernel]
AutogradCPU: registered at C:\actions-runner\_work\pytorch\pytorch\torch\csrc\autograd\generated\VariableType_3.cpp:11486 [autograd kernel]
AutogradCUDA: registered at C:\actions-runner\_work\pytorch\pytorch\torch\csrc\autograd\generated\VariableType_3.cpp:11486 [autograd kernel]
AutogradHIP: registered at C:\actions-runner\_work\pytorch\pytorch\torch\csrc\autograd\generated\VariableType_3.cpp:11486 [autograd kernel]
AutogradXLA: registered at C:\actions-runner\_work\pytorch\pytorch\torch\csrc\autograd\generated\VariableType_3.cpp:11486 [autograd kernel]
AutogradMPS: registered at C:\actions-runner\_work\pytorch\pytorch\torch\csrc\autograd\generated\VariableType_3.cpp:11486 [autograd kernel]
AutogradIPU: registered at C:\actions-runner\_work\pytorch\pytorch\torch\csrc\autograd\generated\VariableType_3.cpp:11486 [autograd kernel]
AutogradXPU: registered at C:\actions-runner\_work\pytorch\pytorch\torch\csrc\autograd\generated\VariableType_3.cpp:11486 [autograd kernel]
AutogradHPU: registered at C:\actions-runner\_work\pytorch\pytorch\torch\csrc\autograd\generated\VariableType_3.cpp:11486 [autograd kernel]
AutogradVE: registered at C:\actions-runner\_work\pytorch\pytorch\torch\csrc\autograd\generated\VariableType_3.cpp:11486 [autograd kernel]
AutogradLazy: registered at C:\actions-runner\_work\pytorch\pytorch\torch\csrc\autograd\generated\VariableType_3.cpp:11486 [autograd kernel]
AutogradMTIA: registered at C:\actions-runner\_work\pytorch\pytorch\torch\csrc\autograd\generated\VariableType_3.cpp:11486 [autograd kernel]
AutogradMAIA: registered at C:\actions-runner\_work\pytorch\pytorch\torch\csrc\autograd\generated\VariableType_3.cpp:11486 [autograd kernel]
AutogradPrivateUse1: registered at C:\actions-runner\_work\pytorch\pytorch\torch\csrc\autograd\generated\VariableType_3.cpp:11486 [autograd kernel]
AutogradPrivateUse2: registered at C:\actions-runner\_work\pytorch\pytorch\torch\csrc\autograd\generated\VariableType_3.cpp:11486 [autograd kernel]
AutogradPrivateUse3: registered at C:\actions-runner\_work\pytorch\pytorch\torch\csrc\autograd\generated\VariableType_3.cpp:11486 [autograd kernel]
AutogradMeta: registered at C:\actions-runner\_work\pytorch\pytorch\torch\csrc\autograd\generated\VariableType_3.cpp:11486 [autograd kernel]
AutogradNestedTensor: registered at C:\actions-runner\_work\pytorch\pytorch\torch\csrc\autograd\generated\VariableType_3.cpp:11486 [autograd kernel]
Tracer: registered at C:\actions-runner\_work\pytorch\pytorch\torch\csrc\autograd\generated\TraceType_3.cpp:7641 [kernel]
AutocastCPU: fallthrough registered at C:\actions-runner\_work\pytorch\pytorch\aten\src\ATen\autocast_mode.cpp:333 [backend fallback]
AutocastMTIA: fallthrough registered at C:\actions-runner\_work\pytorch\pytorch\aten\src\ATen\autocast_mode.cpp:474 [backend fallback]
AutocastMAIA: fallthrough registered at C:\actions-runner\_work\pytorch\pytorch\aten\src\ATen\autocast_mode.cpp:512 [backend fallback]
AutocastXPU: fallthrough registered at C:\actions-runner\_work\pytorch\pytorch\aten\src\ATen\autocast_mode.cpp:550 [backend fallback]
AutocastMPS: fallthrough registered at C:\actions-runner\_work\pytorch\pytorch\aten\src\ATen\autocast_mode.cpp:224 [backend fallback]
AutocastCUDA: fallthrough registered at C:\actions-runner\_work\pytorch\pytorch\aten\src\ATen\autocast_mode.cpp:177 [backend fallback]
FuncTorchBatched: registered at C:\actions-runner\_work\pytorch\pytorch\aten\src\ATen\functorch\LegacyBatchingRegistrations.cpp:730 [backend fallback]
BatchedNestedTensor: registered at C:\actions-runner\_work\pytorch\pytorch\aten\src\ATen\functorch\LegacyBatchingRegistrations.cpp:757 [backend fallback]
FuncTorchVmapMode: fallthrough registered at C:\actions-runner\_work\pytorch\pytorch\aten\src\ATen\functorch\VmapModeRegistrations.cpp:22 [backend fallback]
Batched: registered at C:\actions-runner\_work\pytorch\pytorch\aten\src\ATen\LegacyBatchingRegistrations.cpp:1072 [backend fallback]
VmapMode: fallthrough registered at C:\actions-runner\_work\pytorch\pytorch\aten\src\ATen\VmapModeRegistrations.cpp:32 [backend fallback]
FuncTorchGradWrapper: registered at C:\actions-runner\_work\pytorch\pytorch\aten\src\ATen\functorch\TensorWrapper.cpp:210 [backend fallback]
PythonTLSSnapshot: registered at C:\actions-runner\_work\pytorch\pytorch\aten\src\ATen\core\PythonFallbackKernel.cpp:200 [backend fallback]
FuncTorchDynamicLayerFrontMode: registered at C:\actions-runner\_work\pytorch\pytorch\aten\src\ATen\functorch\DynamicLayer.cpp:475 [backend fallback]
PreDispatch: registered at C:\actions-runner\_work\pytorch\pytorch\aten\src\ATen\core\PythonFallbackKernel.cpp:204 [backend fallback]
PythonDispatcher: registered at C:\actions-runner\_work\pytorch\pytorch\aten\src\ATen\core\PythonFallbackKernel.cpp:196 [backend fallback]

