C:\Users\clm\AppData\Local\Python\pythoncore-3.14-64\Lib\site-packages\torch\functional.py:2208: UserWarning: torch.lu is deprecated in favor of torch.linalg.lu_factor / torch.linalg.lu_factor_ex and will be removed in a future PyTorch release.
LU, pivots = torch.lu(A, compute_pivots)
should be replaced with
LU, pivots = torch.linalg.lu_factor(A, compute_pivots)
and
LU, pivots, info = torch.lu(A, compute_pivots, get_infos=True)
should be replaced with
LU, pivots, info = torch.linalg.lu_factor_ex(A, compute_pivots) (Triggered internally at C:\actions-runner\_work\pytorch\pytorch\aten\src\ATen\native\BatchLinearAlgebra.cpp:2066.)
  return torch._lu_with_info(A, pivot=pivot, check_errors=(not get_infos))
D:\wsl\personal\dr\paper\toxic_compile\plan\scripts\dispatch_mode_grad_sweep.py:25: UserWarning: torch.lu_solve is deprecated in favor of torch.linalg.lu_solveand will be removed in a future PyTorch release.
Note that torch.linalg.lu_solve has its arguments reversed.
X = torch.lu_solve(B, LU, pivots)
should be replaced with
X = torch.linalg.lu_solve(LU, pivots, B) (Triggered internally at C:\actions-runner\_work\pytorch\pytorch\aten\src\ATen\native\BatchLinearAlgebra.cpp:2220.)
  out = [o for o in flat(fn(s.input, *s.args, **s.kwargs)) if o.requires_grad and (o.is_floating_point() or o.is_complex())]
D:\wsl\personal\dr\paper\toxic_compile\plan\scripts\dispatch_mode_grad_sweep.py:25: UserWarning: Casting complex values to real discards the imaginary part (Triggered internally at C:\actions-runner\_work\pytorch\pytorch\aten\src\ATen\native\Copy.cpp:308.)
  out = [o for o in flat(fn(s.input, *s.args, **s.kwargs)) if o.requires_grad and (o.is_floating_point() or o.is_complex())]
D:\wsl\personal\dr\paper\toxic_compile\plan\scripts\dispatch_mode_grad_sweep.py:25: UserWarning: linear_cross_entropy: ``options`` ignored; chunked path needs reduction in {'mean','sum','none'}, label_smoothing == 0, target.dtype == int64 (or a probability target with reduction in {'mean','sum'}, dtype matching input, and requires_grad == False), out_features == (). Got reduction='mean', label_smoothing=0.0, target.dtype=torch.int64, out_features=(3,), tracing=False, target.requires_grad=False, linear_bias.shape=None.
  out = [o for o in flat(fn(s.input, *s.args, **s.kwargs)) if o.requires_grad and (o.is_floating_point() or o.is_complex())]
D:\wsl\personal\dr\paper\toxic_compile\plan\scripts\dispatch_mode_grad_sweep.py:25: UserWarning: linear_cross_entropy: ``options`` ignored; chunked path needs reduction in {'mean','sum','none'}, label_smoothing == 0, target.dtype == int64 (or a probability target with reduction in {'mean','sum'}, dtype matching input, and requires_grad == False), out_features == (). Got reduction='none', label_smoothing=0.0, target.dtype=torch.int64, out_features=(3,), tracing=False, target.requires_grad=False, linear_bias.shape=None.
  out = [o for o in flat(fn(s.input, *s.args, **s.kwargs)) if o.requires_grad and (o.is_floating_point() or o.is_complex())]
D:\wsl\personal\dr\paper\toxic_compile\plan\scripts\dispatch_mode_grad_sweep.py:25: UserWarning: `nn.functional.upsample_bilinear` is deprecated. Use `nn.functional.interpolate` instead.
  out = [o for o in flat(fn(s.input, *s.args, **s.kwargs)) if o.requires_grad and (o.is_floating_point() or o.is_complex())]
D:\wsl\personal\dr\paper\toxic_compile\plan\scripts\dispatch_mode_grad_sweep.py:25: UserWarning: `nn.functional.upsample_nearest` is deprecated. Use `nn.functional.interpolate` instead.
  out = [o for o in flat(fn(s.input, *s.args, **s.kwargs)) if o.requires_grad and (o.is_floating_point() or o.is_complex())]
D:\wsl\personal\dr\paper\toxic_compile\plan\scripts\dispatch_mode_grad_sweep.py:25: UserWarning: torch.triangular_solve is deprecated in favor of torch.linalg.solve_triangularand will be removed in a future PyTorch release.
torch.linalg.solve_triangular has its arguments reversed and does not return a copy of one of the inputs.
X = torch.triangular_solve(B, A).solution
should be replaced with
X = torch.linalg.solve_triangular(A, B). (Triggered internally at C:\actions-runner\_work\pytorch\pytorch\aten\src\ATen\native\BatchLinearAlgebra.cpp:2262.)
  out = [o for o in flat(fn(s.input, *s.args, **s.kwargs)) if o.requires_grad and (o.is_floating_point() or o.is_complex())]
!! pinverse                               complex64  max abs diff 3.68 (scale 2.97)   (1/4)
!! pinverse                               complex128 max abs diff 5.13 (scale 2.68)   (1/4)
D:\wsl\personal\dr\paper\toxic_compile\plan\scripts\dispatch_mode_grad_sweep.py:25: UserWarning: index_reduce() is in beta and the API may change at any time. (Triggered internally at C:\actions-runner\_work\pytorch\pytorch\aten\src\ATen\native\TensorAdvancedIndexing.cpp:1524.)
  out = [o for o in flat(fn(s.input, *s.args, **s.kwargs)) if o.requires_grad and (o.is_floating_point() or o.is_complex())]
C:\Users\clm\AppData\Local\Python\pythoncore-3.14-64\Lib\site-packages\torch\testing\_internal\common_methods_invocations.py:19760: UserWarning: ComplexHalf support is experimental and many operators don't support it yet. (Triggered internally at C:\actions-runner\_work\pytorch\pytorch\aten\src\ATen\EmptyTensor.cpp:55.)
  op=lambda x, *args, **kwargs: x.chalf(*args, **kwargs),
D:\wsl\personal\dr\paper\toxic_compile\plan\scripts\dispatch_mode_grad_sweep.py:25: UserWarning: reduction: 'mean' divides the total loss by both the batch size and the support size.'batchmean' divides only by the batch size, and aligns with the KL div math definition.'mean' will be changed to behave the same as 'batchmean' in the next major release.
  out = [o for o in flat(fn(s.input, *s.args, **s.kwargs)) if o.requires_grad and (o.is_floating_point() or o.is_complex())]
!! linalg.matrix_sqrth                    complex64  max abs diff 0.472 (scale 1)   (1/4)
!! linalg.matrix_sqrth                    complex128 max abs diff 0.183 (scale 1)   (1/4)
!! linalg.lstsq                           complex64  max abs diff 882 (scale 208)   (4/4)
!! linalg.lstsq                           complex128 max abs diff 1.42e+03 (scale 253)   (4/4)
!! linalg.lstsq                           complex64  max abs diff 882 (scale 208)   (4/4)
!! linalg.lstsq                           complex128 max abs diff 1.42e+03 (scale 253)   (4/4)
!! linalg.pinv                            complex64  max abs diff 3.68 (scale 2.97)   (1/4)
!! linalg.pinv                            complex128 max abs diff 5.13 (scale 2.68)   (1/4)
!! linalg.pinv                            complex64  max abs diff 1.36 (scale 1.51)   (2/4)
!! linalg.pinv                            complex128 max abs diff 0.278 (scale 1.14)   (2/4)
955 (op, dtype) pairs with autograd, 12 differ in the gradient under a forwarding TorchDispatchMode
