[{"stream_name":"stdout","time":8.180930998000001,"data":"   ©¥©¥©¥©¥©¥©¥©¥©¥©¥©¥©¥©¥©¥©¥©¥©¥©¥©¥©¥©¥©¥©¥©¥©¥©¥©¥©¥©¥©¥©¥©¥©¥©¥©¥©¥©¥©¥©¥©¥©¥ 196.3/196.3 MB 8.4 MB/s eta 0:00:00\n"}
,{"stream_name":"stderr","time":51.414713664,"data":"ERROR: pip's dependency resolver does not currently take into account all the packages that are installed. This behaviour is the source of the following dependency conflicts.\n"}
,{"stream_name":"stderr","time":51.414784736,"data":"torchaudio 2.10.0+cpu requires torch==2.10.0, but you have torch 2.14.0+cpu which is incompatible.\n"}
,{"stream_name":"stderr","time":51.41479324,"data":"torchvision 0.25.0+cpu requires torch==2.10.0, but you have torch 2.14.0+cpu which is incompatible.\n"}
,{"stream_name":"stdout","time":54.82226225,"data":"   ©¥©¥©¥©¥©¥©¥©¥©¥©¥©¥©¥©¥©¥©¥©¥©¥©¥©¥©¥©¥©¥©¥©¥©¥©¥©¥©¥©¥©¥©¥©¥©¥©¥©¥©¥©¥©¥©¥©¥©¥ 1.2/1.2 MB 21.1 MB/s eta 0:00:00\n"}
,{"stream_name":"stderr","time":58.337675029,"data":"  File \"/kaggle/working/sweep.py\", line 241\n"}
,{"stream_name":"stderr","time":58.337729587,"data":"    f.write(json.dumps({\"op\": crashed[0], \"dtype\": crashed[1], \"samples\": 0, \"diffs\": [{\"i\": -1, \"class\": \"CRASH\", \"detail\": \"process died\"}], \"errors\": [], \"verdict\": \"DIFF:CRASH\"}) + \"\n"}
,{"stream_name":"stderr","time":58.337740841,"data":"                                                                                                                                                                                         ^\n"}
,{"stream_name":"stderr","time":58.337746959,"data":"SyntaxError: unterminated string literal (detected at line 241)\n"}
,{"stream_name":"stdout","time":58.359766374,"data":"=====JSONL BEGIN\n"}
,{"stream_name":"stderr","time":58.359862109,"data":"Traceback (most recent call last):\n"}
,{"stream_name":"stderr","time":58.359894333,"data":"  File \"/kaggle/src/script.py\", line 8, in \u003cmodule\u003e\n"}
,{"stream_name":"stderr","time":58.360179534,"data":"    print(open(\"cases.jsonl\").read(), flush=True)\n"}
,{"stream_name":"stderr","time":58.360366136,"data":"          ^^^^^^^^^^^^^^^^^^^\n"}
,{"stream_name":"stderr","time":58.360403353,"data":"FileNotFoundError: [Errno 2] No such file or directory: 'cases.jsonl'\n"}
,{"stream_name":"stderr","time":61.452674915,"data":"/usr/local/lib/python3.12/dist-packages/mistune.py:435: SyntaxWarning: invalid escape sequence '\\|'\n"}
,{"stream_name":"stderr","time":61.452728493,"data":"  cells[i][c] = re.sub('\\\\\\\\\\|', '|', cell)\n"}
,{"stream_name":"stderr","time":61.870348953,"data":"/usr/local/lib/python3.12/dist-packages/nbconvert/filters/filter_links.py:36: SyntaxWarning: invalid escape sequence '\\_'\n"}
,{"stream_name":"stderr","time":61.87039595,"data":"  text = re.sub(r'_', '\\_', text) # Escape underscores in display text\n"}
,{"stream_name":"stderr","time":62.919259109,"data":"[NbConvertApp] Converting notebook __script__.ipynb to html\n"}
,{"stream_name":"stderr","time":64.971901284,"data":"[NbConvertApp] Writing 292140 bytes to __results__.html\n"}
]