[{"stream_name":"stdout","time":7.052809687,"data":"   ━━━━━━━━━━━━━━━━━━━━━━━━━━━━━━━━━━━━━━━━ 196.3/196.3 MB 8.6 MB/s eta 0:00:00\n"}
,{"stream_name":"stderr","time":44.305654654,"data":"ERROR: pip's dependency resolver does not currently take into account all the packages that are installed. This behaviour is the source of the following dependency conflicts.\n"}
,{"stream_name":"stderr","time":44.305712633,"data":"torchaudio 2.10.0+cpu requires torch==2.10.0, but you have torch 2.14.0+cpu which is incompatible.\n"}
,{"stream_name":"stderr","time":44.305718796,"data":"torchvision 0.25.0+cpu requires torch==2.10.0, but you have torch 2.14.0+cpu which is incompatible.\n"}
,{"stream_name":"stdout","time":73.113097278,"data":"torch 2.14.0+cpu\n"}
,{"stream_name":"stdout","time":73.113146885,"data":"[bitwise_not] eager=raise NotImplementedError | aot_eager=raise NotImplementedError | inductor=(float32, [-8.0, 4.0, -2.0, nan])\n"}
,{"stream_name":"stdout","time":73.113155208,"data":"[bitwise_and] eager=raise NotImplementedError | aot_eager=raise NotImplementedError | inductor=(float32, [0.5, 1.0, 2.0, 0.0])\n"}
,{"stream_name":"stdout","time":73.113161683,"data":"[bitwise_or] eager=raise NotImplementedError | aot_eager=raise NotImplementedError | inductor=(float32, [1.5, -1.0, 3.0, 1.0])\n"}
,{"stream_name":"stdout","time":73.113167379,"data":"[bitwise_xor] eager=raise NotImplementedError | aot_eager=raise NotImplementedError | inductor=(float32, [0.0, -0.0, 0.0, 1.0])\n"}
,{"stream_name":"stdout","time":73.113174977,"data":"[bitwise_left_shift] eager=raise NotImplementedError | aot_eager=raise NotImplementedError | inductor=raise InductorError\n"}
,{"stream_name":"stdout","time":73.113186065,"data":"[bitwise_not bf16] eager=raise NotImplementedError | aot_eager=raise NotImplementedError | inductor=(bfloat16, [-8.0, 4.0, -2.0, nan])\n"}
,{"stream_name":"stdout","time":73.113190481,"data":"[bitwise_not fp64] eager=raise NotImplementedError | aot_eager=raise NotImplementedError | inductor=(float64, [-8.0, 4.0, -2.0, nan])\n"}
,{"stream_name":"stdout","time":80.253725628,"data":"   ━━━━━━━━━━━━━━━━━━━━━━━━━━━━━━━━━━━━━━━━ 198.2/198.2 MB 9.2 MB/s eta 0:00:00\n"}
,{"stream_name":"stderr","time":103.555199933,"data":"ERROR: pip's dependency resolver does not currently take into account all the packages that are installed. This behaviour is the source of the following dependency conflicts.\n"}
,{"stream_name":"stderr","time":103.555263397,"data":"torchaudio 2.10.0+cpu requires torch==2.10.0, but you have torch 2.15.0.dev20260912+cpu which is incompatible.\n"}
,{"stream_name":"stderr","time":103.555271649,"data":"torchvision 0.25.0+cpu requires torch==2.10.0, but you have torch 2.15.0.dev20260912+cpu which is incompatible.\n"}
,{"stream_name":"stdout","time":127.022585955,"data":"torch 2.15.0.dev20260912+cpu\n"}
,{"stream_name":"stdout","time":127.022638946,"data":"[bitwise_not] eager=raise NotImplementedError | aot_eager=raise NotImplementedError | inductor=(float32, [-8.0, 4.0, -2.0, nan])\n"}
,{"stream_name":"stdout","time":127.022647774,"data":"[bitwise_and] eager=raise NotImplementedError | aot_eager=raise NotImplementedError | inductor=(float32, [0.5, 1.0, 2.0, 0.0])\n"}
,{"stream_name":"stdout","time":127.022679992,"data":"[bitwise_or] eager=raise NotImplementedError | aot_eager=raise NotImplementedError | inductor=(float32, [1.5, -1.0, 3.0, 1.0])\n"}
,{"stream_name":"stdout","time":127.022692209,"data":"[bitwise_xor] eager=raise NotImplementedError | aot_eager=raise NotImplementedError | inductor=(float32, [0.0, -0.0, 0.0, 1.0])\n"}
,{"stream_name":"stdout","time":127.022697552,"data":"[bitwise_left_shift] eager=raise NotImplementedError | aot_eager=raise NotImplementedError | inductor=raise InductorError\n"}
,{"stream_name":"stdout","time":127.022718232,"data":"[bitwise_not bf16] eager=raise NotImplementedError | aot_eager=raise NotImplementedError | inductor=(bfloat16, [-8.0, 4.0, -2.0, nan])\n"}
,{"stream_name":"stdout","time":127.022722041,"data":"[bitwise_not fp64] eager=raise NotImplementedError | aot_eager=raise NotImplementedError | inductor=(float64, [-8.0, 4.0, -2.0, nan])\n"}
,{"stream_name":"stdout","time":128.465974997,"data":"JOB DONE\n"}
,{"stream_name":"stderr","time":131.096076246,"data":"/usr/local/lib/python3.12/dist-packages/mistune.py:435: SyntaxWarning: invalid escape sequence '\\|'\n"}
,{"stream_name":"stderr","time":131.09610934,"data":"  cells[i][c] = re.sub('\\\\\\\\\\|', '|', cell)\n"}
,{"stream_name":"stderr","time":131.433112711,"data":"/usr/local/lib/python3.12/dist-packages/nbconvert/filters/filter_links.py:36: SyntaxWarning: invalid escape sequence '\\_'\n"}
,{"stream_name":"stderr","time":131.433147883,"data":"  text = re.sub(r'_', '\\_', text) # Escape underscores in display text\n"}
,{"stream_name":"stderr","time":132.276674199,"data":"[NbConvertApp] Converting notebook __script__.ipynb to html\n"}
,{"stream_name":"stderr","time":133.883522836,"data":"[NbConvertApp] Writing 276716 bytes to __results__.html\n"}
]