[{"stream_name":"stdout","time":10.915125101,"data":"   ━━━━━━━━━━━━━━━━━━━━━━━━━━━━━━━━━━━━━━━━ 554.6/554.6 MB 2.7 MB/s eta 0:00:00\n"}
,{"stream_name":"stdout","time":17.347490943,"data":"   ━━━━━━━━━━━━━━━━━━━━━━━━━━━━━━━━━━━━━━━━ 553.1/553.1 MB 3.3 MB/s eta 0:00:00\n"}
,{"stream_name":"stdout","time":19.523554918,"data":"   ━━━━━━━━━━━━━━━━━━━━━━━━━━━━━━━━━━━━━━━━ 170.1/170.1 MB 10.7 MB/s eta 0:00:00\n"}
,{"stream_name":"stdout","time":22.518946416,"data":"   ━━━━━━━━━━━━━━━━━━━━━━━━━━━━━━━━━━━━━━━━ 216.0/216.0 MB 6.7 MB/s eta 0:00:00\n"}
,{"stream_name":"stdout","time":23.225643845,"data":"   ━━━━━━━━━━━━━━━━━━━━━━━━━━━━━━━━━━━━━━━━ 60.4/60.4 MB 29.6 MB/s eta 0:00:00\n"}
,{"stream_name":"stdout","time":29.497160813,"data":"   ━━━━━━━━━━━━━━━━━━━━━━━━━━━━━━━━━━━━━━━━ 423.1/423.1 MB 2.8 MB/s eta 0:00:00\n"}
,{"stream_name":"stdout","time":30.425980256,"data":"   ━━━━━━━━━━━━━━━━━━━━━━━━━━━━━━━━━━━━━━━━ 10.7/10.7 MB 11.3 MB/s eta 0:00:00\n"}
,{"stream_name":"stdout","time":31.411468983,"data":"   ━━━━━━━━━━━━━━━━━━━━━━━━━━━━━━━━━━━━━━━━ 90.2/90.2 MB 20.8 MB/s eta 0:00:00\n"}
,{"stream_name":"stdout","time":31.460122721,"data":"   ━━━━━━━━━━━━━━━━━━━━━━━━━━━━━━━━━━━━━━━━ 2.2/2.2 MB 74.5 MB/s eta 0:00:00\n"}
,{"stream_name":"stdout","time":33.85737201,"data":"   ━━━━━━━━━━━━━━━━━━━━━━━━━━━━━━━━━━━━━━━━ 214.1/214.1 MB 8.5 MB/s eta 0:00:00\n"}
,{"stream_name":"stdout","time":33.894266194,"data":"   ━━━━━━━━━━━━━━━━━━━━━━━━━━━━━━━━━━━━━━━━ 1.2/1.2 MB 58.6 MB/s eta 0:00:00\n"}
,{"stream_name":"stdout","time":34.506686244,"data":"   ━━━━━━━━━━━━━━━━━━━━━━━━━━━━━━━━━━━━━━━━ 59.5/59.5 MB 31.9 MB/s eta 0:00:00\n"}
,{"stream_name":"stdout","time":38.295400503,"data":"   ━━━━━━━━━━━━━━━━━━━━━━━━━━━━━━━━━━━━━━━━ 200.9/200.9 MB 3.8 MB/s eta 0:00:00\n"}
,{"stream_name":"stdout","time":39.829117634,"data":"   ━━━━━━━━━━━━━━━━━━━━━━━━━━━━━━━━━━━━━━━━ 145.9/145.9 MB 12.9 MB/s eta 0:00:00\n"}
,{"stream_name":"stdout","time":39.857665361,"data":"   ━━━━━━━━━━━━━━━━━━━━━━━━━━━━━━━━━━━━━━━━ 148.0/148.0 kB 10.8 MB/s eta 0:00:00\n"}
,{"stream_name":"stdout","time":39.947916967,"data":"   ━━━━━━━━━━━━━━━━━━━━━━━━━━━━━━━━━━━━━━━━ 7.2/7.2 MB 99.8 MB/s eta 0:00:00\n"}
,{"stream_name":"stdout","time":43.186352658,"data":"   ━━━━━━━━━━━━━━━━━━━━━━━━━━━━━━━━━━━━━━━━ 248.0/248.0 MB 5.1 MB/s eta 0:00:00\n"}
,{"stream_name":"stdout","time":43.584411785,"data":"   ━━━━━━━━━━━━━━━━━━━━━━━━━━━━━━━━━━━━━━━━ 42.5/42.5 MB 46.3 MB/s eta 0:00:00\n"}
,{"stream_name":"stderr","time":134.222430419,"data":"ERROR: pip's dependency resolver does not currently take into account all the packages that are installed. This behaviour is the source of the following dependency conflicts.\n"}
,{"stream_name":"stderr","time":134.222474775,"data":"libcuml-cu12 26.2.0 requires cuda-toolkit[cublas,cufft,curand,cusolver,cusparse]==12.*, but you have cuda-toolkit 13.0.3.0 which is incompatible.\n"}
,{"stream_name":"stderr","time":134.222480532,"data":"cuml-cu12 26.2.0 requires cuda-toolkit[cublas,cufft,curand,cusolver,cusparse]==12.*, but you have cuda-toolkit 13.0.3.0 which is incompatible.\n"}
,{"stream_name":"stderr","time":134.222485659,"data":"cuda-python 12.9.4 requires cuda-bindings~=12.9.4, but you have cuda-bindings 13.4.2 which is incompatible.\n"}
,{"stream_name":"stderr","time":134.222490124,"data":"torchaudio 2.10.0+cu128 requires torch==2.10.0, but you have torch 2.14.0 which is incompatible.\n"}
,{"stream_name":"stderr","time":134.222494712,"data":"torchvision 0.25.0+cu128 requires torch==2.10.0, but you have torch 2.14.0 which is incompatible.\n"}
,{"stream_name":"stderr","time":134.222499552,"data":"cudf-cu12 26.2.1 requires cuda-toolkit[nvcc,nvrtc]==12.*, but you have cuda-toolkit 13.0.3.0 which is incompatible.\n"}
,{"stream_name":"stderr","time":134.22250409,"data":"libcuvs-cu12 26.2.0 requires cuda-toolkit[cublas,curand,cusolver,cusparse]==12.*, but you have cuda-toolkit 13.0.3.0 which is incompatible.\n"}
,{"stream_name":"stderr","time":134.222509216,"data":"libraft-cu12 26.2.0 requires cuda-toolkit[cublas,curand,cusolver,cusparse]==12.*, but you have cuda-toolkit 13.0.3.0 which is incompatible.\n"}
,{"stream_name":"stdout","time":137.545814624,"data":"torch 2.14.0+cu130\n"}
,{"stream_name":"stdout","time":137.545859238,"data":"\n"}
,{"stream_name":"stdout","time":137.545894125,"data":"===== draft 07\n"}
,{"stream_name":"stdout","time":163.793340108,"data":"torch.uint8  first=  5  min    eager=   1  inductor=   0\n"}
,{"stream_name":"stdout","time":163.793386004,"data":"torch.uint8  first=  5  argmin eager=   1  inductor=-8473051087277178060\n"}
,{"stream_name":"stdout","time":163.793390963,"data":"torch.int8   first=  5  min    eager=   1  inductor=   0\n"}
,{"stream_name":"stdout","time":163.793394677,"data":"torch.int8   first=  5  argmin eager=   1  inductor=-8473051087277178060\n"}
,{"stream_name":"stdout","time":163.793397849,"data":"torch.int8   first= -5  max    eager=  -1  inductor=   0\n"}
,{"stream_name":"stdout","time":163.793400922,"data":"torch.int8   first= -5  argmax eager=   1  inductor=   0\n"}
,{"stream_name":"stdout","time":163.793403933,"data":"\n"}
,{"stream_name":"stdout","time":163.793406766,"data":"===== draft 08\n"}
,{"stream_name":"stdout","time":165.800836021,"data":"python   : 9.0 4.0 29.0\n"}
,{"stream_name":"stdout","time":165.800894422,"data":"torch.float32  a // b      eager [9.0, 4.0, 29.0, 2.0]  inductor [10.0, 5.0, 30.0, 3.0]\n"}
,{"stream_name":"stdout","time":165.800903664,"data":"torch.float32  div(floor)  eager [9.0, 4.0, 29.0, 2.0]  inductor [10.0, 5.0, 30.0, 3.0]\n"}
,{"stream_name":"stdout","time":165.800909059,"data":"torch.float64  a // b      eager [9.0, 4.0, 29.0, 3.0]  inductor [10.0, 5.0, 30.0, 3.0]\n"}
,{"stream_name":"stdout","time":165.800914082,"data":"torch.float64  div(floor)  eager [9.0, 4.0, 29.0, 3.0]  inductor [10.0, 5.0, 30.0, 3.0]\n"}
,{"stream_name":"stdout","time":165.800918909,"data":"\n"}
,{"stream_name":"stdout","time":165.800923819,"data":"===== draft 09\n"}
,{"stream_name":"stdout","time":167.647631948,"data":"eager           [5.5, -5.5, 0.0, 2.0, 2.0, 1.1920928955078125e-07, 0.09999998658895493, -0.0]\n"}
,{"stream_name":"stdout","time":167.647667883,"data":"inductor, n=8   [nan, nan, nan, 0.0, 0.0, 0.0, 0.09999996423721313, 0.0]\n"}
,{"stream_name":"stdout","time":167.647699339,"data":"inductor, n=3   [5.5, -5.5, 0.0]   \u003c- same first three elements, scalar path\n"}
,{"stream_name":"stdout","time":167.647704926,"data":"\n"}
,{"stream_name":"stdout","time":167.647709539,"data":"===== draft 10\n"}
,{"stream_name":"stdout","time":169.175708778,"data":"x.half().float()       eager    [0.0999755859375, 0.0010004043579101562, 0.333251953125, inf]\n"}
,{"stream_name":"stdout","time":169.175741775,"data":"                       inductor [0.10000000149011612, 0.0010000000474974513, 0.3333333432674408, 70000.0]\n"}
,{"stream_name":"stdout","time":169.175746239,"data":"x.bfloat16().float()   eager    [0.10009765625, 0.00099945068359375, 0.333984375, 70144.0]\n"}
,{"stream_name":"stdout","time":169.175750007,"data":"                       inductor [0.10000000149011612, 0.0010000000474974513, 0.3333333432674408, 70000.0]\n"}
,{"stream_name":"stdout","time":169.175753538,"data":"\n"}
,{"stream_name":"stdout","time":169.175756721,"data":"===== draft 11\n"}
,{"stream_name":"stdout","time":172.141510262,"data":"clamp(x, -1000, 1000)  eager raises RuntimeError | aot_eager raises RuntimeError | inductor [-24, -24, -24, -24, -24]\n"}
,{"stream_name":"stdout","time":172.141545828,"data":"clamp(x, max=300)      eager raises RuntimeError | aot_eager raises RuntimeError | inductor [-128, -3, 0, 5, 44]\n"}
,{"stream_name":"stdout","time":172.141553758,"data":"\n"}
,{"stream_name":"stdout","time":172.141559637,"data":"===== same checks on CUDA\n"}
,{"stream_name":"stdout","time":173.589712295,"data":"cuda a // b eager [9.0, 4.0, 29.0, 2.0, 0.0, 3.3333333268354826e+19, 10.0, -0.0] inductor [10.0, 5.0, 30.0, 3.0, 0.0, 3.3333333268354826e+19, 10.0, -0.0]\n"}
,{"stream_name":"stdout","time":173.5897482,"data":"cuda a % b eager [0.09999998658895493, 0.09999999403953552, 0.19999991357326508, 0.3333333134651184, 5.5, 2.0, 1.1920928955078125e-07, -0.0] inductor [0.09999998658895493, 0.09999999403953552, 0.19999991357326508, 0.3333333134651184, 5.5, 2199023255552.0, 1.1920928955078125e-07, 0.0]\n"}
,{"stream_name":"stdout","time":173.589756742,"data":"cuda uint8 min/argmin eager 1 1 inductor 1 1\n"}
,{"stream_name":"stdout","time":173.589762257,"data":"cuda half roundtrip eager [0.0999755859375, inf] inductor [0.10000000149011612, 70000.0]\n"}
,{"stream_name":"stdout","time":173.589767776,"data":"cuda clamp eager raises RuntimeError inductor [-24, -24, -24, -24, -24]\n"}
,{"stream_name":"stdout","time":179.811189903,"data":"JOB DONE\n"}
,{"stream_name":"stderr","time":181.896413859,"data":"/usr/local/lib/python3.12/dist-packages/mistune.py:435: SyntaxWarning: invalid escape sequence '\\|'\n"}
,{"stream_name":"stderr","time":181.896447607,"data":"  cells[i][c] = re.sub('\\\\\\\\\\|', '|', cell)\n"}
,{"stream_name":"stderr","time":182.082985934,"data":"/usr/local/lib/python3.12/dist-packages/nbconvert/filters/filter_links.py:36: SyntaxWarning: invalid escape sequence '\\_'\n"}
,{"stream_name":"stderr","time":182.083016075,"data":"  text = re.sub(r'_', '\\_', text) # Escape underscores in display text\n"}
,{"stream_name":"stderr","time":183.234375245,"data":"[NbConvertApp] Converting notebook __script__.ipynb to html\n"}
,{"stream_name":"stderr","time":184.294127932,"data":"[NbConvertApp] Writing 279963 bytes to __results__.html\n"}
]