[{"stream_name":"stdout","time":6.295133511,"data":"   ━━━━━━━━━━━━━━━━━━━━━━━━━━━━━━━━━━━━━━━━ 196.3/196.3 MB 9.1 MB/s eta 0:00:00\n"}
,{"stream_name":"stderr","time":42.105174657,"data":"ERROR: pip's dependency resolver does not currently take into account all the packages that are installed. This behaviour is the source of the following dependency conflicts.\n"}
,{"stream_name":"stderr","time":42.105220998,"data":"torchaudio 2.10.0+cpu requires torch==2.10.0, but you have torch 2.14.0+cpu which is incompatible.\n"}
,{"stream_name":"stderr","time":42.105229121,"data":"torchvision 0.25.0+cpu requires torch==2.10.0, but you have torch 2.14.0+cpu which is incompatible.\n"}
,{"stream_name":"stdout","time":92.419573354,"data":"torch 2.14.0+cpu\n"}
,{"stream_name":"stdout","time":92.419619437,"data":"[eager jvp] exit=0 (ok) last: ok\n"}
,{"stream_name":"stdout","time":92.419626523,"data":"[compile(eager) jvp] exit=0 (ok) last: ok\n"}
,{"stream_name":"stdout","time":92.419632291,"data":"[compile(aot_eager) jvp] exit=-11 (0xfffffff5) last: \n"}
,{"stream_name":"stdout","time":92.419637776,"data":"[compile(inductor) jvp] exit=0 (ok) last: ok\n"}
,{"stream_name":"stdout","time":92.419644,"data":"[compile(aot_eager) forward only] exit=0 (ok) last: ok\n"}
,{"stream_name":"stdout","time":92.419649763,"data":"[compile(aot_eager) backward] exit=0 (ok) last: ok\n"}
,{"stream_name":"stderr","time":94.295253227,"data":"/usr/local/lib/python3.12/dist-packages/torch/jit/_script.py:1491: FutureWarning: `torch.jit.script` is deprecated. Please switch to `torch.compile` or `torch.export`.\n"}
,{"stream_name":"stderr","time":94.295291347,"data":"  warnings.warn(\n"}
,{"stream_name":"stdout","time":111.206678502,"data":"torch 2.14.0+cpu\n"}
,{"stream_name":"stdout","time":111.206733487,"data":"[addr] eager=raise INTERNAL ASSERT _make_dual | aot_eager=raise INTERNAL ASSERT _make_dual | inductor=raise INTERNAL ASSERT _make_dual\n"}
,{"stream_name":"stdout","time":111.20674251,"data":"[addr_beta_alpha] eager=raise INTERNAL ASSERT _make_dual | aot_eager=raise INTERNAL ASSERT _make_dual | inductor=raise INTERNAL ASSERT _make_dual\n"}
,{"stream_name":"stdout","time":111.20674877,"data":"[addmm] eager=ok(0e+00) | aot_eager=ok(0e+00) | inductor=ok(0e+00)\n"}
,{"stream_name":"stdout","time":111.206754446,"data":"[addcmul] eager=ok(0e+00) | aot_eager=ok(0e+00) | inductor=ok(0e+00)\n"}
,{"stream_name":"stdout","time":111.206760124,"data":"[baddbmm] eager=ok(0e+00) | aot_eager=ok(0e+00) | inductor=ok(0e+00)\n"}
,{"stream_name":"stdout","time":111.20676585,"data":"[addbmm] eager=ok(0e+00) | aot_eager=ok(0e+00) | inductor=ok(0e+00)\n"}
,{"stream_name":"stdout","time":111.206771319,"data":"[addmv] eager=ok(0e+00) | aot_eager=ok(0e+00) | inductor=ok(0e+00)\n"}
,{"stream_name":"stdout","time":111.206777147,"data":"[outer_plus] eager=ok(0e+00) | aot_eager=ok(0e+00) | inductor=ok(0e+00)\n"}
,{"stream_name":"stdout","time":116.200331443,"data":"   ━━━━━━━━━━━━━━━━━━━━━━━━━━━━━━━━━━━━━━━━ 198.2/198.2 MB 9.1 MB/s eta 0:00:00\n"}
,{"stream_name":"stderr","time":140.335083345,"data":"ERROR: pip's dependency resolver does not currently take into account all the packages that are installed. This behaviour is the source of the following dependency conflicts.\n"}
,{"stream_name":"stderr","time":140.335127074,"data":"torchaudio 2.10.0+cpu requires torch==2.10.0, but you have torch 2.15.0.dev20260912+cpu which is incompatible.\n"}
,{"stream_name":"stderr","time":140.335135103,"data":"torchvision 0.25.0+cpu requires torch==2.10.0, but you have torch 2.15.0.dev20260912+cpu which is incompatible.\n"}
,{"stream_name":"stdout","time":186.284241336,"data":"torch 2.15.0.dev20260912+cpu\n"}
,{"stream_name":"stdout","time":186.284293527,"data":"[eager jvp] exit=0 (ok) last: ok\n"}
,{"stream_name":"stdout","time":186.284301053,"data":"[compile(eager) jvp] exit=0 (ok) last: ok\n"}
,{"stream_name":"stdout","time":186.284307737,"data":"[compile(aot_eager) jvp] exit=-11 (0xfffffff5) last: \n"}
,{"stream_name":"stdout","time":186.284790463,"data":"[compile(inductor) jvp] exit=0 (ok) last: ok\n"}
,{"stream_name":"stdout","time":186.284804536,"data":"[compile(aot_eager) forward only] exit=0 (ok) last: ok\n"}
,{"stream_name":"stdout","time":186.284811185,"data":"[compile(aot_eager) backward] exit=0 (ok) last: ok\n"}
,{"stream_name":"stderr","time":188.179023911,"data":"/usr/local/lib/python3.12/dist-packages/torch/jit/_script.py:1491: FutureWarning: `torch.jit.script` is deprecated. Please switch to `torch.compile` or `torch.export`.\n"}
,{"stream_name":"stderr","time":188.179065084,"data":"  warnings.warn(\n"}
,{"stream_name":"stdout","time":205.01600596,"data":"torch 2.15.0.dev20260912+cpu\n"}
,{"stream_name":"stdout","time":205.016048386,"data":"[addr] eager=raise INTERNAL ASSERT _make_dual | aot_eager=raise INTERNAL ASSERT _make_dual | inductor=raise INTERNAL ASSERT _make_dual\n"}
,{"stream_name":"stdout","time":205.016054687,"data":"[addr_beta_alpha] eager=raise INTERNAL ASSERT _make_dual | aot_eager=raise INTERNAL ASSERT _make_dual | inductor=raise INTERNAL ASSERT _make_dual\n"}
,{"stream_name":"stdout","time":205.016059099,"data":"[addmm] eager=ok(0e+00) | aot_eager=ok(0e+00) | inductor=ok(0e+00)\n"}
,{"stream_name":"stdout","time":205.016063087,"data":"[addcmul] eager=ok(0e+00) | aot_eager=ok(0e+00) | inductor=ok(0e+00)\n"}
,{"stream_name":"stdout","time":205.01606693,"data":"[baddbmm] eager=ok(0e+00) | aot_eager=ok(0e+00) | inductor=ok(0e+00)\n"}
,{"stream_name":"stdout","time":205.016070628,"data":"[addbmm] eager=ok(0e+00) | aot_eager=ok(0e+00) | inductor=ok(0e+00)\n"}
,{"stream_name":"stdout","time":205.016074343,"data":"[addmv] eager=ok(0e+00) | aot_eager=ok(0e+00) | inductor=ok(0e+00)\n"}
,{"stream_name":"stdout","time":205.016078466,"data":"[outer_plus] eager=ok(0e+00) | aot_eager=ok(0e+00) | inductor=ok(0e+00)\n"}
,{"stream_name":"stdout","time":206.276772579,"data":"JOB DONE\n"}
,{"stream_name":"stderr","time":208.926684506,"data":"/usr/local/lib/python3.12/dist-packages/mistune.py:435: SyntaxWarning: invalid escape sequence '\\|'\n"}
,{"stream_name":"stderr","time":208.926741211,"data":"  cells[i][c] = re.sub('\\\\\\\\\\|', '|', cell)\n"}
,{"stream_name":"stderr","time":209.213006472,"data":"/usr/local/lib/python3.12/dist-packages/nbconvert/filters/filter_links.py:36: SyntaxWarning: invalid escape sequence '\\_'\n"}
,{"stream_name":"stderr","time":209.213085906,"data":"  text = re.sub(r'_', '\\_', text) # Escape underscores in display text\n"}
,{"stream_name":"stderr","time":209.947765046,"data":"[NbConvertApp] Converting notebook __script__.ipynb to html\n"}
,{"stream_name":"stderr","time":211.449804427,"data":"[NbConvertApp] Writing 279722 bytes to __results__.html\n"}
]