[{"stream_name":"stdout","time":9.676419853,"data":"   ━━━━━━━━━━━━━━━━━━━━━━━━━━━━━━━━━━━━━━━━ 198.1/198.1 MB 8.4 MB/s eta 0:00:00\n"}
,{"stream_name":"stderr","time":57.165701466,"data":"ERROR: pip's dependency resolver does not currently take into account all the packages that are installed. This behaviour is the source of the following dependency conflicts.\n"}
,{"stream_name":"stderr","time":57.165762582,"data":"torchaudio 2.10.0+cpu requires torch==2.10.0, but you have torch 2.15.0.dev20260911+cpu which is incompatible.\n"}
,{"stream_name":"stderr","time":57.165769639,"data":"torchvision 0.25.0+cpu requires torch==2.10.0, but you have torch 2.15.0.dev20260911+cpu which is incompatible.\n"}
,{"stream_name":"stdout","time":111.164739168,"data":"torch 2.15.0.dev20260911+cpu\n"}
,{"stream_name":"stdout","time":111.164788858,"data":"[quantile ties 1-d q=0.5] eager=[1.0, 0.0, 0.0, 0.0, 0.0]\n"}
,{"stream_name":"stdout","time":111.164795982,"data":"    inductor=[0.0, 0.0, 1.0, 0.0, 0.0]   \u003c-- DIFF\n"}
,{"stream_name":"stdout","time":111.16480168,"data":"    aot_eager=[0.0, 0.0, 1.0, 0.0, 0.0]   \u003c-- DIFF vs eager\n"}
,{"stream_name":"stdout","time":111.164806919,"data":"[quantile ties 1-d q=0.5 dim=0] eager=[1.0, 0.0, 0.0, 0.0, 0.0]\n"}
,{"stream_name":"stdout","time":111.164811639,"data":"    inductor=[0.0, 0.0, 1.0, 0.0, 0.0]   \u003c-- DIFF\n"}
,{"stream_name":"stdout","time":111.164816143,"data":"    aot_eager=[0.0, 0.0, 1.0, 0.0, 0.0]   \u003c-- DIFF vs eager\n"}
,{"stream_name":"stdout","time":111.164821004,"data":"[quantile ties 2-d dim=0] eager=[0.0, 0.0, 0.5, 0.5, 0.5, 0.5, 1.0, 1.0, 0.5, 0.5, 0.5, 0.5, 0.0, 0.0]\n"}
,{"stream_name":"stdout","time":111.164826403,"data":"    inductor=[0.0, 0.0, 0.5, 0.5, 0.5, 0.5, 1.0, 1.0, 0.5, 0.5, 0.5, 0.5, 0.0, 0.0]\n"}
,{"stream_name":"stdout","time":111.164831158,"data":"[quantile prime7 no ties dim=0] eager=[0.0, 0.0, 0.0, 0.0, 0.0, 0.0, 0.0, 0.0, 0.0, 0.0, 0.0, 0.0, 1.0, 1.0, 1.0, 1.0, 0.0, 0.0, 0.0, 0.0, 0.0, 0.0, 0.0, 0.0, 0.0, 0.0, 0.0, 0.0]\n"}
,{"stream_name":"stdout","time":111.164836573,"data":"    inductor=[0.0, 0.0, 0.0, 0.0, 0.0, 0.0, 0.0, 0.0, 0.0, 0.0, 0.0, 0.0, 1.0, 1.0, 1.0, 1.0, 0.0, 0.0, 0.0, 0.0, 0.0, 0.0, 0.0, 0.0, 0.0, 0.0, 0.0, 0.0]\n"}
,{"stream_name":"stdout","time":111.164842179,"data":"[quantile all equal] eager=[0.0, 0.0, 0.0, 0.0, 0.19999992847442627, 0.19999992847442627, 0.19999992847442627, 0.19999992847442627, 0.8000000715255737, 0.8000000715255737, 0.8000000715255737, 0.8000000715255737, 0.39999985694885254, 0.39999985694885254, 0.39999985694885254, 0.39999985694885254, 0.6000001430511475, 0.6000001430511475, 0.6000001430511475, 0.6000001430511475, 0.0, 0.0, 0.0, 0.0, 0.0, 0.0, 0.0, 0.0]\n"}
,{"stream_name":"stdout","time":111.164849487,"data":"    inductor=[0.0, 0.0, 0.0, 0.0, 0.19999992847442627, 0.19999992847442627, 0.19999992847442627, 0.19999992847442627, 0.8000000715255737, 0.8000000715255737, 0.8000000715255737, 0.8000000715255737, 0.39999985694885254, 0.39999985694885254, 0.39999985694885254, 0.39999985694885254, 0.6000001430511475, 0.6000001430511475, 0.6000001430511475, 0.6000001430511475, 0.0, 0.0, 0.0, 0.0, 0.0, 0.0, 0.0, 0.0]\n"}
,{"stream_name":"stdout","time":111.164853972,"data":"[quantile all equal keepdim] eager=[0.0, 0.0, 0.0, 0.0, 0.0, 0.0, 0.0, 0.0, 0.0, 0.0, 0.0, 0.0, 0.0, 0.0, 0.0, 0.0, 0.0, 0.0, 0.0, 0.0, 0.0, 0.0, 0.0, 0.0, 1.0, 1.0, 1.0, 1.0]\n"}
,{"stream_name":"stdout","time":111.164859198,"data":"    inductor=[0.0, 0.0, 0.0, 0.0, 0.0, 0.0, 0.0, 0.0, 0.0, 0.0, 0.0, 0.0, 1.0, 1.0, 1.0, 1.0, 0.0, 0.0, 0.0, 0.0, 0.0, 0.0, 0.0, 0.0, 0.0, 0.0, 0.0, 0.0]   \u003c-- DIFF\n"}
,{"stream_name":"stdout","time":111.164863176,"data":"    aot_eager=[0.0, 0.0, 0.0, 0.0, 0.0, 0.0, 0.0, 0.0, 0.0, 0.0, 0.0, 0.0, 1.0, 1.0, 1.0, 1.0, 0.0, 0.0, 0.0, 0.0, 0.0, 0.0, 0.0, 0.0, 0.0, 0.0, 0.0, 0.0]   \u003c-- DIFF vs eager\n"}
,{"stream_name":"stdout","time":111.164878171,"data":"[nanquantile ties 1-d q=0.5] eager=[1.0, 0.0, 0.0, 0.0, 0.0]\n"}
,{"stream_name":"stdout","time":111.164880929,"data":"    inductor=[0.0, 0.0, 1.0, 0.0, 0.0]   \u003c-- DIFF\n"}
,{"stream_name":"stdout","time":111.164883332,"data":"    aot_eager=[0.0, 0.0, 1.0, 0.0, 0.0]   \u003c-- DIFF vs eager\n"}
,{"stream_name":"stdout","time":111.164885878,"data":"[nanquantile ties 1-d q=0.5 dim=0] eager=[1.0, 0.0, 0.0, 0.0, 0.0]\n"}
,{"stream_name":"stdout","time":111.164889234,"data":"    inductor=[0.0, 0.0, 1.0, 0.0, 0.0]   \u003c-- DIFF\n"}
,{"stream_name":"stdout","time":111.164893061,"data":"    aot_eager=[0.0, 0.0, 1.0, 0.0, 0.0]   \u003c-- DIFF vs eager\n"}
,{"stream_name":"stdout","time":111.164897043,"data":"[nanquantile ties 2-d dim=0] eager=[0.0, 0.0, 0.5, 0.5, 0.5, 0.5, 1.0, 1.0, 0.5, 0.5, 0.5, 0.5, 0.0, 0.0]\n"}
,{"stream_name":"stdout","time":111.164900567,"data":"    inductor=[0.0, 0.0, 0.5, 0.5, 0.5, 0.5, 1.0, 1.0, 0.5, 0.5, 0.5, 0.5, 0.0, 0.0]\n"}
,{"stream_name":"stdout","time":111.164903898,"data":"[nanquantile prime7 no ties dim=0] eager=[0.0, 0.0, 0.0, 0.0, 0.0, 0.0, 0.0, 0.0, 0.0, 0.0, 0.0, 0.0, 1.0, 1.0, 1.0, 1.0, 0.0, 0.0, 0.0, 0.0, 0.0, 0.0, 0.0, 0.0, 0.0, 0.0, 0.0, 0.0]\n"}
,{"stream_name":"stdout","time":111.164908009,"data":"    inductor=[0.0, 0.0, 0.0, 0.0, 0.0, 0.0, 0.0, 0.0, 0.0, 0.0, 0.0, 0.0, 1.0, 1.0, 1.0, 1.0, 0.0, 0.0, 0.0, 0.0, 0.0, 0.0, 0.0, 0.0, 0.0, 0.0, 0.0, 0.0]\n"}
,{"stream_name":"stdout","time":111.164912065,"data":"[nanquantile all equal] eager=[0.0, 0.0, 0.0, 0.0, 0.19999992847442627, 0.19999992847442627, 0.19999992847442627, 0.19999992847442627, 0.8000000715255737, 0.8000000715255737, 0.8000000715255737, 0.8000000715255737, 0.39999985694885254, 0.39999985694885254, 0.39999985694885254, 0.39999985694885254, 0.6000001430511475, 0.6000001430511475, 0.6000001430511475, 0.6000001430511475, 0.0, 0.0, 0.0, 0.0, 0.0, 0.0, 0.0, 0.0]\n"}
,{"stream_name":"stdout","time":111.164917329,"data":"    inductor=[0.0, 0.0, 0.0, 0.0, 0.19999992847442627, 0.19999992847442627, 0.19999992847442627, 0.19999992847442627, 0.8000000715255737, 0.8000000715255737, 0.8000000715255737, 0.8000000715255737, 0.39999985694885254, 0.39999985694885254, 0.39999985694885254, 0.39999985694885254, 0.6000001430511475, 0.6000001430511475, 0.6000001430511475, 0.6000001430511475, 0.0, 0.0, 0.0, 0.0, 0.0, 0.0, 0.0, 0.0]\n"}
,{"stream_name":"stdout","time":111.164923024,"data":"[nanquantile all equal keepdim] eager=[0.0, 0.0, 0.0, 0.0, 0.0, 0.0, 0.0, 0.0, 0.0, 0.0, 0.0, 0.0, 0.0, 0.0, 0.0, 0.0, 0.0, 0.0, 0.0, 0.0, 0.0, 0.0, 0.0, 0.0, 1.0, 1.0, 1.0, 1.0]\n"}
,{"stream_name":"stdout","time":111.164927599,"data":"    inductor=[0.0, 0.0, 0.0, 0.0, 0.0, 0.0, 0.0, 0.0, 0.0, 0.0, 0.0, 0.0, 1.0, 1.0, 1.0, 1.0, 0.0, 0.0, 0.0, 0.0, 0.0, 0.0, 0.0, 0.0, 0.0, 0.0, 0.0, 0.0]   \u003c-- DIFF\n"}
,{"stream_name":"stdout","time":111.164931985,"data":"    aot_eager=[0.0, 0.0, 0.0, 0.0, 0.0, 0.0, 0.0, 0.0, 0.0, 0.0, 0.0, 0.0, 1.0, 1.0, 1.0, 1.0, 0.0, 0.0, 0.0, 0.0, 0.0, 0.0, 0.0, 0.0, 0.0, 0.0, 0.0, 0.0]   \u003c-- DIFF vs eager\n"}
,{"stream_name":"stdout","time":116.886414915,"data":"   ━━━━━━━━━━━━━━━━━━━━━━━━━━━━━━━━━━━━━━━━ 196.3/196.3 MB 9.3 MB/s eta 0:00:00\n"}
,{"stream_name":"stderr","time":140.781220335,"data":"ERROR: pip's dependency resolver does not currently take into account all the packages that are installed. This behaviour is the source of the following dependency conflicts.\n"}
,{"stream_name":"stderr","time":140.781273366,"data":"torchaudio 2.10.0+cpu requires torch==2.10.0, but you have torch 2.14.0+cpu which is incompatible.\n"}
,{"stream_name":"stderr","time":140.781281861,"data":"torchvision 0.25.0+cpu requires torch==2.10.0, but you have torch 2.14.0+cpu which is incompatible.\n"}
,{"stream_name":"stdout","time":191.22287584,"data":"torch 2.14.0+cpu\n"}
,{"stream_name":"stdout","time":191.222925946,"data":"[quantile ties 1-d q=0.5] eager=[1.0, 0.0, 0.0, 0.0, 0.0]\n"}
,{"stream_name":"stdout","time":191.222933145,"data":"    inductor=[0.0, 0.0, 1.0, 0.0, 0.0]   \u003c-- DIFF\n"}
,{"stream_name":"stdout","time":191.222938784,"data":"    aot_eager=[0.0, 0.0, 1.0, 0.0, 0.0]   \u003c-- DIFF vs eager\n"}
,{"stream_name":"stdout","time":191.222943771,"data":"[quantile ties 1-d q=0.5 dim=0] eager=[1.0, 0.0, 0.0, 0.0, 0.0]\n"}
,{"stream_name":"stdout","time":191.22294893,"data":"    inductor=[0.0, 0.0, 1.0, 0.0, 0.0]   \u003c-- DIFF\n"}
,{"stream_name":"stdout","time":191.222953851,"data":"    aot_eager=[0.0, 0.0, 1.0, 0.0, 0.0]   \u003c-- DIFF vs eager\n"}
,{"stream_name":"stdout","time":191.222958716,"data":"[quantile ties 2-d dim=0] eager=[0.0, 0.0, 0.5, 0.5, 0.5, 0.5, 1.0, 1.0, 0.5, 0.5, 0.5, 0.5, 0.0, 0.0]\n"}
,{"stream_name":"stdout","time":191.22296368,"data":"    inductor=[0.0, 0.0, 0.5, 0.5, 0.5, 0.5, 1.0, 1.0, 0.5, 0.5, 0.5, 0.5, 0.0, 0.0]\n"}
,{"stream_name":"stdout","time":191.222968651,"data":"[quantile prime7 no ties dim=0] eager=[0.0, 0.0, 0.0, 0.0, 0.0, 0.0, 0.0, 0.0, 0.0, 0.0, 0.0, 0.0, 1.0, 1.0, 1.0, 1.0, 0.0, 0.0, 0.0, 0.0, 0.0, 0.0, 0.0, 0.0, 0.0, 0.0, 0.0, 0.0]\n"}
,{"stream_name":"stdout","time":191.222973238,"data":"    inductor=[0.0, 0.0, 0.0, 0.0, 0.0, 0.0, 0.0, 0.0, 0.0, 0.0, 0.0, 0.0, 1.0, 1.0, 1.0, 1.0, 0.0, 0.0, 0.0, 0.0, 0.0, 0.0, 0.0, 0.0, 0.0, 0.0, 0.0, 0.0]\n"}
,{"stream_name":"stdout","time":191.222978944,"data":"[quantile all equal] eager=[0.0, 0.0, 0.0, 0.0, 0.19999992847442627, 0.19999992847442627, 0.19999992847442627, 0.19999992847442627, 0.8000000715255737, 0.8000000715255737, 0.8000000715255737, 0.8000000715255737, 0.39999985694885254, 0.39999985694885254, 0.39999985694885254, 0.39999985694885254, 0.6000001430511475, 0.6000001430511475, 0.6000001430511475, 0.6000001430511475, 0.0, 0.0, 0.0, 0.0, 0.0, 0.0, 0.0, 0.0]\n"}
,{"stream_name":"stdout","time":191.222986011,"data":"    inductor=[0.0, 0.0, 0.0, 0.0, 0.19999992847442627, 0.19999992847442627, 0.19999992847442627, 0.19999992847442627, 0.8000000715255737, 0.8000000715255737, 0.8000000715255737, 0.8000000715255737, 0.39999985694885254, 0.39999985694885254, 0.39999985694885254, 0.39999985694885254, 0.6000001430511475, 0.6000001430511475, 0.6000001430511475, 0.6000001430511475, 0.0, 0.0, 0.0, 0.0, 0.0, 0.0, 0.0, 0.0]\n"}
,{"stream_name":"stdout","time":191.222992461,"data":"[quantile all equal keepdim] eager=[0.0, 0.0, 0.0, 0.0, 0.0, 0.0, 0.0, 0.0, 0.0, 0.0, 0.0, 0.0, 0.0, 0.0, 0.0, 0.0, 0.0, 0.0, 0.0, 0.0, 0.0, 0.0, 0.0, 0.0, 1.0, 1.0, 1.0, 1.0]\n"}
,{"stream_name":"stdout","time":191.222997396,"data":"    inductor=[0.0, 0.0, 0.0, 0.0, 0.0, 0.0, 0.0, 0.0, 0.0, 0.0, 0.0, 0.0, 1.0, 1.0, 1.0, 1.0, 0.0, 0.0, 0.0, 0.0, 0.0, 0.0, 0.0, 0.0, 0.0, 0.0, 0.0, 0.0]   \u003c-- DIFF\n"}
,{"stream_name":"stdout","time":191.223004192,"data":"    aot_eager=[0.0, 0.0, 0.0, 0.0, 0.0, 0.0, 0.0, 0.0, 0.0, 0.0, 0.0, 0.0, 1.0, 1.0, 1.0, 1.0, 0.0, 0.0, 0.0, 0.0, 0.0, 0.0, 0.0, 0.0, 0.0, 0.0, 0.0, 0.0]   \u003c-- DIFF vs eager\n"}
,{"stream_name":"stdout","time":191.223009306,"data":"[nanquantile ties 1-d q=0.5] eager=[1.0, 0.0, 0.0, 0.0, 0.0]\n"}
,{"stream_name":"stdout","time":191.223013913,"data":"    inductor=[0.0, 0.0, 1.0, 0.0, 0.0]   \u003c-- DIFF\n"}
,{"stream_name":"stdout","time":191.2230182,"data":"    aot_eager=[0.0, 0.0, 1.0, 0.0, 0.0]   \u003c-- DIFF vs eager\n"}
,{"stream_name":"stdout","time":191.22302344,"data":"[nanquantile ties 1-d q=0.5 dim=0] eager=[1.0, 0.0, 0.0, 0.0, 0.0]\n"}
,{"stream_name":"stdout","time":191.22302791,"data":"    inductor=[0.0, 0.0, 1.0, 0.0, 0.0]   \u003c-- DIFF\n"}
,{"stream_name":"stdout","time":191.223047408,"data":"    aot_eager=[0.0, 0.0, 1.0, 0.0, 0.0]   \u003c-- DIFF vs eager\n"}
,{"stream_name":"stdout","time":191.223051907,"data":"[nanquantile ties 2-d dim=0] eager=[0.0, 0.0, 0.5, 0.5, 0.5, 0.5, 1.0, 1.0, 0.5, 0.5, 0.5, 0.5, 0.0, 0.0]\n"}
,{"stream_name":"stdout","time":191.223056204,"data":"    inductor=[0.0, 0.0, 0.5, 0.5, 0.5, 0.5, 1.0, 1.0, 0.5, 0.5, 0.5, 0.5, 0.0, 0.0]\n"}
,{"stream_name":"stdout","time":191.223060188,"data":"[nanquantile prime7 no ties dim=0] eager=[0.0, 0.0, 0.0, 0.0, 0.0, 0.0, 0.0, 0.0, 0.0, 0.0, 0.0, 0.0, 1.0, 1.0, 1.0, 1.0, 0.0, 0.0, 0.0, 0.0, 0.0, 0.0, 0.0, 0.0, 0.0, 0.0, 0.0, 0.0]\n"}
,{"stream_name":"stdout","time":191.223064088,"data":"    inductor=[0.0, 0.0, 0.0, 0.0, 0.0, 0.0, 0.0, 0.0, 0.0, 0.0, 0.0, 0.0, 1.0, 1.0, 1.0, 1.0, 0.0, 0.0, 0.0, 0.0, 0.0, 0.0, 0.0, 0.0, 0.0, 0.0, 0.0, 0.0]\n"}
,{"stream_name":"stdout","time":191.223068006,"data":"[nanquantile all equal] eager=[0.0, 0.0, 0.0, 0.0, 0.19999992847442627, 0.19999992847442627, 0.19999992847442627, 0.19999992847442627, 0.8000000715255737, 0.8000000715255737, 0.8000000715255737, 0.8000000715255737, 0.39999985694885254, 0.39999985694885254, 0.39999985694885254, 0.39999985694885254, 0.6000001430511475, 0.6000001430511475, 0.6000001430511475, 0.6000001430511475, 0.0, 0.0, 0.0, 0.0, 0.0, 0.0, 0.0, 0.0]\n"}
,{"stream_name":"stdout","time":191.223073048,"data":"    inductor=[0.0, 0.0, 0.0, 0.0, 0.19999992847442627, 0.19999992847442627, 0.19999992847442627, 0.19999992847442627, 0.8000000715255737, 0.8000000715255737, 0.8000000715255737, 0.8000000715255737, 0.39999985694885254, 0.39999985694885254, 0.39999985694885254, 0.39999985694885254, 0.6000001430511475, 0.6000001430511475, 0.6000001430511475, 0.6000001430511475, 0.0, 0.0, 0.0, 0.0, 0.0, 0.0, 0.0, 0.0]\n"}
,{"stream_name":"stdout","time":191.223077881,"data":"[nanquantile all equal keepdim] eager=[0.0, 0.0, 0.0, 0.0, 0.0, 0.0, 0.0, 0.0, 0.0, 0.0, 0.0, 0.0, 0.0, 0.0, 0.0, 0.0, 0.0, 0.0, 0.0, 0.0, 0.0, 0.0, 0.0, 0.0, 1.0, 1.0, 1.0, 1.0]\n"}
,{"stream_name":"stdout","time":191.223082597,"data":"    inductor=[0.0, 0.0, 0.0, 0.0, 0.0, 0.0, 0.0, 0.0, 0.0, 0.0, 0.0, 0.0, 1.0, 1.0, 1.0, 1.0, 0.0, 0.0, 0.0, 0.0, 0.0, 0.0, 0.0, 0.0, 0.0, 0.0, 0.0, 0.0]   \u003c-- DIFF\n"}
,{"stream_name":"stdout","time":191.223086809,"data":"    aot_eager=[0.0, 0.0, 0.0, 0.0, 0.0, 0.0, 0.0, 0.0, 0.0, 0.0, 0.0, 0.0, 1.0, 1.0, 1.0, 1.0, 0.0, 0.0, 0.0, 0.0, 0.0, 0.0, 0.0, 0.0, 0.0, 0.0, 0.0, 0.0]   \u003c-- DIFF vs eager\n"}
,{"stream_name":"stdout","time":192.697319498,"data":"JOB DONE\n"}
,{"stream_name":"stderr","time":195.558862841,"data":"/usr/local/lib/python3.12/dist-packages/mistune.py:435: SyntaxWarning: invalid escape sequence '\\|'\n"}
,{"stream_name":"stderr","time":195.558902915,"data":"  cells[i][c] = re.sub('\\\\\\\\\\|', '|', cell)\n"}
,{"stream_name":"stderr","time":195.941274506,"data":"/usr/local/lib/python3.12/dist-packages/nbconvert/filters/filter_links.py:36: SyntaxWarning: invalid escape sequence '\\_'\n"}
,{"stream_name":"stderr","time":195.941311066,"data":"  text = re.sub(r'_', '\\_', text) # Escape underscores in display text\n"}
,{"stream_name":"stderr","time":196.720018414,"data":"[NbConvertApp] Converting notebook __script__.ipynb to html\n"}
,{"stream_name":"stderr","time":198.447338815,"data":"[NbConvertApp] Writing 278029 bytes to __results__.html\n"}
]