[{"stream_name":"stdout","time":4.227438636,"data":"$ pip -q install --pre --upgrade torch --index-url https://download.pytorch.org/whl/nightly/cu130\n"}
,{"stream_name":"stdout","time":15.86665049,"data":"     ━━━━━━━━━━━━━━━━━━━━━━━━━━━━━━━━━━━━━━ 503.9/503.9 MB 73.8 MB/s eta 0:00:00\n"}
,{"stream_name":"stdout","time":18.659625611,"data":"     ━━━━━━━━━━━━━━━━━━━━━━━━━━━━━━━━━━━━━ 170.1/170.1 MB 112.3 MB/s eta 0:00:00\n"}
,{"stream_name":"stdout","time":20.745331091,"data":"     ━━━━━━━━━━━━━━━━━━━━━━━━━━━━━━━━━━━━━ 216.0/216.0 MB 105.9 MB/s eta 0:00:00\n"}
,{"stream_name":"stdout","time":22.569235852,"data":"     ━━━━━━━━━━━━━━━━━━━━━━━━━━━━━━━━━━━━━ 135.4/135.4 MB 117.9 MB/s eta 0:00:00\n"}
,{"stream_name":"stdout","time":26.327673859,"data":"     ━━━━━━━━━━━━━━━━━━━━━━━━━━━━━━━━━━━━━━ 423.1/423.1 MB 76.5 MB/s eta 0:00:00\n"}
,{"stream_name":"stdout","time":28.390816786,"data":"     ━━━━━━━━━━━━━━━━━━━━━━━━━━━━━━━━━━━━━━━ 90.2/90.2 MB 131.6 MB/s eta 0:00:00\n"}
,{"stream_name":"stdout","time":28.973622768,"data":"     ━━━━━━━━━━━━━━━━━━━━━━━━━━━━━━━━━━━━━━━━ 2.2/2.2 MB 141.2 MB/s eta 0:00:00\n"}
,{"stream_name":"stdout","time":30.808686713,"data":"     ━━━━━━━━━━━━━━━━━━━━━━━━━━━━━━━━━━━━━ 214.1/214.1 MB 101.6 MB/s eta 0:00:00\n"}
,{"stream_name":"stdout","time":32.111298208,"data":"     ━━━━━━━━━━━━━━━━━━━━━━━━━━━━━━━━━━━━━━━ 42.5/42.5 MB 138.2 MB/s eta 0:00:00\n"}
,{"stream_name":"stdout","time":32.731491156,"data":"     ━━━━━━━━━━━━━━━━━━━━━━━━━━━━━━━━━━━━━━━━ 1.2/1.2 MB 179.4 MB/s eta 0:00:00\n"}
,{"stream_name":"stdout","time":33.071577566,"data":"     ━━━━━━━━━━━━━━━━━━━━━━━━━━━━━━━━━━━━━━━ 10.7/10.7 MB 138.4 MB/s eta 0:00:00\n"}
,{"stream_name":"stdout","time":34.548187698,"data":"     ━━━━━━━━━━━━━━━━━━━━━━━━━━━━━━━━━━━━━ 200.9/200.9 MB 109.5 MB/s eta 0:00:00\n"}
,{"stream_name":"stdout","time":36.293328439,"data":"     ━━━━━━━━━━━━━━━━━━━━━━━━━━━━━━━━━━━━━ 145.9/145.9 MB 116.8 MB/s eta 0:00:00\n"}
,{"stream_name":"stdout","time":37.07642031,"data":"     ━━━━━━━━━━━━━━━━━━━━━━━━━━━━━━━━━━━━━ 148.0/148.0 kB 116.8 MB/s eta 0:00:00\n"}
,{"stream_name":"stdout","time":37.378153855,"data":"     ━━━━━━━━━━━━━━━━━━━━━━━━━━━━━━━━━━━━━━━━ 3.9/3.9 MB 159.0 MB/s eta 0:00:00\n"}
,{"stream_name":"stdout","time":48.26360775,"data":"   ━━━━━━━━━━━━━━━━━━━━━━━━━━━━━━━━━━━━━━━━ 652.9/652.9 MB 1.3 MB/s eta 0:00:00\n"}
,{"stream_name":"stdout","time":52.983361683,"data":"   ━━━━━━━━━━━━━━━━━━━━━━━━━━━━━━━━━━━━━━━━ 246.8/246.8 MB 3.1 MB/s eta 0:00:00\n"}
,{"stream_name":"stdout","time":53.127413112,"data":"   ━━━━━━━━━━━━━━━━━━━━━━━━━━━━━━━━━━━━━━━━ 7.2/7.2 MB 56.8 MB/s eta 0:00:00\n"}
,{"stream_name":"stderr","time":180.925568352,"data":"ERROR: pip's dependency resolver does not currently take into account all the packages that are installed. This behaviour is the source of the following dependency conflicts.\n"}
,{"stream_name":"stderr","time":180.925611756,"data":"libcuml-cu12 26.2.0 requires cuda-toolkit[cublas,cufft,curand,cusolver,cusparse]==12.*, but you have cuda-toolkit 13.0.3.0 which is incompatible.\n"}
,{"stream_name":"stderr","time":180.925617308,"data":"cuml-cu12 26.2.0 requires cuda-toolkit[cublas,cufft,curand,cusolver,cusparse]==12.*, but you have cuda-toolkit 13.0.3.0 which is incompatible.\n"}
,{"stream_name":"stderr","time":180.925622237,"data":"cuda-python 12.9.4 requires cuda-bindings~=12.9.4, but you have cuda-bindings 13.4.0b1 which is incompatible.\n"}
,{"stream_name":"stderr","time":180.925626745,"data":"torchaudio 2.10.0+cu128 requires torch==2.10.0, but you have torch 2.15.0.dev20260911+cu130 which is incompatible.\n"}
,{"stream_name":"stderr","time":180.925631294,"data":"torchvision 0.25.0+cu128 requires torch==2.10.0, but you have torch 2.15.0.dev20260911+cu130 which is incompatible.\n"}
,{"stream_name":"stderr","time":180.92563632,"data":"cudf-cu12 26.2.1 requires cuda-toolkit[nvcc,nvrtc]==12.*, but you have cuda-toolkit 13.0.3.0 which is incompatible.\n"}
,{"stream_name":"stderr","time":180.925641257,"data":"libcuvs-cu12 26.2.0 requires cuda-toolkit[cublas,curand,cusolver,cusparse]==12.*, but you have cuda-toolkit 13.0.3.0 which is incompatible.\n"}
,{"stream_name":"stderr","time":180.925645888,"data":"libraft-cu12 26.2.0 requires cuda-toolkit[cublas,curand,cusolver,cusparse]==12.*, but you have cuda-toolkit 13.0.3.0 which is incompatible.\n"}
,{"stream_name":"stdout","time":181.581255365,"data":"$ /usr/bin/python3 -c import torch; print('TORCH', torch.__version__, torch.version.git_version, torch.cuda.get_device_name(0)); print('cuda ok', (torch.ones(4, device='cuda') * 2).sum().item())\n"}
,{"stream_name":"stdout","time":187.318094405,"data":"TORCH 2.15.0.dev20260911+cu130 fb8ff0f16a05cb6ba9604a5e69ad36199277d9e0 Tesla T4\n"}
,{"stream_name":"stdout","time":187.318134507,"data":"cuda ok 8.0\n"}
,{"stream_name":"stdout","time":189.872073579,"data":"$ /usr/bin/python3 scripts/verify_candidates_cuda.py cuda\n"}
,{"stream_name":"stderr","time":214.747178689,"data":"E0912 07:52:02.453000 45 torch/_subclasses/fake_tensor.py:3227] [0/0] failed while attempting to run meta for aten.linalg_vector_norm.default\n"}
,{"stream_name":"stderr","time":214.747222104,"data":"E0912 07:52:02.453000 45 torch/_subclasses/fake_tensor.py:3227] [0/0] Traceback (most recent call last):\n"}
,{"stream_name":"stderr","time":214.747227076,"data":"E0912 07:52:02.453000 45 torch/_subclasses/fake_tensor.py:3227] [0/0]   File \"/usr/local/lib/python3.12/dist-packages/torch/_subclasses/fake_tensor.py\", line 3223, in _dispatch_impl\n"}
,{"stream_name":"stderr","time":214.747230651,"data":"E0912 07:52:02.453000 45 torch/_subclasses/fake_tensor.py:3227] [0/0]     r = func(*args, **kwargs)\n"}
,{"stream_name":"stderr","time":214.747233908,"data":"E0912 07:52:02.453000 45 torch/_subclasses/fake_tensor.py:3227] [0/0]         ^^^^^^^^^^^^^^^^^^^^^\n"}
,{"stream_name":"stderr","time":214.747237206,"data":"E0912 07:52:02.453000 45 torch/_subclasses/fake_tensor.py:3227] [0/0]   File \"/usr/local/lib/python3.12/dist-packages/torch/_ops.py\", line 916, in __call__\n"}
,{"stream_name":"stderr","time":214.747240573,"data":"E0912 07:52:02.453000 45 torch/_subclasses/fake_tensor.py:3227] [0/0]     return self._op(*args, **kwargs)\n"}
,{"stream_name":"stderr","time":214.747243758,"data":"E0912 07:52:02.453000 45 torch/_subclasses/fake_tensor.py:3227] [0/0]            ^^^^^^^^^^^^^^^^^^^^^^^^^\n"}
,{"stream_name":"stderr","time":214.747261642,"data":"E0912 07:52:02.453000 45 torch/_subclasses/fake_tensor.py:3227] [0/0]   File \"/usr/local/lib/python3.12/dist-packages/torch/_prims_common/wrappers.py\", line 313, in _fn\n"}
,{"stream_name":"stderr","time":214.747264437,"data":"E0912 07:52:02.453000 45 torch/_subclasses/fake_tensor.py:3227] [0/0]     result = fn(*args, **kwargs)\n"}
,{"stream_name":"stderr","time":214.747266913,"data":"E0912 07:52:02.453000 45 torch/_subclasses/fake_tensor.py:3227] [0/0]              ^^^^^^^^^^^^^^^^^^^\n"}
,{"stream_name":"stderr","time":214.747269224,"data":"E0912 07:52:02.453000 45 torch/_subclasses/fake_tensor.py:3227] [0/0]   File \"/usr/local/lib/python3.12/dist-packages/torch/_refs/linalg/__init__.py\", line 146, in vector_norm\n"}
,{"stream_name":"stderr","time":214.747271785,"data":"E0912 07:52:02.453000 45 torch/_subclasses/fake_tensor.py:3227] [0/0]     _check_vector_norm_args(x, ord, dim)\n"}
,{"stream_name":"stderr","time":214.747274118,"data":"E0912 07:52:02.453000 45 torch/_subclasses/fake_tensor.py:3227] [0/0]   File \"/usr/local/lib/python3.12/dist-packages/torch/_refs/linalg/__init__.py\", line 121, in _check_vector_norm_args\n"}
,{"stream_name":"stderr","time":214.747278886,"data":"E0912 07:52:02.453000 45 torch/_subclasses/fake_tensor.py:3227] [0/0]     torch._check(\n"}
,{"stream_name":"stderr","time":214.747282189,"data":"E0912 07:52:02.453000 45 torch/_subclasses/fake_tensor.py:3227] [0/0]   File \"/usr/local/lib/python3.12/dist-packages/torch/__init__.py\", line 2161, in _check\n"}
,{"stream_name":"stderr","time":214.747284742,"data":"E0912 07:52:02.453000 45 torch/_subclasses/fake_tensor.py:3227] [0/0]     _check_with(RuntimeError, cond, message)\n"}
,{"stream_name":"stderr","time":214.747287191,"data":"E0912 07:52:02.453000 45 torch/_subclasses/fake_tensor.py:3227] [0/0]   File \"/usr/local/lib/python3.12/dist-packages/torch/__init__.py\", line 2139, in _check_with\n"}
,{"stream_name":"stderr","time":214.747289716,"data":"E0912 07:52:02.453000 45 torch/_subclasses/fake_tensor.py:3227] [0/0]     raise error_type(message_evaluated)\n"}
,{"stream_name":"stderr","time":214.747292052,"data":"E0912 07:52:02.453000 45 torch/_subclasses/fake_tensor.py:3227] [0/0] RuntimeError: linalg.vector_norm cannot compute the inf norm on the dimension -1 because this dimension is empty and the operation does not have an identity\n"}
,{"stream_name":"stderr","time":214.764014219,"data":"E0912 07:52:02.471000 45 torch/_subclasses/fake_tensor.py:3227] [0/0] failed while attempting to run meta for aten.linalg_vector_norm.default\n"}
,{"stream_name":"stderr","time":214.764034062,"data":"E0912 07:52:02.471000 45 torch/_subclasses/fake_tensor.py:3227] [0/0] Traceback (most recent call last):\n"}
,{"stream_name":"stderr","time":214.764038697,"data":"E0912 07:52:02.471000 45 torch/_subclasses/fake_tensor.py:3227] [0/0]   File \"/usr/local/lib/python3.12/dist-packages/torch/_subclasses/fake_tensor.py\", line 3223, in _dispatch_impl\n"}
,{"stream_name":"stderr","time":214.764044755,"data":"E0912 07:52:02.471000 45 torch/_subclasses/fake_tensor.py:3227] [0/0]     r = func(*args, **kwargs)\n"}
,{"stream_name":"stderr","time":214.764051674,"data":"E0912 07:52:02.471000 45 torch/_subclasses/fake_tensor.py:3227] [0/0]         ^^^^^^^^^^^^^^^^^^^^^\n"}
,{"stream_name":"stderr","time":214.764054679,"data":"E0912 07:52:02.471000 45 torch/_subclasses/fake_tensor.py:3227] [0/0]   File \"/usr/local/lib/python3.12/dist-packages/torch/_ops.py\", line 916, in __call__\n"}
,{"stream_name":"stderr","time":214.764072209,"data":"E0912 07:52:02.471000 45 torch/_subclasses/fake_tensor.py:3227] [0/0]     return self._op(*args, **kwargs)\n"}
,{"stream_name":"stderr","time":214.764076165,"data":"E0912 07:52:02.471000 45 torch/_subclasses/fake_tensor.py:3227] [0/0]            ^^^^^^^^^^^^^^^^^^^^^^^^^\n"}
,{"stream_name":"stderr","time":214.764089152,"data":"E0912 07:52:02.471000 45 torch/_subclasses/fake_tensor.py:3227] [0/0]   File \"/usr/local/lib/python3.12/dist-packages/torch/_prims_common/wrappers.py\", line 313, in _fn\n"}
,{"stream_name":"stderr","time":214.764093869,"data":"E0912 07:52:02.471000 45 torch/_subclasses/fake_tensor.py:3227] [0/0]     result = fn(*args, **kwargs)\n"}
,{"stream_name":"stderr","time":214.764097485,"data":"E0912 07:52:02.471000 45 torch/_subclasses/fake_tensor.py:3227] [0/0]              ^^^^^^^^^^^^^^^^^^^\n"}
,{"stream_name":"stderr","time":214.764101068,"data":"E0912 07:52:02.471000 45 torch/_subclasses/fake_tensor.py:3227] [0/0]   File \"/usr/local/lib/python3.12/dist-packages/torch/_refs/linalg/__init__.py\", line 146, in vector_norm\n"}
,{"stream_name":"stderr","time":214.76410496,"data":"E0912 07:52:02.471000 45 torch/_subclasses/fake_tensor.py:3227] [0/0]     _check_vector_norm_args(x, ord, dim)\n"}
,{"stream_name":"stderr","time":214.764108532,"data":"E0912 07:52:02.471000 45 torch/_subclasses/fake_tensor.py:3227] [0/0]   File \"/usr/local/lib/python3.12/dist-packages/torch/_refs/linalg/__init__.py\", line 121, in _check_vector_norm_args\n"}
,{"stream_name":"stderr","time":214.76411706,"data":"E0912 07:52:02.471000 45 torch/_subclasses/fake_tensor.py:3227] [0/0]     torch._check(\n"}
,{"stream_name":"stderr","time":214.764120949,"data":"E0912 07:52:02.471000 45 torch/_subclasses/fake_tensor.py:3227] [0/0]   File \"/usr/local/lib/python3.12/dist-packages/torch/__init__.py\", line 2161, in _check\n"}
,{"stream_name":"stderr","time":214.764123441,"data":"E0912 07:52:02.471000 45 torch/_subclasses/fake_tensor.py:3227] [0/0]     _check_with(RuntimeError, cond, message)\n"}
,{"stream_name":"stderr","time":214.764125754,"data":"E0912 07:52:02.471000 45 torch/_subclasses/fake_tensor.py:3227] [0/0]   File \"/usr/local/lib/python3.12/dist-packages/torch/__init__.py\", line 2139, in _check_with\n"}
,{"stream_name":"stderr","time":214.764128262,"data":"E0912 07:52:02.471000 45 torch/_subclasses/fake_tensor.py:3227] [0/0]     raise error_type(message_evaluated)\n"}
,{"stream_name":"stderr","time":214.76413063,"data":"E0912 07:52:02.471000 45 torch/_subclasses/fake_tensor.py:3227] [0/0] RuntimeError: linalg.vector_norm cannot compute the inf norm on the dimension -1 because this dimension is empty and the operation does not have an identity\n"}
,{"stream_name":"stderr","time":216.125023145,"data":"/kaggle/working/plan/scripts/verify_candidates_cuda.py:49: UserWarning: var_mean(): degrees of freedom is \u003c= 0. Correction should be strictly less than the reduction factor (input numel divided by output numel). (Triggered internally at /__w/pytorch/pytorch/aten/src/ATen/native/ReduceOps.cpp:1914.)\n"}
,{"stream_name":"stderr","time":216.125058383,"data":"  print(\"   eager    :\", show(fn(*args)))\n"}
,{"stream_name":"stderr","time":216.181052709,"data":"/usr/local/lib/python3.12/dist-packages/torch/_ops.py:916: UserWarning: var_mean(): degrees of freedom is \u003c= 0. Correction should be strictly less than the reduction factor (input numel divided by output numel). (Triggered internally at /__w/pytorch/pytorch/aten/src/ATen/native/ReduceOps.cpp:1914.)\n"}
,{"stream_name":"stderr","time":216.181083386,"data":"  return self._op(*args, **kwargs)\n"}
,{"stream_name":"stderr","time":216.394205954,"data":"/kaggle/working/plan/scripts/verify_candidates_cuda.py:49: UserWarning: std_mean(): degrees of freedom is \u003c= 0. Correction should be strictly less than the reduction factor (input numel divided by output numel). (Triggered internally at /__w/pytorch/pytorch/aten/src/ATen/native/ReduceOps.cpp:1914.)\n"}
,{"stream_name":"stderr","time":216.394252647,"data":"  print(\"   eager    :\", show(fn(*args)))\n"}
,{"stream_name":"stderr","time":219.4667456,"data":"/usr/local/lib/python3.12/dist-packages/torch/_inductor/compile_fx.py:3597: UserWarning: Tesla T4 does not support bfloat16 compilation natively, skipping\n"}
,{"stream_name":"stderr","time":219.466795416,"data":"  warnings.warn(\n"}
,{"stream_name":"stderr","time":220.073464011,"data":"W0912 07:52:07.781000 45 torch/_inductor/utils.py:2134] [0/0] Not enough SMs to use max_autotune_gemm mode\n"}
,{"stream_name":"stdout","time":238.699592398,"data":"torch 2.15.0.dev20260911+cu130 | device cuda | Tesla T4\n"}
,{"stream_name":"stdout","time":238.699743894,"data":"\n"}
,{"stream_name":"stdout","time":238.699748119,"data":"[01 argmin broadcast equal dims dynamic=True]\n"}
,{"stream_name":"stdout","time":238.699750876,"data":"   eager    : () int64 cuda stride=() 10\n"}
,{"stream_name":"stdout","time":238.699753802,"data":"   inductor : () int64 cuda stride=() 10\n"}
,{"stream_name":"stdout","time":238.699757435,"data":"\n"}
,{"stream_name":"stdout","time":238.699760971,"data":"[03 interpolate (2,3,0)-\u003e3 (child process)]\n"}
,{"stream_name":"stdout","time":238.699781796,"data":"   eager: RuntimeError Input and output sizes should be greater than 0, but got input (W: 0) and output | inductor: (2, 3, 3) nan 18\n"}
,{"stream_name":"stdout","time":238.699786304,"data":"\n"}
,{"stream_name":"stdout","time":238.699790161,"data":"[04 vector_norm ord=inf dim=-1 on (0,5)]\n"}
,{"stream_name":"stdout","time":238.699794266,"data":"   eager    : (0,) float32 cuda stride=(1,) []\n"}
,{"stream_name":"stdout","time":238.699797553,"data":"   aot_eager: TorchRuntimeError: RuntimeError when making fake tensor call   Explanation: Dynamo failed to run FX node with fake tensors: call_function \u003cbuilt-in function li\n"}
,{"stream_name":"stdout","time":238.699801409,"data":"   inductor : TorchRuntimeError: RuntimeError when making fake tensor call   Explanation: Dynamo failed to run FX node with fake tensors: call_function \u003cbuilt-in function li\n"}
,{"stream_name":"stdout","time":238.699805425,"data":"\n"}
,{"stream_name":"stdout","time":238.699809102,"data":"[04 vector_norm ord=inf dim=1 on (0,5)]\n"}
,{"stream_name":"stdout","time":238.699812828,"data":"   eager    : (0,) float32 cuda stride=(1,) []\n"}
,{"stream_name":"stdout","time":238.699816694,"data":"   inductor : (0,) float32 cuda stride=(1,) []\n"}
,{"stream_name":"stdout","time":238.69982009,"data":"\n"}
,{"stream_name":"stdout","time":238.699823729,"data":"[05 std of 1e-30 values]\n"}
,{"stream_name":"stdout","time":238.699827725,"data":"   eager    : () float32 cuda stride=() 0.0\n"}
,{"stream_name":"stdout","time":238.699831224,"data":"   inductor : () float32 cuda stride=() 0.0\n"}
,{"stream_name":"stdout","time":238.699834991,"data":"   grad eager   : (5,) float32 cuda stride=(1,) [0.0, -0.0, -0.0, -0.0, -0.0]\n"}
,{"stream_name":"stdout","time":238.699838522,"data":"   grad inductor: (5,) float32 cuda stride=(1,) [0.0, -0.0, -0.0, -0.0, -0.0]\n"}
,{"stream_name":"stdout","time":238.699842629,"data":"\n"}
,{"stream_name":"stdout","time":238.699846387,"data":"[05 std of (4,8)*1e30]\n"}
,{"stream_name":"stdout","time":238.699850723,"data":"   eager    : () float32 cuda stride=() inf\n"}
,{"stream_name":"stdout","time":238.699854883,"data":"   inductor : () float32 cuda stride=() inf\n"}
,{"stream_name":"stdout","time":238.699858365,"data":"\n"}
,{"stream_name":"stdout","time":238.699862141,"data":"[06 var_mean empty]\n"}
,{"stream_name":"stdout","time":238.699865834,"data":"   eager    : (() float32 cuda stride=() nan, () float32 cuda stride=() nan)\n"}
,{"stream_name":"stdout","time":238.699870133,"data":"   aot_eager: (() float32 cuda stride=() nan, () float32 cuda stride=() nan)\n"}
,{"stream_name":"stdout","time":238.699885473,"data":"   inductor : (() float32 cuda stride=() nan, () float32 cuda stride=() 0.0)\n"}
,{"stream_name":"stdout","time":238.699889293,"data":"\n"}
,{"stream_name":"stdout","time":238.699892697,"data":"[06 std_mean empty]\n"}
,{"stream_name":"stdout","time":238.699896489,"data":"   eager    : (() float32 cuda stride=() nan, () float32 cuda stride=() nan)\n"}
,{"stream_name":"stdout","time":238.699900969,"data":"   inductor : (() float32 cuda stride=() nan, () float32 cuda stride=() 0.0)\n"}
,{"stream_name":"stdout","time":238.699904805,"data":"\n"}
,{"stream_name":"stdout","time":238.699908598,"data":"[07 pdist (0,4) backward (child process)]\n"}
,{"stream_name":"stdout","time":238.699912117,"data":"   forward ok (0,) | backward ok (0, 4)\n"}
,{"stream_name":"stdout","time":238.699916427,"data":"\n"}
,{"stream_name":"stdout","time":238.699919916,"data":"[08 BCE bf16 inputs fp32 weight]\n"}
,{"stream_name":"stdout","time":238.69992443,"data":"   eager    : () bfloat16 cuda stride=() 0.6015625\n"}
,{"stream_name":"stdout","time":238.699928399,"data":"   aot_eager: () bfloat16 cuda stride=() 0.6015625\n"}
,{"stream_name":"stdout","time":238.699932628,"data":"   inductor : () bfloat16 cuda stride=() 0.6015625\n"}
,{"stream_name":"stdout","time":238.69993679,"data":"\n"}
,{"stream_name":"stdout","time":238.69994372,"data":"[09 channel_shuffle channels_last]\n"}
,{"stream_name":"stdout","time":238.699947843,"data":"   eager    : (2, 6, 8, 8) float32 cuda stride=(384, 64, 8, 1) nan=0 max=3.775\n"}
,{"stream_name":"stdout","time":238.69995244,"data":"   aot_eager: (2, 6, 8, 8) float32 cuda stride=(384, 64, 8, 1) nan=0 max=3.775\n"}
,{"stream_name":"stdout","time":238.699956443,"data":"   inductor : (2, 6, 8, 8) float32 cuda stride=(384, 64, 8, 1) nan=0 max=3.775\n"}
,{"stream_name":"stdout","time":238.699960453,"data":"\n"}
,{"stream_name":"stdout","time":238.699964367,"data":"[10 addmm 0-d bias max_autotune]\n"}
,{"stream_name":"stdout","time":238.699968311,"data":"   eager    : (2, 3) float32 cuda stride=(3, 1) [[-0.2995493412017822, 1.1177786588668823, 0.7196872234344482], [-0.8034917116165161, 0.6789416074752808, 1.5345680713653564]]\n"}
,{"stream_name":"stdout","time":238.699972933,"data":"   inductor : InductorError: LoweringException: IndexError: list index out of range   target: aten.addmm.default   args[0]: TensorBox(StorageBox(     InputBuffer(name='a\n"}
,{"stream_name":"stdout","time":238.699977505,"data":"\n"}
,{"stream_name":"stdout","time":238.69998138,"data":"[02 bmm max_autotune]\n"}
,{"stream_name":"stdout","time":238.699984957,"data":"   eager    : (4, 8, 8) float32 cuda stride=(64, 8, 1) nan=0 max=9.476\n"}
,{"stream_name":"stdout","time":238.699988555,"data":"   inductor : (4, 8, 8) float32 cuda stride=(64, 8, 1) nan=0 max=9.476\n"}
,{"stream_name":"stdout","time":238.699992215,"data":"\n"}
,{"stream_name":"stdout","time":238.699995541,"data":"[G1 new_zeros(device='cpu') under cudagraphs]\n"}
,{"stream_name":"stdout","time":238.699999077,"data":"   eager    : (2, 3) float32 cpu stride=(3, 1) [[0.0, 0.0, 0.0], [0.0, 0.0, 0.0]]\n"}
,{"stream_name":"stdout","time":238.700002666,"data":"   inductor : (2, 3) float32 cuda stride=(3, 1) [[0.0, 0.0, 0.0], [0.0, 0.0, 0.0]]\n"}
,{"stream_name":"stdout","time":238.700006301,"data":"\n"}
,{"stream_name":"stdout","time":238.700009547,"data":"[G1b new_zeros(device='cpu') default config]\n"}
,{"stream_name":"stdout","time":238.700024492,"data":"   eager    : (2, 3) float32 cpu stride=(3, 1) [[0.0, 0.0, 0.0], [0.0, 0.0, 0.0]]\n"}
,{"stream_name":"stdout","time":238.700029565,"data":"   inductor : (2, 3) float32 cpu stride=(3, 1) [[0.0, 0.0, 0.0], [0.0, 0.0, 0.0]]\n"}
,{"stream_name":"stdout","time":238.700040501,"data":"\n"}
,{"stream_name":"stdout","time":238.700042796,"data":"[G2 adaptive_avg_pool2d output_size as SymInt (dynamic=True, positional param)]\n"}
,{"stream_name":"stdout","time":238.700045057,"data":"   eager    : (2, 8, 5, 5) float32 cuda stride=(200, 25, 5, 1) nan=0 max=1.449\n"}
,{"stream_name":"stdout","time":238.700047315,"data":"   inductor : (2, 8, 5, 5) float32 cuda stride=(200, 25, 5, 1) nan=0 max=1.449\n"}
,{"stream_name":"stdout","time":238.700049737,"data":"\n"}
,{"stream_name":"stdout","time":238.700051837,"data":"[G3 combinations r=1 dynamic=True]\n"}
,{"stream_name":"stdout","time":238.700054034,"data":"   eager    : (2, 1) float32 cuda stride=(1, 2) [[-0.6173673868179321], [0.8374409079551697]]\n"}
,{"stream_name":"stdout","time":238.700056364,"data":"   inductor : (2, 1) float32 cuda stride=(1, 1) [[-0.6173673868179321], [0.8374409079551697]]\n"}
,{"stream_name":"stdout","time":238.700058858,"data":"\n"}
,{"stream_name":"stdout","time":238.700060966,"data":"[G4 interpolate scale 2 bilinear dynamic=True]\n"}
,{"stream_name":"stdout","time":238.70006388,"data":"   eager    : (2, 3, 8, 8) float32 cuda stride=(192, 64, 8, 1) nan=0 max=2.453\n"}
,{"stream_name":"stdout","time":238.70006626,"data":"   inductor : (2, 3, 8, 8) float32 cuda stride=(192, 64, 8, 1) nan=0 max=2.453\n"}
,{"stream_name":"stdout","time":238.700068601,"data":"\n"}
,{"stream_name":"stdout","time":238.700070836,"data":"[G5 quantile dynamic=True]\n"}
,{"stream_name":"stdout","time":238.700087769,"data":"   eager    : (2,) float32 cuda stride=(1,) [-0.25449299812316895, 0.7323682904243469]\n"}
,{"stream_name":"stdout","time":238.700092632,"data":"   inductor : (2,) float32 cuda stride=(1,) [-0.25449299812316895, 0.7323682904243469]\n"}
,{"stream_name":"stdout","time":238.700096591,"data":"\n"}
,{"stream_name":"stdout","time":238.700099682,"data":"[G6 nonzero_static size 5 -\u003e 6]\n"}
,{"stream_name":"stdout","time":238.700103564,"data":"   call v1  : (5, 2) int64 cuda stride=(1, 5) | eager (5, 2) int64 cuda stride=(1, 5)\n"}
,{"stream_name":"stdout","time":238.700107457,"data":"   call v2  : (6, 2) int64 cuda stride=(1, 6) | eager (6, 2) int64 cuda stride=(1, 6)\n"}
,{"stream_name":"stdout","time":238.700111062,"data":"\n"}
,{"stream_name":"stdout","time":238.700114771,"data":"[G7 grid_sampler_2d interpolation_mode 0 -\u003e 1]\n"}
,{"stream_name":"stdout","time":238.700118437,"data":"   call v1  : (1, 2, 4, 4) float32 cuda stride=(32, 16, 4, 1) nan=0 max=0.9718 | eager (1, 2, 4, 4) float32 cuda stride=(32, 16, 4, 1) nan=0 max=0.9718\n"}
,{"stream_name":"stdout","time":238.700122014,"data":"   call v2  : (1, 2, 4, 4) float32 cuda stride=(32, 16, 4, 1) nan=0 max=0.9718 | eager (1, 2, 4, 4) float32 cuda stride=(32, 16, 4, 1) nan=0 max=0.9718\n"}
,{"stream_name":"stdout","time":238.700125852,"data":"\n"}
,{"stream_name":"stdout","time":238.700129142,"data":"[11 aoti return_types] NotImplementedError: No registered serialization name for \u003cclass 'torch.return_types.max'\u003e found. Please update your _register_pytree_node call with a `serialize\n"}
,{"stream_name":"stdout","time":238.700133214,"data":"[12 run_decompositions] RuntimeError: Constant lifted_tensor_0 is mutated in the forward method. Pls register it as buffer\n"}
,{"stream_name":"stdout","time":238.700136692,"data":"[12 aoti] RuntimeError: false INTERNAL ASSERT FAILED at \"/__w/pytorch/pytorch/build/aten/src/ATen/RegisterFunctionalization_2.cpp\":8064, please report a bug to PyTo\n"}
,{"stream_name":"stdout","time":238.700140222,"data":"\n"}
,{"stream_name":"stdout","time":238.700147377,"data":"VERIFY DONE\n"}
,{"stream_name":"stdout","time":240.859262344,"data":"$ /usr/bin/python3 scripts/verify_candidates_cuda.py cpu\n"}
,{"stream_name":"stderr","time":257.956269142,"data":"E0912 07:52:45.662000 186 torch/_subclasses/fake_tensor.py:3227] [0/0] failed while attempting to run meta for aten.linalg_vector_norm.default\n"}
,{"stream_name":"stderr","time":257.956309042,"data":"E0912 07:52:45.662000 186 torch/_subclasses/fake_tensor.py:3227] [0/0] Traceback (most recent call last):\n"}
,{"stream_name":"stderr","time":257.956315578,"data":"E0912 07:52:45.662000 186 torch/_subclasses/fake_tensor.py:3227] [0/0]   File \"/usr/local/lib/python3.12/dist-packages/torch/_subclasses/fake_tensor.py\", line 3223, in _dispatch_impl\n"}
,{"stream_name":"stderr","time":257.956320963,"data":"E0912 07:52:45.662000 186 torch/_subclasses/fake_tensor.py:3227] [0/0]     r = func(*args, **kwargs)\n"}
,{"stream_name":"stderr","time":257.956325703,"data":"E0912 07:52:45.662000 186 torch/_subclasses/fake_tensor.py:3227] [0/0]         ^^^^^^^^^^^^^^^^^^^^^\n"}
,{"stream_name":"stderr","time":257.956330426,"data":"E0912 07:52:45.662000 186 torch/_subclasses/fake_tensor.py:3227] [0/0]   File \"/usr/local/lib/python3.12/dist-packages/torch/_ops.py\", line 916, in __call__\n"}
,{"stream_name":"stderr","time":257.956335073,"data":"E0912 07:52:45.662000 186 torch/_subclasses/fake_tensor.py:3227] [0/0]     return self._op(*args, **kwargs)\n"}
,{"stream_name":"stderr","time":257.956339457,"data":"E0912 07:52:45.662000 186 torch/_subclasses/fake_tensor.py:3227] [0/0]            ^^^^^^^^^^^^^^^^^^^^^^^^^\n"}
,{"stream_name":"stderr","time":257.956344235,"data":"E0912 07:52:45.662000 186 torch/_subclasses/fake_tensor.py:3227] [0/0]   File \"/usr/local/lib/python3.12/dist-packages/torch/_prims_common/wrappers.py\", line 313, in _fn\n"}
,{"stream_name":"stderr","time":257.956348883,"data":"E0912 07:52:45.662000 186 torch/_subclasses/fake_tensor.py:3227] [0/0]     result = fn(*args, **kwargs)\n"}
,{"stream_name":"stderr","time":257.956353465,"data":"E0912 07:52:45.662000 186 torch/_subclasses/fake_tensor.py:3227] [0/0]              ^^^^^^^^^^^^^^^^^^^\n"}
,{"stream_name":"stderr","time":257.956358197,"data":"E0912 07:52:45.662000 186 torch/_subclasses/fake_tensor.py:3227] [0/0]   File \"/usr/local/lib/python3.12/dist-packages/torch/_refs/linalg/__init__.py\", line 146, in vector_norm\n"}
,{"stream_name":"stderr","time":257.956363159,"data":"E0912 07:52:45.662000 186 torch/_subclasses/fake_tensor.py:3227] [0/0]     _check_vector_norm_args(x, ord, dim)\n"}
,{"stream_name":"stderr","time":257.956367853,"data":"E0912 07:52:45.662000 186 torch/_subclasses/fake_tensor.py:3227] [0/0]   File \"/usr/local/lib/python3.12/dist-packages/torch/_refs/linalg/__init__.py\", line 121, in _check_vector_norm_args\n"}
,{"stream_name":"stderr","time":257.95637295,"data":"E0912 07:52:45.662000 186 torch/_subclasses/fake_tensor.py:3227] [0/0]     torch._check(\n"}
,{"stream_name":"stderr","time":257.956378924,"data":"E0912 07:52:45.662000 186 torch/_subclasses/fake_tensor.py:3227] [0/0]   File \"/usr/local/lib/python3.12/dist-packages/torch/__init__.py\", line 2161, in _check\n"}
,{"stream_name":"stderr","time":257.956383698,"data":"E0912 07:52:45.662000 186 torch/_subclasses/fake_tensor.py:3227] [0/0]     _check_with(RuntimeError, cond, message)\n"}
,{"stream_name":"stderr","time":257.95638834,"data":"E0912 07:52:45.662000 186 torch/_subclasses/fake_tensor.py:3227] [0/0]   File \"/usr/local/lib/python3.12/dist-packages/torch/__init__.py\", line 2139, in _check_with\n"}
,{"stream_name":"stderr","time":257.95639327,"data":"E0912 07:52:45.662000 186 torch/_subclasses/fake_tensor.py:3227] [0/0]     raise error_type(message_evaluated)\n"}
,{"stream_name":"stderr","time":257.956397885,"data":"E0912 07:52:45.662000 186 torch/_subclasses/fake_tensor.py:3227] [0/0] RuntimeError: linalg.vector_norm cannot compute the inf norm on the dimension -1 because this dimension is empty and the operation does not have an identity\n"}
,{"stream_name":"stderr","time":257.973008608,"data":"E0912 07:52:45.680000 186 torch/_subclasses/fake_tensor.py:3227] [0/0] failed while attempting to run meta for aten.linalg_vector_norm.default\n"}
,{"stream_name":"stderr","time":257.973035744,"data":"E0912 07:52:45.680000 186 torch/_subclasses/fake_tensor.py:3227] [0/0] Traceback (most recent call last):\n"}
,{"stream_name":"stderr","time":257.973040854,"data":"E0912 07:52:45.680000 186 torch/_subclasses/fake_tensor.py:3227] [0/0]   File \"/usr/local/lib/python3.12/dist-packages/torch/_subclasses/fake_tensor.py\", line 3223, in _dispatch_impl\n"}
,{"stream_name":"stderr","time":257.973045021,"data":"E0912 07:52:45.680000 186 torch/_subclasses/fake_tensor.py:3227] [0/0]     r = func(*args, **kwargs)\n"}
,{"stream_name":"stderr","time":257.973048642,"data":"E0912 07:52:45.680000 186 torch/_subclasses/fake_tensor.py:3227] [0/0]         ^^^^^^^^^^^^^^^^^^^^^\n"}
,{"stream_name":"stderr","time":257.973052252,"data":"E0912 07:52:45.680000 186 torch/_subclasses/fake_tensor.py:3227] [0/0]   File \"/usr/local/lib/python3.12/dist-packages/torch/_ops.py\", line 916, in __call__\n"}
,{"stream_name":"stderr","time":257.973056042,"data":"E0912 07:52:45.680000 186 torch/_subclasses/fake_tensor.py:3227] [0/0]     return self._op(*args, **kwargs)\n"}
,{"stream_name":"stderr","time":257.973059677,"data":"E0912 07:52:45.680000 186 torch/_subclasses/fake_tensor.py:3227] [0/0]            ^^^^^^^^^^^^^^^^^^^^^^^^^\n"}
,{"stream_name":"stderr","time":257.973063116,"data":"E0912 07:52:45.680000 186 torch/_subclasses/fake_tensor.py:3227] [0/0]   File \"/usr/local/lib/python3.12/dist-packages/torch/_prims_common/wrappers.py\", line 313, in _fn\n"}
,{"stream_name":"stderr","time":257.973067197,"data":"E0912 07:52:45.680000 186 torch/_subclasses/fake_tensor.py:3227] [0/0]     result = fn(*args, **kwargs)\n"}
,{"stream_name":"stderr","time":257.973070549,"data":"E0912 07:52:45.680000 186 torch/_subclasses/fake_tensor.py:3227] [0/0]              ^^^^^^^^^^^^^^^^^^^\n"}
,{"stream_name":"stderr","time":257.973074055,"data":"E0912 07:52:45.680000 186 torch/_subclasses/fake_tensor.py:3227] [0/0]   File \"/usr/local/lib/python3.12/dist-packages/torch/_refs/linalg/__init__.py\", line 146, in vector_norm\n"}
,{"stream_name":"stderr","time":257.973077574,"data":"E0912 07:52:45.680000 186 torch/_subclasses/fake_tensor.py:3227] [0/0]     _check_vector_norm_args(x, ord, dim)\n"}
,{"stream_name":"stderr","time":257.973081228,"data":"E0912 07:52:45.680000 186 torch/_subclasses/fake_tensor.py:3227] [0/0]   File \"/usr/local/lib/python3.12/dist-packages/torch/_refs/linalg/__init__.py\", line 121, in _check_vector_norm_args\n"}
,{"stream_name":"stderr","time":257.973085258,"data":"E0912 07:52:45.680000 186 torch/_subclasses/fake_tensor.py:3227] [0/0]     torch._check(\n"}
,{"stream_name":"stderr","time":257.973089976,"data":"E0912 07:52:45.680000 186 torch/_subclasses/fake_tensor.py:3227] [0/0]   File \"/usr/local/lib/python3.12/dist-packages/torch/__init__.py\", line 2161, in _check\n"}
,{"stream_name":"stderr","time":257.97309375,"data":"E0912 07:52:45.680000 186 torch/_subclasses/fake_tensor.py:3227] [0/0]     _check_with(RuntimeError, cond, message)\n"}
,{"stream_name":"stderr","time":257.973097335,"data":"E0912 07:52:45.680000 186 torch/_subclasses/fake_tensor.py:3227] [0/0]   File \"/usr/local/lib/python3.12/dist-packages/torch/__init__.py\", line 2139, in _check_with\n"}
,{"stream_name":"stderr","time":257.973101024,"data":"E0912 07:52:45.680000 186 torch/_subclasses/fake_tensor.py:3227] [0/0]     raise error_type(message_evaluated)\n"}
,{"stream_name":"stderr","time":257.973115453,"data":"E0912 07:52:45.680000 186 torch/_subclasses/fake_tensor.py:3227] [0/0] RuntimeError: linalg.vector_norm cannot compute the inf norm on the dimension -1 because this dimension is empty and the operation does not have an identity\n"}
,{"stream_name":"stderr","time":261.27419694,"data":"/kaggle/working/plan/scripts/verify_candidates_cuda.py:49: UserWarning: var_mean(): degrees of freedom is \u003c= 0. Correction should be strictly less than the reduction factor (input numel divided by output numel). (Triggered internally at /__w/pytorch/pytorch/aten/src/ATen/native/ReduceOps.cpp:1914.)\n"}
,{"stream_name":"stderr","time":261.274240172,"data":"  print(\"   eager    :\", show(fn(*args)))\n"}
,{"stream_name":"stderr","time":261.346129966,"data":"/usr/local/lib/python3.12/dist-packages/torch/_ops.py:916: UserWarning: var_mean(): degrees of freedom is \u003c= 0. Correction should be strictly less than the reduction factor (input numel divided by output numel). (Triggered internally at /__w/pytorch/pytorch/aten/src/ATen/native/ReduceOps.cpp:1914.)\n"}
,{"stream_name":"stderr","time":261.346162558,"data":"  return self._op(*args, **kwargs)\n"}
,{"stream_name":"stderr","time":262.115698536,"data":"/kaggle/working/plan/scripts/verify_candidates_cuda.py:49: UserWarning: std_mean(): degrees of freedom is \u003c= 0. Correction should be strictly less than the reduction factor (input numel divided by output numel). (Triggered internally at /__w/pytorch/pytorch/aten/src/ATen/native/ReduceOps.cpp:1914.)\n"}
,{"stream_name":"stderr","time":262.11573183,"data":"  print(\"   eager    :\", show(fn(*args)))\n"}
,{"stream_name":"stderr","time":271.013046457,"data":"Autotune Choices Stats:\n"}
,{"stream_name":"stderr","time":271.013076795,"data":"{\"num_choices\": 2, \"num_triton_choices\": 0, \"best_kernel\": \"cpp_CppMicroGemmFP32Vec_0\", \"best_time\": 0.004329000034886121}\n"}
,{"stream_name":"stderr","time":271.013817724,"data":"AUTOTUNE bmm(4x8x8, 4x8x8)\n"}
,{"stream_name":"stderr","time":271.013836156,"data":"strides: [64, 8, 1], [64, 8, 1]\n"}
,{"stream_name":"stderr","time":271.013840025,"data":"dtypes: torch.float32, torch.float32\n"}
,{"stream_name":"stderr","time":271.013843347,"data":"  cpp_CppMicroGemmFP32Vec_0 0.0043 ms 100.0% \n"}
,{"stream_name":"stderr","time":271.013846936,"data":"  bmm 0.0164 ms 26.4% \n"}
,{"stream_name":"stderr","time":271.013852504,"data":"SingleProcess AUTOTUNE benchmarking takes 0.2493 seconds and 3.3572 seconds precompiling for 2 choices\n"}
,{"stream_name":"stdout","time":284.972803388,"data":"torch 2.15.0.dev20260911+cu130 | device cpu | \n"}
,{"stream_name":"stdout","time":284.972853118,"data":"\n"}
,{"stream_name":"stdout","time":284.972858814,"data":"[01 argmin broadcast equal dims dynamic=True]\n"}
,{"stream_name":"stdout","time":284.972863196,"data":"   eager    : () int64 cpu stride=() 7\n"}
,{"stream_name":"stdout","time":284.972867729,"data":"   inductor : InductorError: CppCompileError: C++ compile error  Command: g++ /tmp/torchinductor_root/bs/cbsl4dm3kbcd53rjy2wmqib2w6ifznseexqutknuude3cotonsdv.main.cpp -D || /tmp/torchinductor_root/bs/cbsl4dm3kbcd53rjy2wmqib2w6ifznseexqutknuude3cotonsdv.main.cpp:28:106: error: invalid type argument of unary ‘*’ (have ‘int’) | /tmp/torchinductor_root/bs/cbsl4dm3kbcd53rjy2wmqib2w6ifznseexqutknuude3cotonsdv.main.cpp:38:106: error: invalid type argument of unary ‘*’ (have ‘int’)\n"}
,{"stream_name":"stdout","time":284.972875581,"data":"\n"}
,{"stream_name":"stdout","time":284.972878615,"data":"[03 interpolate (2,3,0)-\u003e3 (child process)]\n"}
,{"stream_name":"stdout","time":284.972882801,"data":"   eager: RuntimeError Input and output sizes should be greater than 0, but got input (W: 0) and output | inductor: (2, 3, 3) nan 18\n"}
,{"stream_name":"stdout","time":284.97291804,"data":"\n"}
,{"stream_name":"stdout","time":284.972921586,"data":"[04 vector_norm ord=inf dim=-1 on (0,5)]\n"}
,{"stream_name":"stdout","time":284.972925204,"data":"   eager    : (0,) float32 cpu stride=(1,) []\n"}
,{"stream_name":"stdout","time":284.9729288,"data":"   aot_eager: TorchRuntimeError: RuntimeError when making fake tensor call   Explanation: Dynamo failed to run FX node with fake tensors: call_function \u003cbuilt-in function li\n"}
,{"stream_name":"stdout","time":284.972932772,"data":"   inductor : TorchRuntimeError: RuntimeError when making fake tensor call   Explanation: Dynamo failed to run FX node with fake tensors: call_function \u003cbuilt-in function li\n"}
,{"stream_name":"stdout","time":284.972936401,"data":"\n"}
,{"stream_name":"stdout","time":284.972939539,"data":"[04 vector_norm ord=inf dim=1 on (0,5)]\n"}
,{"stream_name":"stdout","time":284.972942908,"data":"   eager    : (0,) float32 cpu stride=(1,) []\n"}
,{"stream_name":"stdout","time":284.97294636,"data":"   inductor : (0,) float32 cpu stride=(1,) []\n"}
,{"stream_name":"stdout","time":284.972949975,"data":"\n"}
,{"stream_name":"stdout","time":284.97295365,"data":"[05 std of 1e-30 values]\n"}
,{"stream_name":"stdout","time":284.972957802,"data":"   eager    : () float32 cpu stride=() 1.1581279734414313e-30\n"}
,{"stream_name":"stdout","time":284.972961266,"data":"   inductor : () float32 cpu stride=() 0.0\n"}
,{"stream_name":"stdout","time":284.972964744,"data":"   grad eager   : (5,) float32 cpu stride=(1,) [0.1387888789176941, 0.21450941264629364, -0.3816143572330475, 0.1532496064901352, -0.12493353337049484]\n"}
,{"stream_name":"stdout","time":284.972968723,"data":"   grad inductor: (5,) float32 cpu stride=(1,) [0.0, 0.0, -0.0, 0.0, -0.0]\n"}
,{"stream_name":"stdout","time":284.972972824,"data":"\n"}
,{"stream_name":"stdout","time":284.97297695,"data":"[05 std of (4,8)*1e30]\n"}
,{"stream_name":"stdout","time":284.972980498,"data":"   eager    : () float32 cpu stride=() 9.148753168480315e+29\n"}
,{"stream_name":"stdout","time":284.972984155,"data":"   inductor : () float32 cpu stride=() inf\n"}
,{"stream_name":"stdout","time":284.972987652,"data":"\n"}
,{"stream_name":"stdout","time":284.972991022,"data":"[06 var_mean empty]\n"}
,{"stream_name":"stdout","time":284.972994514,"data":"   eager    : (() float32 cpu stride=() nan, () float32 cpu stride=() nan)\n"}
,{"stream_name":"stdout","time":284.972998257,"data":"   aot_eager: (() float32 cpu stride=() nan, () float32 cpu stride=() nan)\n"}
,{"stream_name":"stdout","time":284.973006758,"data":"   inductor : (() float32 cpu stride=() nan, () float32 cpu stride=() 0.0)\n"}
,{"stream_name":"stdout","time":284.973014632,"data":"\n"}
,{"stream_name":"stdout","time":284.973017082,"data":"[06 std_mean empty]\n"}
,{"stream_name":"stdout","time":284.973019372,"data":"   eager    : (() float32 cpu stride=() nan, () float32 cpu stride=() nan)\n"}
,{"stream_name":"stdout","time":284.973038746,"data":"   inductor : (() float32 cpu stride=() nan, () float32 cpu stride=() 0.0)\n"}
,{"stream_name":"stdout","time":284.973042906,"data":"\n"}
,{"stream_name":"stdout","time":284.973046445,"data":"[07 pdist (0,4) backward (child process)]\n"}
,{"stream_name":"stdout","time":284.973049668,"data":"   forward ok (0,)   \u003c-- child exit -11: \n"}
,{"stream_name":"stdout","time":284.973053178,"data":"\n"}
,{"stream_name":"stdout","time":284.973056301,"data":"[08 BCE bf16 inputs fp32 weight]\n"}
,{"stream_name":"stdout","time":284.973059903,"data":"   eager    : () bfloat16 cpu stride=() 0.50390625\n"}
,{"stream_name":"stdout","time":284.973063111,"data":"   aot_eager: () bfloat16 cpu stride=() 0.50390625\n"}
,{"stream_name":"stdout","time":284.97307319,"data":"   inductor : () float32 cpu stride=() 0.5013980865478516\n"}
,{"stream_name":"stdout","time":284.973076708,"data":"\n"}
,{"stream_name":"stdout","time":284.973079872,"data":"[09 channel_shuffle channels_last]\n"}
,{"stream_name":"stdout","time":284.973083038,"data":"   eager    : (2, 6, 8, 8) float32 cpu stride=(384, 1, 48, 6) nan=0 max=4.101\n"}
,{"stream_name":"stdout","time":284.973086472,"data":"   aot_eager: (2, 6, 8, 8) float32 cpu stride=(384, 1, 48, 6) nan=0 max=4.101\n"}
,{"stream_name":"stdout","time":284.97309003,"data":"   inductor : (2, 6, 8, 8) float32 cpu stride=(384, 64, 8, 1) nan=0 max=4.101\n"}
,{"stream_name":"stdout","time":284.973093434,"data":"\n"}
,{"stream_name":"stdout","time":284.973097002,"data":"[10 addmm 0-d bias max_autotune]\n"}
,{"stream_name":"stdout","time":284.973100306,"data":"   eager    : (2, 3) float32 cpu stride=(3, 1) [[1.2859805822372437, 0.4093663990497589, -1.166354775428772], [2.3327994346618652, 0.45918554067611694, -3.4034740924835205]]\n"}
,{"stream_name":"stdout","time":284.973104129,"data":"   inductor : InductorError: LoweringException: IndexError: list index out of range   target: aten.addmm.default   args[0]: TensorBox(StorageBox(     InputBuffer(name='a\n"}
,{"stream_name":"stdout","time":284.973107883,"data":"\n"}
,{"stream_name":"stdout","time":284.973110841,"data":"[02 bmm max_autotune]\n"}
,{"stream_name":"stdout","time":284.973114246,"data":"   eager    : (4, 8, 8) float32 cpu stride=(64, 8, 1) nan=0 max=10.68\n"}
,{"stream_name":"stdout","time":284.973117755,"data":"   inductor : (4, 8, 8) float32 cpu stride=(64, 8, 1) nan=0 max=10.68\n"}
,{"stream_name":"stdout","time":284.973121335,"data":"\n"}
,{"stream_name":"stdout","time":284.973124504,"data":"[G2 adaptive_avg_pool2d output_size as SymInt (dynamic=True, positional param)]\n"}
,{"stream_name":"stdout","time":284.973127987,"data":"   eager    : (2, 8, 5, 5) float32 cpu stride=(200, 25, 5, 1) nan=0 max=1.348\n"}
,{"stream_name":"stdout","time":284.973131532,"data":"   inductor : (2, 8, 5, 5) float32 cpu stride=(200, 25, 5, 1) nan=0 max=1.348\n"}
,{"stream_name":"stdout","time":284.973135021,"data":"\n"}
,{"stream_name":"stdout","time":284.973138227,"data":"[G3 combinations r=1 dynamic=True]\n"}
,{"stream_name":"stdout","time":284.973141689,"data":"   eager    : (2, 1) float32 cpu stride=(1, 1) [[0.4550809860229492], [-0.4511180818080902]]\n"}
,{"stream_name":"stdout","time":284.973145455,"data":"   inductor : (2, 1) float32 cpu stride=(1, 1) [[0.4550809860229492], [-0.4511180818080902]]\n"}
,{"stream_name":"stdout","time":284.973149007,"data":"\n"}
,{"stream_name":"stdout","time":284.973152235,"data":"[G4 interpolate scale 2 bilinear dynamic=True]\n"}
,{"stream_name":"stdout","time":284.973155952,"data":"   eager    : (2, 3, 8, 8) float32 cpu stride=(192, 64, 8, 1) nan=0 max=2.453\n"}
,{"stream_name":"stdout","time":284.973159238,"data":"   inductor : (2, 3, 8, 8) float32 cpu stride=(192, 64, 8, 1) nan=0 max=2.453\n"}
,{"stream_name":"stdout","time":284.973162721,"data":"\n"}
,{"stream_name":"stdout","time":284.973166135,"data":"[G5 quantile dynamic=True]\n"}
,{"stream_name":"stdout","time":284.97317081,"data":"   eager    : (2,) float32 cpu stride=(1,) [-0.42214810848236084, 0.2696978747844696]\n"}
,{"stream_name":"stdout","time":284.973174737,"data":"   inductor : (2,) float32 cpu stride=(1,) [-0.42214810848236084, 0.269697904586792]\n"}
,{"stream_name":"stdout","time":284.973178447,"data":"\n"}
,{"stream_name":"stdout","time":284.973181855,"data":"[G6 nonzero_static size 5 -\u003e 6]\n"}
,{"stream_name":"stdout","time":284.973185519,"data":"   call v1  : (5, 2) int64 cpu stride=(2, 1) | eager (5, 2) int64 cpu stride=(2, 1)\n"}
,{"stream_name":"stdout","time":284.973193426,"data":"   call v2  : (6, 2) int64 cpu stride=(2, 1) | eager (6, 2) int64 cpu stride=(2, 1)\n"}
,{"stream_name":"stdout","time":284.973197295,"data":"\n"}
,{"stream_name":"stdout","time":284.973200553,"data":"[G7 grid_sampler_2d interpolation_mode 0 -\u003e 1]\n"}
,{"stream_name":"stdout","time":284.973204015,"data":"   call v1  : (1, 2, 4, 4) float32 cpu stride=(32, 16, 4, 1) nan=0 max=0.915 | eager (1, 2, 4, 4) float32 cpu stride=(32, 16, 4, 1) nan=0 max=0.915\n"}
,{"stream_name":"stdout","time":284.973207917,"data":"   call v2  : (1, 2, 4, 4) float32 cpu stride=(32, 16, 4, 1) nan=0 max=0.915 | eager (1, 2, 4, 4) float32 cpu stride=(32, 16, 4, 1) nan=0 max=0.915\n"}
,{"stream_name":"stdout","time":284.973211784,"data":"\n"}
,{"stream_name":"stdout","time":284.973215184,"data":"[11 aoti return_types] NotImplementedError: No registered serialization name for \u003cclass 'torch.return_types.max'\u003e found. Please update your _register_pytree_node call with a `serialize\n"}
,{"stream_name":"stdout","time":284.97321943,"data":"[12 run_decompositions] RuntimeError: Constant lifted_tensor_0 is mutated in the forward method. Pls register it as buffer\n"}
,{"stream_name":"stdout","time":284.973223358,"data":"[12 aoti] RuntimeError: false INTERNAL ASSERT FAILED at \"/__w/pytorch/pytorch/build/aten/src/ATen/RegisterFunctionalization_2.cpp\":8064, please report a bug to PyTo\n"}
,{"stream_name":"stdout","time":284.973227547,"data":"\n"}
,{"stream_name":"stdout","time":284.973231113,"data":"VERIFY DONE\n"}
,{"stream_name":"stdout","time":286.237315675,"data":"JOB DONE\n"}
,{"stream_name":"stderr","time":288.589589754,"data":"/usr/local/lib/python3.12/dist-packages/mistune.py:435: SyntaxWarning: invalid escape sequence '\\|'\n"}
,{"stream_name":"stderr","time":288.589623227,"data":"  cells[i][c] = re.sub('\\\\\\\\\\|', '|', cell)\n"}
,{"stream_name":"stderr","time":288.942916991,"data":"/usr/local/lib/python3.12/dist-packages/nbconvert/filters/filter_links.py:36: SyntaxWarning: invalid escape sequence '\\_'\n"}
,{"stream_name":"stderr","time":288.942950533,"data":"  text = re.sub(r'_', '\\_', text) # Escape underscores in display text\n"}
,{"stream_name":"stderr","time":289.631251404,"data":"[NbConvertApp] Converting notebook __script__.ipynb to html\n"}
,{"stream_name":"stderr","time":291.094778136,"data":"[NbConvertApp] Writing 279251 bytes to __results__.html\n"}
]