[{"stream_name":"stdout","time":4.171143261,"data":"$ pip -q install --pre --upgrade torch --index-url https://download.pytorch.org/whl/nightly/cpu\n"}
,{"stream_name":"stdout","time":13.434748601,"data":"   ━━━━━━━━━━━━━━━━━━━━━━━━━━━━━━━━━━━━━━━━ 198.1/198.1 MB 8.6 MB/s eta 0:00:00\n"}
,{"stream_name":"stderr","time":60.577588653,"data":"ERROR: pip's dependency resolver does not currently take into account all the packages that are installed. This behaviour is the source of the following dependency conflicts.\n"}
,{"stream_name":"stderr","time":60.577656863,"data":"torchaudio 2.10.0+cpu requires torch==2.10.0, but you have torch 2.15.0.dev20260911+cpu which is incompatible.\n"}
,{"stream_name":"stderr","time":60.577664332,"data":"torchvision 0.25.0+cpu requires torch==2.10.0, but you have torch 2.15.0.dev20260911+cpu which is incompatible.\n"}
,{"stream_name":"stdout","time":60.880105997,"data":"$ pip -q install expecttest hypothesis\n"}
,{"stream_name":"stdout","time":63.579714195,"data":"   ━━━━━━━━━━━━━━━━━━━━━━━━━━━━━━━━━━━━━━━━ 1.2/1.2 MB 14.3 MB/s eta 0:00:00\n"}
,{"stream_name":"stdout","time":66.380704155,"data":"$ /usr/bin/python3 -c import torch; print('TORCH', torch.__version__, torch.version.git_version)\n"}
,{"stream_name":"stdout","time":69.140706428,"data":"TORCH 2.15.0.dev20260911+cpu fb8ff0f16a05cb6ba9604a5e69ad36199277d9e0\n"}
,{"stream_name":"stdout","time":69.724567837,"data":"$ /usr/bin/python3 scripts/diag_nightly_grad_leads.py\n"}
,{"stream_name":"stderr","time":112.753358839,"data":"W0912 08:29:08.068000 25 torch/_dynamo/convert_frame.py:2055] [1/8] torch._dynamo hit config.recompile_limit (8)\n"}
,{"stream_name":"stderr","time":112.753413129,"data":"W0912 08:29:08.068000 25 torch/_dynamo/convert_frame.py:2055] [1/8]    function: 'inner' (/usr/local/lib/python3.12/dist-packages/torch/_dynamo/external_utils.py:67)\n"}
,{"stream_name":"stderr","time":112.753419869,"data":"W0912 08:29:08.068000 25 torch/_dynamo/convert_frame.py:2055] [1/8]    last reason: 1/7: not kwargs                                             \n"}
,{"stream_name":"stderr","time":112.753425369,"data":"W0912 08:29:08.068000 25 torch/_dynamo/convert_frame.py:2055] [1/8] User stack trace:\n"}
,{"stream_name":"stderr","time":112.753430389,"data":"W0912 08:29:08.068000 25 torch/_dynamo/convert_frame.py:2055] [1/8]   File \"/usr/local/lib/python3.12/dist-packages/torch/_dynamo/external_utils.py\", line 69, in inner\n"}
,{"stream_name":"stderr","time":112.753435609,"data":"W0912 08:29:08.068000 25 torch/_dynamo/convert_frame.py:2055] [1/8]     return fn(*args, **kwargs)\n"}
,{"stream_name":"stderr","time":112.753440009,"data":"W0912 08:29:08.068000 25 torch/_dynamo/convert_frame.py:2055] [1/8] To log all recompilation reasons, use TORCH_LOGS=\"recompiles\".\n"}
,{"stream_name":"stderr","time":112.753444819,"data":"W0912 08:29:08.068000 25 torch/_dynamo/convert_frame.py:2055] [1/8] To diagnose recompilation issues, see https://docs.pytorch.org/docs/main/user_guide/torch_compiler/compile/programming_model.recompilation.html\n"}
,{"stream_name":"stdout","time":112.835429292,"data":"torch 2.15.0.dev20260911+cpu\n"}
,{"stream_name":"stdout","time":112.835470132,"data":"[nll_loss contiguous] eager    : loss=0.1375 grad_stride=(12, 4, 2, 1) ok\n"}
,{"stream_name":"stdout","time":112.835477372,"data":"[nll_loss contiguous] inductor : loss=-0.3371 grad_stride=(12, 4, 2, 1) ok\n"}
,{"stream_name":"stdout","time":112.835482642,"data":"[nll_loss contiguous] aot_eager: loss=-0.1018 grad_stride=(12, 4, 2, 1) ok\n"}
,{"stream_name":"stdout","time":112.835487912,"data":"[nll_loss channels_last] eager    : RuntimeError: grad_input must be contiguous\n"}
,{"stream_name":"stdout","time":112.835510502,"data":"[nll_loss channels_last] inductor : loss=-0.2633 grad_stride=(12, 1, 6, 3) ok\n"}
,{"stream_name":"stdout","time":112.835515222,"data":"[nll_loss channels_last] aot_eager: RuntimeError: grad_input must be contiguous\n"}
,{"stream_name":"stdout","time":112.835518842,"data":"[quantile] shape=(7,) args=[0.5] kw={}: eager_err=1.00e+00 compiled_err=1.00e+00\n"}
,{"stream_name":"stdout","time":112.835522432,"data":"[quantile] shape=(7,) args=[0.5] kw={'dim': 0, 'keepdim': False, 'interpolation': 'linear'}: eager_err=1.00e+00 compiled_err=1.00e+00\n"}
,{"stream_name":"stdout","time":112.835526362,"data":"[quantile] shape=(7,) args=[0.5] kw={'dim': 0, 'keepdim': False, 'interpolation': 'midpoint'}: eager_err=1.00e+00 compiled_err=1.00e+00\n"}
,{"stream_name":"stdout","time":112.835529792,"data":"[quantile] shape=(7,) args=[0.5] kw={'dim': 0, 'keepdim': True, 'interpolation': 'linear'}: eager_err=1.00e+00 compiled_err=1.00e+00\n"}
,{"stream_name":"stdout","time":112.835533312,"data":"[quantile] shape=(7,) args=[0.5] kw={'dim': 0, 'keepdim': True, 'interpolation': 'midpoint'}: eager_err=1.00e+00 compiled_err=1.00e+00\n"}
,{"stream_name":"stdout","time":112.835537242,"data":"[quantile] shape=(7,) args=[0.5] kw={'dim': -1, 'keepdim': False, 'interpolation': 'linear'}: eager_err=1.00e+00 compiled_err=1.00e+00\n"}
,{"stream_name":"stdout","time":112.835541042,"data":"[quantile] shape=(7,) args=[0.5] kw={'dim': -1, 'keepdim': False, 'interpolation': 'midpoint'}: eager_err=1.00e+00 compiled_err=1.00e+00\n"}
,{"stream_name":"stdout","time":112.835544302,"data":"[quantile] shape=(7, 5) args=[0.5] kw={}: eager_err=1.00e+00 compiled_err=1.00e+00\n"}
,{"stream_name":"stdout","time":112.835547342,"data":"[quantile] shape=(7, 5) args=[0.5] kw={'dim': 0, 'keepdim': False, 'interpolation': 'linear'}: eager_err=1.00e+00 compiled_err=1.00e+00\n"}
,{"stream_name":"stdout","time":112.835550652,"data":"[quantile] shape=(7, 5) args=[0.5] kw={'dim': 0, 'keepdim': False, 'interpolation': 'midpoint'}: eager_err=1.00e+00 compiled_err=1.00e+00\n"}
,{"stream_name":"stdout","time":112.835554522,"data":"[quantile] shape=(7, 5) args=[0.5] kw={'dim': 0, 'keepdim': True, 'interpolation': 'linear'}: eager_err=1.00e+00 compiled_err=1.00e+00\n"}
,{"stream_name":"stdout","time":112.835558092,"data":"[quantile] shape=(7, 5) args=[0.5] kw={'dim': 0, 'keepdim': True, 'interpolation': 'midpoint'}: eager_err=1.00e+00 compiled_err=1.00e+00\n"}
,{"stream_name":"stdout","time":112.835564352,"data":"[quantile] shape=(7, 5) args=[0.5] kw={'dim': -1, 'keepdim': False, 'interpolation': 'linear'}: eager_err=1.00e+00 compiled_err=1.00e+00\n"}
,{"stream_name":"stdout","time":112.835567922,"data":"[quantile] shape=(7, 5) args=[0.5] kw={'dim': -1, 'keepdim': False, 'interpolation': 'midpoint'}: eager_err=1.00e+00 compiled_err=1.00e+00\n"}
,{"stream_name":"stdout","time":112.835571352,"data":"[quantile] shape=(7, 2, 1, 2) args=[0.5] kw={}: eager_err=5.00e-01 compiled_err=5.00e-01\n"}
,{"stream_name":"stdout","time":112.835574772,"data":"[quantile] shape=(7, 2, 1, 2) args=[0.5] kw={'dim': 0, 'keepdim': False, 'interpolation': 'linear'}: eager_err=1.00e+00 compiled_err=1.00e+00\n"}
,{"stream_name":"stdout","time":112.835578412,"data":"[quantile] shape=(7, 2, 1, 2) args=[0.5] kw={'dim': 0, 'keepdim': False, 'interpolation': 'midpoint'}: eager_err=1.00e+00 compiled_err=1.00e+00\n"}
,{"stream_name":"stdout","time":112.835581772,"data":"[quantile] shape=(7, 2, 1, 2) args=[0.5] kw={'dim': 0, 'keepdim': True, 'interpolation': 'linear'}: eager_err=1.00e+00 compiled_err=1.00e+00\n"}
,{"stream_name":"stdout","time":112.835584802,"data":"[quantile] shape=(7, 2, 1, 2) args=[0.5] kw={'dim': 0, 'keepdim': True, 'interpolation': 'midpoint'}: eager_err=1.00e+00 compiled_err=1.00e+00\n"}
,{"stream_name":"stdout","time":112.835594522,"data":"[quantile] shape=(7, 2, 1, 2) args=[0.5] kw={'dim': -1, 'keepdim': False, 'interpolation': 'linear'}: eager_err=0.00e+00 compiled_err=0.00e+00\n"}
,{"stream_name":"stdout","time":112.835598182,"data":"[quantile] shape=(7, 2, 1, 2) args=[0.5] kw={'dim': -1, 'keepdim': False, 'interpolation': 'midpoint'}: eager_err=0.00e+00 compiled_err=0.00e+00\n"}
,{"stream_name":"stdout","time":112.835601672,"data":"[quantile] shape=(7, 2, 1, 2) args=[0.5] kw={'dim': 2, 'keepdim': True, 'interpolation': 'linear'}: eager_err=0.00e+00 compiled_err=0.00e+00\n"}
,{"stream_name":"stdout","time":112.835605142,"data":"[quantile] shape=(7, 2, 1, 2) args=[0.5] kw={'dim': 2, 'keepdim': True, 'interpolation': 'midpoint'}: eager_err=0.00e+00 compiled_err=0.00e+00\n"}
,{"stream_name":"stdout","time":112.835608272,"data":"[quantile] shape=(7,) args=[torch.Size([2])] kw={}: eager_err=4.11e-01 compiled_err=8.26e-01\n"}
,{"stream_name":"stdout","time":112.835611332,"data":"[quantile] shape=(7,) args=[torch.Size([2])] kw={'dim': 0, 'keepdim': False, 'interpolation': 'linear'}: eager_err=8.26e-01 compiled_err=8.26e-01\n"}
,{"stream_name":"stdout","time":112.835614602,"data":"[quantile] shape=(7,) args=[torch.Size([2])] kw={'dim': 0, 'keepdim': False, 'interpolation': 'midpoint'}: eager_err=5.00e-01 compiled_err=5.00e-01\n"}
,{"stream_name":"stdout","time":112.835618212,"data":"[quantile] shape=(7,) args=[torch.Size([2])] kw={'dim': 0, 'keepdim': True, 'interpolation': 'linear'}: eager_err=8.26e-01 compiled_err=8.26e-01\n"}
,{"stream_name":"stdout","time":112.835622572,"data":"[quantile] shape=(7,) args=[torch.Size([2])] kw={'dim': 0, 'keepdim': True, 'interpolation': 'midpoint'}: eager_err=5.00e-01 compiled_err=5.00e-01\n"}
,{"stream_name":"stdout","time":112.835626162,"data":"[quantile] shape=(7,) args=[torch.Size([2])] kw={'dim': -1, 'keepdim': False, 'interpolation': 'linear'}: eager_err=8.26e-01 compiled_err=8.26e-01\n"}
,{"stream_name":"stdout","time":112.835629382,"data":"[quantile] shape=(7,) args=[torch.Size([2])] kw={'dim': -1, 'keepdim': False, 'interpolation': 'midpoint'}: eager_err=5.00e-01 compiled_err=5.00e-01\n"}
,{"stream_name":"stdout","time":112.835633352,"data":"[quantile] shape=(7, 5) args=[torch.Size([2])] kw={}: eager_err=9.85e-01 compiled_err=9.85e-01\n"}
,{"stream_name":"stdout","time":112.835637212,"data":"[quantile] shape=(7, 5) args=[torch.Size([2])] kw={'dim': 0, 'keepdim': False, 'interpolation': 'linear'}: eager_err=8.26e-01 compiled_err=8.26e-01\n"}
,{"stream_name":"stdout","time":112.835640472,"data":"[quantile] shape=(7, 5) args=[torch.Size([2])] kw={'dim': 0, 'keepdim': False, 'interpolation': 'midpoint'}: eager_err=5.00e-01 compiled_err=5.00e-01\n"}
,{"stream_name":"stdout","time":112.835643802,"data":"[quantile] shape=(7, 5) args=[torch.Size([2])] kw={'dim': 0, 'keepdim': True, 'interpolation': 'linear'}: eager_err=8.26e-01 compiled_err=8.26e-01\n"}
,{"stream_name":"stdout","time":112.835646962,"data":"[quantile] shape=(7, 5) args=[torch.Size([2])] kw={'dim': 0, 'keepdim': True, 'interpolation': 'midpoint'}: eager_err=5.00e-01 compiled_err=5.00e-01\n"}
,{"stream_name":"stdout","time":112.835650182,"data":"[quantile] shape=(7, 5) args=[torch.Size([2])] kw={'dim': -1, 'keepdim': False, 'interpolation': 'linear'}: eager_err=8.84e-01 compiled_err=8.84e-01\n"}
,{"stream_name":"stdout","time":112.835654012,"data":"[quantile] shape=(7, 5) args=[torch.Size([2])] kw={'dim': -1, 'keepdim': False, 'interpolation': 'midpoint'}: eager_err=1.00e+00 compiled_err=1.00e+00\n"}
,{"stream_name":"stdout","time":112.835657972,"data":"[quantile] shape=(7, 2, 1, 2) args=[torch.Size([2])] kw={}: eager_err=8.51e-01 compiled_err=8.51e-01\n"}
,{"stream_name":"stdout","time":112.835662032,"data":"[quantile] shape=(7, 2, 1, 2) args=[torch.Size([2])] kw={'dim': 0, 'keepdim': False, 'interpolation': 'linear'}: eager_err=8.26e-01 compiled_err=8.26e-01\n"}
,{"stream_name":"stdout","time":112.835671922,"data":"[quantile] shape=(7, 2, 1, 2) args=[torch.Size([2])] kw={'dim': 0, 'keepdim': False, 'interpolation': 'midpoint'}: eager_err=5.00e-01 compiled_err=5.00e-01\n"}
,{"stream_name":"stdout","time":112.835675742,"data":"[quantile] shape=(7, 2, 1, 2) args=[torch.Size([2])] kw={'dim': 0, 'keepdim': True, 'interpolation': 'linear'}: eager_err=8.26e-01 compiled_err=8.26e-01\n"}
,{"stream_name":"stdout","time":112.835679532,"data":"[quantile] shape=(7, 2, 1, 2) args=[torch.Size([2])] kw={'dim': 0, 'keepdim': True, 'interpolation': 'midpoint'}: eager_err=5.00e-01 compiled_err=5.00e-01\n"}
,{"stream_name":"stdout","time":112.835682762,"data":"[quantile] shape=(7, 2, 1, 2) args=[torch.Size([2])] kw={'dim': -1, 'keepdim': False, 'interpolation': 'linear'}: eager_err=1.14e+00 compiled_err=1.14e+00\n"}
,{"stream_name":"stdout","time":112.835686122,"data":"[quantile] shape=(7, 2, 1, 2) args=[torch.Size([2])] kw={'dim': -1, 'keepdim': False, 'interpolation': 'midpoint'}: eager_err=0.00e+00 compiled_err=0.00e+00\n"}
,{"stream_name":"stdout","time":112.835689412,"data":"[quantile] shape=(7, 2, 1, 2) args=[torch.Size([2])] kw={'dim': 2, 'keepdim': True, 'interpolation': 'linear'}: eager_err=0.00e+00 compiled_err=0.00e+00\n"}
,{"stream_name":"stdout","time":112.835692692,"data":"[quantile] shape=(7, 2, 1, 2) args=[torch.Size([2])] kw={'dim': 2, 'keepdim': True, 'interpolation': 'midpoint'}: eager_err=0.00e+00 compiled_err=0.00e+00\n"}
,{"stream_name":"stdout","time":112.835696242,"data":"samples 46\n"}
,{"stream_name":"stdout","time":115.23803539,"data":"$ /usr/bin/python3 run.py decomp --grad --only quantile,nanquantile --samples 1 --seed 0 --out nightly_lead_quantile_s0_n1\n"}
,{"stream_name":"stdout","time":126.92344471,"data":"  DECOMP nanquantile                          prime_dim0     [value] output[1]: compiled err vs fp64 = 7.500e-01 exceeds 4.0x eager err 0.000  confirmed=True\n"}
,{"stream_name":"stdout","time":126.92349873,"data":"{\"ops\": 2, \"samples\": 2, \"variants\": 32, \"decomp_covered\": 29, \"decomp_mismatch\": 1, \"meta_mismatch\": 0, \"data_dependent\": 0, \"errors\": 0, \"wall_s\": 6.6}\n"}
,{"stream_name":"stdout","time":126.92350681,"data":"written nightly_lead_quantile_s0_n1/DECOMP_DIFF.md\n"}
,{"stream_name":"stdout","time":129.030753503,"data":"$ /usr/bin/python3 run.py decomp --grad --only quantile,nanquantile --samples 2 --seed 0 --out nightly_lead_quantile_s0_n2\n"}
,{"stream_name":"stdout","time":141.419216844,"data":"  DECOMP quantile                             prime_dim0     [value] output[1]: compiled err vs fp64 = 7.500e-01 exceeds 4.0x eager err 0.000  confirmed=True\n"}
,{"stream_name":"stdout","time":141.419306174,"data":"{\"ops\": 2, \"samples\": 4, \"variants\": 64, \"decomp_covered\": 59, \"decomp_mismatch\": 1, \"meta_mismatch\": 0, \"data_dependent\": 0, \"errors\": 0, \"wall_s\": 6.9}\n"}
,{"stream_name":"stdout","time":141.419314404,"data":"written nightly_lead_quantile_s0_n2/DECOMP_DIFF.md\n"}
,{"stream_name":"stdout","time":143.61449135,"data":"$ /usr/bin/python3 run.py decomp --grad --only quantile,nanquantile --samples 1 --seed 1 --out nightly_lead_quantile_s1_n1\n"}
,{"stream_name":"stdout","time":149.228009609,"data":"{\"ops\": 2, \"samples\": 2, \"variants\": 20, \"decomp_covered\": 17, \"decomp_mismatch\": 0, \"meta_mismatch\": 0, \"data_dependent\": 0, \"errors\": 0, \"wall_s\": 0.3}\n"}
,{"stream_name":"stdout","time":149.228091469,"data":"written nightly_lead_quantile_s1_n1/DECOMP_DIFF.md\n"}
,{"stream_name":"stdout","time":150.856345422,"data":"$ /usr/bin/python3 run.py decomp --grad --only quantile,nanquantile --samples 2 --seed 1 --out nightly_lead_quantile_s1_n2\n"}
,{"stream_name":"stdout","time":157.108827791,"data":"{\"ops\": 2, \"samples\": 4, \"variants\": 52, \"decomp_covered\": 47, \"decomp_mismatch\": 0, \"meta_mismatch\": 0, \"data_dependent\": 0, \"errors\": 0, \"wall_s\": 0.9}\n"}
,{"stream_name":"stdout","time":157.108886061,"data":"written nightly_lead_quantile_s1_n2/DECOMP_DIFF.md\n"}
,{"stream_name":"stdout","time":158.705855574,"data":"$ /usr/bin/python3 run.py decomp --grad --isolate --only quantile,nanquantile --samples 1 --seed 0 --out nightly_lead_quantile_isolated\n"}
,{"stream_name":"stdout","time":302.376591303,"data":"isolated decomp sweep: 595 operators, 0 already done, 595 to go\n"}
,{"stream_name":"stdout","time":302.376651563,"data":"[25/595] abs .. atan\n"}
,{"stream_name":"stdout","time":302.376657514,"data":"  DECOMP bmm                                  zero_dim       [exception] exception type differs: RuntimeError vs IndexError :: tuple index ou  confirmed=False\n"}
,{"stream_name":"stdout","time":302.376662834,"data":"  DECOMP mv                                   zero_dim       [exception] exception type differs: IndexError vs RuntimeError :: matrix @ vecto  confirmed=True\n"}
,{"stream_name":"stdout","time":302.376667794,"data":"  DECOMP mv                                   dtype_bool     [exception] ref raised RuntimeError, test returned normally  confirmed=True\n"}
,{"stream_name":"stdout","time":302.376672884,"data":"  DECOMP bmm                                  zero_dim       [exception] exception type differs: RuntimeError vs IndexError :: tuple index ou  confirmed=False\n"}
,{"stream_name":"stdout","time":302.376677654,"data":"[50/595] atan2 .. view_as_complex\n"}
,{"stream_name":"stdout","time":302.376681914,"data":"[75/595] complex .. diagonal\n"}
,{"stream_name":"stdout","time":302.376686244,"data":"  DECOMP cross                                dtype_bool     [exception] ref raised NotImplementedError, test returned normally  confirmed=True\n"}
,{"stream_name":"stdout","time":302.376690574,"data":"[100/595] diagonal_copy .. le\n"}
,{"stream_name":"stdout","time":302.376694804,"data":"  DECOMP frac                                 dtype_int64    [exception] ref raised NotImplementedError, test returned normally  confirmed=True\n"}
,{"stream_name":"stdout","time":302.376699274,"data":"  DECOMP stft                                 empty_last     [exception] exception type differs: RuntimeError vs IndexError :: index is out o  confirmed=False\n"}
,{"stream_name":"stdout","time":302.376703754,"data":"  DECOMP stft                                 size1_last     [exception] exception type differs: RuntimeError vs IndexError :: index -8 is ou  confirmed=False\n"}
,{"stream_name":"stdout","time":302.376708614,"data":"  DECOMP stft                                 zero_dim       [exception] exception type differs: RuntimeError vs IndexError :: index -8 is ou  confirmed=False\n"}
,{"stream_name":"stdout","time":302.376713114,"data":"  DECOMP isin                                 dtype_bool     [exception] ref raised NotImplementedError, test returned normally  confirmed=True\n"}
,{"stream_name":"stdout","time":302.376717784,"data":"[125/595] linspace .. var_mean\n"}
,{"stream_name":"stdout","time":302.376722104,"data":"  DECOMP logaddexp                            dtype_int64    [exception] ref raised NotImplementedError, test returned normally  confirmed=True\n"}
,{"stream_name":"stdout","time":302.376726564,"data":"  DECOMP logaddexp2                           dtype_int64    [exception] ref raised NotImplementedError, test returned normally  confirmed=True\n"}
,{"stream_name":"stdout","time":302.376732644,"data":"[150/595] var_mean .. nn.functional.linear_cross_entropy\n"}
,{"stream_name":"stdout","time":302.376736913,"data":"  DECOMP quantile                             prime_dim0     [value] output[1]: compiled err vs fp64 = 7.500e-01 exceeds 4.0x eager err 0.000  confirmed=True\n"}
,{"stream_name":"stdout","time":302.376758964,"data":"  DECOMP softmax                              dtype_int64    [exception] ref raised NotImplementedError, test returned normally  confirmed=True\n"}
,{"stream_name":"stdout","time":302.376763144,"data":"  DECOMP nn.functional.cross_entropy          empty_last     [exception] exception type differs: IndexError vs RuntimeError :: index 0 is out  confirmed=True\n"}
,{"stream_name":"stdout","time":302.376766884,"data":"  DECOMP nn.functional.cross_entropy          dtype_int64    [exception] ref raised NotImplementedError, test returned normally  confirmed=True\n"}
,{"stream_name":"stdout","time":302.376770224,"data":"  DECOMP nn.functional.linear_cross_entropy   dtype_int64    [exception] ref raised NotImplementedError, test returned normally  confirmed=True\n"}
,{"stream_name":"stdout","time":302.376773473,"data":"  DECOMP nn.functional.linear_cross_entropy   dtype_float16  [exception] ref raised RuntimeError, test returned normally  confirmed=True\n"}
,{"stream_name":"stdout","time":302.376776724,"data":"  DECOMP nn.functional.linear_cross_entropy   dtype_bfloat16 [exception] ref raised RuntimeError, test returned normally  confirmed=True\n"}
,{"stream_name":"stdout","time":302.376780153,"data":"  DECOMP nn.functional.linear_cross_entropy   base           [exception] test raised TypeError, ref returned normally :: mm() got an unexpect  confirmed=False\n"}
,{"stream_name":"stdout","time":302.376783524,"data":"  DECOMP nn.functional.linear_cross_entropy   noncontig      [exception] test raised TypeError, ref returned normally :: mm() got an unexpect  confirmed=False\n"}
,{"stream_name":"stdout","time":302.376787364,"data":"  DECOMP nn.functional.linear_cross_entropy   nan_inf        [exception] test raised TypeError, ref returned normally :: mm() got an unexpect  confirmed=False\n"}
,{"stream_name":"stdout","time":302.376790693,"data":"  DECOMP nn.functional.linear_cross_entropy   huge           [exception] test raised TypeError, ref returned normally :: mm() got an unexpect  confirmed=False\n"}
,{"stream_name":"stdout","time":302.376793944,"data":"  DECOMP nn.functional.linear_cross_entropy   tiny           [exception] test raised TypeError, ref returned normally :: mm() got an unexpect  confirmed=False\n"}
,{"stream_name":"stdout","time":302.376796813,"data":"  DECOMP nn.functional.linear_cross_entropy   dtype_float16  [exception] test raised TypeError, ref returned normally :: mm() got an unexpect  confirmed=False\n"}
,{"stream_name":"stdout","time":302.376800753,"data":"  DECOMP nn.functional.linear_cross_entropy   dtype_bfloat16 [exception] test raised TypeError, ref returned normally :: mm() got an unexpect  confirmed=False\n"}
,{"stream_name":"stdout","time":302.376804344,"data":"[175/595] nn.functional.linear_cross_entropy .. nn.functional.conv1d\n"}
,{"stream_name":"stdout","time":302.376807564,"data":"  DECOMP nn.functional.linear_cross_entropy   dtype_int64    [exception] ref raised RuntimeError, test returned normally  confirmed=True\n"}
,{"stream_name":"stdout","time":302.376810953,"data":"  DECOMP nn.functional.linear_cross_entropy   dtype_bool     [exception] ref raised RuntimeError, test returned normally  confirmed=True\n"}
,{"stream_name":"stdout","time":302.376814324,"data":"  DECOMP native_group_norm                    dtype_bool     [exception] exception type differs: RuntimeError vs NotImplementedError :: var_m  confirmed=False\n"}
,{"stream_name":"stdout","time":302.376817933,"data":"[200/595] nn.functional.conv2d .. nn.functional.upsample_nearest\n"}
,{"stream_name":"stdout","time":302.376821504,"data":"  DECOMP nn.functional.layer_norm             dtype_bool     [exception] exception type differs: RuntimeError vs NotImplementedError :: var_m  confirmed=False\n"}
,{"stream_name":"stdout","time":302.376830984,"data":"  DECOMP nn.functional.pad                    empty_last     [exception] exception type differs: RuntimeError vs IndexError :: index is out o  confirmed=False\n"}
,{"stream_name":"stdout","time":302.376834344,"data":"  DECOMP nn.functional.pad                    size1_last     [exception] exception type differs: RuntimeError vs IndexError :: index -2 is ou  confirmed=False\n"}
,{"stream_name":"stdout","time":302.376837613,"data":"  DECOMP nn.functional.pad                    dtype_bool     [exception] ref raised NotImplementedError, test returned normally  confirmed=True\n"}
,{"stream_name":"stdout","time":302.376840933,"data":"  DECOMP nn.functional.pad                    empty_last     [exception] exception type differs: RuntimeError vs IndexError :: index is out o  confirmed=False\n"}
,{"stream_name":"stdout","time":302.376844764,"data":"  DECOMP nn.functional.pad                    dtype_bool     [exception] ref raised NotImplementedError, test returned normally  confirmed=True\n"}
,{"stream_name":"stdout","time":302.376848364,"data":"  DECOMP nn.functional.pad                    empty_last     [exception] exception type differs: RuntimeError vs IndexError :: index is out o  confirmed=False\n"}
,{"stream_name":"stdout","time":302.376851614,"data":"  META   nn.functional.pad                    channels_last  output[1] stride (96, 16, 4, 1) vs real (96, 1, 24, 6)\n"}
,{"stream_name":"stdout","time":302.376854854,"data":"  DECOMP nn.functional.pad                    dtype_bool     [exception] ref raised NotImplementedError, test returned normally  confirmed=True\n"}
,{"stream_name":"stdout","time":302.376859284,"data":"  DECOMP nn.functional.hardswish              dtype_int64    [exception] ref raised NotImplementedError, test returned normally  confirmed=True\n"}
,{"stream_name":"stdout","time":302.376863034,"data":"  DECOMP nn.functional.hardswish              dtype_bool     [exception] ref raised NotImplementedError, test returned normally  confirmed=True\n"}
,{"stream_name":"stdout","time":302.376866504,"data":"  DECOMP nn.functional.hardswish              nan_inf        [value] output[1]: NaN/Inf pattern differs from the float64 truth  confirmed=True\n"}
,{"stream_name":"stdout","time":302.376870134,"data":"  DECOMP nn.functional.unfold                 dtype_int64    [exception] ref raised NotImplementedError, test returned normally  confirmed=True\n"}
,{"stream_name":"stdout","time":302.376873894,"data":"  META   nn.functional.interpolate            empty_dim0     fake-tensor path raised TypeError: cond must be a bool, but got \u003cclass 'int'\u003e\n"}
,{"stream_name":"stdout","time":302.376877884,"data":"  DECOMP nn.functional.interpolate            empty_last     [exception] exception type differs: RuntimeError vs ZeroDivisionError :: divisio  confirmed=True\n"}
,{"stream_name":"stdout","time":302.376881714,"data":"  DECOMP nn.functional.interpolate            dtype_int64    [exception] ref raised NotImplementedError, test returned normally  confirmed=True\n"}
,{"stream_name":"stdout","time":302.376885174,"data":"  DECOMP nn.functional.interpolate            dtype_bool     [exception] ref raised NotImplementedError, test returned normally  confirmed=True\n"}
,{"stream_name":"stdout","time":302.376888434,"data":"  META   nn.functional.interpolate            empty_dim0     fake-tensor path raised TypeError: cond must be a bool, but got \u003cclass 'int'\u003e\n"}
,{"stream_name":"stdout","time":302.376891654,"data":"  DECOMP nn.functional.interpolate            empty_last     [exception] exception type differs: RuntimeError vs ZeroDivisionError :: float d  confirmed=True\n"}
,{"stream_name":"stdout","time":302.376895014,"data":"  DECOMP nn.functional.interpolate            dtype_int64    [exception] ref raised NotImplementedError, test returned normally  confirmed=True\n"}
,{"stream_name":"stdout","time":302.376919754,"data":"  DECOMP nn.functional.interpolate            dtype_bool     [exception] ref raised NotImplementedError, test returned normally  confirmed=True\n"}
,{"stream_name":"stdout","time":302.376923403,"data":"  DECOMP nn.functional.interpolate            dtype_int64    [exception] ref raised NotImplementedError, test returned normally  confirmed=True\n"}
,{"stream_name":"stdout","time":302.376926623,"data":"  DECOMP nn.functional.interpolate            dtype_bool     [exception] ref raised NotImplementedError, test returned normally  confirmed=True\n"}
,{"stream_name":"stdout","time":1888.56087142,"data":"  DECOMP nn.functional.soft_margin_loss       dtype_int64    [exception] ref raised RuntimeError, test returned normally  confirmed=True\n"}
,{"stream_name":"stdout","time":1888.56107922,"data":"  META   nn.functional.upsample_nearest       empty_dim0     fake-tensor path raised TypeError: cond must be a bool, but got \u003cclass 'int'\u003e\n"}
,{"stream_name":"stdout","time":1888.56108511,"data":"  DECOMP nn.functional.upsample_nearest       empty_last     [exception] exception type differs: RuntimeError vs ZeroDivisionError :: float d  confirmed=True\n"}
,{"stream_name":"stdout","time":1888.56108882,"data":"  DECOMP nn.functional.upsample_nearest       dtype_int64    [exception] ref raised NotImplementedError, test returned normally  confirmed=True\n"}
,{"stream_name":"stdout","time":1888.56109209,"data":"  DECOMP nn.functional.upsample_nearest       dtype_bool     [exception] ref raised NotImplementedError, test returned normally  confirmed=True\n"}
,{"stream_name":"stdout","time":1888.56109537,"data":"[225/595] nn.functional.margin_ranking_loss .. nn.functional.scaled_dot_product_attention\n"}
,{"stream_name":"stdout","time":1888.56109869,"data":"  DECOMP nn.functional.multi_margin_loss      dtype_int64    [exception] ref raised NotImplementedError, test returned normally  confirmed=True\n"}
,{"stream_name":"stdout","time":1888.56110181,"data":"  DECOMP nn.functional.multilabel_margin_loss dtype_int64    [exception] ref raised NotImplementedError, test returned normally  confirmed=True\n"}
,{"stream_name":"stdout","time":1888.56110497,"data":"  DECOMP nn.functional.multilabel_soft_margin_loss dtype_int64    [exception] ref raised NotImplementedError, test returned normally  confirmed=True\n"}
,{"stream_name":"stdout","time":1888.56110806,"data":"  DECOMP max_pool2d_with_indices_backward     dtype_int64    [exception] ref raised NotImplementedError, test returned normally  confirmed=True\n"}
,{"stream_name":"stdout","time":1888.56111115,"data":"  DECOMP nn.functional.max_unpool1d           dtype_int64    [exception] ref raised NotImplementedError, test returned normally  confirmed=True\n"}
,{"stream_name":"stdout","time":1888.56111434,"data":"  DECOMP nn.functional.max_unpool1d           dtype_bool     [exception] ref raised NotImplementedError, test returned normally  confirmed=True\n"}
,{"stream_name":"stdout","time":1888.56111758,"data":"  DECOMP nn.functional.max_unpool1d           dtype_int64    [exception] ref raised NotImplementedError, test returned normally  confirmed=True\n"}
,{"stream_name":"stdout","time":1888.56112077,"data":"  DECOMP nn.functional.max_unpool1d           dtype_bool     [exception] ref raised NotImplementedError, test returned normally  confirmed=True\n"}
,{"stream_name":"stdout","time":1888.56112399,"data":"  DECOMP nn.functional.max_unpool2d           dtype_int64    [exception] ref raised NotImplementedError, test returned normally  confirmed=True\n"}
,{"stream_name":"stdout","time":1888.56112963,"data":"  DECOMP nn.functional.max_unpool2d           dtype_bool     [exception] ref raised NotImplementedError, test returned normally  confirmed=True\n"}
,{"stream_name":"stdout","time":1888.56115066,"data":"  DECOMP nn.functional.max_unpool2d           dtype_int64    [exception] ref raised NotImplementedError, test returned normally  confirmed=True\n"}
,{"stream_name":"stdout","time":1888.56115436,"data":"  DECOMP nn.functional.max_unpool2d           dtype_bool     [exception] ref raised NotImplementedError, test returned normally  confirmed=True\n"}
,{"stream_name":"stdout","time":1888.56115654,"data":"  DECOMP nn.functional.max_unpool3d           dtype_int64    [exception] ref raised NotImplementedError, test returned normally  confirmed=True\n"}
,{"stream_name":"stdout","time":1888.56115889,"data":"  DECOMP nn.functional.max_unpool3d           dtype_bool     [exception] ref raised NotImplementedError, test returned normally  confirmed=True\n"}
,{"stream_name":"stdout","time":1888.56116121,"data":"  DECOMP nn.functional.max_unpool3d           dtype_int64    [exception] ref raised NotImplementedError, test returned normally  confirmed=True\n"}
,{"stream_name":"stdout","time":1888.56116336,"data":"  DECOMP nn.functional.max_unpool3d           dtype_bool     [exception] ref raised NotImplementedError, test returned normally  confirmed=True\n"}
,{"stream_name":"stdout","time":1888.56116568,"data":"  DECOMP nn.functional.prelu                  dtype_int64    [exception] ref raised NotImplementedError, test returned normally  confirmed=True\n"}
,{"stream_name":"stdout","time":1888.56116782,"data":"  DECOMP nn.functional.celu                   dtype_int64    [exception] ref raised NotImplementedError, test returned normally  confirmed=True\n"}
,{"stream_name":"stdout","time":1888.56117,"data":"  DECOMP nn.functional.celu                   dtype_bool     [exception] ref raised NotImplementedError, test returned normally  confirmed=True\n"}
,{"stream_name":"stdout","time":1888.56117211,"data":"  DECOMP nn.functional.celu                   nan_inf        [value] output[1]: NaN/Inf pattern differs from the float64 truth  confirmed=True\n"}
,{"stream_name":"stdout","time":1888.56117442,"data":"[250/595] torch.ops.aten._scaled_dot_product_flash_attention_for_cpu .. mvlgamma\n"}
,{"stream_name":"stdout","time":1888.56117646,"data":"  child exit -6: free(): invalid next size (fast)\n"}
,{"stream_name":"stdout","time":1888.56117857,"data":"  CRASH  torch.ops.aten._scaled_dot_product_flash_attention_for_cpu process exit -999 (timeout if -999)\n"}
,{"stream_name":"stdout","time":1888.56118065,"data":"  DECOMP nn.functional.silu                   dtype_int64    [exception] ref raised NotImplementedError, test returned normally  confirmed=True\n"}
,{"stream_name":"stdout","time":1888.56118291,"data":"  DECOMP nn.functional.hardsigmoid            dtype_int64    [exception] ref raised NotImplementedError, test returned normally  confirmed=True\n"}
,{"stream_name":"stdout","time":1888.56118625,"data":"  DECOMP nn.functional.hardsigmoid            dtype_bool     [exception] ref raised NotImplementedError, test returned normally  confirmed=True\n"}
,{"stream_name":"stdout","time":1888.56118851,"data":"  DECOMP nn.functional.logsigmoid             dtype_int64    [exception] ref raised NotImplementedError, test returned normally  confirmed=True\n"}
,{"stream_name":"stdout","time":1888.56119064,"data":"  DECOMP nn.functional.threshold              dtype_bool     [exception] ref raised NotImplementedError, test returned normally  confirmed=True\n"}
,{"stream_name":"stdout","time":1888.56119284,"data":"  DECOMP nn.functional.batch_norm             dtype_int64    [exception] ref raised NotImplementedError, test returned normally  confirmed=True\n"}
,{"stream_name":"stdout","time":1888.56119514,"data":"  DECOMP nn.functional.binary_cross_entropy   dtype_int64    [exception] ref raised NotImplementedError, test returned normally  confirmed=True\n"}
,{"stream_name":"stdout","time":1888.56120102,"data":"  DECOMP nn.functional.binary_cross_entropy   dtype_bool     [exception] ref raised RuntimeError, test returned normally  confirmed=True\n"}
,{"stream_name":"stdout","time":1888.56120323,"data":"  DECOMP nn.functional.binary_cross_entropy   nan_inf        [exception] ref raised RuntimeError, test returned normally  confirmed=True\n"}
,{"stream_name":"stdout","time":1888.56120562,"data":"  DECOMP nn.functional.binary_cross_entropy   huge           [exception] ref raised RuntimeError, test returned normally  confirmed=True\n"}
,{"stream_name":"stdout","time":1888.56120776,"data":"  DECOMP nn.functional.hardshrink             dtype_int64    [exception] ref raised NotImplementedError, test returned normally  confirmed=True\n"}
,{"stream_name":"stdout","time":1888.56120996,"data":"  DECOMP nn.functional.gelu                   dtype_int64    [exception] ref raised NotImplementedError, test returned normally  confirmed=True\n"}
,{"stream_name":"stdout","time":1888.56121207,"data":"  DECOMP nn.functional.gelu                   dtype_bool     [exception] ref raised NotImplementedError, test returned normally  confirmed=True\n"}
,{"stream_name":"stdout","time":1888.5612144,"data":"  DECOMP mvlgamma                             dtype_bool     [exception] ref raised RuntimeError, test returned normally  confirmed=True\n"}
,{"stream_name":"stdout","time":1888.56121652,"data":"  DECOMP mvlgamma                             dtype_bool     [exception] ref raised RuntimeError, test returned normally  confirmed=True\n"}
,{"stream_name":"stdout","time":1888.56121864,"data":"  DECOMP mvlgamma                             dtype_bool     [exception] ref raised RuntimeError, test returned normally  confirmed=True\n"}
,{"stream_name":"stdout","time":1888.56122075,"data":"[275/595] mvlgamma .. sinh\n"}
,{"stream_name":"stdout","time":1888.56122325,"data":"  DECOMP mvlgamma                             dtype_bool     [exception] ref raised RuntimeError, test returned normally  confirmed=True\n"}
,{"stream_name":"stdout","time":1888.56122542,"data":"  DECOMP mvlgamma                             dtype_bool     [exception] ref raised RuntimeError, test returned normally  confirmed=True\n"}
,{"stream_name":"stdout","time":1888.56122775,"data":"  DECOMP mvlgamma                             dtype_bool     [exception] ref raised RuntimeError, test returned normally  confirmed=True\n"}
,{"stream_name":"stdout","time":1888.56122984,"data":"  DECOMP round                                dtype_int64    [exception] ref raised NotImplementedError, test returned normally  confirmed=True\n"}
,{"stream_name":"stdout","time":1888.56123195,"data":"  DECOMP round                                dtype_bool     [exception] ref raised NotImplementedError, test returned normally  confirmed=True\n"}
,{"stream_name":"stdout","time":1888.56123406,"data":"  DECOMP round                                dtype_int64    [exception] ref raised NotImplementedError, test returned normally  confirmed=True\n"}
,{"stream_name":"stdout","time":1888.56123619,"data":"  DECOMP round                                dtype_bool     [exception] ref raised NotImplementedError, test returned normally  confirmed=True\n"}
,{"stream_name":"stdout","time":1888.56123828,"data":"  DECOMP round                                dtype_int64    [exception] ref raised NotImplementedError, test returned normally  confirmed=True\n"}
,{"stream_name":"stdout","time":1888.56124044,"data":"  DECOMP round                                dtype_bool     [exception] ref raised NotImplementedError, test returned normally  confirmed=True\n"}
,{"stream_name":"stdout","time":1888.56124255,"data":"[300/595] sign .. reciprocal\n"}
,{"stream_name":"stdout","time":1888.56124449,"data":"[325/595] rsqrt .. view\n"}
,{"stream_name":"stdout","time":1888.56124645,"data":"  DECOMP lerp                                 dtype_int64    [exception] ref raised NotImplementedError, test returned normally  confirmed=True\n"}
,{"stream_name":"stdout","time":1888.56125171,"data":"  DECOMP lerp                                 dtype_bool     [exception] exception type differs: RuntimeError vs NotImplementedError :: Subtr  confirmed=False\n"}
,{"stream_name":"stdout","time":1888.56125398,"data":"[350/595] view_as .. bfloat16\n"}
,{"stream_name":"stdout","time":1888.56125595,"data":"  DECOMP index_copy                           empty_dim0     [exception] exception type differs: RuntimeError vs IndexError :: index is out o  confirmed=False\n"}
,{"stream_name":"stdout","time":1888.56125811,"data":"  DECOMP index_add                            zero_dim       [exception] ref raised RuntimeError, test returned normally  confirmed=True\n"}
,{"stream_name":"stdout","time":1888.56126028,"data":"[375/595] bool .. stack\n"}
,{"stream_name":"stdout","time":1888.56126229,"data":"[400/595] hstack .. take_along_dim\n"}
,{"stream_name":"stdout","time":1888.56126427,"data":"[425/595] tile .. digamma\n"}
,{"stream_name":"stdout","time":2177.952332282,"data":"  DECOMP trace                                dtype_bool     [exception] ref raised NotImplementedError, test returned normally  confirmed=True\n"}
,{"stream_name":"stdout","time":2177.952395772,"data":"[450/595] erf .. native_dropout_backward\n"}
,{"stream_name":"stdout","time":2177.952402302,"data":"  DECOMP nn.functional.smooth_l1_loss         dtype_int64    [exception] ref raised NotImplementedError, test returned normally  confirmed=True\n"}
,{"stream_name":"stdout","time":2177.952407911,"data":"  DECOMP nn.functional.smooth_l1_loss         nan_inf        [value] output[1]: NaN/Inf pattern differs from the float64 truth  confirmed=True\n"}
,{"stream_name":"stdout","time":2177.952412402,"data":"  DECOMP log_softmax                          dtype_int64    [exception] ref raised NotImplementedError, test returned normally  confirmed=True\n"}
,{"stream_name":"stdout","time":2177.952415602,"data":"[475/595] nn.functional.dropout2d .. prod\n"}
,{"stream_name":"stdout","time":2177.952418731,"data":"  DECOMP nn.functional.softplus               dtype_int64    [exception] ref raised NotImplementedError, test returned normally  confirmed=True\n"}
,{"stream_name":"stdout","time":2177.952421911,"data":"  DECOMP nn.functional.mse_loss               dtype_int64    [exception] ref raised NotImplementedError, test returned normally  confirmed=True\n"}
,{"stream_name":"stdout","time":2177.952425171,"data":"  DECOMP nn.functional.grid_sample            empty_last     [exception] exception type differs: RuntimeError vs IndexError :: index is out o  confirmed=True\n"}
,{"stream_name":"stdout","time":2177.952428291,"data":"  DECOMP nn.functional.grid_sample            dtype_int64    [exception] ref raised NotImplementedError, test returned normally  confirmed=True\n"}
,{"stream_name":"stdout","time":2177.952431491,"data":"  DECOMP grid_sampler_2d                      empty_last     [exception] exception type differs: RuntimeError vs IndexError :: index is out o  confirmed=True\n"}
,{"stream_name":"stdout","time":2177.952434891,"data":"  DECOMP grid_sampler_2d                      zero_dim       [exception] exception type differs: IndexError vs ValueError :: not enough value  confirmed=True\n"}
,{"stream_name":"stdout","time":2177.952438182,"data":"  DECOMP grid_sampler_2d                      dtype_int64    [exception] ref raised NotImplementedError, test returned normally  confirmed=True\n"}
,{"stream_name":"stdout","time":2177.952441291,"data":"  DECOMP std                                  huge           [value] output[0]: NaN/Inf pattern differs from the float64 truth  confirmed=True\n"}
,{"stream_name":"stdout","time":2177.952444791,"data":"  DECOMP std                                  tiny           [value] output[1]: compiled err vs fp64 = 1.890e-01 exceeds 4.0x eager err 1.132  confirmed=True\n"}
,{"stream_name":"stdout","time":2177.952476222,"data":"[500/595] sum .. fft.fft\n"}
,{"stream_name":"stdout","time":2177.952481022,"data":"  child exit -11: \n"}
,{"stream_name":"stdout","time":2177.952484162,"data":"  child exit -11: \n"}
,{"stream_name":"stdout","time":2177.952487242,"data":"  CRASH  nn.functional.ctc_loss               process exit -11 (timeout if -999)\n"}
,{"stream_name":"stdout","time":2177.952492462,"data":"  DECOMP nn.functional.nll_loss               channels_last  [exception] ref raised RuntimeError, test returned normally  confirmed=True\n"}
,{"stream_name":"stdout","time":2177.952495782,"data":"  DECOMP nn.functional.nll_loss               dtype_int64    [exception] ref raised NotImplementedError, test returned normally  confirmed=True\n"}
,{"stream_name":"stdout","time":2177.952498971,"data":"  DECOMP nn.functional.nll_loss               dtype_bool     [exception] ref raised NotImplementedError, test returned normally  confirmed=True\n"}
,{"stream_name":"stdout","time":2177.952502362,"data":"  DECOMP nn.functional.nll_loss               dtype_float16  [exception] ref raised RuntimeError, test returned normally  confirmed=True\n"}
,{"stream_name":"stdout","time":2177.952505742,"data":"  DECOMP nn.functional.nll_loss               dtype_bfloat16 [exception] ref raised RuntimeError, test returned normally  confirmed=True\n"}
,{"stream_name":"stdout","time":2177.952508962,"data":"  DECOMP nn.functional.huber_loss             dtype_int64    [exception] ref raised NotImplementedError, test returned normally  confirmed=True\n"}
,{"stream_name":"stdout","time":2177.952512602,"data":"  DECOMP nn.functional.huber_loss             dtype_bool     [exception] ref raised RuntimeError, test returned normally  confirmed=True\n"}
,{"stream_name":"stdout","time":2177.952514902,"data":"  child exit -11: \n"}
,{"stream_name":"stdout","time":2177.952516822,"data":"  CRASH  nn.functional.pdist                  process exit -11 (timeout if -999)\n"}
,{"stream_name":"stdout","time":2177.952518902,"data":"  META   nn.functional.channel_shuffle        channels_last  output[0] stride (384, 64, 8, 1) vs real (384, 1, 48, 6)\n"}
,{"stream_name":"stdout","time":2177.952520982,"data":"[525/595] fft.fft2 .. linalg.cholesky_ex\n"}
,{"stream_name":"stdout","time":2177.952522942,"data":"  DECOMP linalg.cross                         dtype_bool     [exception] ref raised NotImplementedError, test returned normally  confirmed=True\n"}
,{"stream_name":"stdout","time":2177.952525072,"data":"[550/595] linalg.vecdot .. linalg.lu\n"}
,{"stream_name":"stdout","time":2177.952527022,"data":"[575/595] linalg.lu_solve .. signal.windows.nuttall\n"}
,{"stream_name":"stdout","time":2177.952529032,"data":"  META   linalg.pinv                          dtype_bool     fake-tensor path raised RuntimeError: expected scalar type torch.bool but found \n"}
,{"stream_name":"stdout","time":2177.952531152,"data":"[600/595] masked.sum .. bmm\n"}
,{"stream_name":"stdout","time":2177.952533122,"data":"  DECOMP bmm                                  zero_dim       [exception] exception type differs: RuntimeError vs IndexError :: tuple index ou  confirmed=False\n"}
,{"stream_name":"stdout","time":2177.952535312,"data":"  DECOMP masked.softmax                       dtype_int64    [exception] ref raised NotImplementedError, test returned normally  confirmed=True\n"}
,{"stream_name":"stdout","time":2177.952537882,"data":"  DECOMP masked.softmin                       dtype_int64    [exception] ref raised NotImplementedError, test returned normally  confirmed=True\n"}
,{"stream_name":"stdout","time":2177.952539992,"data":"  DECOMP masked.logaddexp                     dtype_int64    [exception] ref raised NotImplementedError, test returned normally  confirmed=True\n"}
,{"stream_name":"stdout","time":2177.952548662,"data":"  DECOMP bmm                                  zero_dim       [exception] exception type differs: RuntimeError vs IndexError :: tuple index ou  confirmed=False\n"}
,{"stream_name":"stdout","time":2177.952552472,"data":"{\"ops\": 574, \"samples\": 574, \"variants\": 8051, \"decomp_covered\": 7441, \"decomp_mismatch\": 128, \"meta_mismatch\": 6, \"data_dependent\": 141, \"errors\": 0, \"wall_s\": 2014.4, \"crashes\": 3}\n"}
,{"stream_name":"stdout","time":2177.952559192,"data":"written nightly_lead_quantile_isolated/DECOMP_DIFF.md\n"}
,{"stream_name":"stdout","time":2180.123392998,"data":"JOB DONE\n"}
,{"stream_name":"stderr","time":2183.593515984,"data":"/usr/local/lib/python3.12/dist-packages/mistune.py:435: SyntaxWarning: invalid escape sequence '\\|'\n"}
,{"stream_name":"stderr","time":2183.593602754,"data":"  cells[i][c] = re.sub('\\\\\\\\\\|', '|', cell)\n"}
,{"stream_name":"stderr","time":2184.111042916,"data":"/usr/local/lib/python3.12/dist-packages/nbconvert/filters/filter_links.py:36: SyntaxWarning: invalid escape sequence '\\_'\n"}
,{"stream_name":"stderr","time":2184.111114136,"data":"  text = re.sub(r'_', '\\_', text) # Escape underscores in display text\n"}
,{"stream_name":"stderr","time":2185.097843064,"data":"[NbConvertApp] Converting notebook __script__.ipynb to html\n"}
,{"stream_name":"stderr","time":2187.207808275,"data":"[NbConvertApp] Writing 281942 bytes to __results__.html\n"}
]