   ━━━━━━━━━━━━━━━━━━━━━━━━━━━━━━━━━━━━━━━━ 196.3/196.3 MB 8.7 MB/s eta 0:00:00
ERROR: pip's dependency resolver does not currently take into account all the packages that are installed. This behaviour is the source of the following dependency conflicts.
torchaudio 2.10.0+cpu requires torch==2.10.0, but you have torch 2.14.0+cpu which is incompatible.
torchvision 0.25.0+cpu requires torch==2.10.0, but you have torch 2.14.0+cpu which is incompatible.
torch 2.14.0+cpu

===== draft 14 block 0
contiguous        aot_eager == eager: True   inductor == eager: True   max diff 0
channels_last_3d  aot_eager == eager: True   inductor == eager: False   max diff 282

===== draft 14 block 1
adaptive_max_pool3d_backward       indices strides (120, 1, 60, 20, 4)    same gradient as with contiguous indices: False
adaptive_max_pool2d_backward       indices strides (60, 1, 20, 4)         same gradient as with contiguous indices: True
max_pool3d_with_indices_backward   indices strides (96, 1, 32, 16, 4)     same gradient as with contiguous indices: True
fractional_max_pool2d_backward     indices strides (36, 1, 12, 4)         same gradient as with contiguous indices: False
fractional_max_pool3d_backward     indices strides (32, 1, 16, 8, 4)      same gradient as with contiguous indices: False

===== draft 15 block 0
logits / 1.0  eager (no compile)  out is x: False  x afterwards: [1.0, 1.0, 1.0]
logits / 1.0  aot_eager           out is x: False  x afterwards: [1.0, 1.0, 1.0]
logits / 1.0  inductor            out is x: True   x afterwards: [6.0, 6.0, 6.0]
logits / 0.9  eager (no compile)  out is x: False  x afterwards: [1.0, 1.0, 1.0]
logits / 0.9  aot_eager           out is x: False  x afterwards: [1.0, 1.0, 1.0]
logits / 0.9  inductor            out is x: False  x afterwards: [1.0, 1.0, 1.0]
buf * 1.0     eager (no compile)  out is x: False  x afterwards: [1.0, 1.0, 1.0]
buf * 1.0     aot_eager           out is x: False  x afterwards: [1.0, 1.0, 1.0]
buf * 1.0     inductor            out is x: True   x afterwards: [6.0, 6.0, 6.0]
x + 0         eager (no compile)  out is x: False  x afterwards: [1.0, 1.0, 1.0]
x + 0         aot_eager           out is x: False  x afterwards: [1.0, 1.0, 1.0]
x + 0         inductor            out is x: True   x afterwards: [6.0, 6.0, 6.0]

===== int abs(abs(x)) (MSVC-only?)
cpu torch.int8 5 equal True
cpu torch.int8 40 equal True
cpu torch.int16 5 equal True
cpu torch.int16 40 equal True
cpu torch.int32 5 equal True
cpu torch.int32 40 equal True
cpu torch.int64 5 equal True
cpu torch.int64 40 equal True

===== draft 15 on CUDA
no cuda
   ━━━━━━━━━━━━━━━━━━━━━━━━━━━━━━━━━━━━━━━━ 199.4/199.4 MB 9.3 MB/s eta 0:00:00
ERROR: pip's dependency resolver does not currently take into account all the packages that are installed. This behaviour is the source of the following dependency conflicts.
torchaudio 2.10.0+cpu requires torch==2.10.0, but you have torch 2.15.0.dev20260920+cpu which is incompatible.
torchvision 0.25.0+cpu requires torch==2.10.0, but you have torch 2.15.0.dev20260920+cpu which is incompatible.
torch 2.15.0.dev20260920+cpu

===== draft 14 block 0
contiguous        aot_eager == eager: True   inductor == eager: True   max diff 0
channels_last_3d  aot_eager == eager: True   inductor == eager: False   max diff 282

===== draft 14 block 1
adaptive_max_pool3d_backward       indices strides (120, 1, 60, 20, 4)    same gradient as with contiguous indices: False
adaptive_max_pool2d_backward       indices strides (60, 1, 20, 4)         same gradient as with contiguous indices: True
max_pool3d_with_indices_backward   indices strides (96, 1, 32, 16, 4)     same gradient as with contiguous indices: True
fractional_max_pool2d_backward     indices strides (36, 1, 12, 4)         same gradient as with contiguous indices: False
fractional_max_pool3d_backward     indices strides (32, 1, 16, 8, 4)      same gradient as with contiguous indices: False

===== draft 15 block 0
logits / 1.0  eager (no compile)  out is x: False  x afterwards: [1.0, 1.0, 1.0]
logits / 1.0  aot_eager           out is x: False  x afterwards: [1.0, 1.0, 1.0]
logits / 1.0  inductor            out is x: True   x afterwards: [6.0, 6.0, 6.0]
logits / 0.9  eager (no compile)  out is x: False  x afterwards: [1.0, 1.0, 1.0]
logits / 0.9  aot_eager           out is x: False  x afterwards: [1.0, 1.0, 1.0]
logits / 0.9  inductor            out is x: False  x afterwards: [1.0, 1.0, 1.0]
buf * 1.0     eager (no compile)  out is x: False  x afterwards: [1.0, 1.0, 1.0]
buf * 1.0     aot_eager           out is x: False  x afterwards: [1.0, 1.0, 1.0]
buf * 1.0     inductor            out is x: True   x afterwards: [6.0, 6.0, 6.0]
x + 0         eager (no compile)  out is x: False  x afterwards: [1.0, 1.0, 1.0]
x + 0         aot_eager           out is x: False  x afterwards: [1.0, 1.0, 1.0]
x + 0         inductor            out is x: True   x afterwards: [6.0, 6.0, 6.0]

===== int abs(abs(x)) (MSVC-only?)
cpu torch.int8 5 equal True
cpu torch.int8 40 equal True
cpu torch.int16 5 equal True
cpu torch.int16 40 equal True
cpu torch.int32 5 equal True
cpu torch.int32 40 equal True
cpu torch.int64 5 equal True
cpu torch.int64 40 equal True

===== draft 15 on CUDA
no cuda
JOB DONE
/usr/local/lib/python3.12/dist-packages/mistune.py:435: SyntaxWarning: invalid escape sequence '\|'
  cells[i][c] = re.sub('\\\\\|', '|', cell)
/usr/local/lib/python3.12/dist-packages/nbconvert/filters/filter_links.py:36: SyntaxWarning: invalid escape sequence '\_'
  text = re.sub(r'_', '\_', text) # Escape underscores in display text
[NbConvertApp] Converting notebook __script__.ipynb to html
[NbConvertApp] Writing 282868 bytes to __results__.html
