   ━━━━━━━━━━━━━━━━━━━━━━━━━━━━━━━━━━━━━━━━ 554.6/554.6 MB 3.2 MB/s eta 0:00:00
   ━━━━━━━━━━━━━━━━━━━━━━━━━━━━━━━━━━━━━━━━ 553.1/553.1 MB 3.2 MB/s eta 0:00:00
   ━━━━━━━━━━━━━━━━━━━━━━━━━━━━━━━━━━━━━━━━ 170.1/170.1 MB 3.4 MB/s eta 0:00:00
   ━━━━━━━━━━━━━━━━━━━━━━━━━━━━━━━━━━━━━━━━ 216.0/216.0 MB 7.4 MB/s eta 0:00:00
   ━━━━━━━━━━━━━━━━━━━━━━━━━━━━━━━━━━━━━━━━ 60.4/60.4 MB 20.0 MB/s eta 0:00:00
   ━━━━━━━━━━━━━━━━━━━━━━━━━━━━━━━━━━━━━━━━ 423.1/423.1 MB 3.3 MB/s eta 0:00:00
   ━━━━━━━━━━━━━━━━━━━━━━━━━━━━━━━━━━━━━━━━ 10.7/10.7 MB 36.2 MB/s eta 0:00:00
   ━━━━━━━━━━━━━━━━━━━━━━━━━━━━━━━━━━━━━━━━ 90.2/90.2 MB 5.5 MB/s eta 0:00:00
   ━━━━━━━━━━━━━━━━━━━━━━━━━━━━━━━━━━━━━━━━ 2.2/2.2 MB 34.8 MB/s eta 0:00:00
   ━━━━━━━━━━━━━━━━━━━━━━━━━━━━━━━━━━━━━━━━ 214.1/214.1 MB 8.4 MB/s eta 0:00:00
   ━━━━━━━━━━━━━━━━━━━━━━━━━━━━━━━━━━━━━━━━ 1.2/1.2 MB 40.9 MB/s eta 0:00:00
   ━━━━━━━━━━━━━━━━━━━━━━━━━━━━━━━━━━━━━━━━ 59.5/59.5 MB 20.1 MB/s eta 0:00:00
   ━━━━━━━━━━━━━━━━━━━━━━━━━━━━━━━━━━━━━━━━ 200.9/200.9 MB 7.9 MB/s eta 0:00:00
   ━━━━━━━━━━━━━━━━━━━━━━━━━━━━━━━━━━━━━━━━ 145.9/145.9 MB 10.3 MB/s eta 0:00:00
   ━━━━━━━━━━━━━━━━━━━━━━━━━━━━━━━━━━━━━━━━ 148.0/148.0 kB 12.4 MB/s eta 0:00:00
   ━━━━━━━━━━━━━━━━━━━━━━━━━━━━━━━━━━━━━━━━ 7.2/7.2 MB 38.5 MB/s eta 0:00:00
   ━━━━━━━━━━━━━━━━━━━━━━━━━━━━━━━━━━━━━━━━ 248.0/248.0 MB 6.7 MB/s eta 0:00:00
   ━━━━━━━━━━━━━━━━━━━━━━━━━━━━━━━━━━━━━━━━ 42.5/42.5 MB 25.7 MB/s eta 0:00:00
ERROR: pip's dependency resolver does not currently take into account all the packages that are installed. This behaviour is the source of the following dependency conflicts.
libcuml-cu12 26.2.0 requires cuda-toolkit[cublas,cufft,curand,cusolver,cusparse]==12.*, but you have cuda-toolkit 13.0.3.0 which is incompatible.
cuml-cu12 26.2.0 requires cuda-toolkit[cublas,cufft,curand,cusolver,cusparse]==12.*, but you have cuda-toolkit 13.0.3.0 which is incompatible.
cuda-python 12.9.4 requires cuda-bindings~=12.9.4, but you have cuda-bindings 13.4.2 which is incompatible.
torchaudio 2.10.0+cu128 requires torch==2.10.0, but you have torch 2.14.0 which is incompatible.
torchvision 0.25.0+cu128 requires torch==2.10.0, but you have torch 2.14.0 which is incompatible.
cudf-cu12 26.2.1 requires cuda-toolkit[nvcc,nvrtc]==12.*, but you have cuda-toolkit 13.0.3.0 which is incompatible.
libcuvs-cu12 26.2.0 requires cuda-toolkit[cublas,curand,cusolver,cusparse]==12.*, but you have cuda-toolkit 13.0.3.0 which is incompatible.
libraft-cu12 26.2.0 requires cuda-toolkit[cublas,curand,cusolver,cusparse]==12.*, but you have cuda-toolkit 13.0.3.0 which is incompatible.
torch 2.14.0+cu130

===== draft 14 block 0
contiguous        aot_eager == eager: True   inductor == eager: True   max diff 0
channels_last_3d  aot_eager == eager: True   inductor == eager: False   max diff 282

===== draft 14 block 1
adaptive_max_pool3d_backward       indices strides (120, 1, 60, 20, 4)    same gradient as with contiguous indices: False
adaptive_max_pool2d_backward       indices strides (60, 1, 20, 4)         same gradient as with contiguous indices: True
max_pool3d_with_indices_backward   indices strides (96, 1, 32, 16, 4)     same gradient as with contiguous indices: True
fractional_max_pool2d_backward     indices strides (36, 1, 12, 4)         same gradient as with contiguous indices: False
fractional_max_pool3d_backward     indices strides (32, 1, 16, 8, 4)      same gradient as with contiguous indices: False

===== draft 15 block 0
logits / 1.0  eager (no compile)  out is x: False  x afterwards: [1.0, 1.0, 1.0]
logits / 1.0  aot_eager           out is x: False  x afterwards: [1.0, 1.0, 1.0]
logits / 1.0  inductor            out is x: True   x afterwards: [6.0, 6.0, 6.0]
logits / 0.9  eager (no compile)  out is x: False  x afterwards: [1.0, 1.0, 1.0]
logits / 0.9  aot_eager           out is x: False  x afterwards: [1.0, 1.0, 1.0]
logits / 0.9  inductor            out is x: False  x afterwards: [1.0, 1.0, 1.0]
buf * 1.0     eager (no compile)  out is x: False  x afterwards: [1.0, 1.0, 1.0]
buf * 1.0     aot_eager           out is x: False  x afterwards: [1.0, 1.0, 1.0]
buf * 1.0     inductor            out is x: True   x afterwards: [6.0, 6.0, 6.0]
x + 0         eager (no compile)  out is x: False  x afterwards: [1.0, 1.0, 1.0]
x + 0         aot_eager           out is x: False  x afterwards: [1.0, 1.0, 1.0]
x + 0         inductor            out is x: True   x afterwards: [6.0, 6.0, 6.0]

===== int abs(abs(x)) (MSVC-only?)
cpu torch.int8 5 equal True
cpu torch.int8 40 equal True
cpu torch.int16 5 equal True
cpu torch.int16 40 equal True
cpu torch.int32 5 equal True
cpu torch.int32 40 equal True
cpu torch.int64 5 equal True
cpu torch.int64 40 equal True
cuda torch.int8 5 equal True
cuda torch.int8 40 equal True
cuda torch.int16 5 equal True
cuda torch.int16 40 equal True
cuda torch.int32 5 equal True
cuda torch.int32 40 equal True
cuda torch.int64 5 equal True
cuda torch.int64 40 equal True

===== draft 15 on CUDA
cuda x / 1.0 aot_eager out is x: False x afterwards: [1.0, 1.0, 1.0]
cuda x / 1.0 inductor out is x: True x afterwards: [6.0, 6.0, 6.0]
cuda x * 1.0 aot_eager out is x: False x afterwards: [1.0, 1.0, 1.0]
cuda x * 1.0 inductor out is x: True x afterwards: [6.0, 6.0, 6.0]
cuda x + 0 aot_eager out is x: False x afterwards: [1.0, 1.0, 1.0]
cuda x + 0 inductor out is x: True x afterwards: [6.0, 6.0, 6.0]
cuda x / 0.9 aot_eager out is x: False x afterwards: [1.0, 1.0, 1.0]
cuda x / 0.9 inductor out is x: False x afterwards: [1.0, 1.0, 1.0]
===== draft 14 on CUDA (adaptive_max_pool3d channels_last_3d grad)
cuda adaptive_max_pool3d chlast grad equal: True max diff 0.0
JOB DONE
/usr/local/lib/python3.12/dist-packages/mistune.py:435: SyntaxWarning: invalid escape sequence '\|'
  cells[i][c] = re.sub('\\\\\|', '|', cell)
/usr/local/lib/python3.12/dist-packages/nbconvert/filters/filter_links.py:36: SyntaxWarning: invalid escape sequence '\_'
  text = re.sub(r'_', '\_', text) # Escape underscores in display text
[NbConvertApp] Converting notebook __script__.ipynb to html
[NbConvertApp] Writing 282365 bytes to __results__.html
