   ━━━━━━━━━━━━━━━━━━━━━━━━━━━━━━━━━━━━━━━━ 196.3/196.3 MB 8.9 MB/s eta 0:00:00
ERROR: pip's dependency resolver does not currently take into account all the packages that are installed. This behaviour is the source of the following dependency conflicts.
torchaudio 2.10.0+cpu requires torch==2.10.0, but you have torch 2.14.0+cpu which is incompatible.
torchvision 0.25.0+cpu requires torch==2.10.0, but you have torch 2.14.0+cpu which is incompatible.
===== deterministic_mode_parity.py
torch 2.14.0+cpu cuda False
!! cpu  put_(accumulate=False)               eager: raises       aot_eager: raises       inductor: runs
   cpu  kthvalue                             eager: runs         aot_eager: runs         inductor: runs
   cpu  median(dim) indices                  eager: runs         aot_eager: runs         inductor: runs
   cpu  bincount                             eager: runs         aot_eager: runs         inductor: runs
   cpu  histc                                eager: runs         aot_eager: runs         inductor: runs
   cpu  cumsum                               eager: runs         aot_eager: runs         inductor: runs
   cpu  scatter_(src tensor, dup idx)        eager: runs         aot_eager: runs         inductor: runs
   cpu  scatter_reduce prod                  eager: runs         aot_eager: runs         inductor: runs
   cpu  index_put_(accumulate=False, dup)    eager: runs         aot_eager: runs         inductor: runs
   cpu  index_copy                           eager: runs         aot_eager: runs         inductor: runs
   cpu  resize_ quantized-free               eager: runs         aot_eager: runs         inductor: runs
   cpu  interpolate bilinear backward        eager: runs         aot_eager: runs         inductor: runs
   cpu  interpolate bicubic backward         eager: runs         aot_eager: runs         inductor: runs
   cpu  interpolate linear backward          eager: runs         aot_eager: runs         inductor: runs
   cpu  interpolate trilinear backward       eager: runs         aot_eager: runs         inductor: runs
   cpu  grid_sample backward                 eager: runs         aot_eager: runs         inductor: runs
   cpu  max_pool3d backward                  eager: runs         aot_eager: runs         inductor: runs
   cpu  adaptive_max_pool2d backward         eager: runs         aot_eager: runs         inductor: runs
   cpu  adaptive_avg_pool2d backward         eager: runs         aot_eager: runs         inductor: runs
   cpu  adaptive_avg_pool3d backward         eager: runs         aot_eager: runs         inductor: runs
   cpu  avg_pool3d backward                  eager: runs         aot_eager: runs         inductor: runs
   cpu  fractional_max_pool2d backward       eager: runs         aot_eager: runs         inductor: runs
   cpu  reflection_pad1d backward            eager: runs         aot_eager: runs         inductor: runs
   cpu  reflection_pad2d backward            eager: runs         aot_eager: runs         inductor: runs
   cpu  replication_pad1d backward           eager: runs         aot_eager: runs         inductor: runs
   cpu  replication_pad2d backward           eager: runs         aot_eager: runs         inductor: runs
   cpu  nll_loss 2d backward                 eager: runs         aot_eager: runs         inductor: runs
   cpu  ctc_loss backward                    eager: runs         aot_eager: runs         inductor: runs
   cpu  embedding_bag max backward           eager: runs         aot_eager: runs         inductor: runs
   cpu  index_add backward-free fwd          eager: runs         aot_eager: runs         inductor: runs
   cpu  scatter_add fwd                      eager: runs         aot_eager: runs         inductor: runs
   cpu  gather backward (dup idx)            eager: runs         aot_eager: runs         inductor: runs
   cpu  take_along_dim backward              eager: runs         aot_eager: runs         inductor: runs
   cpu  index_select backward                eager: runs         aot_eager: runs         inductor: runs
   cpu  repeat_interleave backward           eager: runs         aot_eager: runs         inductor: runs
   cpu  cumsum backward                      eager: runs         aot_eager: runs         inductor: runs
--- fill_uninitialized_memory on cpu
!! cpu  empty(5)                             eager: filled       aot_eager: filled       inductor: NOT filled
!! cpu  empty_like(x)                        eager: filled       aot_eager: filled       inductor: NOT filled
!! cpu  x.new_empty(4)                       eager: filled       aot_eager: filled       inductor: NOT filled
!! cpu  empty(3, int32)                      eager: filled       aot_eager: filled       inductor: NOT filled
!! cpu  empty_strided                        eager: filled       aot_eager: filled       inductor: NOT filled
!! cpu  empty_permuted                       eager: filled       aot_eager: filled       inductor: NOT filled
!! cpu  x.new_empty_strided                  eager: filled       aot_eager: filled       inductor: NOT filled
===== safety_mechanisms_lost.py
torch 2.14.0+cpu
in-place on inference tensor outside InferenceMode   eager: raises RuntimeError              aot_eager: raises RuntimeError              inductor: returns [2.0, 2.0, 2.0]
in-place mul_ on inference tensor (+ reduction)      eager: raises RuntimeError              aot_eager: raises RuntimeError              inductor: returns [2.0, 2.0, 2.0]
deterministic: put_(accumulate=False)                eager: raises RuntimeError              aot_eager: raises RuntimeError              inductor: returns [0.0, 2.0, 0.0, 0.0]
deterministic: torch.put (functional)                eager: raises RuntimeError              aot_eager: raises RuntimeError              inductor: returns [0.0, 2.0, 0.0, 0.0]
deterministic: empty() is NaN-filled                 eager: returns True                     aot_eager: returns True                     inductor: returns True
deterministic: empty_like() is NaN-filled            eager: returns True                     aot_eager: returns True                     inductor: returns False
deterministic: new_empty() is NaN-filled             eager: returns True                     aot_eager: returns True                     inductor: returns False
deterministic: empty(int32) is MAX-filled            eager: returns True                     aot_eager: returns True                     inductor: returns False
deterministic: resize_ tail is NaN-filled            eager: returns True                     aot_eager: returns True                     inductor: returns True
deterministic: empty_strided is NaN-filled           eager: returns True                     aot_eager: returns True                     inductor: returns True
===== float_arg_cache_matrix.py
2.14.0+cpu FX_GRAPH_CACHE=default AUTOGRAD_CACHE=default
    d=0.9: ok
    d=0.5: ok
    d=0.25: WRONG got [0.75, 1.25, 1.75] want [1.0, 1.75, 2.5]
    d=0.75: WRONG got [1.25, 1.75, 2.25] want [1.0, 1.25, 1.5]
    d=0.5: ok
    d=0.1: WRONG got [0.6, 1.1, 1.6] want [1.0, 1.9, 2.8]
===== draft19.py
floor      raised RuntimeError, ZeroDivisionError in message: True
remainder  raised RuntimeError, ZeroDivisionError in message: True
trunc      process died, return code 0xfffffff8
   ━━━━━━━━━━━━━━━━━━━━━━━━━━━━━━━━━━━━━━━━ 199.4/199.4 MB 9.1 MB/s eta 0:00:00
ERROR: pip's dependency resolver does not currently take into account all the packages that are installed. This behaviour is the source of the following dependency conflicts.
torchaudio 2.10.0+cpu requires torch==2.10.0, but you have torch 2.15.0.dev20260921+cpu which is incompatible.
torchvision 0.25.0+cpu requires torch==2.10.0, but you have torch 2.15.0.dev20260921+cpu which is incompatible.
===== deterministic_mode_parity.py
torch 2.15.0.dev20260921+cpu cuda False
!! cpu  put_(accumulate=False)               eager: raises       aot_eager: raises       inductor: runs
   cpu  kthvalue                             eager: runs         aot_eager: runs         inductor: runs
   cpu  median(dim) indices                  eager: runs         aot_eager: runs         inductor: runs
   cpu  bincount                             eager: runs         aot_eager: runs         inductor: runs
   cpu  histc                                eager: runs         aot_eager: runs         inductor: runs
   cpu  cumsum                               eager: runs         aot_eager: runs         inductor: runs
   cpu  scatter_(src tensor, dup idx)        eager: runs         aot_eager: runs         inductor: runs
   cpu  scatter_reduce prod                  eager: runs         aot_eager: runs         inductor: runs
   cpu  index_put_(accumulate=False, dup)    eager: runs         aot_eager: runs         inductor: runs
   cpu  index_copy                           eager: runs         aot_eager: runs         inductor: runs
   cpu  resize_ quantized-free               eager: runs         aot_eager: runs         inductor: runs
   cpu  interpolate bilinear backward        eager: runs         aot_eager: runs         inductor: runs
   cpu  interpolate bicubic backward         eager: runs         aot_eager: runs         inductor: runs
   cpu  interpolate linear backward          eager: runs         aot_eager: runs         inductor: runs
   cpu  interpolate trilinear backward       eager: runs         aot_eager: runs         inductor: runs
   cpu  grid_sample backward                 eager: runs         aot_eager: runs         inductor: runs
   cpu  max_pool3d backward                  eager: runs         aot_eager: runs         inductor: runs
   cpu  adaptive_max_pool2d backward         eager: runs         aot_eager: runs         inductor: runs
   cpu  adaptive_avg_pool2d backward         eager: runs         aot_eager: runs         inductor: runs
   cpu  adaptive_avg_pool3d backward         eager: runs         aot_eager: runs         inductor: runs
   cpu  avg_pool3d backward                  eager: runs         aot_eager: runs         inductor: runs
   cpu  fractional_max_pool2d backward       eager: runs         aot_eager: runs         inductor: runs
   cpu  reflection_pad1d backward            eager: runs         aot_eager: runs         inductor: runs
   cpu  reflection_pad2d backward            eager: runs         aot_eager: runs         inductor: runs
   cpu  replication_pad1d backward           eager: runs         aot_eager: runs         inductor: runs
   cpu  replication_pad2d backward           eager: runs         aot_eager: runs         inductor: runs
   cpu  nll_loss 2d backward                 eager: runs         aot_eager: runs         inductor: runs
   cpu  ctc_loss backward                    eager: runs         aot_eager: runs         inductor: runs
   cpu  embedding_bag max backward           eager: runs         aot_eager: runs         inductor: runs
   cpu  index_add backward-free fwd          eager: runs         aot_eager: runs         inductor: runs
   cpu  scatter_add fwd                      eager: runs         aot_eager: runs         inductor: runs
   cpu  gather backward (dup idx)            eager: runs         aot_eager: runs         inductor: runs
   cpu  take_along_dim backward              eager: runs         aot_eager: runs         inductor: runs
   cpu  index_select backward                eager: runs         aot_eager: runs         inductor: runs
   cpu  repeat_interleave backward           eager: runs         aot_eager: runs         inductor: runs
   cpu  cumsum backward                      eager: runs         aot_eager: runs         inductor: runs
--- fill_uninitialized_memory on cpu
!! cpu  empty(5)                             eager: filled       aot_eager: filled       inductor: NOT filled
!! cpu  empty_like(x)                        eager: filled       aot_eager: filled       inductor: NOT filled
!! cpu  x.new_empty(4)                       eager: filled       aot_eager: filled       inductor: NOT filled
!! cpu  empty(3, int32)                      eager: filled       aot_eager: filled       inductor: NOT filled
!! cpu  empty_strided                        eager: filled       aot_eager: filled       inductor: NOT filled
!! cpu  empty_permuted                       eager: filled       aot_eager: filled       inductor: NOT filled
!! cpu  x.new_empty_strided                  eager: filled       aot_eager: filled       inductor: NOT filled
===== safety_mechanisms_lost.py
torch 2.15.0.dev20260921+cpu
in-place on inference tensor outside InferenceMode   eager: raises RuntimeError              aot_eager: raises RuntimeError              inductor: returns [2.0, 2.0, 2.0]
in-place mul_ on inference tensor (+ reduction)      eager: raises RuntimeError              aot_eager: raises RuntimeError              inductor: returns [2.0, 2.0, 2.0]
deterministic: put_(accumulate=False)                eager: raises RuntimeError              aot_eager: raises RuntimeError              inductor: returns [0.0, 2.0, 0.0, 0.0]
deterministic: torch.put (functional)                eager: raises RuntimeError              aot_eager: raises RuntimeError              inductor: returns [0.0, 2.0, 0.0, 0.0]
deterministic: empty() is NaN-filled                 eager: returns True                     aot_eager: returns True                     inductor: returns True
deterministic: empty_like() is NaN-filled            eager: returns True                     aot_eager: returns True                     inductor: returns False
deterministic: new_empty() is NaN-filled             eager: returns True                     aot_eager: returns True                     inductor: returns False
deterministic: empty(int32) is MAX-filled            eager: returns True                     aot_eager: returns True                     inductor: returns False
deterministic: resize_ tail is NaN-filled            eager: returns True                     aot_eager: returns True                     inductor: returns True
deterministic: empty_strided is NaN-filled           eager: returns True                     aot_eager: returns True                     inductor: returns True
===== float_arg_cache_matrix.py
2.15.0.dev20260921+cpu FX_GRAPH_CACHE=default AUTOGRAD_CACHE=default
    d=0.9: ok
    d=0.5: ok
    d=0.25: ok
    d=0.75: ok
    d=0.5: ok
    d=0.1: ok
===== draft19.py
floor      raised RuntimeError, ZeroDivisionError in message: True
remainder  raised RuntimeError, ZeroDivisionError in message: True
trunc      process died, return code 0xfffffff8
JOB DONE
/usr/local/lib/python3.12/dist-packages/mistune.py:435: SyntaxWarning: invalid escape sequence '\|'
  cells[i][c] = re.sub('\\\\\|', '|', cell)
/usr/local/lib/python3.12/dist-packages/nbconvert/filters/filter_links.py:36: SyntaxWarning: invalid escape sequence '\_'
  text = re.sub(r'_', '\_', text) # Escape underscores in display text
[NbConvertApp] Converting notebook __script__.ipynb to html
[NbConvertApp] Writing 291537 bytes to __results__.html
