[{"stream_name":"stdout","time":7.028969772,"data":"   ━━━━━━━━━━━━━━━━━━━━━━━━━━━━━━━━━━━━━━━━ 196.3/196.3 MB 9.2 MB/s eta 0:00:00\n"}
,{"stream_name":"stderr","time":44.150738991,"data":"ERROR: pip's dependency resolver does not currently take into account all the packages that are installed. This behaviour is the source of the following dependency conflicts.\n"}
,{"stream_name":"stderr","time":44.150802474,"data":"torchaudio 2.10.0+cpu requires torch==2.10.0, but you have torch 2.14.0+cpu which is incompatible.\n"}
,{"stream_name":"stderr","time":44.150807468,"data":"torchvision 0.25.0+cpu requires torch==2.10.0, but you have torch 2.14.0+cpu which is incompatible.\n"}
,{"stream_name":"stdout","time":46.69561007,"data":"torch 2.14.0+cpu device cpu\n"}
,{"stream_name":"stdout","time":65.861447707,"data":"mm              none: raises: one of the variables needed for gradient computation has bee | aot_eager: raises: one of the variables needed for gradient computation has bee | inductor: SILENT, gradient WRONG (max err 2)\n"}
,{"stream_name":"stdout","time":80.102673838,"data":"t_mm            none: raises: one of the variables needed for gradient computation has bee | aot_eager: raises: one of the variables needed for gradient computation has bee | inductor: raises: one of the variables needed for gradient computation has bee\n"}
,{"stream_name":"stdout","time":105.8638569,"data":"view_mul        none: raises: one of the variables needed for gradient computation has bee | aot_eager: raises: one of the variables needed for gradient computation has bee | inductor: raises: one of the variables needed for gradient computation has bee\n"}
,{"stream_name":"stdout","time":121.756311055,"data":"slice_mul       none: raises: one of the variables needed for gradient computation has bee | aot_eager: raises: one of the variables needed for gradient computation has bee | inductor: SILENT, gradient WRONG (max err 1)\n"}
,{"stream_name":"stdout","time":136.324147126,"data":"bmm             none: raises: one of the variables needed for gradient computation has bee | aot_eager: raises: one of the variables needed for gradient computation has bee | inductor: SILENT, gradient WRONG (max err 2)\n"}
,{"stream_name":"stdout","time":151.023751974,"data":"einsum          none: raises: one of the variables needed for gradient computation has bee | aot_eager: raises: one of the variables needed for gradient computation has bee | inductor: SILENT, gradient WRONG (max err 2)\n"}
,{"stream_name":"stdout","time":165.901084918,"data":"linear_3d       none: raises: one of the variables needed for gradient computation has bee | aot_eager: raises: one of the variables needed for gradient computation has bee | inductor: SILENT, gradient WRONG (max err 4)\n"}
,{"stream_name":"stdout","time":181.185324992,"data":"matmul_3d       none: raises: one of the variables needed for gradient computation has bee | aot_eager: raises: one of the variables needed for gradient computation has bee | inductor: SILENT, gradient WRONG (max err 4)\n"}
,{"stream_name":"stdout","time":198.980570811,"data":"addmm           none: raises: one of the variables needed for gradient computation has bee | aot_eager: raises: one of the variables needed for gradient computation has bee | inductor: SILENT, gradient WRONG (max err 2)\n"}
,{"stream_name":"stdout","time":214.276322282,"data":"mul_plain       none: raises: one of the variables needed for gradient computation has bee | aot_eager: raises: one of the variables needed for gradient computation has bee | inductor: raises: one of the variables needed for gradient computation has bee\n"}
,{"stream_name":"stdout","time":230.445331456,"data":"expand_mul      none: raises: one of the variables needed for gradient computation has bee | aot_eager: raises: one of the variables needed for gradient computation has bee | inductor: raises: one of the variables needed for gradient computation has bee\n"}
,{"stream_name":"stdout","time":248.308800062,"data":"attention_like  none: raises: one of the variables needed for gradient computation has bee | aot_eager: raises: one of the variables needed for gradient computation has bee | inductor: SILENT, gradient WRONG (max err 1.32)\n"}
,{"stream_name":"stdout","time":253.829763105,"data":"   ━━━━━━━━━━━━━━━━━━━━━━━━━━━━━━━━━━━━━━━━ 199.3/199.3 MB 9.6 MB/s eta 0:00:00\n"}
,{"stream_name":"stderr","time":275.942636757,"data":"ERROR: pip's dependency resolver does not currently take into account all the packages that are installed. This behaviour is the source of the following dependency conflicts.\n"}
,{"stream_name":"stderr","time":275.942678947,"data":"torchaudio 2.10.0+cpu requires torch==2.10.0, but you have torch 2.15.0.dev20260919+cpu which is incompatible.\n"}
,{"stream_name":"stderr","time":275.942686382,"data":"torchvision 0.25.0+cpu requires torch==2.10.0, but you have torch 2.15.0.dev20260919+cpu which is incompatible.\n"}
,{"stream_name":"stdout","time":277.977608704,"data":"torch 2.15.0.dev20260919+cpu device cpu\n"}
,{"stream_name":"stdout","time":293.212685166,"data":"mm              none: raises: one of the variables needed for gradient computation has bee | aot_eager: raises: one of the variables needed for gradient computation has bee | inductor: SILENT, gradient WRONG (max err 2)\n"}
,{"stream_name":"stdout","time":308.028052982,"data":"t_mm            none: raises: one of the variables needed for gradient computation has bee | aot_eager: raises: one of the variables needed for gradient computation has bee | inductor: raises: one of the variables needed for gradient computation has bee\n"}
,{"stream_name":"stdout","time":333.473312334,"data":"view_mul        none: raises: one of the variables needed for gradient computation has bee | aot_eager: raises: one of the variables needed for gradient computation has bee | inductor: raises: one of the variables needed for gradient computation has bee\n"}
,{"stream_name":"stdout","time":349.80334424,"data":"slice_mul       none: raises: one of the variables needed for gradient computation has bee | aot_eager: raises: one of the variables needed for gradient computation has bee | inductor: SILENT, gradient WRONG (max err 1)\n"}
,{"stream_name":"stdout","time":365.204490641,"data":"bmm             none: raises: one of the variables needed for gradient computation has bee | aot_eager: raises: one of the variables needed for gradient computation has bee | inductor: SILENT, gradient WRONG (max err 2)\n"}
,{"stream_name":"stdout","time":380.74567057,"data":"einsum          none: raises: one of the variables needed for gradient computation has bee | aot_eager: raises: one of the variables needed for gradient computation has bee | inductor: SILENT, gradient WRONG (max err 2)\n"}
,{"stream_name":"stdout","time":396.217329786,"data":"linear_3d       none: raises: one of the variables needed for gradient computation has bee | aot_eager: raises: one of the variables needed for gradient computation has bee | inductor: SILENT, gradient WRONG (max err 4)\n"}
,{"stream_name":"stdout","time":411.752246558,"data":"matmul_3d       none: raises: one of the variables needed for gradient computation has bee | aot_eager: raises: one of the variables needed for gradient computation has bee | inductor: SILENT, gradient WRONG (max err 4)\n"}
,{"stream_name":"stdout","time":429.506872522,"data":"addmm           none: raises: one of the variables needed for gradient computation has bee | aot_eager: raises: one of the variables needed for gradient computation has bee | inductor: SILENT, gradient WRONG (max err 2)\n"}
,{"stream_name":"stdout","time":445.194621446,"data":"mul_plain       none: raises: one of the variables needed for gradient computation has bee | aot_eager: raises: one of the variables needed for gradient computation has bee | inductor: raises: one of the variables needed for gradient computation has bee\n"}
,{"stream_name":"stdout","time":462.057160367,"data":"expand_mul      none: raises: one of the variables needed for gradient computation has bee | aot_eager: raises: one of the variables needed for gradient computation has bee | inductor: raises: one of the variables needed for gradient computation has bee\n"}
,{"stream_name":"stdout","time":480.335614556,"data":"attention_like  none: raises: one of the variables needed for gradient computation has bee | aot_eager: raises: one of the variables needed for gradient computation has bee | inductor: SILENT, gradient WRONG (max err 1.32)\n"}
,{"stream_name":"stdout","time":480.834977545,"data":"JOB DONE\n"}
,{"stream_name":"stderr","time":483.512318527,"data":"/usr/local/lib/python3.12/dist-packages/mistune.py:435: SyntaxWarning: invalid escape sequence '\\|'\n"}
,{"stream_name":"stderr","time":483.512355505,"data":"  cells[i][c] = re.sub('\\\\\\\\\\|', '|', cell)\n"}
,{"stream_name":"stderr","time":483.832122774,"data":"/usr/local/lib/python3.12/dist-packages/nbconvert/filters/filter_links.py:36: SyntaxWarning: invalid escape sequence '\\_'\n"}
,{"stream_name":"stderr","time":483.832162195,"data":"  text = re.sub(r'_', '\\_', text) # Escape underscores in display text\n"}
,{"stream_name":"stderr","time":484.602248764,"data":"[NbConvertApp] Converting notebook __script__.ipynb to html\n"}
,{"stream_name":"stderr","time":486.189908392,"data":"[NbConvertApp] Writing 278546 bytes to __results__.html\n"}
]