[{"stream_name":"stdout","time":14.562068092,"data":"   ━━━━━━━━━━━━━━━━━━━━━━━━━━━━━━━━━━━━━━━━ 554.6/554.6 MB 3.4 MB/s eta 0:00:00\n"}
,{"stream_name":"stdout","time":21.172956581,"data":"   ━━━━━━━━━━━━━━━━━━━━━━━━━━━━━━━━━━━━━━━━ 553.1/553.1 MB 2.9 MB/s eta 0:00:00\n"}
,{"stream_name":"stdout","time":23.315082699,"data":"   ━━━━━━━━━━━━━━━━━━━━━━━━━━━━━━━━━━━━━━━━ 170.1/170.1 MB 7.8 MB/s eta 0:00:00\n"}
,{"stream_name":"stdout","time":25.549934001,"data":"   ━━━━━━━━━━━━━━━━━━━━━━━━━━━━━━━━━━━━━━━━ 216.0/216.0 MB 8.3 MB/s eta 0:00:00\n"}
,{"stream_name":"stdout","time":26.116175918,"data":"   ━━━━━━━━━━━━━━━━━━━━━━━━━━━━━━━━━━━━━━━━ 60.4/60.4 MB 31.8 MB/s eta 0:00:00\n"}
,{"stream_name":"stdout","time":31.449012063,"data":"   ━━━━━━━━━━━━━━━━━━━━━━━━━━━━━━━━━━━━━━━━ 423.1/423.1 MB 3.3 MB/s eta 0:00:00\n"}
,{"stream_name":"stdout","time":31.573794916,"data":"   ━━━━━━━━━━━━━━━━━━━━━━━━━━━━━━━━━━━━━━━━ 10.7/10.7 MB 95.8 MB/s eta 0:00:00\n"}
,{"stream_name":"stdout","time":32.503271117,"data":"   ━━━━━━━━━━━━━━━━━━━━━━━━━━━━━━━━━━━━━━━━ 90.2/90.2 MB 20.8 MB/s eta 0:00:00\n"}
,{"stream_name":"stdout","time":32.551916675,"data":"   ━━━━━━━━━━━━━━━━━━━━━━━━━━━━━━━━━━━━━━━━ 2.2/2.2 MB 71.3 MB/s eta 0:00:00\n"}
,{"stream_name":"stdout","time":35.371723893,"data":"   ━━━━━━━━━━━━━━━━━━━━━━━━━━━━━━━━━━━━━━━━ 214.1/214.1 MB 7.2 MB/s eta 0:00:00\n"}
,{"stream_name":"stdout","time":36.512864146,"data":"   ━━━━━━━━━━━━━━━━━━━━━━━━━━━━━━━━━━━━━━━━ 1.2/1.2 MB 1.1 MB/s eta 0:00:00\n"}
,{"stream_name":"stdout","time":37.681459013,"data":"   ━━━━━━━━━━━━━━━━━━━━━━━━━━━━━━━━━━━━━━━━ 59.5/59.5 MB 12.5 MB/s eta 0:00:00\n"}
,{"stream_name":"stdout","time":40.06342279,"data":"   ━━━━━━━━━━━━━━━━━━━━━━━━━━━━━━━━━━━━━━━━ 200.9/200.9 MB 9.2 MB/s eta 0:00:00\n"}
,{"stream_name":"stdout","time":41.770371786,"data":"   ━━━━━━━━━━━━━━━━━━━━━━━━━━━━━━━━━━━━━━━━ 145.9/145.9 MB 12.3 MB/s eta 0:00:00\n"}
,{"stream_name":"stdout","time":41.803531086,"data":"   ━━━━━━━━━━━━━━━━━━━━━━━━━━━━━━━━━━━━━━━━ 148.0/148.0 kB 8.1 MB/s eta 0:00:00\n"}
,{"stream_name":"stdout","time":41.899168885,"data":"   ━━━━━━━━━━━━━━━━━━━━━━━━━━━━━━━━━━━━━━━━ 7.2/7.2 MB 90.1 MB/s eta 0:00:00\n"}
,{"stream_name":"stdout","time":45.399385699,"data":"   ━━━━━━━━━━━━━━━━━━━━━━━━━━━━━━━━━━━━━━━━ 248.0/248.0 MB 5.1 MB/s eta 0:00:00\n"}
,{"stream_name":"stdout","time":45.844252444,"data":"   ━━━━━━━━━━━━━━━━━━━━━━━━━━━━━━━━━━━━━━━━ 42.5/42.5 MB 43.3 MB/s eta 0:00:00\n"}
,{"stream_name":"stderr","time":188.205626932,"data":"ERROR: pip's dependency resolver does not currently take into account all the packages that are installed. This behaviour is the source of the following dependency conflicts.\n"}
,{"stream_name":"stderr","time":188.205669539,"data":"libcuml-cu12 26.2.0 requires cuda-toolkit[cublas,cufft,curand,cusolver,cusparse]==12.*, but you have cuda-toolkit 13.0.3.0 which is incompatible.\n"}
,{"stream_name":"stderr","time":188.205676584,"data":"cuml-cu12 26.2.0 requires cuda-toolkit[cublas,cufft,curand,cusolver,cusparse]==12.*, but you have cuda-toolkit 13.0.3.0 which is incompatible.\n"}
,{"stream_name":"stderr","time":188.205681358,"data":"cuda-python 12.9.4 requires cuda-bindings~=12.9.4, but you have cuda-bindings 13.4.2 which is incompatible.\n"}
,{"stream_name":"stderr","time":188.205685808,"data":"torchaudio 2.10.0+cu128 requires torch==2.10.0, but you have torch 2.14.0 which is incompatible.\n"}
,{"stream_name":"stderr","time":188.205690404,"data":"torchvision 0.25.0+cu128 requires torch==2.10.0, but you have torch 2.14.0 which is incompatible.\n"}
,{"stream_name":"stderr","time":188.205730535,"data":"cudf-cu12 26.2.1 requires cuda-toolkit[nvcc,nvrtc]==12.*, but you have cuda-toolkit 13.0.3.0 which is incompatible.\n"}
,{"stream_name":"stderr","time":188.205736436,"data":"libcuvs-cu12 26.2.0 requires cuda-toolkit[cublas,curand,cusolver,cusparse]==12.*, but you have cuda-toolkit 13.0.3.0 which is incompatible.\n"}
,{"stream_name":"stderr","time":188.205741289,"data":"libraft-cu12 26.2.0 requires cuda-toolkit[cublas,curand,cusolver,cusparse]==12.*, but you have cuda-toolkit 13.0.3.0 which is incompatible.\n"}
,{"stream_name":"stdout","time":193.794618936,"data":"torch 2.14.0+cu130 device cuda\n"}
,{"stream_name":"stdout","time":219.856283834,"data":"mm              none: raises: one of the variables needed for gradient computation has bee | aot_eager: raises: one of the variables needed for gradient computation has bee | inductor: SILENT, gradient WRONG (max err 2)\n"}
,{"stream_name":"stdout","time":240.100425165,"data":"t_mm            none: raises: one of the variables needed for gradient computation has bee | aot_eager: raises: one of the variables needed for gradient computation has bee | inductor: raises: one of the variables needed for gradient computation has bee\n"}
,{"stream_name":"stdout","time":260.281622505,"data":"view_mul        none: raises: one of the variables needed for gradient computation has bee | aot_eager: raises: one of the variables needed for gradient computation has bee | inductor: raises: one of the variables needed for gradient computation has bee\n"}
,{"stream_name":"stdout","time":280.322531582,"data":"slice_mul       none: raises: one of the variables needed for gradient computation has bee | aot_eager: raises: one of the variables needed for gradient computation has bee | inductor: SILENT, gradient WRONG (max err 1)\n"}
,{"stream_name":"stdout","time":300.674610866,"data":"bmm             none: raises: one of the variables needed for gradient computation has bee | aot_eager: raises: one of the variables needed for gradient computation has bee | inductor: SILENT, gradient WRONG (max err 2)\n"}
,{"stream_name":"stdout","time":320.883868131,"data":"einsum          none: raises: one of the variables needed for gradient computation has bee | aot_eager: raises: one of the variables needed for gradient computation has bee | inductor: SILENT, gradient WRONG (max err 2)\n"}
,{"stream_name":"stdout","time":341.365266441,"data":"linear_3d       none: raises: one of the variables needed for gradient computation has bee | aot_eager: raises: one of the variables needed for gradient computation has bee | inductor: SILENT, gradient WRONG (max err 4)\n"}
,{"stream_name":"stdout","time":361.637408199,"data":"matmul_3d       none: raises: one of the variables needed for gradient computation has bee | aot_eager: raises: one of the variables needed for gradient computation has bee | inductor: SILENT, gradient WRONG (max err 4)\n"}
,{"stream_name":"stdout","time":381.920865293,"data":"addmm           none: raises: one of the variables needed for gradient computation has bee | aot_eager: raises: one of the variables needed for gradient computation has bee | inductor: SILENT, gradient WRONG (max err 2)\n"}
,{"stream_name":"stdout","time":402.217228564,"data":"mul_plain       none: raises: one of the variables needed for gradient computation has bee | aot_eager: raises: one of the variables needed for gradient computation has bee | inductor: raises: one of the variables needed for gradient computation has bee\n"}
,{"stream_name":"stdout","time":422.417638091,"data":"expand_mul      none: raises: one of the variables needed for gradient computation has bee | aot_eager: raises: one of the variables needed for gradient computation has bee | inductor: raises: one of the variables needed for gradient computation has bee\n"}
,{"stream_name":"stdout","time":442.827968582,"data":"attention_like  none: raises: one of the variables needed for gradient computation has bee | aot_eager: raises: one of the variables needed for gradient computation has bee | inductor: SILENT, gradient WRONG (max err 1.32)\n"}
,{"stream_name":"stdout","time":445.042200622,"data":"torch 2.14.0+cu130 device cpu\n"}
,{"stream_name":"stdout","time":461.217313835,"data":"mm              none: raises: one of the variables needed for gradient computation has bee | aot_eager: raises: one of the variables needed for gradient computation has bee | inductor: SILENT, gradient WRONG (max err 2)\n"}
,{"stream_name":"stdout","time":477.457792618,"data":"t_mm            none: raises: one of the variables needed for gradient computation has bee | aot_eager: raises: one of the variables needed for gradient computation has bee | inductor: raises: one of the variables needed for gradient computation has bee\n"}
,{"stream_name":"stdout","time":505.713803152,"data":"view_mul        none: raises: one of the variables needed for gradient computation has bee | aot_eager: raises: one of the variables needed for gradient computation has bee | inductor: raises: one of the variables needed for gradient computation has bee\n"}
,{"stream_name":"stdout","time":523.069597725,"data":"slice_mul       none: raises: one of the variables needed for gradient computation has bee | aot_eager: raises: one of the variables needed for gradient computation has bee | inductor: SILENT, gradient WRONG (max err 1)\n"}
,{"stream_name":"stdout","time":539.630866038,"data":"bmm             none: raises: one of the variables needed for gradient computation has bee | aot_eager: raises: one of the variables needed for gradient computation has bee | inductor: SILENT, gradient WRONG (max err 2)\n"}
,{"stream_name":"stdout","time":556.319161629,"data":"einsum          none: raises: one of the variables needed for gradient computation has bee | aot_eager: raises: one of the variables needed for gradient computation has bee | inductor: SILENT, gradient WRONG (max err 2)\n"}
,{"stream_name":"stdout","time":572.790958235,"data":"linear_3d       none: raises: one of the variables needed for gradient computation has bee | aot_eager: raises: one of the variables needed for gradient computation has bee | inductor: SILENT, gradient WRONG (max err 4)\n"}
,{"stream_name":"stdout","time":588.993956925,"data":"matmul_3d       none: raises: one of the variables needed for gradient computation has bee | aot_eager: raises: one of the variables needed for gradient computation has bee | inductor: SILENT, gradient WRONG (max err 4)\n"}
,{"stream_name":"stdout","time":607.582957145,"data":"addmm           none: raises: one of the variables needed for gradient computation has bee | aot_eager: raises: one of the variables needed for gradient computation has bee | inductor: SILENT, gradient WRONG (max err 2)\n"}
,{"stream_name":"stdout","time":624.231280497,"data":"mul_plain       none: raises: one of the variables needed for gradient computation has bee | aot_eager: raises: one of the variables needed for gradient computation has bee | inductor: raises: one of the variables needed for gradient computation has bee\n"}
,{"stream_name":"stdout","time":642.00801115,"data":"expand_mul      none: raises: one of the variables needed for gradient computation has bee | aot_eager: raises: one of the variables needed for gradient computation has bee | inductor: raises: one of the variables needed for gradient computation has bee\n"}
,{"stream_name":"stdout","time":660.83482041,"data":"attention_like  none: raises: one of the variables needed for gradient computation has bee | aot_eager: raises: one of the variables needed for gradient computation has bee | inductor: SILENT, gradient WRONG (max err 1.32)\n"}
,{"stream_name":"stdout","time":661.259497416,"data":"JOB DONE\n"}
,{"stream_name":"stderr","time":663.518164865,"data":"/usr/local/lib/python3.12/dist-packages/mistune.py:435: SyntaxWarning: invalid escape sequence '\\|'\n"}
,{"stream_name":"stderr","time":663.518194223,"data":"  cells[i][c] = re.sub('\\\\\\\\\\|', '|', cell)\n"}
,{"stream_name":"stderr","time":663.849060161,"data":"/usr/local/lib/python3.12/dist-packages/nbconvert/filters/filter_links.py:36: SyntaxWarning: invalid escape sequence '\\_'\n"}
,{"stream_name":"stderr","time":663.849088545,"data":"  text = re.sub(r'_', '\\_', text) # Escape underscores in display text\n"}
,{"stream_name":"stderr","time":664.55410294,"data":"[NbConvertApp] Converting notebook __script__.ipynb to html\n"}
,{"stream_name":"stderr","time":666.024258487,"data":"[NbConvertApp] Writing 278495 bytes to __results__.html\n"}
]