[{"stream_name":"stdout","time":7.7961282480000005,"data":"   ━━━━━━━━━━━━━━━━━━━━━━━━━━━━━━━━━━━━━━━━ 196.3/196.3 MB 9.1 MB/s eta 0:00:00\n"}
,{"stream_name":"stderr","time":48.949812961,"data":"ERROR: pip's dependency resolver does not currently take into account all the packages that are installed. This behaviour is the source of the following dependency conflicts.\n"}
,{"stream_name":"stderr","time":48.949877441,"data":"torchaudio 2.10.0+cpu requires torch==2.10.0, but you have torch 2.14.0+cpu which is incompatible.\n"}
,{"stream_name":"stderr","time":48.949884372,"data":"torchvision 0.25.0+cpu requires torch==2.10.0, but you have torch 2.14.0+cpu which is incompatible.\n"}
,{"stream_name":"stdout","time":51.601727297,"data":"torch 2.14.0+cpu\n"}
,{"stream_name":"stdout","time":51.60176739,"data":"\n"}
,{"stream_name":"stdout","time":51.601774884,"data":"===== draft 12\n"}
,{"stream_name":"stdout","time":58.040383489,"data":"dict +=       eager {'n': 2}           compiled {'n': 0}\n"}
,{"stream_name":"stdout","time":58.040434249,"data":"dict setitem  eager {'n': 0, 'k': 1}   compiled {'n': 0}\n"}
,{"stream_name":"stdout","time":58.040441469,"data":"list append   eager [1, 1]             compiled []\n"}
,{"stream_name":"stdout","time":58.040446598,"data":"list +=       eager [1, 1]             compiled []\n"}
,{"stream_name":"stdout","time":58.040451018,"data":"\n"}
,{"stream_name":"stdout","time":58.040454346,"data":"===== draft 13\n"}
,{"stream_name":"stdout","time":84.382255372,"data":"max_pool2d k=3 (window 9)   values equal=True  indices equal=True  compiled indices point at the max=True  grad equal=True\n"}
,{"stream_name":"stdout","time":84.3823017,"data":"max_pool2d k=6 (window 36)  values equal=True  indices equal=False  compiled indices point at the max=False  grad equal=False\n"}
,{"stream_name":"stdout","time":84.382309101,"data":"max_pool3d k=2 (window 8)   values equal=True  indices equal=True  compiled indices point at the max=True  grad equal=True\n"}
,{"stream_name":"stdout","time":84.382314453,"data":"max_pool3d k=3 (window 27)  values equal=True  indices equal=False  compiled indices point at the max=False  grad equal=False\n"}
,{"stream_name":"stdout","time":84.382320052,"data":"\n"}
,{"stream_name":"stdout","time":84.382324419,"data":"===== draft 13 on CUDA\n"}
,{"stream_name":"stdout","time":84.382329155,"data":"no cuda\n"}
,{"stream_name":"stdout","time":91.805302528,"data":"   ━━━━━━━━━━━━━━━━━━━━━━━━━━━━━━━━━━━━━━━━ 199.4/199.4 MB 9.1 MB/s eta 0:00:00\n"}
,{"stream_name":"stderr","time":114.233349501,"data":"ERROR: pip's dependency resolver does not currently take into account all the packages that are installed. This behaviour is the source of the following dependency conflicts.\n"}
,{"stream_name":"stderr","time":114.233394539,"data":"torchaudio 2.10.0+cpu requires torch==2.10.0, but you have torch 2.15.0.dev20260920+cpu which is incompatible.\n"}
,{"stream_name":"stderr","time":114.233400919,"data":"torchvision 0.25.0+cpu requires torch==2.10.0, but you have torch 2.15.0.dev20260920+cpu which is incompatible.\n"}
,{"stream_name":"stdout","time":116.288613822,"data":"torch 2.15.0.dev20260920+cpu\n"}
,{"stream_name":"stdout","time":116.288651797,"data":"\n"}
,{"stream_name":"stdout","time":116.288658151,"data":"===== draft 12\n"}
,{"stream_name":"stdout","time":118.667067642,"data":"dict +=       eager {'n': 2}           compiled {'n': 0}\n"}
,{"stream_name":"stdout","time":118.667123404,"data":"dict setitem  eager {'n': 0, 'k': 1}   compiled {'n': 0}\n"}
,{"stream_name":"stdout","time":118.667129979,"data":"list append   eager [1, 1]             compiled []\n"}
,{"stream_name":"stdout","time":118.667152627,"data":"list +=       eager [1, 1]             compiled []\n"}
,{"stream_name":"stdout","time":118.667157026,"data":"\n"}
,{"stream_name":"stdout","time":118.667160563,"data":"===== draft 13\n"}
,{"stream_name":"stdout","time":143.385705272,"data":"max_pool2d k=3 (window 9)   values equal=True  indices equal=True  compiled indices point at the max=True  grad equal=True\n"}
,{"stream_name":"stdout","time":143.385754306,"data":"max_pool2d k=6 (window 36)  values equal=True  indices equal=False  compiled indices point at the max=False  grad equal=False\n"}
,{"stream_name":"stdout","time":143.385760937,"data":"max_pool3d k=2 (window 8)   values equal=True  indices equal=True  compiled indices point at the max=True  grad equal=True\n"}
,{"stream_name":"stdout","time":143.385766085,"data":"max_pool3d k=3 (window 27)  values equal=True  indices equal=False  compiled indices point at the max=False  grad equal=False\n"}
,{"stream_name":"stdout","time":143.385771081,"data":"\n"}
,{"stream_name":"stdout","time":143.385775615,"data":"===== draft 13 on CUDA\n"}
,{"stream_name":"stdout","time":143.385780111,"data":"no cuda\n"}
,{"stream_name":"stdout","time":144.938009016,"data":"JOB DONE\n"}
,{"stream_name":"stderr","time":147.88377723,"data":"/usr/local/lib/python3.12/dist-packages/mistune.py:435: SyntaxWarning: invalid escape sequence '\\|'\n"}
,{"stream_name":"stderr","time":147.883823612,"data":"  cells[i][c] = re.sub('\\\\\\\\\\|', '|', cell)\n"}
,{"stream_name":"stderr","time":148.346478334,"data":"/usr/local/lib/python3.12/dist-packages/nbconvert/filters/filter_links.py:36: SyntaxWarning: invalid escape sequence '\\_'\n"}
,{"stream_name":"stderr","time":148.346513318,"data":"  text = re.sub(r'_', '\\_', text) # Escape underscores in display text\n"}
,{"stream_name":"stderr","time":149.155621955,"data":"[NbConvertApp] Converting notebook __script__.ipynb to html\n"}
,{"stream_name":"stderr","time":151.027685656,"data":"[NbConvertApp] Writing 279374 bytes to __results__.html\n"}
]