[{"stream_name":"stdout","time":10.471602176,"data":"   ━━━━━━━━━━━━━━━━━━━━━━━━━━━━━━━━━━━━━━━━ 554.6/554.6 MB 3.0 MB/s eta 0:00:00\n"}
,{"stream_name":"stdout","time":16.372222525,"data":"   ━━━━━━━━━━━━━━━━━━━━━━━━━━━━━━━━━━━━━━━━ 553.1/553.1 MB 3.4 MB/s eta 0:00:00\n"}
,{"stream_name":"stdout","time":17.886459847,"data":"   ━━━━━━━━━━━━━━━━━━━━━━━━━━━━━━━━━━━━━━━━ 170.1/170.1 MB 11.3 MB/s eta 0:00:00\n"}
,{"stream_name":"stdout","time":20.079049146,"data":"   ━━━━━━━━━━━━━━━━━━━━━━━━━━━━━━━━━━━━━━━━ 216.0/216.0 MB 8.7 MB/s eta 0:00:00\n"}
,{"stream_name":"stdout","time":20.65459076,"data":"   ━━━━━━━━━━━━━━━━━━━━━━━━━━━━━━━━━━━━━━━━ 60.4/60.4 MB 32.7 MB/s eta 0:00:00\n"}
,{"stream_name":"stdout","time":25.674253907,"data":"   ━━━━━━━━━━━━━━━━━━━━━━━━━━━━━━━━━━━━━━━━ 423.1/423.1 MB 3.5 MB/s eta 0:00:00\n"}
,{"stream_name":"stdout","time":25.771337135,"data":"   ━━━━━━━━━━━━━━━━━━━━━━━━━━━━━━━━━━━━━━━━ 10.7/10.7 MB 115.9 MB/s eta 0:00:00\n"}
,{"stream_name":"stdout","time":26.846365498,"data":"   ━━━━━━━━━━━━━━━━━━━━━━━━━━━━━━━━━━━━━━━━ 90.2/90.2 MB 15.1 MB/s eta 0:00:00\n"}
,{"stream_name":"stdout","time":27.706506156,"data":"   ━━━━━━━━━━━━━━━━━━━━━━━━━━━━━━━━━━━━━━━━ 2.2/2.2 MB 2.6 MB/s eta 0:00:00\n"}
,{"stream_name":"stdout","time":30.462234327,"data":"   ━━━━━━━━━━━━━━━━━━━━━━━━━━━━━━━━━━━━━━━━ 214.1/214.1 MB 5.4 MB/s eta 0:00:00\n"}
,{"stream_name":"stdout","time":30.491362874,"data":"   ━━━━━━━━━━━━━━━━━━━━━━━━━━━━━━━━━━━━━━━━ 1.2/1.2 MB 52.5 MB/s eta 0:00:00\n"}
,{"stream_name":"stdout","time":30.984147291,"data":"   ━━━━━━━━━━━━━━━━━━━━━━━━━━━━━━━━━━━━━━━━ 59.5/59.5 MB 34.3 MB/s eta 0:00:00\n"}
,{"stream_name":"stdout","time":32.813917329,"data":"   ━━━━━━━━━━━━━━━━━━━━━━━━━━━━━━━━━━━━━━━━ 200.9/200.9 MB 9.5 MB/s eta 0:00:00\n"}
,{"stream_name":"stdout","time":36.315372945,"data":"   ━━━━━━━━━━━━━━━━━━━━━━━━━━━━━━━━━━━━━━━━ 145.9/145.9 MB 3.5 MB/s eta 0:00:00\n"}
,{"stream_name":"stdout","time":36.333221993,"data":"   ━━━━━━━━━━━━━━━━━━━━━━━━━━━━━━━━━━━━━━━━ 148.0/148.0 kB 12.4 MB/s eta 0:00:00\n"}
,{"stream_name":"stdout","time":36.408347866,"data":"   ━━━━━━━━━━━━━━━━━━━━━━━━━━━━━━━━━━━━━━━━ 7.2/7.2 MB 103.0 MB/s eta 0:00:00\n"}
,{"stream_name":"stdout","time":38.792328217,"data":"   ━━━━━━━━━━━━━━━━━━━━━━━━━━━━━━━━━━━━━━━━ 248.0/248.0 MB 7.7 MB/s eta 0:00:00\n"}
,{"stream_name":"stdout","time":39.179043281,"data":"   ━━━━━━━━━━━━━━━━━━━━━━━━━━━━━━━━━━━━━━━━ 42.5/42.5 MB 48.0 MB/s eta 0:00:00\n"}
,{"stream_name":"stderr","time":127.135929752,"data":"ERROR: pip's dependency resolver does not currently take into account all the packages that are installed. This behaviour is the source of the following dependency conflicts.\n"}
,{"stream_name":"stderr","time":127.135985066,"data":"libcuml-cu12 26.2.0 requires cuda-toolkit[cublas,cufft,curand,cusolver,cusparse]==12.*, but you have cuda-toolkit 13.0.3.0 which is incompatible.\n"}
,{"stream_name":"stderr","time":127.136027331,"data":"cuml-cu12 26.2.0 requires cuda-toolkit[cublas,cufft,curand,cusolver,cusparse]==12.*, but you have cuda-toolkit 13.0.3.0 which is incompatible.\n"}
,{"stream_name":"stderr","time":127.136032508,"data":"cuda-python 12.9.4 requires cuda-bindings~=12.9.4, but you have cuda-bindings 13.4.2 which is incompatible.\n"}
,{"stream_name":"stderr","time":127.1360372,"data":"torchaudio 2.10.0+cu128 requires torch==2.10.0, but you have torch 2.14.0 which is incompatible.\n"}
,{"stream_name":"stderr","time":127.136041668,"data":"torchvision 0.25.0+cu128 requires torch==2.10.0, but you have torch 2.14.0 which is incompatible.\n"}
,{"stream_name":"stderr","time":127.136051186,"data":"cudf-cu12 26.2.1 requires cuda-toolkit[nvcc,nvrtc]==12.*, but you have cuda-toolkit 13.0.3.0 which is incompatible.\n"}
,{"stream_name":"stderr","time":127.13605483,"data":"libcuvs-cu12 26.2.0 requires cuda-toolkit[cublas,curand,cusolver,cusparse]==12.*, but you have cuda-toolkit 13.0.3.0 which is incompatible.\n"}
,{"stream_name":"stderr","time":127.136065105,"data":"libraft-cu12 26.2.0 requires cuda-toolkit[cublas,curand,cusolver,cusparse]==12.*, but you have cuda-toolkit 13.0.3.0 which is incompatible.\n"}
,{"stream_name":"stdout","time":130.521965431,"data":"torch 2.14.0+cu130\n"}
,{"stream_name":"stdout","time":130.522010688,"data":"\n"}
,{"stream_name":"stdout","time":130.522018024,"data":"===== draft 12\n"}
,{"stream_name":"stdout","time":136.251015487,"data":"dict +=       eager {'n': 2}           compiled {'n': 0}\n"}
,{"stream_name":"stdout","time":136.251055664,"data":"dict setitem  eager {'n': 0, 'k': 1}   compiled {'n': 0}\n"}
,{"stream_name":"stdout","time":136.251066441,"data":"list append   eager [1, 1]             compiled []\n"}
,{"stream_name":"stdout","time":136.251069812,"data":"list +=       eager [1, 1]             compiled []\n"}
,{"stream_name":"stdout","time":136.251072907,"data":"\n"}
,{"stream_name":"stdout","time":136.251075881,"data":"===== draft 13\n"}
,{"stream_name":"stdout","time":160.941600984,"data":"max_pool2d k=3 (window 9)   values equal=True  indices equal=True  compiled indices point at the max=True  grad equal=True\n"}
,{"stream_name":"stdout","time":160.941637321,"data":"max_pool2d k=6 (window 36)  values equal=True  indices equal=False  compiled indices point at the max=False  grad equal=False\n"}
,{"stream_name":"stdout","time":160.941643736,"data":"max_pool3d k=2 (window 8)   values equal=True  indices equal=True  compiled indices point at the max=True  grad equal=True\n"}
,{"stream_name":"stdout","time":160.941648817,"data":"max_pool3d k=3 (window 27)  values equal=True  indices equal=False  compiled indices point at the max=False  grad equal=False\n"}
,{"stream_name":"stdout","time":160.941653975,"data":"\n"}
,{"stream_name":"stdout","time":160.941658023,"data":"===== draft 13 on CUDA\n"}
,{"stream_name":"stdout","time":168.829878936,"data":"cuda max_pool2d k=3 (window 9) values equal True indices equal True grad equal True\n"}
,{"stream_name":"stdout","time":168.829911166,"data":"cuda max_pool2d k=6 (window 36) values equal True indices equal False grad equal False\n"}
,{"stream_name":"stdout","time":168.829917544,"data":"cuda max_pool3d k=2 (window 8) values equal True indices equal True grad equal True\n"}
,{"stream_name":"stdout","time":168.829938727,"data":"cuda max_pool3d k=3 (window 27) values equal True indices equal False grad equal False\n"}
,{"stream_name":"stdout","time":171.575197374,"data":"JOB DONE\n"}
,{"stream_name":"stderr","time":173.447498916,"data":"/usr/local/lib/python3.12/dist-packages/mistune.py:435: SyntaxWarning: invalid escape sequence '\\|'\n"}
,{"stream_name":"stderr","time":173.447532272,"data":"  cells[i][c] = re.sub('\\\\\\\\\\|', '|', cell)\n"}
,{"stream_name":"stderr","time":173.640585644,"data":"/usr/local/lib/python3.12/dist-packages/nbconvert/filters/filter_links.py:36: SyntaxWarning: invalid escape sequence '\\_'\n"}
,{"stream_name":"stderr","time":173.64060721,"data":"  text = re.sub(r'_', '\\_', text) # Escape underscores in display text\n"}
,{"stream_name":"stderr","time":174.228474908,"data":"[NbConvertApp] Converting notebook __script__.ipynb to html\n"}
,{"stream_name":"stderr","time":175.280146399,"data":"[NbConvertApp] Writing 278871 bytes to __results__.html\n"}
]