[{"stream_name":"stdout","time":6.570522091,"data":"   ━━━━━━━━━━━━━━━━━━━━━━━━━━━━━━━━━━━━━━━━ 3.3/3.3 MB 11.9 MB/s eta 0:00:00\n"}
,{"stream_name":"stdout","time":6.689226842,"data":"   ━━━━━━━━━━━━━━━━━━━━━━━━━━━━━━━━━━━━━━━━ 3.9/3.9 MB 56.4 MB/s eta 0:00:00\n"}
,{"stream_name":"stdout","time":8.149596258,"data":"   ━━━━━━━━━━━━━━━━━━━━━━━━━━━━━━━━━━━━━━━━ 89.9/89.9 MB 17.9 MB/s eta 0:00:00\n"}
,{"stream_name":"stdout","time":9.177567469,"data":"   ━━━━━━━━━━━━━━━━━━━━━━━━━━━━━━━━━━━━━━━━ 59.9/59.9 MB 24.9 MB/s eta 0:00:00\n"}
,{"stream_name":"stdout","time":9.5143086,"data":"   ━━━━━━━━━━━━━━━━━━━━━━━━━━━━━━━━━━━━━━━━ 16.7/16.7 MB 43.7 MB/s eta 0:00:00\n"}
,{"stream_name":"stderr","time":33.400505127,"data":"ERROR: pip's dependency resolver does not currently take into account all the packages that are installed. This behaviour is the source of the following dependency conflicts.\n"}
,{"stream_name":"stderr","time":33.400541249,"data":"bigframes 2.39.0 requires google-cloud-bigquery-storage\u003c3.0.0,\u003e=2.30.0, which is not installed.\n"}
,{"stream_name":"stderr","time":33.400547437,"data":"ydata-profiling 4.18.4 requires numba\u003c0.63,\u003e=0.60, but you have numba 0.67.0 which is incompatible.\n"}
,{"stream_name":"stderr","time":33.400551286,"data":"ydata-profiling 4.18.4 requires numpy\u003c2.4,\u003e=1.22, but you have numpy 2.5.3 which is incompatible.\n"}
,{"stream_name":"stderr","time":33.400554632,"data":"google-colab 1.0.0 requires jupyter-server==2.14.0, but you have jupyter-server 2.12.5 which is incompatible.\n"}
,{"stream_name":"stderr","time":33.400557996,"data":"google-colab 1.0.0 requires pandas==2.2.2, but you have pandas 2.3.3 which is incompatible.\n"}
,{"stream_name":"stderr","time":33.400561394,"data":"dopamine-rl 4.1.2 requires gym\u003c=0.25.2, but you have gym 0.26.2 which is incompatible.\n"}
,{"stream_name":"stderr","time":33.400564842,"data":"moviepy 1.0.3 requires decorator\u003c5.0,\u003e=4.0.2, but you have decorator 5.3.1 which is incompatible.\n"}
,{"stream_name":"stdout","time":35.485035206,"data":"jax 0.11.2 numba 0.67.0 numpy 2.5.3 Linux-6.12.90+-x86_64-with-glibc2.35\n"}
,{"stream_name":"stdout","time":96.887770691,"data":"jax 0.11.2\n"}
,{"stream_name":"stdout","time":96.887816244,"data":"jnp.gcd(int8 -128, 6): NUMPY [2]  -\u003e jax: NO RESULT AFTER 60 s (killed)\n"}
,{"stream_name":"stdout","time":156.960104668,"data":"jnp.gcd(int8 6, -128): NUMPY [2]  -\u003e jax: NO RESULT AFTER 60 s (killed)\n"}
,{"stream_name":"stdout","time":158.434587375,"data":"jnp.gcd(int8 -128, 0): NUMPY [-128] RESULT [-128]\n"}
,{"stream_name":"stdout","time":159.909348203,"data":"jnp.gcd(int8 -127, 6): NUMPY [1] RESULT [1]\n"}
,{"stream_name":"stdout","time":219.979558606,"data":"jnp.gcd(int32 -2147483648, 6): NUMPY [2]  -\u003e jax: NO RESULT AFTER 60 s (killed)\n"}
,{"stream_name":"stdout","time":280.048754708,"data":"jnp.gcd(int64 -9223372036854775808, 6): NUMPY [2]  -\u003e jax: NO RESULT AFTER 60 s (killed)\n"}
,{"stream_name":"stdout","time":340.1182735,"data":"jnp.gcd(int64 6, -9223372036854775808): NUMPY [2]  -\u003e jax: NO RESULT AFTER 60 s (killed)\n"}
,{"stream_name":"stdout","time":400.138335773,"data":"jnp.lcm(int32 -2147483648, 6): NUMPY [-2147483648]  -\u003e jax: NO RESULT AFTER 60 s (killed)\n"}
,{"stream_name":"stdout","time":460.208401779,"data":"jnp.lcm(int64 6, -9223372036854775808): NUMPY [-9223372036854775808]  -\u003e jax: NO RESULT AFTER 60 s (killed)\n"}
,{"stream_name":"stdout","time":461.663366531,"data":"jnp.gcd(int32 12, 18): NUMPY [6] RESULT [6]\n"}
,{"stream_name":"stdout","time":464.494220299,"data":"numba 0.67.0 numpy 2.5.3 3.12.13\n"}
,{"stream_name":"stdout","time":464.494257328,"data":"np.remainder(a, b)       int8   numpy: [0, 0] | njit: EXIT 0xfffffff8\n"}
,{"stream_name":"stdout","time":466.444306053,"data":"np.remainder(a, b)       int16  numpy: [0, 0] | njit: EXIT 0xfffffff8\n"}
,{"stream_name":"stdout","time":468.469437895,"data":"np.remainder(a, b)       int32  numpy: [0, 0] | njit: EXIT 0xfffffff8\n"}
,{"stream_name":"stdout","time":470.500620256,"data":"np.remainder(a, b)       int64  numpy: [0, 0] | njit: EXIT 0xfffffff8\n"}
,{"stream_name":"stdout","time":472.66229367,"data":"a % b                    int8   numpy: [0, 0] | njit: [0, 0]\n"}
,{"stream_name":"stdout","time":474.757768049,"data":"a % b                    int16  numpy: [0, 0] | njit: [0, 0]\n"}
,{"stream_name":"stdout","time":476.957029274,"data":"a % b                    int32  numpy: [0, 0] | njit: [0, 0]\n"}
,{"stream_name":"stdout","time":479.123769284,"data":"a % b                    int64  numpy: [0, 0] | njit: [0, 0]\n"}
,{"stream_name":"stdout","time":481.058231218,"data":"np.mod(a, b)             int8   numpy: [0, 0] | njit: EXIT 0xfffffff8\n"}
,{"stream_name":"stdout","time":483.051402504,"data":"np.mod(a, b)             int16  numpy: [0, 0] | njit: EXIT 0xfffffff8\n"}
,{"stream_name":"stdout","time":485.076982542,"data":"np.mod(a, b)             int32  numpy: [0, 0] | njit: EXIT 0xfffffff8\n"}
,{"stream_name":"stdout","time":487.096591232,"data":"np.mod(a, b)             int64  numpy: [0, 0] | njit: EXIT 0xfffffff8\n"}
,{"stream_name":"stdout","time":489.198571791,"data":"np.fmod(a, b)            int8   numpy: [0, 0] | njit: [-128, 7]\n"}
,{"stream_name":"stdout","time":491.296741364,"data":"np.fmod(a, b)            int16  numpy: [0, 0] | njit: [-32768, 7]\n"}
,{"stream_name":"stdout","time":493.515793014,"data":"np.fmod(a, b)            int32  numpy: [0, 0] | njit: [-2147483648, 7]\n"}
,{"stream_name":"stdout","time":495.785259678,"data":"np.fmod(a, b)            int64  numpy: [0, 0] | njit: [-9223372036854775808, 7]\n"}
,{"stream_name":"stdout","time":498.07491483,"data":"np.floor_divide(a, b)    int8   numpy: [-128, -7] | njit: [0, -7]\n"}
,{"stream_name":"stdout","time":500.306969766,"data":"np.floor_divide(a, b)    int16  numpy: [-32768, -7] | njit: [0, -7]\n"}
,{"stream_name":"stdout","time":502.493495372,"data":"np.floor_divide(a, b)    int32  numpy: [-2147483648, -7] | njit: [0, -7]\n"}
,{"stream_name":"stdout","time":504.68492598,"data":"np.floor_divide(a, b)    int64  numpy: [-9223372036854775808, -7] | njit: [0, -7]\n"}
,{"stream_name":"stdout","time":506.794573424,"data":"a // b                   int8   numpy: [-128, -7] | njit: [-128, -7]\n"}
,{"stream_name":"stdout","time":508.894162654,"data":"a // b                   int16  numpy: [-32768, -7] | njit: [-32768, -7]\n"}
,{"stream_name":"stdout","time":511.126186672,"data":"a // b                   int32  numpy: [-2147483648, -7] | njit: [-2147483648, -7]\n"}
,{"stream_name":"stdout","time":513.327101457,"data":"a // b                   int64  numpy: [-9223372036854775808, -7] | njit: [0, -7]\n"}
,{"stream_name":"stdout","time":515.616006625,"data":"np.divmod(a, b)[1]       int8   numpy: [0, 0] | njit: EXIT 0xfffffff8\n"}
,{"stream_name":"stdout","time":517.777645682,"data":"np.divmod(a, b)[1]       int16  numpy: [0, 0] | njit: EXIT 0xfffffff8\n"}
,{"stream_name":"stdout","time":519.811199352,"data":"np.divmod(a, b)[1]       int32  numpy: [0, 0] | njit: EXIT 0xfffffff8\n"}
,{"stream_name":"stdout","time":521.83592145,"data":"np.divmod(a, b)[1]       int64  numpy: [0, 0] | njit: EXIT 0xfffffff8\n"}
,{"stream_name":"stdout","time":521.900220898,"data":"JOB DONE\n"}
,{"stream_name":"stderr","time":524.53933625,"data":"/usr/local/lib/python3.12/dist-packages/mistune.py:435: SyntaxWarning: invalid escape sequence '\\|'\n"}
,{"stream_name":"stderr","time":524.539378569,"data":"  cells[i][c] = re.sub('\\\\\\\\\\|', '|', cell)\n"}
,{"stream_name":"stderr","time":524.82213452,"data":"/usr/local/lib/python3.12/dist-packages/nbconvert/filters/filter_links.py:36: SyntaxWarning: invalid escape sequence '\\_'\n"}
,{"stream_name":"stderr","time":524.82216715,"data":"  text = re.sub(r'_', '\\_', text) # Escape underscores in display text\n"}
,{"stream_name":"stderr","time":525.552355837,"data":"[NbConvertApp] Converting notebook __script__.ipynb to html\n"}
,{"stream_name":"stderr","time":527.04472718,"data":"[NbConvertApp] Writing 279189 bytes to __results__.html\n"}
]