29 corpus programs (expect=consistent)
shape_boundary              52s weakest=- 
mod_tiling                  52s weakest=- 
index_chain                 54s weakest=- 
dtype_read                  55s weakest=- 
python_flag                 57s weakest=- 
python_flag_semantic        57s weakest=- 
none_check                  51s weakest=- 
scalar_compare              51s weakest=- 
view_inplace                54s weakest=- 
noncontig_copy              54s weakest=- 
alias_returned              22s weakest=- 
overlapping_views           53s weakest=- 
conditional_mutation        54s weakest=- 
chunk_inplace               54s weakest=- 
requires_grad_switch        60s weakest=- 
global_state                57s weakest=- 
closure_fn                  58s weakest=- 
reshape_dim                 53s weakest=- 
loop_bound                  50s weakest=- 
exception_path              47s weakest=- 
container_len               47s weakest=- 
string_mode                 47s weakest=- 
stride_read                 47s weakest=- 
mask_index                  52s weakest=- 
gather_shape                49s weakest=- 
dtype_reduce                51s weakest=- 
contiguous_read             46s weakest=- 
rank_read                   46s weakest=- 
flag_and_shape              46s weakest=- 
CORPUS CONTROL DONE
