[skip] B5: not reproducible here (needs CUDA (triton.cudagraphs); this machine has no GPU)
125 sub-cases, 3 workers
[    15s] B2   sample                                15s  weakest=T1   value
[    15s] B2   shuffle                               15s  weakest=T1   value
[    16s] B3   jvp_ldexp                             16s  weakest=T1   crash
[    60s] B4   argmin_dynamic                        45s  weakest=T1   exception
[    62s] B6   std_1e30                              47s  weakest=T1   value
[    69s] B6   std_1e-30_grad                        53s  weakest=T3   gradient,reference
[    83s] B7   jvp_quantile                          23s  weakest=-    
[   116s] B8   bool_x_fp16                           55s  weakest=T2   metadata
[   124s] B8   int64_x_bf16                          56s  weakest=T2   metadata
[   139s] B8   fp16_x_fp32                           56s  weakest=T2   metadata
[   160s] B9   compiled_autograd_interpolate         21s  weakest=T1   exception
[   171s] B8   fp16_x_bf16                           54s  weakest=T1   value
[   177s] B8   bf16_x_fp64                           53s  weakest=T1   value
[   178s] B10  fstring_d                             18s  weakest=T1   exception
[   194s] B11  sgd_foreach_complex                   24s  weakest=T1   exception
[   200s] B13  aoti_lifted_constant_mutation         22s  weakest=T1   exception
[   214s] B14  vector_norm_inf_empty                 20s  weakest=T1   exception
[   225s] B12  interpolate_empty                     47s  weakest=T3   exception-routing
[   231s] B17  seed_inside                           17s  weakest=T1   value
[   243s] B18  namedtuple_eq                         18s  weakest=T3   exception-type
[   249s] B15  bce_weight_fp32                       49s  weakest=T2   metadata
[   265s] B20  aoti_return_types_max                 22s  weakest=T1   exception
[   270s] B21  lerp_bool                             21s  weakest=T1   exception
[   286s] B19  bmm_max_autotune                      55s  weakest=T1   exception
[   307s] B23  addmm_0d_bias                         22s  weakest=T1   exception
[   309s] B22  sum_half_dtype_bool                   44s  weakest=T1   exception
[   311s] B22  prod_dtype_bool                       41s  weakest=T1   exception
[   355s] B24  var_mean_empty                        48s  weakest=T1   value
[   358s] B24  std_mean_empty                        49s  weakest=T1   value
[   361s] B25  channel_shuffle_chlast                51s  weakest=T2   metadata
[   375s] B26  keyerror_str                          20s  weakest=T1   value
[   378s] B27  abs_complex_out_f64                   21s  weakest=T1   exception
[   386s] C1   saved_view_mutated_before_backward    25s  weakest=T3   exception-routing
[   437s] C3   rms_norm_eps                          62s  weakest=T1   value
[   440s] C3   huber_delta                           62s  weakest=T1   value
[   448s] C3   interpolate_scale                     62s  weakest=T1   value
[   500s] C3   C26_cumsum_dim_from_float             63s  weakest=T1   value
[   503s] C3   C26_round_decimals_from_float         62s  weakest=T1   value
[   504s] C5   index_add_shape_mismatch              56s  weakest=T3   exception-routing
[   552s] C5   index_copy_negative_index             52s  weakest=T3   exception-routing
[   554s] C5   bce_input_gt_1                        52s  weakest=T3   exception-routing
[   563s] C5   repeat_interleave_wrong_output_size    58s  weakest=T3   exception-routing
[   607s] C5   softmax_int64                         55s  weakest=T3   exception-routing
[   610s] C5   layer_norm_f64_weight                 55s  weakest=T3   exception-routing
[   617s] C5   one_hot_float                         55s  weakest=T3   exception-routing
[   661s] C5   int64_mul__float                      54s  weakest=T3   exception-routing
[   663s] C5   float_add__1j                         54s  weakest=T3   exception-routing
[   671s] C5   take_out_overlapping                  54s  weakest=T3   exception-routing
[   684s] C8   logits_div_1.0                        23s  weakest=T3   alias
[   687s] C8   buf_mul_1.0                           24s  weakest=T3   alias
[   694s] C8   x_add_0                               24s  weakest=T3   alias
[   713s] C11  dict_+=                               18s  weakest=T3   state
[   734s] C11  dict_setitem                          21s  weakest=T3   state
[   739s] C10  f32_floordiv                          55s  weakest=T1   value
[   742s] C10  f64_div_floor                         55s  weakest=T1   value
[   756s] C11  list_append                           22s  weakest=T3   state
[   761s] C11  list_+=                               22s  weakest=T3   state
[   764s] C13  np_fix                                22s  weakest=-    
[   777s] C13  np_cbrt                               21s  weakest=-    
[   782s] C13  np_sign                               21s  weakest=T1   value
[   784s] C13  np_heaviside                          21s  weakest=T1   value
[   797s] C13  np_clip_int8                          20s  weakest=T1   value
[   802s] C13  np_clip_uint8                         20s  weakest=T1   value
[   835s] C14  remainder_n8                          50s  weakest=T1   value
[   846s] C15  uint8_argmin                          50s  weakest=T1   value
[   851s] C15  uint8_min                             49s  weakest=T1   value
[   868s] C16  round_shape_neg1                      17s  weakest=T1   value
[   881s] C15  int8_neg_max                          47s  weakest=T1   value
[   885s] C16  x_times_round                         18s  weakest=T1   value
[   894s] C15  int8_neg_argmax                       47s  weakest=T1   value
[   901s] C17  nan_self_compare                      20s  weakest=T1   value
[   911s] C20  np_cumsum_int8                        17s  weakest=T1   value
[   918s] C20  np_square_int8                        17s  weakest=T1   value
[   928s] C20  np_median_f32                         17s  weakest=T2   structure
[   935s] C17  inf_minus_inf_item                    49s  weakest=T1   value
[   936s] C20  np_any_uint8                          18s  weakest=T2   structure
[   946s] C20  uint16_plus_1                         18s  weakest=T1   exception
[   984s] C21  half_float_roundtrip                  50s  weakest=T1   value
[   985s] C21  bf16_float_roundtrip                  49s  weakest=T1   value
[   997s] C22  clamp_int8_wide                       51s  weakest=T3   exception-routing
[  1031s] C22  clamp_int8_max300                     47s  weakest=T3   exception-routing
[  1032s] C22  C31_pad_uint8_value_-1                47s  weakest=T3   exception-routing
[  1043s] C22  C31_pad_int8_value_300                46s  weakest=T3   exception-routing
[  1056s] C23  deterministic_put__duplicate          23s  weakest=T3   exception-routing
[  1077s] C23  inplace_on_inference_tensor           46s  weakest=T3   exception-routing
[  1078s] C25  empty_like_randn                      22s  weakest=T1   value
[  1087s] C23  pad_crops_more_than_input             44s  weakest=T3   exception-routing
[  1097s] C25  empty_int32                           19s  weakest=T1   value
[  1117s] C28  fp16_chain                            39s  weakest=T1   value
[  1127s] C29  any_uint8                             40s  weakest=T1   value
[  1136s] C29  any_uint8_dim0                        40s  weakest=T1   value
[  1157s] C29  any_times_200_plus_100                40s  weakest=T1   value
[  1172s] C34  avg_pool1d_ceil_grad                  45s  weakest=T3   gradient
[  1184s] C34  avg_pool2d_ceil_grad                  47s  weakest=T3   gradient
[  1195s] C35  erfinv_f32_near_1                     38s  weakest=T1   value
[  1210s] C35  erfinv_f64_near_1                     38s  weakest=T1   value
[  1222s] C36  acosh_f64_1e200_n8                    38s  weakest=T1   value
[  1235s] C36  acosh_f64_1.35e154_n16                39s  weakest=T1   value
[  1250s] C37  softmax_int64                         40s  weakest=T3   exception-routing
[  1262s] C37  avg_pool2d_int8                       40s  weakest=T3   exception-routing
[  1274s] C37  bitwise_not_f32                       40s  weakest=T3   exception-routing
[  1293s] C37  conv2d_bool                           43s  weakest=T3   exception-routing
[  1307s] C37  argmax_bool                           45s  weakest=T3   exception-routing
[  1319s] C37  one_hot_f32                           45s  weakest=T3   exception-routing
[  1334s] C37  bessel_j0_f16                         41s  weakest=T3   exception-routing
[  1337s] C37  mse_loss_c64                          17s  weakest=T3   exception-routing
[  1346s] C37  batch_norm_c64                        39s  weakest=T3   exception-routing
[  1381s] C37  C30_round_int8_decimals-1             47s  weakest=T3   exception-routing
[  1385s] C37  C30_round_uint8_decimals1             48s  weakest=T3   exception-routing
[  1398s] C37  C30_ceil_bool                         52s  weakest=T3   exception-routing
[  1439s] C37  C30_glu_int8                          58s  weakest=T3   exception-routing
[  1443s] C37  C30_adaptive_max_pool2d_int8          58s  weakest=T3   exception-routing
[  1457s] C40  erf_f32_near_0_n64                    58s  weakest=T3   reference
[  1465s] C41  move_to_end_input_dict                22s  weakest=T3   state
[  1477s] C41  lru_eviction                          20s  weakest=T3   state
[  1484s] C42  generator_returned                    20s  weakest=T1   value
[  1495s] C40  atanh_f32_eps                         57s  weakest=T3   reference
[  1496s] C42  C43_yield_op                          19s  weakest=T1   value
[  1504s] C42  C43_started_no_op                     20s  weakest=-    
[  1515s] C44  guarded_x[10]                         20s  weakest=T1   exception
[  1516s] C44  guarded_sum_dim5                      20s  weakest=T1   exception
[  1524s] C44  C45_except_Exception                  20s  weakest=T1   exception
[  1535s] C44  C45_contextlib_suppress               20s  weakest=T1   exception
[  1536s] C44  C45_NotImplementedError               20s  weakest=T1   exception
[  1578s] C46  aoti_runner_destroyed_n4096           54s  weakest=T3   process
RUN DONE
