[{"stream_name":"stdout","time":2.198656935,"data":"$ pip -q install --upgrade torch==2.14.0\n"}
,{"stream_name":"stdout","time":12.714959084,"data":"   ©¥©¥©¥©¥©¥©¥©¥©¥©¥©¥©¥©¥©¥©¥©¥©¥©¥©¥©¥©¥©¥©¥©¥©¥©¥©¥©¥©¥©¥©¥©¥©¥©¥©¥©¥©¥©¥©¥©¥©¥ 554.6/554.6 MB 3.4 MB/s eta 0:00:00\n"}
,{"stream_name":"stdout","time":18.3537553,"data":"   ©¥©¥©¥©¥©¥©¥©¥©¥©¥©¥©¥©¥©¥©¥©¥©¥©¥©¥©¥©¥©¥©¥©¥©¥©¥©¥©¥©¥©¥©¥©¥©¥©¥©¥©¥©¥©¥©¥©¥©¥ 553.1/553.1 MB 3.3 MB/s eta 0:00:00\n"}
,{"stream_name":"stdout","time":19.934569554,"data":"   ©¥©¥©¥©¥©¥©¥©¥©¥©¥©¥©¥©¥©¥©¥©¥©¥©¥©¥©¥©¥©¥©¥©¥©¥©¥©¥©¥©¥©¥©¥©¥©¥©¥©¥©¥©¥©¥©¥©¥©¥ 170.1/170.1 MB 10.9 MB/s eta 0:00:00\n"}
,{"stream_name":"stdout","time":22.298506464,"data":"   ©¥©¥©¥©¥©¥©¥©¥©¥©¥©¥©¥©¥©¥©¥©¥©¥©¥©¥©¥©¥©¥©¥©¥©¥©¥©¥©¥©¥©¥©¥©¥©¥©¥©¥©¥©¥©¥©¥©¥©¥ 216.0/216.0 MB 6.7 MB/s eta 0:00:00\n"}
,{"stream_name":"stdout","time":22.856685337000002,"data":"   ©¥©¥©¥©¥©¥©¥©¥©¥©¥©¥©¥©¥©¥©¥©¥©¥©¥©¥©¥©¥©¥©¥©¥©¥©¥©¥©¥©¥©¥©¥©¥©¥©¥©¥©¥©¥©¥©¥©¥©¥ 60.4/60.4 MB 32.2 MB/s eta 0:00:00\n"}
,{"stream_name":"stdout","time":27.127999412,"data":"   ©¥©¥©¥©¥©¥©¥©¥©¥©¥©¥©¥©¥©¥©¥©¥©¥©¥©¥©¥©¥©¥©¥©¥©¥©¥©¥©¥©¥©¥©¥©¥©¥©¥©¥©¥©¥©¥©¥©¥©¥ 423.1/423.1 MB 4.3 MB/s eta 0:00:00\n"}
,{"stream_name":"stdout","time":28.880950506,"data":"   ©¥©¥©¥©¥©¥©¥©¥©¥©¥©¥©¥©¥©¥©¥©¥©¥©¥©¥©¥©¥©¥©¥©¥©¥©¥©¥©¥©¥©¥©¥©¥©¥©¥©¥©¥©¥©¥©¥©¥©¥ 10.7/10.7 MB 5.9 MB/s eta 0:00:00\n"}
,{"stream_name":"stdout","time":29.908864355,"data":"   ©¥©¥©¥©¥©¥©¥©¥©¥©¥©¥©¥©¥©¥©¥©¥©¥©¥©¥©¥©¥©¥©¥©¥©¥©¥©¥©¥©¥©¥©¥©¥©¥©¥©¥©¥©¥©¥©¥©¥©¥ 90.2/90.2 MB 16.0 MB/s eta 0:00:00\n"}
,{"stream_name":"stdout","time":29.954007259,"data":"   ©¥©¥©¥©¥©¥©¥©¥©¥©¥©¥©¥©¥©¥©¥©¥©¥©¥©¥©¥©¥©¥©¥©¥©¥©¥©¥©¥©¥©¥©¥©¥©¥©¥©¥©¥©¥©¥©¥©¥©¥ 2.2/2.2 MB 82.0 MB/s eta 0:00:00\n"}
,{"stream_name":"stdout","time":32.093691422,"data":"   ©¥©¥©¥©¥©¥©¥©¥©¥©¥©¥©¥©¥©¥©¥©¥©¥©¥©¥©¥©¥©¥©¥©¥©¥©¥©¥©¥©¥©¥©¥©¥©¥©¥©¥©¥©¥©¥©¥©¥©¥ 214.1/214.1 MB 8.6 MB/s eta 0:00:00\n"}
,{"stream_name":"stdout","time":32.132075614,"data":"   ©¥©¥©¥©¥©¥©¥©¥©¥©¥©¥©¥©¥©¥©¥©¥©¥©¥©¥©¥©¥©¥©¥©¥©¥©¥©¥©¥©¥©¥©¥©¥©¥©¥©¥©¥©¥©¥©¥©¥©¥ 1.2/1.2 MB 53.9 MB/s eta 0:00:00\n"}
,{"stream_name":"stdout","time":32.673343849,"data":"   ©¥©¥©¥©¥©¥©¥©¥©¥©¥©¥©¥©¥©¥©¥©¥©¥©¥©¥©¥©¥©¥©¥©¥©¥©¥©¥©¥©¥©¥©¥©¥©¥©¥©¥©¥©¥©¥©¥©¥©¥ 59.5/59.5 MB 33.4 MB/s eta 0:00:00\n"}
,{"stream_name":"stdout","time":34.770558941,"data":"   ©¥©¥©¥©¥©¥©¥©¥©¥©¥©¥©¥©¥©¥©¥©¥©¥©¥©¥©¥©¥©¥©¥©¥©¥©¥©¥©¥©¥©¥©¥©¥©¥©¥©¥©¥©¥©¥©¥©¥©¥ 200.9/200.9 MB 7.8 MB/s eta 0:00:00\n"}
,{"stream_name":"stdout","time":37.631209116,"data":"   ©¥©¥©¥©¥©¥©¥©¥©¥©¥©¥©¥©¥©¥©¥©¥©¥©¥©¥©¥©¥©¥©¥©¥©¥©¥©¥©¥©¥©¥©¥©¥©¥©¥©¥©¥©¥©¥©¥©¥©¥ 145.9/145.9 MB 4.6 MB/s eta 0:00:00\n"}
,{"stream_name":"stdout","time":37.665191731,"data":"   ©¥©¥©¥©¥©¥©¥©¥©¥©¥©¥©¥©¥©¥©¥©¥©¥©¥©¥©¥©¥©¥©¥©¥©¥©¥©¥©¥©¥©¥©¥©¥©¥©¥©¥©¥©¥©¥©¥©¥©¥ 148.0/148.0 kB 8.6 MB/s eta 0:00:00\n"}
,{"stream_name":"stdout","time":37.747156055,"data":"   ©¥©¥©¥©¥©¥©¥©¥©¥©¥©¥©¥©¥©¥©¥©¥©¥©¥©¥©¥©¥©¥©¥©¥©¥©¥©¥©¥©¥©¥©¥©¥©¥©¥©¥©¥©¥©¥©¥©¥©¥ 7.2/7.2 MB 110.0 MB/s eta 0:00:00\n"}
,{"stream_name":"stdout","time":40.253706053,"data":"   ©¥©¥©¥©¥©¥©¥©¥©¥©¥©¥©¥©¥©¥©¥©¥©¥©¥©¥©¥©¥©¥©¥©¥©¥©¥©¥©¥©¥©¥©¥©¥©¥©¥©¥©¥©¥©¥©¥©¥©¥ 248.0/248.0 MB 7.5 MB/s eta 0:00:00\n"}
,{"stream_name":"stdout","time":41.411704152,"data":"   ©¥©¥©¥©¥©¥©¥©¥©¥©¥©¥©¥©¥©¥©¥©¥©¥©¥©¥©¥©¥©¥©¥©¥©¥©¥©¥©¥©¥©¥©¥©¥©¥©¥©¥©¥©¥©¥©¥©¥©¥ 42.5/42.5 MB 10.5 MB/s eta 0:00:00\n"}
,{"stream_name":"stderr","time":136.642935787,"data":"ERROR: pip's dependency resolver does not currently take into account all the packages that are installed. This behaviour is the source of the following dependency conflicts.\n"}
,{"stream_name":"stderr","time":136.642993594,"data":"libcuml-cu12 26.2.0 requires cuda-toolkit[cublas,cufft,curand,cusolver,cusparse]==12.*, but you have cuda-toolkit 13.0.3.0 which is incompatible.\n"}
,{"stream_name":"stderr","time":136.642998378,"data":"cuml-cu12 26.2.0 requires cuda-toolkit[cublas,cufft,curand,cusolver,cusparse]==12.*, but you have cuda-toolkit 13.0.3.0 which is incompatible.\n"}
,{"stream_name":"stderr","time":136.643002248,"data":"cuda-python 12.9.4 requires cuda-bindings~=12.9.4, but you have cuda-bindings 13.4.1 which is incompatible.\n"}
,{"stream_name":"stderr","time":136.643005562,"data":"torchaudio 2.10.0+cu128 requires torch==2.10.0, but you have torch 2.14.0 which is incompatible.\n"}
,{"stream_name":"stderr","time":136.643008781,"data":"torchvision 0.25.0+cu128 requires torch==2.10.0, but you have torch 2.14.0 which is incompatible.\n"}
,{"stream_name":"stderr","time":136.643012038,"data":"cudf-cu12 26.2.1 requires cuda-toolkit[nvcc,nvrtc]==12.*, but you have cuda-toolkit 13.0.3.0 which is incompatible.\n"}
,{"stream_name":"stderr","time":136.643015178,"data":"libcuvs-cu12 26.2.0 requires cuda-toolkit[cublas,curand,cusolver,cusparse]==12.*, but you have cuda-toolkit 13.0.3.0 which is incompatible.\n"}
,{"stream_name":"stderr","time":136.64303087,"data":"libraft-cu12 26.2.0 requires cuda-toolkit[cublas,curand,cusolver,cusparse]==12.*, but you have cuda-toolkit 13.0.3.0 which is incompatible.\n"}
,{"stream_name":"stdout","time":137.286454198,"data":"$ /usr/bin/python3 -c import torch; print('TORCH', torch.__version__, torch.cuda.get_device_name(0)); print('cuda ok', (torch.ones(4, device='cuda') * 2).sum().item())\n"}
,{"stream_name":"stdout","time":141.317378213,"data":"TORCH 2.14.0+cu130 Tesla T4\n"}
,{"stream_name":"stdout","time":141.317422816,"data":"cuda ok 8.0\n"}
,{"stream_name":"stdout","time":143.004155277,"data":"$ /usr/bin/python3 scripts/verify_candidates_cuda.py cuda\n"}
,{"stream_name":"stderr","time":166.736903349,"data":"E0910 23:31:15.773000 46 torch/_subclasses/fake_tensor.py:3212] [0/0] failed while attempting to run meta for aten.linalg_vector_norm.default\n"}
,{"stream_name":"stderr","time":166.73694607,"data":"E0910 23:31:15.773000 46 torch/_subclasses/fake_tensor.py:3212] [0/0] Traceback (most recent call last):\n"}
,{"stream_name":"stderr","time":166.736952443,"data":"E0910 23:31:15.773000 46 torch/_subclasses/fake_tensor.py:3212] [0/0]   File \"/usr/local/lib/python3.12/dist-packages/torch/_subclasses/fake_tensor.py\", line 3208, in _dispatch_impl\n"}
,{"stream_name":"stderr","time":166.736957944,"data":"E0910 23:31:15.773000 46 torch/_subclasses/fake_tensor.py:3212] [0/0]     r = func(*args, **kwargs)\n"}
,{"stream_name":"stderr","time":166.736962426,"data":"E0910 23:31:15.773000 46 torch/_subclasses/fake_tensor.py:3212] [0/0]         ^^^^^^^^^^^^^^^^^^^^^\n"}
,{"stream_name":"stderr","time":166.736966778,"data":"E0910 23:31:15.773000 46 torch/_subclasses/fake_tensor.py:3212] [0/0]   File \"/usr/local/lib/python3.12/dist-packages/torch/_ops.py\", line 916, in __call__\n"}
,{"stream_name":"stderr","time":166.73697171,"data":"E0910 23:31:15.773000 46 torch/_subclasses/fake_tensor.py:3212] [0/0]     return self._op(*args, **kwargs)\n"}
,{"stream_name":"stderr","time":166.736975948,"data":"E0910 23:31:15.773000 46 torch/_subclasses/fake_tensor.py:3212] [0/0]            ^^^^^^^^^^^^^^^^^^^^^^^^^\n"}
,{"stream_name":"stderr","time":166.736980648,"data":"E0910 23:31:15.773000 46 torch/_subclasses/fake_tensor.py:3212] [0/0]   File \"/usr/local/lib/python3.12/dist-packages/torch/_prims_common/wrappers.py\", line 313, in _fn\n"}
,{"stream_name":"stderr","time":166.736998494,"data":"E0910 23:31:15.773000 46 torch/_subclasses/fake_tensor.py:3212] [0/0]     result = fn(*args, **kwargs)\n"}
,{"stream_name":"stderr","time":166.73700227,"data":"E0910 23:31:15.773000 46 torch/_subclasses/fake_tensor.py:3212] [0/0]              ^^^^^^^^^^^^^^^^^^^\n"}
,{"stream_name":"stderr","time":166.737005776,"data":"E0910 23:31:15.773000 46 torch/_subclasses/fake_tensor.py:3212] [0/0]   File \"/usr/local/lib/python3.12/dist-packages/torch/_refs/linalg/__init__.py\", line 146, in vector_norm\n"}
,{"stream_name":"stderr","time":166.73700957,"data":"E0910 23:31:15.773000 46 torch/_subclasses/fake_tensor.py:3212] [0/0]     _check_vector_norm_args(x, ord, dim)\n"}
,{"stream_name":"stderr","time":166.737013105,"data":"E0910 23:31:15.773000 46 torch/_subclasses/fake_tensor.py:3212] [0/0]   File \"/usr/local/lib/python3.12/dist-packages/torch/_refs/linalg/__init__.py\", line 121, in _check_vector_norm_args\n"}
,{"stream_name":"stderr","time":166.737018564,"data":"E0910 23:31:15.773000 46 torch/_subclasses/fake_tensor.py:3212] [0/0]     torch._check(\n"}
,{"stream_name":"stderr","time":166.737023847,"data":"E0910 23:31:15.773000 46 torch/_subclasses/fake_tensor.py:3212] [0/0]   File \"/usr/local/lib/python3.12/dist-packages/torch/__init__.py\", line 2140, in _check\n"}
,{"stream_name":"stderr","time":166.737027706,"data":"E0910 23:31:15.773000 46 torch/_subclasses/fake_tensor.py:3212] [0/0]     _check_with(RuntimeError, cond, message)\n"}
,{"stream_name":"stderr","time":166.737031339,"data":"E0910 23:31:15.773000 46 torch/_subclasses/fake_tensor.py:3212] [0/0]   File \"/usr/local/lib/python3.12/dist-packages/torch/__init__.py\", line 2118, in _check_with\n"}
,{"stream_name":"stderr","time":166.737034886,"data":"E0910 23:31:15.773000 46 torch/_subclasses/fake_tensor.py:3212] [0/0]     raise error_type(message_evaluated)\n"}
,{"stream_name":"stderr","time":166.737038489,"data":"E0910 23:31:15.773000 46 torch/_subclasses/fake_tensor.py:3212] [0/0] RuntimeError: linalg.vector_norm cannot compute the inf norm on the dimension -1 because this dimension is empty and the operation does not have an identity\n"}
,{"stream_name":"stderr","time":166.753451169,"data":"E0910 23:31:15.791000 46 torch/_subclasses/fake_tensor.py:3212] [0/0] failed while attempting to run meta for aten.linalg_vector_norm.default\n"}
,{"stream_name":"stderr","time":166.753472515,"data":"E0910 23:31:15.791000 46 torch/_subclasses/fake_tensor.py:3212] [0/0] Traceback (most recent call last):\n"}
,{"stream_name":"stderr","time":166.753477536,"data":"E0910 23:31:15.791000 46 torch/_subclasses/fake_tensor.py:3212] [0/0]   File \"/usr/local/lib/python3.12/dist-packages/torch/_subclasses/fake_tensor.py\", line 3208, in _dispatch_impl\n"}
,{"stream_name":"stderr","time":166.75348208,"data":"E0910 23:31:15.791000 46 torch/_subclasses/fake_tensor.py:3212] [0/0]     r = func(*args, **kwargs)\n"}
,{"stream_name":"stderr","time":166.753486165,"data":"E0910 23:31:15.791000 46 torch/_subclasses/fake_tensor.py:3212] [0/0]         ^^^^^^^^^^^^^^^^^^^^^\n"}
,{"stream_name":"stderr","time":166.753490111,"data":"E0910 23:31:15.791000 46 torch/_subclasses/fake_tensor.py:3212] [0/0]   File \"/usr/local/lib/python3.12/dist-packages/torch/_ops.py\", line 916, in __call__\n"}
,{"stream_name":"stderr","time":166.753494534,"data":"E0910 23:31:15.791000 46 torch/_subclasses/fake_tensor.py:3212] [0/0]     return self._op(*args, **kwargs)\n"}
,{"stream_name":"stderr","time":166.753498856,"data":"E0910 23:31:15.791000 46 torch/_subclasses/fake_tensor.py:3212] [0/0]            ^^^^^^^^^^^^^^^^^^^^^^^^^\n"}
,{"stream_name":"stderr","time":166.75350269,"data":"E0910 23:31:15.791000 46 torch/_subclasses/fake_tensor.py:3212] [0/0]   File \"/usr/local/lib/python3.12/dist-packages/torch/_prims_common/wrappers.py\", line 313, in _fn\n"}
,{"stream_name":"stderr","time":166.753515912,"data":"E0910 23:31:15.791000 46 torch/_subclasses/fake_tensor.py:3212] [0/0]     result = fn(*args, **kwargs)\n"}
,{"stream_name":"stderr","time":166.753519774,"data":"E0910 23:31:15.791000 46 torch/_subclasses/fake_tensor.py:3212] [0/0]              ^^^^^^^^^^^^^^^^^^^\n"}
,{"stream_name":"stderr","time":166.75352361,"data":"E0910 23:31:15.791000 46 torch/_subclasses/fake_tensor.py:3212] [0/0]   File \"/usr/local/lib/python3.12/dist-packages/torch/_refs/linalg/__init__.py\", line 146, in vector_norm\n"}
,{"stream_name":"stderr","time":166.753527684,"data":"E0910 23:31:15.791000 46 torch/_subclasses/fake_tensor.py:3212] [0/0]     _check_vector_norm_args(x, ord, dim)\n"}
,{"stream_name":"stderr","time":166.753531401,"data":"E0910 23:31:15.791000 46 torch/_subclasses/fake_tensor.py:3212] [0/0]   File \"/usr/local/lib/python3.12/dist-packages/torch/_refs/linalg/__init__.py\", line 121, in _check_vector_norm_args\n"}
,{"stream_name":"stderr","time":166.753535679,"data":"E0910 23:31:15.791000 46 torch/_subclasses/fake_tensor.py:3212] [0/0]     torch._check(\n"}
,{"stream_name":"stderr","time":166.753540394,"data":"E0910 23:31:15.791000 46 torch/_subclasses/fake_tensor.py:3212] [0/0]   File \"/usr/local/lib/python3.12/dist-packages/torch/__init__.py\", line 2140, in _check\n"}
,{"stream_name":"stderr","time":166.753544408,"data":"E0910 23:31:15.791000 46 torch/_subclasses/fake_tensor.py:3212] [0/0]     _check_with(RuntimeError, cond, message)\n"}
,{"stream_name":"stderr","time":166.753548302,"data":"E0910 23:31:15.791000 46 torch/_subclasses/fake_tensor.py:3212] [0/0]   File \"/usr/local/lib/python3.12/dist-packages/torch/__init__.py\", line 2118, in _check_with\n"}
,{"stream_name":"stderr","time":166.753552202,"data":"E0910 23:31:15.791000 46 torch/_subclasses/fake_tensor.py:3212] [0/0]     raise error_type(message_evaluated)\n"}
,{"stream_name":"stderr","time":166.753556107,"data":"E0910 23:31:15.791000 46 torch/_subclasses/fake_tensor.py:3212] [0/0] RuntimeError: linalg.vector_norm cannot compute the inf norm on the dimension -1 because this dimension is empty and the operation does not have an identity\n"}
,{"stream_name":"stderr","time":168.125642549,"data":"/kaggle/working/plan/scripts/verify_candidates_cuda.py:49: UserWarning: var_mean(): degrees of freedom is \u003c= 0. Correction should be strictly less than the reduction factor (input numel divided by output numel). (Triggered internally at /__w/pytorch/pytorch/aten/src/ATen/native/ReduceOps.cpp:1913.)\n"}
,{"stream_name":"stderr","time":168.125692453,"data":"  print(\"   eager    :\", show(fn(*args)))\n"}
,{"stream_name":"stderr","time":168.189228211,"data":"[W910 23:31:17.708355989 ReduceOps.cpp:1913] Warning: var_mean(): degrees of freedom is \u003c= 0. Correction should be strictly less than the reduction factor (input numel divided by output numel). (function warn_invalid_degrees_of_freedom)\n"}
,{"stream_name":"stderr","time":168.466580666,"data":"/kaggle/working/plan/scripts/verify_candidates_cuda.py:49: UserWarning: std_mean(): degrees of freedom is \u003c= 0. Correction should be strictly less than the reduction factor (input numel divided by output numel). (Triggered internally at /__w/pytorch/pytorch/aten/src/ATen/native/ReduceOps.cpp:1913.)\n"}
,{"stream_name":"stderr","time":168.466629646,"data":"  print(\"   eager    :\", show(fn(*args)))\n"}
,{"stream_name":"stderr","time":171.374981238,"data":"/usr/local/lib/python3.12/dist-packages/torch/_inductor/compile_fx.py:3403: UserWarning: Tesla T4 does not support bfloat16 compilation natively, skipping\n"}
,{"stream_name":"stderr","time":171.37501815,"data":"  warnings.warn(\n"}
,{"stream_name":"stderr","time":171.941007757,"data":"W0910 23:31:20.978000 46 torch/_inductor/utils.py:1806] [0/0] Not enough SMs to use max_autotune_gemm mode\n"}
,{"stream_name":"stdout","time":190.926415396,"data":"torch 2.14.0+cu130 | device cuda | Tesla T4\n"}
,{"stream_name":"stdout","time":190.926448022,"data":"\n"}
,{"stream_name":"stdout","time":190.926452246,"data":"[01 argmin broadcast equal dims dynamic=True]\n"}
,{"stream_name":"stdout","time":190.926455709,"data":"   eager    : () int64 cuda stride=() 10\n"}
,{"stream_name":"stdout","time":190.926458808,"data":"   inductor : () int64 cuda stride=() 10\n"}
,{"stream_name":"stdout","time":190.926461961,"data":"\n"}
,{"stream_name":"stdout","time":190.926465045,"data":"[03 interpolate (2,3,0)-\u003e3 (child process)]\n"}
,{"stream_name":"stdout","time":190.926469064,"data":"   eager: RuntimeError Input and output sizes should be greater than 0, but got input (W: 0) and output | inductor: (2, 3, 3) nan 18\n"}
,{"stream_name":"stdout","time":190.926472487,"data":"\n"}
,{"stream_name":"stdout","time":190.926475342,"data":"[04 vector_norm ord=inf dim=-1 on (0,5)]\n"}
,{"stream_name":"stdout","time":190.926478376,"data":"   eager    : (0,) float32 cuda stride=(1,) []\n"}
,{"stream_name":"stdout","time":190.926481488,"data":"   aot_eager: TorchRuntimeError: RuntimeError when making fake tensor call   Explanation: Dynamo failed to run FX node with fake tensors: call_function \u003cbuilt-in function li\n"}
,{"stream_name":"stdout","time":190.926485119,"data":"   inductor : TorchRuntimeError: RuntimeError when making fake tensor call   Explanation: Dynamo failed to run FX node with fake tensors: call_function \u003cbuilt-in function li\n"}
,{"stream_name":"stdout","time":190.926488903,"data":"\n"}
,{"stream_name":"stdout","time":190.926491763,"data":"[04 vector_norm ord=inf dim=1 on (0,5)]\n"}
,{"stream_name":"stdout","time":190.926494778,"data":"   eager    : (0,) float32 cuda stride=(1,) []\n"}
,{"stream_name":"stdout","time":190.926497781,"data":"   inductor : (0,) float32 cuda stride=(1,) []\n"}
,{"stream_name":"stdout","time":190.926500814,"data":"\n"}
,{"stream_name":"stdout","time":190.926503707,"data":"[05 std of 1e-30 values]\n"}
,{"stream_name":"stdout","time":190.926506631,"data":"   eager    : () float32 cuda stride=() 0.0\n"}
,{"stream_name":"stdout","time":190.926509589,"data":"   inductor : () float32 cuda stride=() 0.0\n"}
,{"stream_name":"stdout","time":190.92651266,"data":"   grad eager   : (5,) float32 cuda stride=(1,) [0.0, -0.0, -0.0, -0.0, -0.0]\n"}
,{"stream_name":"stdout","time":190.926515726,"data":"   grad inductor: (5,) float32 cuda stride=(1,) [0.0, -0.0, -0.0, -0.0, -0.0]\n"}
,{"stream_name":"stdout","time":190.926518936,"data":"\n"}
,{"stream_name":"stdout","time":190.92652181,"data":"[05 std of (4,8)*1e30]\n"}
,{"stream_name":"stdout","time":190.926524851,"data":"   eager    : () float32 cuda stride=() inf\n"}
,{"stream_name":"stdout","time":190.926527824,"data":"   inductor : () float32 cuda stride=() inf\n"}
,{"stream_name":"stdout","time":190.926530783,"data":"\n"}
,{"stream_name":"stdout","time":190.926533651,"data":"[06 var_mean empty]\n"}
,{"stream_name":"stdout","time":190.926536689,"data":"   eager    : (() float32 cuda stride=() nan, () float32 cuda stride=() nan)\n"}
,{"stream_name":"stdout","time":190.926539734,"data":"   aot_eager: (() float32 cuda stride=() nan, () float32 cuda stride=() nan)\n"}
,{"stream_name":"stdout","time":190.92654279,"data":"   inductor : (() float32 cuda stride=() nan, () float32 cuda stride=() 0.0)\n"}
,{"stream_name":"stdout","time":190.926545803,"data":"\n"}
,{"stream_name":"stdout","time":190.926548767,"data":"[06 std_mean empty]\n"}
,{"stream_name":"stdout","time":190.926561372,"data":"   eager    : (() float32 cuda stride=() nan, () float32 cuda stride=() nan)\n"}
,{"stream_name":"stdout","time":190.926563998,"data":"   inductor : (() float32 cuda stride=() nan, () float32 cuda stride=() 0.0)\n"}
,{"stream_name":"stdout","time":190.926566315,"data":"\n"}
,{"stream_name":"stdout","time":190.926568477,"data":"[07 pdist (0,4) backward (child process)]\n"}
,{"stream_name":"stdout","time":190.926570826,"data":"   forward ok (0,) | backward ok (0, 4)\n"}
,{"stream_name":"stdout","time":190.926573179,"data":"\n"}
,{"stream_name":"stdout","time":190.926575334,"data":"[08 BCE bf16 inputs fp32 weight]\n"}
,{"stream_name":"stdout","time":190.926577626,"data":"   eager    : () bfloat16 cuda stride=() 0.6015625\n"}
,{"stream_name":"stdout","time":190.926579875,"data":"   aot_eager: () bfloat16 cuda stride=() 0.6015625\n"}
,{"stream_name":"stdout","time":190.926582106,"data":"   inductor : () bfloat16 cuda stride=() 0.6015625\n"}
,{"stream_name":"stdout","time":190.926584355,"data":"\n"}
,{"stream_name":"stdout","time":190.926586524,"data":"[09 channel_shuffle channels_last]\n"}
,{"stream_name":"stdout","time":190.926627731,"data":"   eager    : (2, 6, 8, 8) float32 cuda stride=(384, 64, 8, 1) nan=0 max=3.775\n"}
,{"stream_name":"stdout","time":190.926635579,"data":"   aot_eager: (2, 6, 8, 8) float32 cuda stride=(384, 64, 8, 1) nan=0 max=3.775\n"}
,{"stream_name":"stdout","time":190.926639894,"data":"   inductor : (2, 6, 8, 8) float32 cuda stride=(384, 64, 8, 1) nan=0 max=3.775\n"}
,{"stream_name":"stdout","time":190.926643779,"data":"\n"}
,{"stream_name":"stdout","time":190.926647484,"data":"[10 addmm 0-d bias max_autotune]\n"}
,{"stream_name":"stdout","time":190.926651208,"data":"   eager    : (2, 3) float32 cuda stride=(3, 1) [[-0.2995493412017822, 1.1177786588668823, 0.7196872234344482], [-0.8034917116165161, 0.6789416074752808, 1.5345680713653564]]\n"}
,{"stream_name":"stdout","time":190.926654985,"data":"   inductor : InductorError: LoweringException: IndexError: list index out of range   target: aten.addmm.default   args[0]: TensorBox(StorageBox(     InputBuffer(name='a\n"}
,{"stream_name":"stdout","time":190.926658256,"data":"\n"}
,{"stream_name":"stdout","time":190.926661158,"data":"[02 bmm max_autotune]\n"}
,{"stream_name":"stdout","time":190.9266643,"data":"   eager    : (4, 8, 8) float32 cuda stride=(64, 8, 1) nan=0 max=9.476\n"}
,{"stream_name":"stdout","time":190.926667389,"data":"   inductor : (4, 8, 8) float32 cuda stride=(64, 8, 1) nan=0 max=9.476\n"}
,{"stream_name":"stdout","time":190.926670515,"data":"\n"}
,{"stream_name":"stdout","time":190.926673455,"data":"[G1 new_zeros(device='cpu') under cudagraphs]\n"}
,{"stream_name":"stdout","time":190.926676919,"data":"   eager    : (2, 3) float32 cpu stride=(3, 1) [[0.0, 0.0, 0.0], [0.0, 0.0, 0.0]]\n"}
,{"stream_name":"stdout","time":190.926680335,"data":"   inductor : (2, 3) float32 cuda stride=(3, 1) [[0.0, 0.0, 0.0], [0.0, 0.0, 0.0]]\n"}
,{"stream_name":"stdout","time":190.926683723,"data":"\n"}
,{"stream_name":"stdout","time":190.926686812,"data":"[G1b new_zeros(device='cpu') default config]\n"}
,{"stream_name":"stdout","time":190.926690312,"data":"   eager    : (2, 3) float32 cpu stride=(3, 1) [[0.0, 0.0, 0.0], [0.0, 0.0, 0.0]]\n"}
,{"stream_name":"stdout","time":190.926693482,"data":"   inductor : (2, 3) float32 cpu stride=(3, 1) [[0.0, 0.0, 0.0], [0.0, 0.0, 0.0]]\n"}
,{"stream_name":"stdout","time":190.926696782,"data":"\n"}
,{"stream_name":"stdout","time":190.926699741,"data":"[G2 adaptive_avg_pool2d output_size as SymInt (dynamic=True, positional param)]\n"}
,{"stream_name":"stdout","time":190.926709551,"data":"   eager    : (2, 8, 5, 5) float32 cuda stride=(200, 25, 5, 1) nan=0 max=1.449\n"}
,{"stream_name":"stdout","time":190.926713742,"data":"   inductor : (2, 8, 5, 5) float32 cuda stride=(200, 25, 5, 1) nan=0 max=1.449\n"}
,{"stream_name":"stdout","time":190.926717734,"data":"\n"}
,{"stream_name":"stdout","time":190.926720978,"data":"[G3 combinations r=1 dynamic=True]\n"}
,{"stream_name":"stdout","time":190.926724436,"data":"   eager    : (2, 1) float32 cuda stride=(1, 2) [[-0.6173673868179321], [0.8374409079551697]]\n"}
,{"stream_name":"stdout","time":190.926727882,"data":"   inductor : (2, 1) float32 cuda stride=(1, 1) [[-0.6173673868179321], [0.8374409079551697]]\n"}
,{"stream_name":"stdout","time":190.926731318,"data":"\n"}
,{"stream_name":"stdout","time":190.92673476,"data":"[G4 interpolate scale 2 bilinear dynamic=True]\n"}
,{"stream_name":"stdout","time":190.926738881,"data":"   eager    : (2, 3, 8, 8) float32 cuda stride=(192, 64, 8, 1) nan=0 max=2.453\n"}
,{"stream_name":"stdout","time":190.926742866,"data":"   inductor : (2, 3, 8, 8) float32 cuda stride=(192, 64, 8, 1) nan=0 max=2.453\n"}
,{"stream_name":"stdout","time":190.92674807,"data":"\n"}
,{"stream_name":"stdout","time":190.926755194,"data":"[G5 quantile dynamic=True]\n"}
,{"stream_name":"stdout","time":190.926758185,"data":"   eager    : (2,) float32 cuda stride=(1,) [-0.25449299812316895, 0.7323682904243469]\n"}
,{"stream_name":"stdout","time":190.926761357,"data":"   inductor : (2,) float32 cuda stride=(1,) [-0.25449299812316895, 0.7323682904243469]\n"}
,{"stream_name":"stdout","time":190.926763728,"data":"\n"}
,{"stream_name":"stdout","time":190.926765877,"data":"[G6 nonzero_static size 5 -\u003e 6]\n"}
,{"stream_name":"stdout","time":190.926768359,"data":"   call v1  : (5, 2) int64 cuda stride=(1, 5) | eager (5, 2) int64 cuda stride=(1, 5)\n"}
,{"stream_name":"stdout","time":190.926770668,"data":"   call v2  : (6, 2) int64 cuda stride=(1, 6) | eager (6, 2) int64 cuda stride=(1, 6)\n"}
,{"stream_name":"stdout","time":190.926772981,"data":"\n"}
,{"stream_name":"stdout","time":190.926775124,"data":"[G7 grid_sampler_2d interpolation_mode 0 -\u003e 1]\n"}
,{"stream_name":"stdout","time":190.926777574,"data":"   call v1  : (1, 2, 4, 4) float32 cuda stride=(32, 16, 4, 1) nan=0 max=0.9718 | eager (1, 2, 4, 4) float32 cuda stride=(32, 16, 4, 1) nan=0 max=0.9718\n"}
,{"stream_name":"stdout","time":190.92678006,"data":"   call v2  : (1, 2, 4, 4) float32 cuda stride=(32, 16, 4, 1) nan=0 max=0.9718 | eager (1, 2, 4, 4) float32 cuda stride=(32, 16, 4, 1) nan=0 max=0.9718\n"}
,{"stream_name":"stdout","time":190.926799164,"data":"\n"}
,{"stream_name":"stdout","time":190.926802971,"data":"[11 aoti return_types] NotImplementedError: No registered serialization name for \u003cclass 'torch.return_types.max'\u003e found. Please update your _register_pytree_node call with a `serialize\n"}
,{"stream_name":"stdout","time":190.926807443,"data":"[12 run_decompositions] RuntimeError: Constant lifted_tensor_0 is mutated in the forward method. Pls register it as buffer\n"}
,{"stream_name":"stdout","time":190.926811499,"data":"[12 aoti] RuntimeError: false INTERNAL ASSERT FAILED at \"/__w/pytorch/pytorch/build/aten/src/ATen/RegisterFunctionalization_2.cpp\":8056, please report a bug to PyTo\n"}
,{"stream_name":"stdout","time":190.926815982,"data":"\n"}
,{"stream_name":"stdout","time":190.926819197,"data":"VERIFY DONE\n"}
,{"stream_name":"stdout","time":193.102974522,"data":"$ /usr/bin/python3 scripts/verify_candidates_cuda.py cpu\n"}
,{"stream_name":"stderr","time":210.12726499,"data":"E0910 23:31:59.163000 187 torch/_subclasses/fake_tensor.py:3212] [0/0] failed while attempting to run meta for aten.linalg_vector_norm.default\n"}
,{"stream_name":"stderr","time":210.127329603,"data":"E0910 23:31:59.163000 187 torch/_subclasses/fake_tensor.py:3212] [0/0] Traceback (most recent call last):\n"}
,{"stream_name":"stderr","time":210.127337003,"data":"E0910 23:31:59.163000 187 torch/_subclasses/fake_tensor.py:3212] [0/0]   File \"/usr/local/lib/python3.12/dist-packages/torch/_subclasses/fake_tensor.py\", line 3208, in _dispatch_impl\n"}
,{"stream_name":"stderr","time":210.12734118,"data":"E0910 23:31:59.163000 187 torch/_subclasses/fake_tensor.py:3212] [0/0]     r = func(*args, **kwargs)\n"}
,{"stream_name":"stderr","time":210.127344712,"data":"E0910 23:31:59.163000 187 torch/_subclasses/fake_tensor.py:3212] [0/0]         ^^^^^^^^^^^^^^^^^^^^^\n"}
,{"stream_name":"stderr","time":210.127348119,"data":"E0910 23:31:59.163000 187 torch/_subclasses/fake_tensor.py:3212] [0/0]   File \"/usr/local/lib/python3.12/dist-packages/torch/_ops.py\", line 916, in __call__\n"}
,{"stream_name":"stderr","time":210.127351671,"data":"E0910 23:31:59.163000 187 torch/_subclasses/fake_tensor.py:3212] [0/0]     return self._op(*args, **kwargs)\n"}
,{"stream_name":"stderr","time":210.127355359,"data":"E0910 23:31:59.163000 187 torch/_subclasses/fake_tensor.py:3212] [0/0]            ^^^^^^^^^^^^^^^^^^^^^^^^^\n"}
,{"stream_name":"stderr","time":210.127358841,"data":"E0910 23:31:59.163000 187 torch/_subclasses/fake_tensor.py:3212] [0/0]   File \"/usr/local/lib/python3.12/dist-packages/torch/_prims_common/wrappers.py\", line 313, in _fn\n"}
,{"stream_name":"stderr","time":210.127362594,"data":"E0910 23:31:59.163000 187 torch/_subclasses/fake_tensor.py:3212] [0/0]     result = fn(*args, **kwargs)\n"}
,{"stream_name":"stderr","time":210.127366101,"data":"E0910 23:31:59.163000 187 torch/_subclasses/fake_tensor.py:3212] [0/0]              ^^^^^^^^^^^^^^^^^^^\n"}
,{"stream_name":"stderr","time":210.127369832,"data":"E0910 23:31:59.163000 187 torch/_subclasses/fake_tensor.py:3212] [0/0]   File \"/usr/local/lib/python3.12/dist-packages/torch/_refs/linalg/__init__.py\", line 146, in vector_norm\n"}
,{"stream_name":"stderr","time":210.127374006,"data":"E0910 23:31:59.163000 187 torch/_subclasses/fake_tensor.py:3212] [0/0]     _check_vector_norm_args(x, ord, dim)\n"}
,{"stream_name":"stderr","time":210.127377706,"data":"E0910 23:31:59.163000 187 torch/_subclasses/fake_tensor.py:3212] [0/0]   File \"/usr/local/lib/python3.12/dist-packages/torch/_refs/linalg/__init__.py\", line 121, in _check_vector_norm_args\n"}
,{"stream_name":"stderr","time":210.127381489,"data":"E0910 23:31:59.163000 187 torch/_subclasses/fake_tensor.py:3212] [0/0]     torch._check(\n"}
,{"stream_name":"stderr","time":210.127387014,"data":"E0910 23:31:59.163000 187 torch/_subclasses/fake_tensor.py:3212] [0/0]   File \"/usr/local/lib/python3.12/dist-packages/torch/__init__.py\", line 2140, in _check\n"}
,{"stream_name":"stderr","time":210.127391357,"data":"E0910 23:31:59.163000 187 torch/_subclasses/fake_tensor.py:3212] [0/0]     _check_with(RuntimeError, cond, message)\n"}
,{"stream_name":"stderr","time":210.127394996,"data":"E0910 23:31:59.163000 187 torch/_subclasses/fake_tensor.py:3212] [0/0]   File \"/usr/local/lib/python3.12/dist-packages/torch/__init__.py\", line 2118, in _check_with\n"}
,{"stream_name":"stderr","time":210.127398714,"data":"E0910 23:31:59.163000 187 torch/_subclasses/fake_tensor.py:3212] [0/0]     raise error_type(message_evaluated)\n"}
,{"stream_name":"stderr","time":210.127402518,"data":"E0910 23:31:59.163000 187 torch/_subclasses/fake_tensor.py:3212] [0/0] RuntimeError: linalg.vector_norm cannot compute the inf norm on the dimension -1 because this dimension is empty and the operation does not have an identity\n"}
,{"stream_name":"stderr","time":210.143698871,"data":"E0910 23:31:59.181000 187 torch/_subclasses/fake_tensor.py:3212] [0/0] failed while attempting to run meta for aten.linalg_vector_norm.default\n"}
,{"stream_name":"stderr","time":210.143736185,"data":"E0910 23:31:59.181000 187 torch/_subclasses/fake_tensor.py:3212] [0/0] Traceback (most recent call last):\n"}
,{"stream_name":"stderr","time":210.14374162,"data":"E0910 23:31:59.181000 187 torch/_subclasses/fake_tensor.py:3212] [0/0]   File \"/usr/local/lib/python3.12/dist-packages/torch/_subclasses/fake_tensor.py\", line 3208, in _dispatch_impl\n"}
,{"stream_name":"stderr","time":210.143745807,"data":"E0910 23:31:59.181000 187 torch/_subclasses/fake_tensor.py:3212] [0/0]     r = func(*args, **kwargs)\n"}
,{"stream_name":"stderr","time":210.143749305,"data":"E0910 23:31:59.181000 187 torch/_subclasses/fake_tensor.py:3212] [0/0]         ^^^^^^^^^^^^^^^^^^^^^\n"}
,{"stream_name":"stderr","time":210.143753035,"data":"E0910 23:31:59.181000 187 torch/_subclasses/fake_tensor.py:3212] [0/0]   File \"/usr/local/lib/python3.12/dist-packages/torch/_ops.py\", line 916, in __call__\n"}
,{"stream_name":"stderr","time":210.143756828,"data":"E0910 23:31:59.181000 187 torch/_subclasses/fake_tensor.py:3212] [0/0]     return self._op(*args, **kwargs)\n"}
,{"stream_name":"stderr","time":210.143760433,"data":"E0910 23:31:59.181000 187 torch/_subclasses/fake_tensor.py:3212] [0/0]            ^^^^^^^^^^^^^^^^^^^^^^^^^\n"}
,{"stream_name":"stderr","time":210.143763984,"data":"E0910 23:31:59.181000 187 torch/_subclasses/fake_tensor.py:3212] [0/0]   File \"/usr/local/lib/python3.12/dist-packages/torch/_prims_common/wrappers.py\", line 313, in _fn\n"}
,{"stream_name":"stderr","time":210.143767566,"data":"E0910 23:31:59.181000 187 torch/_subclasses/fake_tensor.py:3212] [0/0]     result = fn(*args, **kwargs)\n"}
,{"stream_name":"stderr","time":210.143770998,"data":"E0910 23:31:59.181000 187 torch/_subclasses/fake_tensor.py:3212] [0/0]              ^^^^^^^^^^^^^^^^^^^\n"}
,{"stream_name":"stderr","time":210.143774325,"data":"E0910 23:31:59.181000 187 torch/_subclasses/fake_tensor.py:3212] [0/0]   File \"/usr/local/lib/python3.12/dist-packages/torch/_refs/linalg/__init__.py\", line 146, in vector_norm\n"}
,{"stream_name":"stderr","time":210.143778128,"data":"E0910 23:31:59.181000 187 torch/_subclasses/fake_tensor.py:3212] [0/0]     _check_vector_norm_args(x, ord, dim)\n"}
,{"stream_name":"stderr","time":210.143781665,"data":"E0910 23:31:59.181000 187 torch/_subclasses/fake_tensor.py:3212] [0/0]   File \"/usr/local/lib/python3.12/dist-packages/torch/_refs/linalg/__init__.py\", line 121, in _check_vector_norm_args\n"}
,{"stream_name":"stderr","time":210.143785533,"data":"E0910 23:31:59.181000 187 torch/_subclasses/fake_tensor.py:3212] [0/0]     torch._check(\n"}
,{"stream_name":"stderr","time":210.143789928,"data":"E0910 23:31:59.181000 187 torch/_subclasses/fake_tensor.py:3212] [0/0]   File \"/usr/local/lib/python3.12/dist-packages/torch/__init__.py\", line 2140, in _check\n"}
,{"stream_name":"stderr","time":210.143793731,"data":"E0910 23:31:59.181000 187 torch/_subclasses/fake_tensor.py:3212] [0/0]     _check_with(RuntimeError, cond, message)\n"}
,{"stream_name":"stderr","time":210.143797271,"data":"E0910 23:31:59.181000 187 torch/_subclasses/fake_tensor.py:3212] [0/0]   File \"/usr/local/lib/python3.12/dist-packages/torch/__init__.py\", line 2118, in _check_with\n"}
,{"stream_name":"stderr","time":210.143801105,"data":"E0910 23:31:59.181000 187 torch/_subclasses/fake_tensor.py:3212] [0/0]     raise error_type(message_evaluated)\n"}
,{"stream_name":"stderr","time":210.143804725,"data":"E0910 23:31:59.181000 187 torch/_subclasses/fake_tensor.py:3212] [0/0] RuntimeError: linalg.vector_norm cannot compute the inf norm on the dimension -1 because this dimension is empty and the operation does not have an identity\n"}
,{"stream_name":"stderr","time":213.439395718,"data":"/kaggle/working/plan/scripts/verify_candidates_cuda.py:49: UserWarning: var_mean(): degrees of freedom is \u003c= 0. Correction should be strictly less than the reduction factor (input numel divided by output numel). (Triggered internally at /__w/pytorch/pytorch/aten/src/ATen/native/ReduceOps.cpp:1913.)\n"}
,{"stream_name":"stderr","time":213.43945881,"data":"  print(\"   eager    :\", show(fn(*args)))\n"}
,{"stream_name":"stderr","time":213.499461378,"data":"[W910 23:32:02.018663786 ReduceOps.cpp:1913] Warning: var_mean(): degrees of freedom is \u003c= 0. Correction should be strictly less than the reduction factor (input numel divided by output numel). (function warn_invalid_degrees_of_freedom)\n"}
,{"stream_name":"stderr","time":214.274929517,"data":"/kaggle/working/plan/scripts/verify_candidates_cuda.py:49: UserWarning: std_mean(): degrees of freedom is \u003c= 0. Correction should be strictly less than the reduction factor (input numel divided by output numel). (Triggered internally at /__w/pytorch/pytorch/aten/src/ATen/native/ReduceOps.cpp:1913.)\n"}
,{"stream_name":"stderr","time":214.274960075,"data":"  print(\"   eager    :\", show(fn(*args)))\n"}
,{"stream_name":"stderr","time":223.376536958,"data":"Autotune Choices Stats:\n"}
,{"stream_name":"stderr","time":223.376572957,"data":"{\"num_choices\": 2, \"num_triton_choices\": 0, \"best_kernel\": \"cpp_CppMicroGemmFP32Vec_0\", \"best_time\": 0.003995999975359155}\n"}
,{"stream_name":"stderr","time":223.37736253,"data":"AUTOTUNE bmm(4x8x8, 4x8x8)\n"}
,{"stream_name":"stderr","time":223.377384566,"data":"strides: [64, 8, 1], [64, 8, 1]\n"}
,{"stream_name":"stderr","time":223.377390386,"data":"dtypes: torch.float32, torch.float32\n"}
,{"stream_name":"stderr","time":223.377394799,"data":"  cpp_CppMicroGemmFP32Vec_0 0.0040 ms 100.0% \n"}
,{"stream_name":"stderr","time":223.377399288,"data":"  bmm 0.0176 ms 22.7% \n"}
,{"stream_name":"stderr","time":223.377404181,"data":"SingleProcess AUTOTUNE benchmarking takes 0.2494 seconds and 3.4304 seconds precompiling for 2 choices\n"}
,{"stream_name":"stdout","time":238.099922814,"data":"torch 2.14.0+cu130 | device cpu | \n"}
,{"stream_name":"stdout","time":238.099957326,"data":"\n"}
,{"stream_name":"stdout","time":238.099962668,"data":"[01 argmin broadcast equal dims dynamic=True]\n"}
,{"stream_name":"stdout","time":238.099967453,"data":"   eager    : () int64 cpu stride=() 7\n"}
,{"stream_name":"stdout","time":238.099972172,"data":"   inductor : InductorError: CppCompileError: C++ compile error  Command: g++ /tmp/torchinductor_root/ra/crarvwr7an7ouhzjplo7erjzykbrlakfmlqanumt77qj7sbw7wqh.main.cpp -D || /tmp/torchinductor_root/ra/crarvwr7an7ouhzjplo7erjzykbrlakfmlqanumt77qj7sbw7wqh.main.cpp:25:106: error: invalid type argument of unary ¡®*¡¯ (have ¡®int¡¯) | /tmp/torchinductor_root/ra/crarvwr7an7ouhzjplo7erjzykbrlakfmlqanumt77qj7sbw7wqh.main.cpp:32:106: error: invalid type argument of unary ¡®*¡¯ (have ¡®int¡¯)\n"}
,{"stream_name":"stdout","time":238.099981029,"data":"\n"}
,{"stream_name":"stdout","time":238.099985566,"data":"[03 interpolate (2,3,0)-\u003e3 (child process)]\n"}
,{"stream_name":"stdout","time":238.099990578,"data":"   eager: RuntimeError Input and output sizes should be greater than 0, but got input (W: 0) and output | inductor: (2, 3, 3) nan 18\n"}
,{"stream_name":"stdout","time":238.099995654,"data":"\n"}
,{"stream_name":"stdout","time":238.100000109,"data":"[04 vector_norm ord=inf dim=-1 on (0,5)]\n"}
,{"stream_name":"stdout","time":238.100004544,"data":"   eager    : (0,) float32 cpu stride=(1,) []\n"}
,{"stream_name":"stdout","time":238.100009166,"data":"   aot_eager: TorchRuntimeError: RuntimeError when making fake tensor call   Explanation: Dynamo failed to run FX node with fake tensors: call_function \u003cbuilt-in function li\n"}
,{"stream_name":"stdout","time":238.100024924,"data":"   inductor : TorchRuntimeError: RuntimeError when making fake tensor call   Explanation: Dynamo failed to run FX node with fake tensors: call_function \u003cbuilt-in function li\n"}
,{"stream_name":"stdout","time":238.100029785,"data":"\n"}
,{"stream_name":"stdout","time":238.100032955,"data":"[04 vector_norm ord=inf dim=1 on (0,5)]\n"}
,{"stream_name":"stdout","time":238.100036937,"data":"   eager    : (0,) float32 cpu stride=(1,) []\n"}
,{"stream_name":"stdout","time":238.100040622,"data":"   inductor : (0,) float32 cpu stride=(1,) []\n"}
,{"stream_name":"stdout","time":238.100044373,"data":"\n"}
,{"stream_name":"stdout","time":238.100048018,"data":"[05 std of 1e-30 values]\n"}
,{"stream_name":"stdout","time":238.100051406,"data":"   eager    : () float32 cpu stride=() 1.1581279734414313e-30\n"}
,{"stream_name":"stdout","time":238.100055414,"data":"   inductor : () float32 cpu stride=() 0.0\n"}
,{"stream_name":"stdout","time":238.100059542,"data":"   grad eager   : (5,) float32 cpu stride=(1,) [0.1387888789176941, 0.21450941264629364, -0.3816143572330475, 0.1532496064901352, -0.12493353337049484]\n"}
,{"stream_name":"stdout","time":238.100063161,"data":"   grad inductor: (5,) float32 cpu stride=(1,) [0.0, 0.0, -0.0, 0.0, -0.0]\n"}
,{"stream_name":"stdout","time":238.100066716,"data":"\n"}
,{"stream_name":"stdout","time":238.100070888,"data":"[05 std of (4,8)*1e30]\n"}
,{"stream_name":"stdout","time":238.100074468,"data":"   eager    : () float32 cpu stride=() 9.148753168480315e+29\n"}
,{"stream_name":"stdout","time":238.100078035,"data":"   inductor : () float32 cpu stride=() inf\n"}
,{"stream_name":"stdout","time":238.100081658,"data":"\n"}
,{"stream_name":"stdout","time":238.100085318,"data":"[06 var_mean empty]\n"}
,{"stream_name":"stdout","time":238.100089084,"data":"   eager    : (() float32 cpu stride=() nan, () float32 cpu stride=() nan)\n"}
,{"stream_name":"stdout","time":238.100092936,"data":"   aot_eager: (() float32 cpu stride=() nan, () float32 cpu stride=() nan)\n"}
,{"stream_name":"stdout","time":238.100098843,"data":"   inductor : (() float32 cpu stride=() nan, () float32 cpu stride=() 0.0)\n"}
,{"stream_name":"stdout","time":238.100102335,"data":"\n"}
,{"stream_name":"stdout","time":238.100105544,"data":"[06 std_mean empty]\n"}
,{"stream_name":"stdout","time":238.1001105,"data":"   eager    : (() float32 cpu stride=() nan, () float32 cpu stride=() nan)\n"}
,{"stream_name":"stdout","time":238.100113807,"data":"   inductor : (() float32 cpu stride=() nan, () float32 cpu stride=() 0.0)\n"}
,{"stream_name":"stdout","time":238.100118853,"data":"\n"}
,{"stream_name":"stdout","time":238.100122231,"data":"[07 pdist (0,4) backward (child process)]\n"}
,{"stream_name":"stdout","time":238.100125493,"data":"   forward ok (0,)   \u003c-- child exit -11: \n"}
,{"stream_name":"stdout","time":238.100129316,"data":"\n"}
,{"stream_name":"stdout","time":238.100132998,"data":"[08 BCE bf16 inputs fp32 weight]\n"}
,{"stream_name":"stdout","time":238.10013679,"data":"   eager    : () bfloat16 cpu stride=() 0.50390625\n"}
,{"stream_name":"stdout","time":238.100139989,"data":"   aot_eager: () bfloat16 cpu stride=() 0.50390625\n"}
,{"stream_name":"stdout","time":238.100143133,"data":"   inductor : () float32 cpu stride=() 0.5013980865478516\n"}
,{"stream_name":"stdout","time":238.100146098,"data":"\n"}
,{"stream_name":"stdout","time":238.100149084,"data":"[09 channel_shuffle channels_last]\n"}
,{"stream_name":"stdout","time":238.100152094,"data":"   eager    : (2, 6, 8, 8) float32 cpu stride=(384, 1, 48, 6) nan=0 max=4.101\n"}
,{"stream_name":"stdout","time":238.100161411,"data":"   aot_eager: (2, 6, 8, 8) float32 cpu stride=(384, 1, 48, 6) nan=0 max=4.101\n"}
,{"stream_name":"stdout","time":238.100164971,"data":"   inductor : (2, 6, 8, 8) float32 cpu stride=(384, 64, 8, 1) nan=0 max=4.101\n"}
,{"stream_name":"stdout","time":238.100168341,"data":"\n"}
,{"stream_name":"stdout","time":238.100171621,"data":"[10 addmm 0-d bias max_autotune]\n"}
,{"stream_name":"stdout","time":238.100174936,"data":"   eager    : (2, 3) float32 cpu stride=(3, 1) [[1.2859805822372437, 0.4093663990497589, -1.166354775428772], [2.3327994346618652, 0.45918554067611694, -3.4034740924835205]]\n"}
,{"stream_name":"stdout","time":238.100178716,"data":"   inductor : InductorError: LoweringException: IndexError: list index out of range   target: aten.addmm.default   args[0]: TensorBox(StorageBox(     InputBuffer(name='a\n"}
,{"stream_name":"stdout","time":238.100182663,"data":"\n"}
,{"stream_name":"stdout","time":238.100185689,"data":"[02 bmm max_autotune]\n"}
,{"stream_name":"stdout","time":238.100188776,"data":"   eager    : (4, 8, 8) float32 cpu stride=(64, 8, 1) nan=0 max=10.68\n"}
,{"stream_name":"stdout","time":238.10019206,"data":"   inductor : (4, 8, 8) float32 cpu stride=(64, 8, 1) nan=0 max=10.68\n"}
,{"stream_name":"stdout","time":238.100195344,"data":"\n"}
,{"stream_name":"stdout","time":238.100198438,"data":"[G2 adaptive_avg_pool2d output_size as SymInt (dynamic=True, positional param)]\n"}
,{"stream_name":"stdout","time":238.100202521,"data":"   eager    : (2, 8, 5, 5) float32 cpu stride=(200, 25, 5, 1) nan=0 max=1.348\n"}
,{"stream_name":"stdout","time":238.100206531,"data":"   inductor : (2, 8, 5, 5) float32 cpu stride=(200, 25, 5, 1) nan=0 max=1.348\n"}
,{"stream_name":"stdout","time":238.100210212,"data":"\n"}
,{"stream_name":"stdout","time":238.100213571,"data":"[G3 combinations r=1 dynamic=True]\n"}
,{"stream_name":"stdout","time":238.10021695,"data":"   eager    : (2, 1) float32 cpu stride=(1, 1) [[0.4550809860229492], [-0.4511180818080902]]\n"}
,{"stream_name":"stdout","time":238.100220813,"data":"   inductor : (2, 1) float32 cpu stride=(1, 1) [[0.4550809860229492], [-0.4511180818080902]]\n"}
,{"stream_name":"stdout","time":238.10022499,"data":"\n"}
,{"stream_name":"stdout","time":238.100228165,"data":"[G4 interpolate scale 2 bilinear dynamic=True]\n"}
,{"stream_name":"stdout","time":238.100231582,"data":"   eager    : (2, 3, 8, 8) float32 cpu stride=(192, 64, 8, 1) nan=0 max=2.453\n"}
,{"stream_name":"stdout","time":238.100235038,"data":"   inductor : (2, 3, 8, 8) float32 cpu stride=(192, 64, 8, 1) nan=0 max=2.453\n"}
,{"stream_name":"stdout","time":238.100238608,"data":"\n"}
,{"stream_name":"stdout","time":238.100243405,"data":"[G5 quantile dynamic=True]\n"}
,{"stream_name":"stdout","time":238.100251878,"data":"   eager    : (2,) float32 cpu stride=(1,) [-0.42214810848236084, 0.2696978747844696]\n"}
,{"stream_name":"stdout","time":238.100254374,"data":"   inductor : (2,) float32 cpu stride=(1,) [-0.42214810848236084, 0.269697904586792]\n"}
,{"stream_name":"stdout","time":238.100256703,"data":"\n"}
,{"stream_name":"stdout","time":238.100258856,"data":"[G6 nonzero_static size 5 -\u003e 6]\n"}
,{"stream_name":"stdout","time":238.100261215,"data":"   call v1  : (5, 2) int64 cpu stride=(2, 1) | eager (5, 2) int64 cpu stride=(2, 1)\n"}
,{"stream_name":"stdout","time":238.100263519,"data":"   call v2  : (6, 2) int64 cpu stride=(2, 1) | eager (6, 2) int64 cpu stride=(2, 1)\n"}
,{"stream_name":"stdout","time":238.100265841,"data":"\n"}
,{"stream_name":"stdout","time":238.100267992,"data":"[G7 grid_sampler_2d interpolation_mode 0 -\u003e 1]\n"}
,{"stream_name":"stdout","time":238.100287573,"data":"   call v1  : (1, 2, 4, 4) float32 cpu stride=(32, 16, 4, 1) nan=0 max=0.915 | eager (1, 2, 4, 4) float32 cpu stride=(32, 16, 4, 1) nan=0 max=0.915\n"}
,{"stream_name":"stdout","time":238.100296729,"data":"   call v2  : (1, 2, 4, 4) float32 cpu stride=(32, 16, 4, 1) nan=0 max=0.915 | eager (1, 2, 4, 4) float32 cpu stride=(32, 16, 4, 1) nan=0 max=0.915\n"}
,{"stream_name":"stdout","time":238.1003005,"data":"\n"}
,{"stream_name":"stdout","time":238.100303497,"data":"[11 aoti return_types] NotImplementedError: No registered serialization name for \u003cclass 'torch.return_types.max'\u003e found. Please update your _register_pytree_node call with a `serialize\n"}
,{"stream_name":"stdout","time":238.100307157,"data":"[12 run_decompositions] RuntimeError: Constant lifted_tensor_0 is mutated in the forward method. Pls register it as buffer\n"}
,{"stream_name":"stdout","time":238.100311038,"data":"[12 aoti] RuntimeError: false INTERNAL ASSERT FAILED at \"/__w/pytorch/pytorch/build/aten/src/ATen/RegisterFunctionalization_2.cpp\":8056, please report a bug to PyTo\n"}
,{"stream_name":"stdout","time":238.100315705,"data":"\n"}
,{"stream_name":"stdout","time":238.100318925,"data":"VERIFY DONE\n"}
,{"stream_name":"stdout","time":239.368820497,"data":"JOB DONE\n"}
,{"stream_name":"stderr","time":241.418033238,"data":"/usr/local/lib/python3.12/dist-packages/mistune.py:435: SyntaxWarning: invalid escape sequence '\\|'\n"}
,{"stream_name":"stderr","time":241.418070584,"data":"  cells[i][c] = re.sub('\\\\\\\\\\|', '|', cell)\n"}
,{"stream_name":"stderr","time":241.656219651,"data":"/usr/local/lib/python3.12/dist-packages/nbconvert/filters/filter_links.py:36: SyntaxWarning: invalid escape sequence '\\_'\n"}
,{"stream_name":"stderr","time":241.656244015,"data":"  text = re.sub(r'_', '\\_', text) # Escape underscores in display text\n"}
,{"stream_name":"stderr","time":242.270699324,"data":"[NbConvertApp] Converting notebook __script__.ipynb to html\n"}
,{"stream_name":"stderr","time":243.44811903,"data":"[NbConvertApp] Writing 279148 bytes to __results__.html\n"}
]