==== --file model_efficientnet_b0_bf16_autocast.py exit 0 [410s]

torch 2.14.0+cpu  device cpu  backend=inductor  reruns=2
1 program(s) -> reports_models

resuming: 6 done, 1 remaining
  model_efficientnet_b0_bf16_autocast 0 candidate(s), 0 submittable, 3 tests, 10 compiles  [397.8s]

0 candidate(s); summary at reports_models\SUMMARY.md
==== --file model_efficientnet_b0_channels_last.py exit 0 [896s]

torch 2.14.0+cpu  device cpu  backend=inductor  reruns=2
1 program(s) -> reports_models

resuming: 7 done, 1 remaining
  model_efficientnet_b0_channels_last 0 candidate(s), 0 submittable, 2 tests, 8 compiles  [878.4s]

0 candidate(s); summary at reports_models\SUMMARY.md
==== --file model_efficientnet_b0_dynamic.py exit 0 [645s]

torch 2.14.0+cpu  device cpu  backend=inductor  reruns=2
1 program(s) -> reports_models

resuming: 8 done, 1 remaining
  model_efficientnet_b0_dynamic 0 candidate(s), 0 submittable, 2 tests, 8 compiles  [628.7s]

0 candidate(s); summary at reports_models\SUMMARY.md
==== --file model_efficientnet_b0_fp32.py exit 0 [380s]

torch 2.14.0+cpu  device cpu  backend=inductor  reruns=2
1 program(s) -> reports_models

resuming: 9 done, 1 remaining
  model_efficientnet_b0_fp32 0 candidate(s), 0 submittable, 2 tests, 8 compiles  [367.7s]

0 candidate(s); summary at reports_models\SUMMARY.md
==== --file model_efficientnet_b0_train.py exit 0 [405s]

torch 2.14.0+cpu  device cpu  backend=inductor  reruns=2
1 program(s) -> reports_models

resuming: 10 done, 1 remaining
  model_efficientnet_b0_train 0 candidate(s), 0 submittable, 2 tests, 8 compiles  [391.7s]

0 candidate(s); summary at reports_models\SUMMARY.md
==== --file model_fcn_resnet18_like_bf16_autocast.py exit 0 [781s]

torch 2.14.0+cpu  device cpu  backend=inductor  reruns=2
1 program(s) -> reports_models

resuming: 11 done, 1 remaining
  model_fcn_resnet18_like_bf16_autocast 1 candidate(s), 1 submittable, 5 tests, 17 compiles  [769.8s]
    * high   inductor_codegen       requires_grad        61eda009bc8f

1 candidate(s); summary at reports_models\SUMMARY.md
==== --file model_fcn_resnet18_like_channels_last.py exit 0 [202s]

torch 2.14.0+cpu  device cpu  backend=inductor  reruns=2
1 program(s) -> reports_models

resuming: 12 done, 1 remaining
  model_fcn_resnet18_like_channels_last 0 candidate(s), 0 submittable, 5 tests, 19 compiles  [191.0s]

0 candidate(s); summary at reports_models\SUMMARY.md
==== --file model_fcn_resnet18_like_dynamic.py exit 0 [206s]

torch 2.14.0+cpu  device cpu  backend=inductor  reruns=2
1 program(s) -> reports_models

resuming: 13 done, 1 remaining
  model_fcn_resnet18_like_dynamic 0 candidate(s), 0 submittable, 5 tests, 19 compiles  [195.8s]

0 candidate(s); summary at reports_models\SUMMARY.md
==== --file model_fcn_resnet18_like_fp32.py exit 0 [195s]

torch 2.14.0+cpu  device cpu  backend=inductor  reruns=2
1 program(s) -> reports_models

resuming: 14 done, 1 remaining
  model_fcn_resnet18_like_fp32 0 candidate(s), 0 submittable, 5 tests, 19 compiles  [183.9s]

0 candidate(s); summary at reports_models\SUMMARY.md
==== --file model_fcn_resnet18_like_train.py exit 0 [189s]

torch 2.14.0+cpu  device cpu  backend=inductor  reruns=2
1 program(s) -> reports_models

resuming: 15 done, 1 remaining
  model_fcn_resnet18_like_train 0 candidate(s), 0 submittable, 5 tests, 19 compiles  [178.8s]

0 candidate(s); summary at reports_models\SUMMARY.md
==== --file model_googlenet_bf16_autocast.py exit 0 [374s]

torch 2.14.0+cpu  device cpu  backend=inductor  reruns=2
1 program(s) -> reports_models

resuming: 16 done, 1 remaining
  model_googlenet_bf16_autocast 0 candidate(s), 0 submittable, 2 tests, 6 compiles  [363.6s]

0 candidate(s); summary at reports_models\SUMMARY.md
==== --file model_googlenet_channels_last.py timeout [900s]

==== --file model_googlenet_dynamic.py timeout [900s]

==== --file model_googlenet_fp32.py timeout [900s]

==== --file model_googlenet_train.py timeout [900s]

==== --file model_mnasnet0_5_bf16_autocast.py exit 0 [323s]

torch 2.14.0+cpu  device cpu  backend=inductor  reruns=2
1 program(s) -> reports_models

resuming: 21 done, 1 remaining
  model_mnasnet0_5_bf16_autocast 0 candidate(s), 0 submittable, 4 tests, 14 compiles  [312.7s]

0 candidate(s); summary at reports_models\SUMMARY.md
==== --file model_mnasnet0_5_channels_last.py exit 0 [415s]

torch 2.14.0+cpu  device cpu  backend=inductor  reruns=2
1 program(s) -> reports_models

resuming: 22 done, 1 remaining
  model_mnasnet0_5_channels_last 0 candidate(s), 0 submittable, 2 tests, 8 compiles  [405.7s]

0 candidate(s); summary at reports_models\SUMMARY.md
==== --file model_mnasnet0_5_dynamic.py exit 0 [286s]

torch 2.14.0+cpu  device cpu  backend=inductor  reruns=2
1 program(s) -> reports_models

resuming: 23 done, 1 remaining
  model_mnasnet0_5_dynamic 0 candidate(s), 0 submittable, 3 tests, 11 compiles  [276.2s]

0 candidate(s); summary at reports_models\SUMMARY.md
==== --file model_mnasnet0_5_fp32.py exit 0 [300s]

torch 2.14.0+cpu  device cpu  backend=inductor  reruns=2
1 program(s) -> reports_models

resuming: 24 done, 1 remaining
  model_mnasnet0_5_fp32    0 candidate(s), 0 submittable, 3 tests, 11 compiles  [289.5s]

0 candidate(s); summary at reports_models\SUMMARY.md
==== --file model_mnasnet0_5_train.py exit 0 [258s]

torch 2.14.0+cpu  device cpu  backend=inductor  reruns=2
1 program(s) -> reports_models

resuming: 25 done, 1 remaining
  model_mnasnet0_5_train   0 candidate(s), 0 submittable, 3 tests, 11 compiles  [247.9s]

0 candidate(s); summary at reports_models\SUMMARY.md
==== --file model_mobilenet_v2_bf16_autocast.py exit 0 [375s]

torch 2.14.0+cpu  device cpu  backend=inductor  reruns=2
1 program(s) -> reports_models

resuming: 26 done, 1 remaining
  model_mobilenet_v2_bf16_autocast 0 candidate(s), 0 submittable, 5 tests, 17 compiles  [365.0s]

0 candidate(s); summary at reports_models\SUMMARY.md
==== --file model_mobilenet_v2_channels_last.py exit 0 [359s]

torch 2.14.0+cpu  device cpu  backend=inductor  reruns=2
1 program(s) -> reports_models

resuming: 27 done, 1 remaining
  model_mobilenet_v2_channels_last 0 candidate(s), 0 submittable, 2 tests, 8 compiles  [348.6s]

0 candidate(s); summary at reports_models\SUMMARY.md
==== --file model_mobilenet_v2_dynamic.py exit 0 [370s]

torch 2.14.0+cpu  device cpu  backend=inductor  reruns=2
1 program(s) -> reports_models

resuming: 28 done, 1 remaining
  model_mobilenet_v2_dynamic 0 candidate(s), 0 submittable, 2 tests, 8 compiles  [360.4s]

0 candidate(s); summary at reports_models\SUMMARY.md
==== --file model_mobilenet_v2_fp32.py exit 0 [298s]

torch 2.14.0+cpu  device cpu  backend=inductor  reruns=2
1 program(s) -> reports_models

resuming: 29 done, 1 remaining
  model_mobilenet_v2_fp32  0 candidate(s), 0 submittable, 3 tests, 11 compiles  [288.3s]

0 candidate(s); summary at reports_models\SUMMARY.md
==== --file model_mobilenet_v2_train.py exit 0 [352s]

torch 2.14.0+cpu  device cpu  backend=inductor  reruns=2
1 program(s) -> reports_models

resuming: 30 done, 1 remaining
  model_mobilenet_v2_train 0 candidate(s), 0 submittable, 2 tests, 8 compiles  [340.6s]

0 candidate(s); summary at reports_models\SUMMARY.md
==== --file model_mobilenet_v3_small_bf16_autocast.py exit 0 [566s]

torch 2.14.0+cpu  device cpu  backend=inductor  reruns=2
1 program(s) -> reports_models

resuming: 31 done, 1 remaining
  model_mobilenet_v3_small_bf16_autocast 0 candidate(s), 0 submittable, 5 tests, 17 compiles  [555.2s]

0 candidate(s); summary at reports_models\SUMMARY.md
==== --file model_mobilenet_v3_small_channels_last.py exit 0 [576s]

torch 2.14.0+cpu  device cpu  backend=inductor  reruns=2
1 program(s) -> reports_models

resuming: 32 done, 1 remaining
  model_mobilenet_v3_small_channels_last 0 candidate(s), 0 submittable, 2 tests, 8 compiles  [557.4s]

0 candidate(s); summary at reports_models\SUMMARY.md
==== --file model_mobilenet_v3_small_dynamic.py exit 0 [356s]

torch 2.14.0+cpu  device cpu  backend=inductor  reruns=2
1 program(s) -> reports_models

resuming: 33 done, 1 remaining
  model_mobilenet_v3_small_dynamic 0 candidate(s), 0 submittable, 2 tests, 8 compiles  [345.9s]

0 candidate(s); summary at reports_models\SUMMARY.md
==== --file model_mobilenet_v3_small_fp32.py exit 0 [305s]

torch 2.14.0+cpu  device cpu  backend=inductor  reruns=2
1 program(s) -> reports_models

resuming: 34 done, 1 remaining
  model_mobilenet_v3_small_fp32 0 candidate(s), 0 submittable, 3 tests, 11 compiles  [291.3s]

0 candidate(s); summary at reports_models\SUMMARY.md
==== --file model_mobilenet_v3_small_train.py exit 0 [237s]

torch 2.14.0+cpu  device cpu  backend=inductor  reruns=2
1 program(s) -> reports_models

resuming: 35 done, 1 remaining
  model_mobilenet_v3_small_train 0 candidate(s), 0 submittable, 3 tests, 11 compiles  [224.7s]

0 candidate(s); summary at reports_models\SUMMARY.md
==== --file model_regnet_y_400mf_bf16_autocast.py exit 0 [478s]

torch 2.14.0+cpu  device cpu  backend=inductor  reruns=2
1 program(s) -> reports_models

resuming: 36 done, 1 remaining
  model_regnet_y_400mf_bf16_autocast 0 candidate(s), 0 submittable, 2 tests, 6 compiles  [466.2s]

0 candidate(s); summary at reports_models\SUMMARY.md
==== --file model_regnet_y_400mf_channels_last.py exit 0 [459s]

torch 2.14.0+cpu  device cpu  backend=inductor  reruns=2
1 program(s) -> reports_models

resuming: 37 done, 1 remaining
  model_regnet_y_400mf_channels_last 0 candidate(s), 0 submittable, 2 tests, 8 compiles  [444.7s]

0 candidate(s); summary at reports_models\SUMMARY.md
==== --file model_regnet_y_400mf_dynamic.py exit 0 [300s]

torch 2.14.0+cpu  device cpu  backend=inductor  reruns=2
1 program(s) -> reports_models

resuming: 38 done, 1 remaining
  model_regnet_y_400mf_dynamic 0 candidate(s), 0 submittable, 3 tests, 11 compiles  [289.6s]

0 candidate(s); summary at reports_models\SUMMARY.md
==== --file model_regnet_y_400mf_fp32.py exit 0 [337s]

torch 2.14.0+cpu  device cpu  backend=inductor  reruns=2
1 program(s) -> reports_models

resuming: 39 done, 1 remaining
  model_regnet_y_400mf_fp32 0 candidate(s), 0 submittable, 2 tests, 8 compiles  [325.0s]

0 candidate(s); summary at reports_models\SUMMARY.md
==== --file model_regnet_y_400mf_train.py exit 0 [685s]

torch 2.14.0+cpu  device cpu  backend=inductor  reruns=2
1 program(s) -> reports_models

resuming: 40 done, 1 remaining
  model_regnet_y_400mf_train 0 candidate(s), 0 submittable, 2 tests, 8 compiles  [671.4s]

0 candidate(s); summary at reports_models\SUMMARY.md
==== --file model_resnet18_bf16_autocast.py timeout [900s]

==== --file model_resnet18_channels_last.py exit 0 [201s]

torch 2.14.0+cpu  device cpu  backend=inductor  reruns=2
1 program(s) -> reports_models

resuming: 42 done, 1 remaining
  model_resnet18_channels_last 0 candidate(s), 0 submittable, 3 tests, 11 compiles  [188.1s]

0 candidate(s); summary at reports_models\SUMMARY.md
==== --file model_resnet18_dynamic.py exit 0 [146s]

torch 2.14.0+cpu  device cpu  backend=inductor  reruns=2
1 program(s) -> reports_models

resuming: 43 done, 1 remaining
  model_resnet18_dynamic   0 candidate(s), 0 submittable, 3 tests, 11 compiles  [134.5s]

0 candidate(s); summary at reports_models\SUMMARY.md
==== --file model_resnet18_fp32.py exit 0 [163s]

torch 2.14.0+cpu  device cpu  backend=inductor  reruns=2
1 program(s) -> reports_models

resuming: 44 done, 1 remaining
  model_resnet18_fp32      0 candidate(s), 0 submittable, 3 tests, 11 compiles  [150.3s]

0 candidate(s); summary at reports_models\SUMMARY.md
==== --file model_resnet18_train.py exit 0 [348s]

torch 2.14.0+cpu  device cpu  backend=inductor  reruns=2
1 program(s) -> reports_models

resuming: 45 done, 1 remaining
  model_resnet18_train     0 candidate(s), 0 submittable, 2 tests, 8 compiles  [336.0s]

0 candidate(s); summary at reports_models\SUMMARY.md
==== --file model_shufflenet_v2_x0_5_bf16_autocast.py exit 0 [376s]

torch 2.14.0+cpu  device cpu  backend=inductor  reruns=2
1 program(s) -> reports_models

resuming: 46 done, 1 remaining
  model_shufflenet_v2_x0_5_bf16_autocast 0 candidate(s), 0 submittable, 4 tests, 14 compiles  [365.7s]

0 candidate(s); summary at reports_models\SUMMARY.md
==== --file model_shufflenet_v2_x0_5_channels_last.py exit 0 [241s]

torch 2.14.0+cpu  device cpu  backend=inductor  reruns=2
1 program(s) -> reports_models

resuming: 47 done, 1 remaining
  model_shufflenet_v2_x0_5_channels_last 0 candidate(s), 0 submittable, 3 tests, 11 compiles  [231.9s]

0 candidate(s); summary at reports_models\SUMMARY.md
==== --file model_shufflenet_v2_x0_5_dynamic.py exit 0 [132s]

torch 2.14.0+cpu  device cpu  backend=inductor  reruns=2
1 program(s) -> reports_models

resuming: 48 done, 1 remaining
  model_shufflenet_v2_x0_5_dynamic 0 candidate(s), 0 submittable, 3 tests, 11 compiles  [123.8s]

0 candidate(s); summary at reports_models\SUMMARY.md
==== --file model_shufflenet_v2_x0_5_fp32.py exit 0 [100s]

torch 2.14.0+cpu  device cpu  backend=inductor  reruns=2
1 program(s) -> reports_models

resuming: 49 done, 1 remaining
  model_shufflenet_v2_x0_5_fp32 0 candidate(s), 0 submittable, 3 tests, 11 compiles  [91.5s]

0 candidate(s); summary at reports_models\SUMMARY.md
==== --file model_shufflenet_v2_x0_5_train.py exit 0 [190s]

torch 2.14.0+cpu  device cpu  backend=inductor  reruns=2
1 program(s) -> reports_models

resuming: 50 done, 1 remaining
  model_shufflenet_v2_x0_5_train 0 candidate(s), 0 submittable, 3 tests, 11 compiles  [180.3s]

0 candidate(s); summary at reports_models\SUMMARY.md
==== --file model_squeezenet1_0_bf16_autocast.py exit 0 [719s]

torch 2.14.0+cpu  device cpu  backend=inductor  reruns=2
1 program(s) -> reports_models

resuming: 51 done, 1 remaining
  model_squeezenet1_0_bf16_autocast 0 candidate(s), 0 submittable, 5 tests, 17 compiles  [708.7s]

0 candidate(s); summary at reports_models\SUMMARY.md
==== --file model_squeezenet1_0_channels_last.py exit 0 [387s]

torch 2.14.0+cpu  device cpu  backend=inductor  reruns=2
1 program(s) -> reports_models

resuming: 52 done, 1 remaining
  model_squeezenet1_0_channels_last 0 candidate(s), 0 submittable, 2 tests, 8 compiles  [376.9s]

0 candidate(s); summary at reports_models\SUMMARY.md
==== --file model_squeezenet1_0_dynamic.py exit 0 [367s]

torch 2.14.0+cpu  device cpu  backend=inductor  reruns=2
1 program(s) -> reports_models

resuming: 53 done, 1 remaining
  model_squeezenet1_0_dynamic 0 candidate(s), 0 submittable, 2 tests, 8 compiles  [358.1s]

0 candidate(s); summary at reports_models\SUMMARY.md
==== --file model_squeezenet1_0_fp32.py exit 0 [180s]

torch 2.14.0+cpu  device cpu  backend=inductor  reruns=2
1 program(s) -> reports_models

resuming: 54 done, 1 remaining
  model_squeezenet1_0_fp32 0 candidate(s), 0 submittable, 3 tests, 11 compiles  [170.2s]

0 candidate(s); summary at reports_models\SUMMARY.md
==== --file model_squeezenet1_0_train.py exit 0 [287s]

torch 2.14.0+cpu  device cpu  backend=inductor  reruns=2
1 program(s) -> reports_models

resuming: 55 done, 1 remaining
  model_squeezenet1_0_train 0 candidate(s), 0 submittable, 3 tests, 11 compiles  [277.0s]

0 candidate(s); summary at reports_models\SUMMARY.md
==== --file model_swin_small_bf16_autocast.py exit 0 [436s]

torch 2.14.0+cpu  device cpu  backend=inductor  reruns=2
1 program(s) -> reports_models

resuming: 56 done, 1 remaining
  model_swin_small_bf16_autocast 0 candidate(s), 0 submittable, 3 tests, 10 compiles  [426.9s]

0 candidate(s); summary at reports_models\SUMMARY.md
==== --file model_swin_small_dynamic.py timeout [900s]

==== --file model_swin_small_fp32.py timeout [900s]

==== --file model_swin_small_train.py timeout [900s]

==== --file model_vit_small_bf16_autocast.py exit 0 [179s]

torch 2.14.0+cpu  device cpu  backend=inductor  reruns=2
1 program(s) -> reports_models

resuming: 60 done, 1 remaining
  model_vit_small_bf16_autocast 0 candidate(s), 0 submittable, 6 tests, 21 compiles  [169.9s]

0 candidate(s); summary at reports_models\SUMMARY.md
==== --file model_vit_small_dynamic.py exit 0 [128s]

torch 2.14.0+cpu  device cpu  backend=inductor  reruns=2
1 program(s) -> reports_models

resuming: 61 done, 1 remaining
  model_vit_small_dynamic  0 candidate(s), 0 submittable, 3 tests, 11 compiles  [118.3s]

0 candidate(s); summary at reports_models\SUMMARY.md
==== --file model_vit_small_fp32.py exit 0 [69s]

torch 2.14.0+cpu  device cpu  backend=inductor  reruns=2
1 program(s) -> reports_models

resuming: 62 done, 1 remaining
  model_vit_small_fp32     0 candidate(s), 0 submittable, 3 tests, 11 compiles  [59.8s]

0 candidate(s); summary at reports_models\SUMMARY.md
==== --file model_vit_small_train.py exit 0 [68s]

torch 2.14.0+cpu  device cpu  backend=inductor  reruns=2
1 program(s) -> reports_models

resuming: 63 done, 1 remaining
  model_vit_small_train    0 candidate(s), 0 submittable, 3 tests, 11 compiles  [59.1s]

0 candidate(s); summary at reports_models\SUMMARY.md
==== --file ops_box_iou.py exit 0 [47s]

torch 2.14.0+cpu  device cpu  backend=inductor  reruns=2
1 program(s) -> reports_models

resuming: 64 done, 1 remaining
  ops_box_iou              0 candidate(s), 0 submittable, 6 tests, 21 compiles  [38.9s]

0 candidate(s); summary at reports_models\SUMMARY.md
==== --file ops_deform_conv2d.py exit 0 [14s]

torch 2.14.0+cpu  device cpu  backend=inductor  reruns=2
1 program(s) -> reports_models

resuming: 65 done, 1 remaining
  ops_deform_conv2d        0 candidate(s), 0 submittable, 6 tests, 21 compiles  [6.5s]

0 candidate(s); summary at reports_models\SUMMARY.md
==== --file ops_nms.py exit 0 [20s]

torch 2.14.0+cpu  device cpu  backend=inductor  reruns=2
1 program(s) -> reports_models

resuming: 66 done, 1 remaining
  ops_nms                  0 candidate(s), 0 submittable, 5 tests, 36 compiles  [12.5s]

0 candidate(s); summary at reports_models\SUMMARY.md
==== --file ops_roi_align.py exit 0 [11s]

torch 2.14.0+cpu  device cpu  backend=inductor  reruns=2
1 program(s) -> reports_models

resuming: 67 done, 1 remaining
  ops_roi_align            0 candidate(s), 0 submittable, 6 tests, 21 compiles  [3.3s]

0 candidate(s); summary at reports_models\SUMMARY.md
==== --file ops_stochastic_depth_eval.py exit 0 [25s]

torch 2.14.0+cpu  device cpu  backend=inductor  reruns=2
1 program(s) -> reports_models

resuming: 68 done, 1 remaining
  ops_stochastic_depth_eval 0 candidate(s), 0 submittable, 6 tests, 21 compiles  [17.6s]

0 candidate(s); summary at reports_models\SUMMARY.md
