[{"stream_name":"stdout","time":11.320843404,"data":"   ━━━━━━━━━━━━━━━━━━━━━━━━━━━━━━━━━━━━━━━━ 554.6/554.6 MB 3.0 MB/s eta 0:00:00\n"}
,{"stream_name":"stdout","time":16.965339595,"data":"   ━━━━━━━━━━━━━━━━━━━━━━━━━━━━━━━━━━━━━━━━ 553.1/553.1 MB 3.3 MB/s eta 0:00:00\n"}
,{"stream_name":"stdout","time":18.647331187,"data":"   ━━━━━━━━━━━━━━━━━━━━━━━━━━━━━━━━━━━━━━━━ 170.1/170.1 MB 10.9 MB/s eta 0:00:00\n"}
,{"stream_name":"stdout","time":20.754906662,"data":"   ━━━━━━━━━━━━━━━━━━━━━━━━━━━━━━━━━━━━━━━━ 216.0/216.0 MB 8.6 MB/s eta 0:00:00\n"}
,{"stream_name":"stdout","time":21.628278834,"data":"   ━━━━━━━━━━━━━━━━━━━━━━━━━━━━━━━━━━━━━━━━ 60.4/60.4 MB 32.0 MB/s eta 0:00:00\n"}
,{"stream_name":"stdout","time":25.819219438,"data":"   ━━━━━━━━━━━━━━━━━━━━━━━━━━━━━━━━━━━━━━━━ 423.1/423.1 MB 4.4 MB/s eta 0:00:00\n"}
,{"stream_name":"stdout","time":25.926283849,"data":"   ━━━━━━━━━━━━━━━━━━━━━━━━━━━━━━━━━━━━━━━━ 10.7/10.7 MB 106.9 MB/s eta 0:00:00\n"}
,{"stream_name":"stdout","time":26.797198242,"data":"   ━━━━━━━━━━━━━━━━━━━━━━━━━━━━━━━━━━━━━━━━ 90.2/90.2 MB 20.8 MB/s eta 0:00:00\n"}
,{"stream_name":"stdout","time":27.739127171,"data":"   ━━━━━━━━━━━━━━━━━━━━━━━━━━━━━━━━━━━━━━━━ 2.2/2.2 MB 2.4 MB/s eta 0:00:00\n"}
,{"stream_name":"stdout","time":30.743308327,"data":"   ━━━━━━━━━━━━━━━━━━━━━━━━━━━━━━━━━━━━━━━━ 214.1/214.1 MB 5.0 MB/s eta 0:00:00\n"}
,{"stream_name":"stdout","time":30.774733694,"data":"   ━━━━━━━━━━━━━━━━━━━━━━━━━━━━━━━━━━━━━━━━ 1.2/1.2 MB 54.5 MB/s eta 0:00:00\n"}
,{"stream_name":"stdout","time":31.342549882,"data":"   ━━━━━━━━━━━━━━━━━━━━━━━━━━━━━━━━━━━━━━━━ 59.5/59.5 MB 32.3 MB/s eta 0:00:00\n"}
,{"stream_name":"stdout","time":33.37247994,"data":"   ━━━━━━━━━━━━━━━━━━━━━━━━━━━━━━━━━━━━━━━━ 200.9/200.9 MB 8.2 MB/s eta 0:00:00\n"}
,{"stream_name":"stdout","time":36.650681596,"data":"   ━━━━━━━━━━━━━━━━━━━━━━━━━━━━━━━━━━━━━━━━ 145.9/145.9 MB 3.9 MB/s eta 0:00:00\n"}
,{"stream_name":"stdout","time":36.672157763,"data":"   ━━━━━━━━━━━━━━━━━━━━━━━━━━━━━━━━━━━━━━━━ 148.0/148.0 kB 9.0 MB/s eta 0:00:00\n"}
,{"stream_name":"stdout","time":36.737890798,"data":"   ━━━━━━━━━━━━━━━━━━━━━━━━━━━━━━━━━━━━━━━━ 7.2/7.2 MB 119.0 MB/s eta 0:00:00\n"}
,{"stream_name":"stdout","time":39.32617525,"data":"   ━━━━━━━━━━━━━━━━━━━━━━━━━━━━━━━━━━━━━━━━ 248.0/248.0 MB 6.5 MB/s eta 0:00:00\n"}
,{"stream_name":"stdout","time":40.371526483,"data":"   ━━━━━━━━━━━━━━━━━━━━━━━━━━━━━━━━━━━━━━━━ 42.5/42.5 MB 11.7 MB/s eta 0:00:00\n"}
,{"stream_name":"stderr","time":140.947653278,"data":"ERROR: pip's dependency resolver does not currently take into account all the packages that are installed. This behaviour is the source of the following dependency conflicts.\n"}
,{"stream_name":"stderr","time":140.947702711,"data":"libcuml-cu12 26.2.0 requires cuda-toolkit[cublas,cufft,curand,cusolver,cusparse]==12.*, but you have cuda-toolkit 13.0.3.0 which is incompatible.\n"}
,{"stream_name":"stderr","time":140.947708425,"data":"cuml-cu12 26.2.0 requires cuda-toolkit[cublas,cufft,curand,cusolver,cusparse]==12.*, but you have cuda-toolkit 13.0.3.0 which is incompatible.\n"}
,{"stream_name":"stderr","time":140.947713449,"data":"cuda-python 12.9.4 requires cuda-bindings~=12.9.4, but you have cuda-bindings 13.4.2 which is incompatible.\n"}
,{"stream_name":"stderr","time":140.947717657,"data":"torchaudio 2.10.0+cu128 requires torch==2.10.0, but you have torch 2.14.0 which is incompatible.\n"}
,{"stream_name":"stderr","time":140.947722216,"data":"torchvision 0.25.0+cu128 requires torch==2.10.0, but you have torch 2.14.0 which is incompatible.\n"}
,{"stream_name":"stderr","time":140.94772664,"data":"cudf-cu12 26.2.1 requires cuda-toolkit[nvcc,nvrtc]==12.*, but you have cuda-toolkit 13.0.3.0 which is incompatible.\n"}
,{"stream_name":"stderr","time":140.947731143,"data":"libcuvs-cu12 26.2.0 requires cuda-toolkit[cublas,curand,cusolver,cusparse]==12.*, but you have cuda-toolkit 13.0.3.0 which is incompatible.\n"}
,{"stream_name":"stderr","time":140.947735835,"data":"libraft-cu12 26.2.0 requires cuda-toolkit[cublas,curand,cusolver,cusparse]==12.*, but you have cuda-toolkit 13.0.3.0 which is incompatible.\n"}
,{"stream_name":"stdout","time":145.223915916,"data":"torch 2.14.0+cu130 cuda True\n"}
,{"stream_name":"stdout","time":145.528982034,"data":"big buffer ready 2147549248 elements\n"}
,{"stream_name":"stdout","time":155.682374479,"data":"   ok   tail view big[2**31:] + 1\n"}
,{"stream_name":"stdout","time":156.318650403,"data":"   ok   tail view, reduction sum\n"}
,{"stream_name":"stdout","time":156.668074515,"data":"   ok   tail view, in-place mul_ on a clone of the view's base slice\n"}
,{"stream_name":"stdout","time":157.0261301,"data":"   ok   window straddling 2**31\n"}
,{"stream_name":"stdout","time":157.566278742,"data":"   ok   strided view big[::2**20] * 2\n"}
,{"stream_name":"stdout","time":158.063245534,"data":"   ok   strided view big[5::2**24] cumsum\n"}
,{"stream_name":"stdout","time":158.547105474,"data":"   ok   as_strided (2, 3) at offset 2**31 - 2\n"}
,{"stream_name":"stdout","time":159.092075024,"data":"   ok   flip of tail view\n"}
,{"stream_name":"stdout","time":159.605243689,"data":"   ok   tail view fed to where / argmax\n"}
,{"stream_name":"stderr","time":159.792906652,"data":"E0921 13:08:19.156000 40 torch/_subclasses/fake_tensor.py:3212] [0/0] failed while attempting to run meta for aten.add.Tensor\n"}
,{"stream_name":"stderr","time":159.792945856,"data":"E0921 13:08:19.156000 40 torch/_subclasses/fake_tensor.py:3212] [0/0] Traceback (most recent call last):\n"}
,{"stream_name":"stderr","time":159.79295252,"data":"E0921 13:08:19.156000 40 torch/_subclasses/fake_tensor.py:3212] [0/0]   File \"/usr/local/lib/python3.12/dist-packages/torch/_subclasses/fake_tensor.py\", line 3208, in _dispatch_impl\n"}
,{"stream_name":"stderr","time":159.792958118,"data":"E0921 13:08:19.156000 40 torch/_subclasses/fake_tensor.py:3212] [0/0]     r = func(*args, **kwargs)\n"}
,{"stream_name":"stderr","time":159.79296327,"data":"E0921 13:08:19.156000 40 torch/_subclasses/fake_tensor.py:3212] [0/0]         ^^^^^^^^^^^^^^^^^^^^^\n"}
,{"stream_name":"stderr","time":159.792968262,"data":"E0921 13:08:19.156000 40 torch/_subclasses/fake_tensor.py:3212] [0/0]   File \"/usr/local/lib/python3.12/dist-packages/torch/_ops.py\", line 916, in __call__\n"}
,{"stream_name":"stderr","time":159.792988315,"data":"E0921 13:08:19.156000 40 torch/_subclasses/fake_tensor.py:3212] [0/0]     return self._op(*args, **kwargs)\n"}
,{"stream_name":"stderr","time":159.79299266,"data":"E0921 13:08:19.156000 40 torch/_subclasses/fake_tensor.py:3212] [0/0]            ^^^^^^^^^^^^^^^^^^^^^^^^^\n"}
,{"stream_name":"stderr","time":159.792996513,"data":"E0921 13:08:19.156000 40 torch/_subclasses/fake_tensor.py:3212] [0/0]   File \"/usr/local/lib/python3.12/dist-packages/torch/_prims_common/wrappers.py\", line 313, in _fn\n"}
,{"stream_name":"stderr","time":159.793000952,"data":"E0921 13:08:19.156000 40 torch/_subclasses/fake_tensor.py:3212] [0/0]     result = fn(*args, **kwargs)\n"}
,{"stream_name":"stderr","time":159.79300462,"data":"E0921 13:08:19.156000 40 torch/_subclasses/fake_tensor.py:3212] [0/0]              ^^^^^^^^^^^^^^^^^^^\n"}
,{"stream_name":"stderr","time":159.793008367,"data":"E0921 13:08:19.156000 40 torch/_subclasses/fake_tensor.py:3212] [0/0]   File \"/usr/local/lib/python3.12/dist-packages/torch/_compile.py\", line 54, in inner\n"}
,{"stream_name":"stderr","time":159.793012608,"data":"E0921 13:08:19.156000 40 torch/_subclasses/fake_tensor.py:3212] [0/0]     return disable_fn(*args, **kwargs)\n"}
,{"stream_name":"stderr","time":159.793016413,"data":"E0921 13:08:19.156000 40 torch/_subclasses/fake_tensor.py:3212] [0/0]            ^^^^^^^^^^^^^^^^^^^^^^^^^^^\n"}
,{"stream_name":"stderr","time":159.793019999,"data":"E0921 13:08:19.156000 40 torch/_subclasses/fake_tensor.py:3212] [0/0]   File \"/usr/local/lib/python3.12/dist-packages/torch/_dynamo/eval_frame.py\", line 1548, in _fn\n"}
,{"stream_name":"stderr","time":159.793024028,"data":"E0921 13:08:19.156000 40 torch/_subclasses/fake_tensor.py:3212] [0/0]     return fn(*args, **kwargs)\n"}
,{"stream_name":"stderr","time":159.793029827,"data":"E0921 13:08:19.156000 40 torch/_subclasses/fake_tensor.py:3212] [0/0]            ^^^^^^^^^^^^^^^^^^^\n"}
,{"stream_name":"stderr","time":159.793033582,"data":"E0921 13:08:19.156000 40 torch/_subclasses/fake_tensor.py:3212] [0/0]   File \"/usr/local/lib/python3.12/dist-packages/torch/_prims_common/wrappers.py\", line 151, in _fn\n"}
,{"stream_name":"stderr","time":159.793037974,"data":"E0921 13:08:19.156000 40 torch/_subclasses/fake_tensor.py:3212] [0/0]     result = fn(**bound.arguments)\n"}
,{"stream_name":"stderr","time":159.793041852,"data":"E0921 13:08:19.156000 40 torch/_subclasses/fake_tensor.py:3212] [0/0]              ^^^^^^^^^^^^^^^^^^^^^\n"}
,{"stream_name":"stderr","time":159.793045592,"data":"E0921 13:08:19.156000 40 torch/_subclasses/fake_tensor.py:3212] [0/0]   File \"/usr/local/lib/python3.12/dist-packages/torch/_refs/__init__.py\", line 1238, in add\n"}
,{"stream_name":"stderr","time":159.793049603,"data":"E0921 13:08:19.156000 40 torch/_subclasses/fake_tensor.py:3212] [0/0]     a, b = _maybe_broadcast(a, b)\n"}
,{"stream_name":"stderr","time":159.793086366,"data":"E0921 13:08:19.156000 40 torch/_subclasses/fake_tensor.py:3212] [0/0]            ^^^^^^^^^^^^^^^^^^^^^^\n"}
,{"stream_name":"stderr","time":159.793091958,"data":"E0921 13:08:19.156000 40 torch/_subclasses/fake_tensor.py:3212] [0/0]   File \"/usr/local/lib/python3.12/dist-packages/torch/_refs/__init__.py\", line 479, in _maybe_broadcast\n"}
,{"stream_name":"stderr","time":159.793096078,"data":"E0921 13:08:19.156000 40 torch/_subclasses/fake_tensor.py:3212] [0/0]     common_shape = _broadcast_shapes(\n"}
,{"stream_name":"stderr","time":159.793099702,"data":"E0921 13:08:19.156000 40 torch/_subclasses/fake_tensor.py:3212] [0/0]                    ^^^^^^^^^^^^^^^^^^\n"}
,{"stream_name":"stderr","time":159.793103476,"data":"E0921 13:08:19.156000 40 torch/_subclasses/fake_tensor.py:3212] [0/0]   File \"/usr/local/lib/python3.12/dist-packages/torch/_refs/__init__.py\", line 467, in _broadcast_shapes\n"}
,{"stream_name":"stderr","time":159.793113641,"data":"E0921 13:08:19.156000 40 torch/_subclasses/fake_tensor.py:3212] [0/0]     torch._check(\n"}
,{"stream_name":"stderr","time":159.793117425,"data":"E0921 13:08:19.156000 40 torch/_subclasses/fake_tensor.py:3212] [0/0]   File \"/usr/local/lib/python3.12/dist-packages/torch/__init__.py\", line 2140, in _check\n"}
,{"stream_name":"stderr","time":159.793121458,"data":"E0921 13:08:19.156000 40 torch/_subclasses/fake_tensor.py:3212] [0/0]     _check_with(RuntimeError, cond, message)\n"}
,{"stream_name":"stderr","time":159.793125337,"data":"E0921 13:08:19.156000 40 torch/_subclasses/fake_tensor.py:3212] [0/0]   File \"/usr/local/lib/python3.12/dist-packages/torch/__init__.py\", line 2118, in _check_with\n"}
,{"stream_name":"stderr","time":159.79312921,"data":"E0921 13:08:19.156000 40 torch/_subclasses/fake_tensor.py:3212] [0/0]     raise error_type(message_evaluated)\n"}
,{"stream_name":"stderr","time":159.793134306,"data":"E0921 13:08:19.156000 40 torch/_subclasses/fake_tensor.py:3212] [0/0] RuntimeError: Attempting to broadcast a dimension of length 65600 at -1! Mismatching argument at index 1 had torch.Size([65600]); but expected shape should be broadcastable to [64]\n"}
,{"stream_name":"stdout","time":159.803241907,"data":"   ERR  two far-apart views combined  TorchRuntimeError: RuntimeError when making fake tensor call\n"}
,{"stream_name":"stdout","time":160.247882258,"data":"   ok   tail view matmul-free dot\n"}
,{"stream_name":"stdout","time":160.591763875,"data":"   ok   tail view sort / topk\n"}
,{"stream_name":"stdout","time":160.943090416,"data":"   ok   2-D view, last column\n"}
,{"stream_name":"stdout","time":161.541766085,"data":"   ok   2-D view, row reduction of the last rows\n"}
,{"stream_name":"stdout","time":161.95689817,"data":"   ok   index_select beyond 2**31\n"}
,{"stream_name":"stdout","time":162.35599978,"data":"   ok   advanced indexing x[i] + 1\n"}
,{"stream_name":"stdout","time":162.755609226,"data":"   ok   gather beyond 2**31\n"}
,{"stream_name":"stdout","time":163.014149409,"data":"   ok   take beyond 2**31\n"}
,{"stream_name":"stdout","time":163.337954592,"data":"   ok   negative python index x[-3]\n"}
,{"stream_name":"stdout","time":163.678722537,"data":"   ok   slice with negative bounds x[-40:-8] + 1\n"}
,{"stream_name":"stdout","time":164.021860142,"data":"   ok   narrow at 2**31 - 4\n"}
,{"stream_name":"stdout","time":164.524968238,"data":"   ok   roll of the tail window\n"}
,{"stream_name":"stderr","time":164.983717953,"data":"[W921 13:08:24.255260467 CUDACachingAllocator.cpp:3934] memory allocation failed with OOM on device 0 while trying to allocate 17181966336 bytes (free: 13357613056, total: 15636037632).\n"}
,{"stream_name":"stderr","time":164.984451736,"data":"[W921 13:08:24.257230054 CUDACachingAllocator.cpp:3934] memory allocation failed with OOM on device 0 while trying to allocate 17181966336 bytes (free: 13357613056, total: 15636037632).\n"}
,{"stream_name":"stdout","time":165.0024679,"data":"   ERR  reduction over \u003e 2**31 elements  OutOfMemoryError: CUDA out of memory. Tried to allocate 16.00 GiB. GPU 0 has a total capacity of 14.56 GiB of which 12.44 GiB is free. Including non-PyTorch m\n"}
,{"stream_name":"stderr","time":165.58887134,"data":"[W921 13:08:24.861608297 CUDACachingAllocator.cpp:3934] memory allocation failed with OOM on device 0 while trying to allocate 17181966336 bytes (free: 11208032256, total: 15636037632).\n"}
,{"stream_name":"stderr","time":165.58949142,"data":"[W921 13:08:24.862247208 CUDACachingAllocator.cpp:3934] memory allocation failed with OOM on device 0 while trying to allocate 17181966336 bytes (free: 11208032256, total: 15636037632).\n"}
,{"stream_name":"stdout","time":165.589845104,"data":"   ERR  max / argmax over \u003e 2**31 elements  OutOfMemoryError: CUDA out of memory. Tried to allocate 16.00 GiB. GPU 0 has a total capacity of 14.56 GiB of which 10.44 GiB is free. Including non-PyTorch m\n"}
,{"stream_name":"stderr","time":166.025504263,"data":"[W921 13:08:25.298222827 CUDACachingAllocator.cpp:3934] memory allocation failed with OOM on device 0 while trying to allocate 34359738368 bytes (free: 13357613056, total: 15636037632).\n"}
,{"stream_name":"stderr","time":166.026032567,"data":"[W921 13:08:25.298873791 CUDACachingAllocator.cpp:3934] memory allocation failed with OOM on device 0 while trying to allocate 34359738368 bytes (free: 13357613056, total: 15636037632).\n"}
,{"stream_name":"stdout","time":166.026431844,"data":"   ERR  expanded scalar, reduction over 2**32 elements  OutOfMemoryError: CUDA out of memory. Tried to allocate 32.00 GiB. GPU 0 has a total capacity of 14.56 GiB of which 12.44 GiB is free. Including non-PyTorch m\n"}
,{"stream_name":"stdout","time":166.406225809,"data":"   ok   dynamic=True: small call then \u003e 2**31 tail view\n"}
,{"stream_name":"stderr","time":167.105142344,"data":"[W921 13:08:26.377773783 CUDACachingAllocator.cpp:3934] memory allocation failed with OOM on device 0 while trying to allocate 17181966336 bytes (free: 13357613056, total: 15636037632).\n"}
,{"stream_name":"stderr","time":167.105767553,"data":"[W921 13:08:26.378438293 CUDACachingAllocator.cpp:3934] memory allocation failed with OOM on device 0 while trying to allocate 17181966336 bytes (free: 13357613056, total: 15636037632).\n"}
,{"stream_name":"stdout","time":167.106015199,"data":"   ERR  automatic dynamic: 1000 then 2000 then \u003e 2**31 elements (reduction)  OutOfMemoryError: CUDA out of memory. Tried to allocate 16.00 GiB. GPU 0 has a total capacity of 14.56 GiB of which 12.44 GiB is free. Including non-PyTorch m\n"}
,{"stream_name":"stderr","time":167.859074064,"data":"[W921 13:08:27.131742668 CUDACachingAllocator.cpp:3934] memory allocation failed with OOM on device 0 while trying to allocate 17181966336 bytes (free: 13357613056, total: 15636037632).\n"}
,{"stream_name":"stderr","time":167.859639571,"data":"[W921 13:08:27.132470619 CUDACachingAllocator.cpp:3934] memory allocation failed with OOM on device 0 while trying to allocate 17181966336 bytes (free: 13357613056, total: 15636037632).\n"}
,{"stream_name":"stdout","time":167.860144538,"data":"   ERR  dynamic=True: reduction, small then \u003e 2**31  OutOfMemoryError: CUDA out of memory. Tried to allocate 16.00 GiB. GPU 0 has a total capacity of 14.56 GiB of which 12.44 GiB is free. Including non-PyTorch m\n"}
,{"stream_name":"stdout","time":168.619122545,"data":"   ok   pointwise over \u003e 2**31 elements (x + 1)\n"}
,{"stream_name":"stdout","time":169.36613109,"data":"   ok   pointwise, last 8 of \u003e 2**31 elements of (x * 3 - x)\n"}
,{"stream_name":"stdout","time":170.452536047,"data":"   ok   dynamic=True: pointwise small then \u003e 2**31 elements\n"}
,{"stream_name":"stdout","time":171.265433983,"data":"   ok   scatter into \u003e 2**31 buffer\n"}
,{"stream_name":"stdout","time":171.448743744,"data":"DONE\n"}
,{"stream_name":"stdout","time":181.340382543,"data":"     ━━━━━━━━━━━━━━━━━━━━━━━━━━━━━━━━━━━━━━ 519.2/519.2 MB 60.2 MB/s eta 0:00:00\n"}
,{"stream_name":"stdout","time":183.802689784,"data":"     ━━━━━━━━━━━━━━━━━━━━━━━━━━━━━━━━━━━━━ 135.4/135.4 MB 121.0 MB/s eta 0:00:00\n"}
,{"stream_name":"stdout","time":184.564137169,"data":"     ━━━━━━━━━━━━━━━━━━━━━━━━━━━━━━━━━━━━━━━━ 3.9/3.9 MB 175.5 MB/s eta 0:00:00\n"}
,{"stream_name":"stdout","time":190.584238052,"data":"   ━━━━━━━━━━━━━━━━━━━━━━━━━━━━━━━━━━━━━━━━ 629.3/629.3 MB 3.1 MB/s eta 0:00:00\n"}
,{"stream_name":"stdout","time":193.093709665,"data":"   ━━━━━━━━━━━━━━━━━━━━━━━━━━━━━━━━━━━━━━━━ 246.8/246.8 MB 7.8 MB/s eta 0:00:00\n"}
,{"stream_name":"stderr","time":242.940853051,"data":"ERROR: pip's dependency resolver does not currently take into account all the packages that are installed. This behaviour is the source of the following dependency conflicts.\n"}
,{"stream_name":"stderr","time":242.94090646,"data":"torchaudio 2.10.0+cu128 requires torch==2.10.0, but you have torch 2.15.0.dev20260921+cu130 which is incompatible.\n"}
,{"stream_name":"stderr","time":242.940914913,"data":"torchvision 0.25.0+cu128 requires torch==2.10.0, but you have torch 2.15.0.dev20260921+cu130 which is incompatible.\n"}
,{"stream_name":"stdout","time":245.467684314,"data":"torch 2.15.0.dev20260921+cu130 cuda True\n"}
,{"stream_name":"stdout","time":245.758626864,"data":"big buffer ready 2147549248 elements\n"}
,{"stream_name":"stdout","time":252.163103931,"data":"   ok   tail view big[2**31:] + 1\n"}
,{"stream_name":"stdout","time":252.822355136,"data":"   ok   tail view, reduction sum\n"}
,{"stream_name":"stdout","time":253.194447784,"data":"   ok   tail view, in-place mul_ on a clone of the view's base slice\n"}
,{"stream_name":"stdout","time":253.567531981,"data":"   ok   window straddling 2**31\n"}
,{"stream_name":"stdout","time":254.008408965,"data":"   ok   strided view big[::2**20] * 2\n"}
,{"stream_name":"stdout","time":254.4199555,"data":"   ok   strided view big[5::2**24] cumsum\n"}
,{"stream_name":"stdout","time":254.819328007,"data":"   ok   as_strided (2, 3) at offset 2**31 - 2\n"}
,{"stream_name":"stdout","time":255.385757112,"data":"   ok   flip of tail view\n"}
,{"stream_name":"stdout","time":256.027309927,"data":"   ok   tail view fed to where / argmax\n"}
,{"stream_name":"stderr","time":256.22310088,"data":"E0921 13:09:55.586000 147 torch/_subclasses/fake_tensor.py:3255] [0/0] failed while attempting to run meta for aten.add.Tensor\n"}
,{"stream_name":"stderr","time":256.223138853,"data":"E0921 13:09:55.586000 147 torch/_subclasses/fake_tensor.py:3255] [0/0] Traceback (most recent call last):\n"}
,{"stream_name":"stderr","time":256.223143294,"data":"E0921 13:09:55.586000 147 torch/_subclasses/fake_tensor.py:3255] [0/0]   File \"/usr/local/lib/python3.12/dist-packages/torch/_subclasses/fake_tensor.py\", line 3251, in _dispatch_impl\n"}
,{"stream_name":"stderr","time":256.223146953,"data":"E0921 13:09:55.586000 147 torch/_subclasses/fake_tensor.py:3255] [0/0]     r = func(*args, **kwargs)\n"}
,{"stream_name":"stderr","time":256.223150246,"data":"E0921 13:09:55.586000 147 torch/_subclasses/fake_tensor.py:3255] [0/0]         ^^^^^^^^^^^^^^^^^^^^^\n"}
,{"stream_name":"stderr","time":256.223153453,"data":"E0921 13:09:55.586000 147 torch/_subclasses/fake_tensor.py:3255] [0/0]   File \"/usr/local/lib/python3.12/dist-packages/torch/_ops.py\", line 916, in __call__\n"}
,{"stream_name":"stderr","time":256.223156806,"data":"E0921 13:09:55.586000 147 torch/_subclasses/fake_tensor.py:3255] [0/0]     return self._op(*args, **kwargs)\n"}
,{"stream_name":"stderr","time":256.223160022,"data":"E0921 13:09:55.586000 147 torch/_subclasses/fake_tensor.py:3255] [0/0]            ^^^^^^^^^^^^^^^^^^^^^^^^^\n"}
,{"stream_name":"stderr","time":256.223178512,"data":"E0921 13:09:55.586000 147 torch/_subclasses/fake_tensor.py:3255] [0/0]   File \"/usr/local/lib/python3.12/dist-packages/torch/_prims_common/wrappers.py\", line 313, in _fn\n"}
,{"stream_name":"stderr","time":256.223201128,"data":"E0921 13:09:55.586000 147 torch/_subclasses/fake_tensor.py:3255] [0/0]     result = fn(*args, **kwargs)\n"}
,{"stream_name":"stderr","time":256.223205381,"data":"E0921 13:09:55.586000 147 torch/_subclasses/fake_tensor.py:3255] [0/0]              ^^^^^^^^^^^^^^^^^^^\n"}
,{"stream_name":"stderr","time":256.223209002,"data":"E0921 13:09:55.586000 147 torch/_subclasses/fake_tensor.py:3255] [0/0]   File \"/usr/local/lib/python3.12/dist-packages/torch/_compile.py\", line 54, in inner\n"}
,{"stream_name":"stderr","time":256.223212846,"data":"E0921 13:09:55.586000 147 torch/_subclasses/fake_tensor.py:3255] [0/0]     return disable_fn(*args, **kwargs)\n"}
,{"stream_name":"stderr","time":256.223216551,"data":"E0921 13:09:55.586000 147 torch/_subclasses/fake_tensor.py:3255] [0/0]            ^^^^^^^^^^^^^^^^^^^^^^^^^^^\n"}
,{"stream_name":"stderr","time":256.223220183,"data":"E0921 13:09:55.586000 147 torch/_subclasses/fake_tensor.py:3255] [0/0]   File \"/usr/local/lib/python3.12/dist-packages/torch/_dynamo/eval_frame.py\", line 1548, in _fn\n"}
,{"stream_name":"stderr","time":256.223224053,"data":"E0921 13:09:55.586000 147 torch/_subclasses/fake_tensor.py:3255] [0/0]     return fn(*args, **kwargs)\n"}
,{"stream_name":"stderr","time":256.223228797,"data":"E0921 13:09:55.586000 147 torch/_subclasses/fake_tensor.py:3255] [0/0]            ^^^^^^^^^^^^^^^^^^^\n"}
,{"stream_name":"stderr","time":256.223232383,"data":"E0921 13:09:55.586000 147 torch/_subclasses/fake_tensor.py:3255] [0/0]   File \"/usr/local/lib/python3.12/dist-packages/torch/_prims_common/wrappers.py\", line 151, in _fn\n"}
,{"stream_name":"stderr","time":256.223236146,"data":"E0921 13:09:55.586000 147 torch/_subclasses/fake_tensor.py:3255] [0/0]     result = fn(**bound.arguments)\n"}
,{"stream_name":"stderr","time":256.223239687,"data":"E0921 13:09:55.586000 147 torch/_subclasses/fake_tensor.py:3255] [0/0]              ^^^^^^^^^^^^^^^^^^^^^\n"}
,{"stream_name":"stderr","time":256.223248586,"data":"E0921 13:09:55.586000 147 torch/_subclasses/fake_tensor.py:3255] [0/0]   File \"/usr/local/lib/python3.12/dist-packages/torch/_refs/__init__.py\", line 1240, in add\n"}
,{"stream_name":"stderr","time":256.223251745,"data":"E0921 13:09:55.586000 147 torch/_subclasses/fake_tensor.py:3255] [0/0]     a, b = _maybe_broadcast(a, b)\n"}
,{"stream_name":"stderr","time":256.223254089,"data":"E0921 13:09:55.586000 147 torch/_subclasses/fake_tensor.py:3255] [0/0]            ^^^^^^^^^^^^^^^^^^^^^^\n"}
,{"stream_name":"stderr","time":256.22325652,"data":"E0921 13:09:55.586000 147 torch/_subclasses/fake_tensor.py:3255] [0/0]   File \"/usr/local/lib/python3.12/dist-packages/torch/_refs/__init__.py\", line 480, in _maybe_broadcast\n"}
,{"stream_name":"stderr","time":256.223259127,"data":"E0921 13:09:55.586000 147 torch/_subclasses/fake_tensor.py:3255] [0/0]     common_shape = _broadcast_shapes(\n"}
,{"stream_name":"stderr","time":256.223262217,"data":"E0921 13:09:55.586000 147 torch/_subclasses/fake_tensor.py:3255] [0/0]                    ^^^^^^^^^^^^^^^^^^\n"}
,{"stream_name":"stderr","time":256.223277153,"data":"E0921 13:09:55.586000 147 torch/_subclasses/fake_tensor.py:3255] [0/0]   File \"/usr/local/lib/python3.12/dist-packages/torch/_refs/__init__.py\", line 468, in _broadcast_shapes\n"}
,{"stream_name":"stderr","time":256.223282565,"data":"E0921 13:09:55.586000 147 torch/_subclasses/fake_tensor.py:3255] [0/0]     torch._check(\n"}
,{"stream_name":"stderr","time":256.223286582,"data":"E0921 13:09:55.586000 147 torch/_subclasses/fake_tensor.py:3255] [0/0]   File \"/usr/local/lib/python3.12/dist-packages/torch/__init__.py\", line 2161, in _check\n"}
,{"stream_name":"stderr","time":256.223291066,"data":"E0921 13:09:55.586000 147 torch/_subclasses/fake_tensor.py:3255] [0/0]     _check_with(RuntimeError, cond, message)\n"}
,{"stream_name":"stderr","time":256.223298954,"data":"E0921 13:09:55.586000 147 torch/_subclasses/fake_tensor.py:3255] [0/0]   File \"/usr/local/lib/python3.12/dist-packages/torch/__init__.py\", line 2139, in _check_with\n"}
,{"stream_name":"stderr","time":256.223302963,"data":"E0921 13:09:55.586000 147 torch/_subclasses/fake_tensor.py:3255] [0/0]     raise error_type(message_evaluated)\n"}
,{"stream_name":"stderr","time":256.223306976,"data":"E0921 13:09:55.586000 147 torch/_subclasses/fake_tensor.py:3255] [0/0] RuntimeError: Attempting to broadcast a dimension of length 65600 at -1! Mismatching argument at index 1 had torch.Size([65600]); but expected shape should be broadcastable to [64]\n"}
,{"stream_name":"stdout","time":256.234100576,"data":"   ERR  two far-apart views combined  TorchRuntimeError: RuntimeError when making fake tensor call\n"}
,{"stream_name":"stdout","time":256.810164042,"data":"   ok   tail view matmul-free dot\n"}
,{"stream_name":"stdout","time":257.165703841,"data":"   ok   tail view sort / topk\n"}
,{"stream_name":"stdout","time":257.53616895,"data":"   ok   2-D view, last column\n"}
,{"stream_name":"stdout","time":258.061200401,"data":"   ok   2-D view, row reduction of the last rows\n"}
,{"stream_name":"stdout","time":258.483784725,"data":"   ok   index_select beyond 2**31\n"}
,{"stream_name":"stdout","time":258.899721004,"data":"   ok   advanced indexing x[i] + 1\n"}
,{"stream_name":"stdout","time":259.300252795,"data":"   ok   gather beyond 2**31\n"}
,{"stream_name":"stdout","time":259.568578486,"data":"   ok   take beyond 2**31\n"}
,{"stream_name":"stdout","time":259.901869504,"data":"   ok   negative python index x[-3]\n"}
,{"stream_name":"stdout","time":260.25573996,"data":"   ok   slice with negative bounds x[-40:-8] + 1\n"}
,{"stream_name":"stdout","time":260.614309864,"data":"   ok   narrow at 2**31 - 4\n"}
,{"stream_name":"stdout","time":261.158096481,"data":"   ok   roll of the tail window\n"}
,{"stream_name":"stdout","time":261.695984866,"data":"   ERR  reduction over \u003e 2**31 elements  OutOfMemoryError: CUDA out of memory. Tried to allocate 16.00 GiB. GPU 0 has a total capacity of 14.56 GiB of which 12.44 GiB is free. Including non-PyTorch m\n"}
,{"stream_name":"stdout","time":262.286508193,"data":"   ERR  max / argmax over \u003e 2**31 elements  OutOfMemoryError: CUDA out of memory. Tried to allocate 16.00 GiB. GPU 0 has a total capacity of 14.56 GiB of which 10.44 GiB is free. Including non-PyTorch m\n"}
,{"stream_name":"stdout","time":262.755702323,"data":"   ERR  expanded scalar, reduction over 2**32 elements  OutOfMemoryError: CUDA out of memory. Tried to allocate 32.00 GiB. GPU 0 has a total capacity of 14.56 GiB of which 12.44 GiB is free. Including non-PyTorch m\n"}
,{"stream_name":"stdout","time":263.152997899,"data":"   ok   dynamic=True: small call then \u003e 2**31 tail view\n"}
,{"stream_name":"stdout","time":263.888529475,"data":"   ERR  automatic dynamic: 1000 then 2000 then \u003e 2**31 elements (reduction)  OutOfMemoryError: CUDA out of memory. Tried to allocate 16.00 GiB. GPU 0 has a total capacity of 14.56 GiB of which 12.44 GiB is free. Including non-PyTorch m\n"}
,{"stream_name":"stdout","time":264.668908396,"data":"   ERR  dynamic=True: reduction, small then \u003e 2**31  OutOfMemoryError: CUDA out of memory. Tried to allocate 16.00 GiB. GPU 0 has a total capacity of 14.56 GiB of which 12.44 GiB is free. Including non-PyTorch m\n"}
,{"stream_name":"stdout","time":265.468203552,"data":"   ok   pointwise over \u003e 2**31 elements (x + 1)\n"}
,{"stream_name":"stdout","time":266.240752108,"data":"   ok   pointwise, last 8 of \u003e 2**31 elements of (x * 3 - x)\n"}
,{"stream_name":"stdout","time":267.351472862,"data":"   ok   dynamic=True: pointwise small then \u003e 2**31 elements\n"}
,{"stream_name":"stdout","time":268.196898731,"data":"   ok   scatter into \u003e 2**31 buffer\n"}
,{"stream_name":"stdout","time":268.391269794,"data":"DONE\n"}
,{"stream_name":"stdout","time":270.579273993,"data":"JOB DONE\n"}
,{"stream_name":"stderr","time":272.671414641,"data":"/usr/local/lib/python3.12/dist-packages/mistune.py:435: SyntaxWarning: invalid escape sequence '\\|'\n"}
,{"stream_name":"stderr","time":272.671453153,"data":"  cells[i][c] = re.sub('\\\\\\\\\\|', '|', cell)\n"}
,{"stream_name":"stderr","time":272.908308044,"data":"/usr/local/lib/python3.12/dist-packages/nbconvert/filters/filter_links.py:36: SyntaxWarning: invalid escape sequence '\\_'\n"}
,{"stream_name":"stderr","time":272.908334727,"data":"  text = re.sub(r'_', '\\_', text) # Escape underscores in display text\n"}
,{"stream_name":"stderr","time":273.557482071,"data":"[NbConvertApp] Converting notebook __script__.ipynb to html\n"}
,{"stream_name":"stderr","time":274.764447181,"data":"[NbConvertApp] Writing 283037 bytes to __results__.html\n"}
]