torch 2.14.0+cpu | 10518 graphs | {'ok': 7758, 'VARIANT_ERROR:pickle': 1317, 'VALUE': 106, 'BUILD_ERROR': 2347, 'INTERP_RAISES_CODE_OK': 100, 'INTERP_OK_CODE_RAISES': 207}

[BUILD_ERROR] const:iadd  x120   e.g. const:iadd:-2:-2
     interpreter: SyntaxError: 'expression' is an illegal expression for augmented assignment (<eval_with_key>.30220, line 5) 
     generated  : 

[BUILD_ERROR] const:isub  x120   e.g. const:isub:-2:-2
     interpreter: SyntaxError: 'expression' is an illegal expression for augmented assignment (<eval_with_key>.30868, line 5) 
     generated  : 

[BUILD_ERROR] const:imul  x120   e.g. const:imul:-2:-2
     interpreter: SyntaxError: 'expression' is an illegal expression for augmented assignment (<eval_with_key>.31516, line 5) 
     generated  : 

[BUILD_ERROR] const:itruediv  x120   e.g. const:itruediv:-2:-2
     interpreter: SyntaxError: 'expression' is an illegal expression for augmented assignment (<eval_with_key>.32164, line 5) 
     generated  : 

[BUILD_ERROR] const:ifloordiv  x120   e.g. const:ifloordiv:-2:-2
     interpreter: SyntaxError: 'expression' is an illegal expression for augmented assignment (<eval_with_key>.32830, line 5) 
     generated  : 

[BUILD_ERROR] const:imod  x120   e.g. const:imod:-2:-2
     interpreter: SyntaxError: 'expression' is an illegal expression for augmented assignment (<eval_with_key>.33496, line 5) 
     generated  : 

[BUILD_ERROR] const:ipow  x120   e.g. const:ipow:-2:-2
     interpreter: SyntaxError: 'expression' is an illegal expression for augmented assignment (<eval_with_key>.34114, line 5) 
     generated  : 

[BUILD_ERROR] const:ilshift  x120   e.g. const:ilshift:-2:-2
     interpreter: SyntaxError: 'expression' is an illegal expression for augmented assignment (<eval_with_key>.34738, line 5) 
     generated  : 

[BUILD_ERROR] const:irshift  x120   e.g. const:irshift:-2:-2
     interpreter: SyntaxError: 'expression' is an illegal expression for augmented assignment (<eval_with_key>.35482, line 5) 
     generated  : 

[BUILD_ERROR] const:iand  x120   e.g. const:iand:-2:-2
     interpreter: SyntaxError: 'expression' is an illegal expression for augmented assignment (<eval_with_key>.36226, line 5) 
     generated  : 

[BUILD_ERROR] const:ior  x120   e.g. const:ior:-2:-2
     interpreter: SyntaxError: 'expression' is an illegal expression for augmented assignment (<eval_with_key>.36970, line 5) 
     generated  : 

[BUILD_ERROR] const:ixor  x120   e.g. const:ixor:-2:-2
     interpreter: SyntaxError: 'expression' is an illegal expression for augmented assignment (<eval_with_key>.37714, line 5) 
     generated  : 

[BUILD_ERROR] bin:iadd  x76   e.g. bin:iadd:L:-2:f
     interpreter: SyntaxError: 'expression' is an illegal expression for augmented assignment (<eval_with_key>.29716, line 5) 
     generated  : 

[BUILD_ERROR] bin:isub  x76   e.g. bin:isub:L:-2:f
     interpreter: SyntaxError: 'expression' is an illegal expression for augmented assignment (<eval_with_key>.30364, line 5) 
     generated  : 

[BUILD_ERROR] bin:imul  x76   e.g. bin:imul:L:-2:f
     interpreter: SyntaxError: 'expression' is an illegal expression for augmented assignment (<eval_with_key>.31012, line 5) 
     generated  : 

[BUILD_ERROR] bin:itruediv  x76   e.g. bin:itruediv:L:-2:f
     interpreter: SyntaxError: 'expression' is an illegal expression for augmented assignment (<eval_with_key>.31660, line 5) 
     generated  : 

[BUILD_ERROR] bin:ifloordiv  x76   e.g. bin:ifloordiv:L:-2:f
     interpreter: SyntaxError: 'expression' is an illegal expression for augmented assignment (<eval_with_key>.32326, line 5) 
     generated  : 

[BUILD_ERROR] bin:imod  x76   e.g. bin:imod:L:-2:f
     interpreter: SyntaxError: 'expression' is an illegal expression for augmented assignment (<eval_with_key>.32992, line 5) 
     generated  : 

[BUILD_ERROR] bin:irshift  x76   e.g. bin:irshift:L:-2:f
     interpreter: SyntaxError: 'expression' is an illegal expression for augmented assignment (<eval_with_key>.34954, line 5) 
     generated  : 

[BUILD_ERROR] bin:iand  x76   e.g. bin:iand:L:-2:f
     interpreter: SyntaxError: 'expression' is an illegal expression for augmented assignment (<eval_with_key>.35698, line 5) 
     generated  : 

[BUILD_ERROR] bin:ior  x76   e.g. bin:ior:L:-2:f
     interpreter: SyntaxError: 'expression' is an illegal expression for augmented assignment (<eval_with_key>.36442, line 5) 
     generated  : 

[BUILD_ERROR] bin:ixor  x76   e.g. bin:ixor:L:-2:f
     interpreter: SyntaxError: 'expression' is an illegal expression for augmented assignment (<eval_with_key>.37186, line 5) 
     generated  : 

[BUILD_ERROR] bin:ipow  x68   e.g. bin:ipow:L:-2:f
     interpreter: SyntaxError: 'expression' is an illegal expression for augmented assignment (<eval_with_key>.33658, line 5) 
     generated  : 

[BUILD_ERROR] bin:ilshift  x68   e.g. bin:ilshift:L:-2:f
     interpreter: SyntaxError: 'expression' is an illegal expression for augmented assignment (<eval_with_key>.34258, line 5) 
     generated  : 

[BUILD_ERROR] kwarg:'class'  x1   e.g. kwarg:'class'
     interpreter: SyntaxError: invalid syntax (<eval_with_key>.40614, line 5) 
     generated  : 

[BUILD_ERROR] kwarg:'lambda'  x1   e.g. kwarg:'lambda'
     interpreter: SyntaxError: invalid syntax (<eval_with_key>.40615, line 5) 
     generated  : 

[BUILD_ERROR] kwarg:'in'  x1   e.g. kwarg:'in'
     interpreter: SyntaxError: invalid syntax (<eval_with_key>.40616, line 5) 
     generated  : 

[BUILD_ERROR] kwarg:'from'  x1   e.g. kwarg:'from'
     interpreter: SyntaxError: invalid syntax (<eval_with_key>.40617, line 5) 
     generated  : 

[BUILD_ERROR] kwarg:'None'  x1   e.g. kwarg:'None'
     interpreter: SyntaxError: cannot assign to None (<eval_with_key>.40618, line 5) 
     generated  : 

[BUILD_ERROR] kwarg:'True'  x1   e.g. kwarg:'True'
     interpreter: SyntaxError: cannot assign to True (<eval_with_key>.40619, line 5) 
     generated  : 

[BUILD_ERROR] kwarg:'async'  x1   e.g. kwarg:'async'
     interpreter: SyntaxError: invalid syntax (<eval_with_key>.40620, line 5) 
     generated  : 

[BUILD_ERROR] kwarg:'a b'  x1   e.g. kwarg:'a b'
     interpreter: SyntaxError: invalid syntax. Perhaps you forgot a comma? (<eval_with_key>.40641, line 5) 
     generated  : 

[BUILD_ERROR] kwarg:'a-b'  x1   e.g. kwarg:'a-b'
     interpreter: SyntaxError: expression cannot contain assignment, perhaps you meant "=="? (<eval_with_key>.40642, line 5) 
     generated  : 

[BUILD_ERROR] kwarg:'1x'  x1   e.g. kwarg:'1x'
     interpreter: SyntaxError: invalid decimal literal (<eval_with_key>.40643, line 5) 
     generated  : 

[BUILD_ERROR] kwarg:''  x1   e.g. kwarg:''
     interpreter: SyntaxError: invalid syntax (<eval_with_key>.40644, line 5) 
     generated  : 

[INTERP_OK_CODE_RAISES] const:iadd  x24   e.g. const:iadd:inf:-2
     interpreter: inf 
     generated  : 'UnboundLocalError'
     inf += -2;  iadd = inf

[INTERP_OK_CODE_RAISES] const:isub  x24   e.g. const:isub:inf:-2
     interpreter: inf 
     generated  : 'UnboundLocalError'
     inf -= -2;  isub = inf

[INTERP_OK_CODE_RAISES] const:imul  x24   e.g. const:imul:inf:-2
     interpreter: -inf 
     generated  : 'UnboundLocalError'
     inf *= -2;  imul = inf

[INTERP_OK_CODE_RAISES] const:ipow  x24   e.g. const:ipow:inf:-2
     interpreter: 0.0 
     generated  : 'UnboundLocalError'
     inf **= -2;  ipow = inf

[INTERP_OK_CODE_RAISES] const:itruediv  x18   e.g. const:itruediv:inf:-2
     interpreter: -inf 
     generated  : 'UnboundLocalError'
     inf /= -2;  itruediv = inf

[INTERP_OK_CODE_RAISES] const:ifloordiv  x18   e.g. const:ifloordiv:inf:-2
     interpreter: nan 
     generated  : 'UnboundLocalError'
     inf //= -2;  ifloordiv = inf

[INTERP_OK_CODE_RAISES] const:imod  x18   e.g. const:imod:inf:-2
     interpreter: nan 
     generated  : 'UnboundLocalError'
     inf %= -2;  imod = inf

[INTERP_OK_CODE_RAISES] bin:iadd  x8   e.g. bin:iadd:L:inf:f
     interpreter: tensor([inf, inf, inf]) 
     generated  : 'UnboundLocalError'
     inf += x;  iadd = inf;  x = None

[INTERP_OK_CODE_RAISES] bin:isub  x8   e.g. bin:isub:L:inf:f
     interpreter: tensor([inf, inf, inf]) 
     generated  : 'UnboundLocalError'
     inf -= x;  isub = inf;  x = None

[INTERP_OK_CODE_RAISES] bin:imul  x8   e.g. bin:imul:L:inf:f
     interpreter: tensor([inf, -inf, inf]) 
     generated  : 'UnboundLocalError'
     inf *= x;  imul = inf;  x = None

[INTERP_OK_CODE_RAISES] bin:itruediv  x8   e.g. bin:itruediv:L:inf:f
     interpreter: tensor([inf, -inf, inf]) 
     generated  : 'UnboundLocalError'
     inf /= x;  itruediv = inf;  x = None

[INTERP_OK_CODE_RAISES] bin:ifloordiv  x8   e.g. bin:ifloordiv:L:inf:f
     interpreter: tensor([nan, nan, nan]) 
     generated  : 'UnboundLocalError'
     inf //= x;  ifloordiv = inf;  x = None

[INTERP_OK_CODE_RAISES] bin:imod  x8   e.g. bin:imod:L:inf:f
     interpreter: tensor([nan, nan, nan]) 
     generated  : 'UnboundLocalError'
     inf %= x;  imod = inf;  x = None

[INTERP_OK_CODE_RAISES] bin:ipow  x8   e.g. bin:ipow:L:inf:f
     interpreter: tensor([inf, 0., inf]) 
     generated  : 'UnboundLocalError'
     inf **= x;  ipow = inf;  x = None

[INTERP_OK_CODE_RAISES] ph:device  x1   e.g. ph:device:device(type='cpu')
     interpreter: ((tensor([ 1.5000, -2.0000,  3.0000]), device(type='cpu')), ()) 
     generated  : 'TypeError'
     device_1 = device

[INTERP_RAISES_CODE_OK] bin:itruediv  x22   e.g. bin:itruediv:R:-2:i
     interpreter: 'RuntimeError' 
     generated  : tensor([-0.5000,  1.0000, -1.5000])
     x /= -2;  itruediv = x;  x = None

[INTERP_RAISES_CODE_OK] bin:iadd  x15   e.g. bin:iadd:R:-2.5:i
     interpreter: 'RuntimeError' 
     generated  : tensor([-1.5000, -4.5000,  0.5000])
     x += -2.5;  iadd = x;  x = None

[INTERP_RAISES_CODE_OK] bin:isub  x15   e.g. bin:isub:R:-2.5:i
     interpreter: 'RuntimeError' 
     generated  : tensor([3.5000, 0.5000, 5.5000])
     x -= -2.5;  isub = x;  x = None

[INTERP_RAISES_CODE_OK] bin:imul  x15   e.g. bin:imul:R:-2.5:i
     interpreter: 'RuntimeError' 
     generated  : tensor([-2.5000,  5.0000, -7.5000])
     x *= -2.5;  imul = x;  x = None

[INTERP_RAISES_CODE_OK] bin:ipow  x15   e.g. bin:ipow:R:-2.5:i
     interpreter: 'RuntimeError' 
     generated  : tensor([1.0000,    nan, 0.0642])
     x **= -2.5;  ipow = x;  x = None

[INTERP_RAISES_CODE_OK] bin:ifloordiv  x9   e.g. bin:ifloordiv:R:-2.5:i
     interpreter: 'RuntimeError' 
     generated  : tensor([-1.,  0., -2.])
     x //= -2.5;  ifloordiv = x;  x = None

[INTERP_RAISES_CODE_OK] bin:imod  x9   e.g. bin:imod:R:-2.5:i
     interpreter: 'RuntimeError' 
     generated  : tensor([-1.5000, -2.0000, -2.0000])
     x %= -2.5;  imod = x;  x = None

[VALUE] const:pow  x39   e.g. const:pow:-2:-2
     interpreter: 0.25 
     generated  : -0.25
     pow_1 = -2 ** -2

[VALUE] bin:pow  x16   e.g. bin:pow:L:-2:f
     interpreter: tensor([    nan,  0.2500, -8.0000]) 
     generated  : tensor([-2.8284, -0.2500, -8.0000])
     pow_1 = -2 ** x;  x = None

[VALUE] method:__rpow__  x3   e.g. method:__rpow__:-2:f
     interpreter: tensor([    nan,  0.2500, -8.0000]) 
     generated  : tensor([-2.8284, -0.2500, -8.0000])
     rpow = x.__rpow__(-2);  x = None

[VALUE] ph:inf  x2   e.g. ph:inf:inf
     interpreter: ((tensor([ 1.5000, -2.0000,  3.0000]), inf), ()) 
     generated  : ((tensor([ 1.5000, -2.0000,  3.0000]), tensor([ 1.5000, -2.0000,  3.0000])), ())
     inf_1 = inf

[VALUE] objnest:None  x1   e.g. objnest:None
     interpreter: ((tensor([ 1.5000, -2.0000,  3.0000]), [None, (None, {'k': None})]), ()) 
     generated  : ((tensor([ 1.5000, -2.0000,  3.0000]), [None, (None, {'k': None})]), ())
     _ident = __main____ident(x, [None, (None, {'k': None})]);  x = None

[VALUE] objnest:Ellipsis  x1   e.g. objnest:Ellipsis
     interpreter: ((tensor([ 1.5000, -2.0000,  3.0000]), [Ellipsis, (Ellipsis, {'k': Ellipsis})]), ()) 
     generated  : ((tensor([ 1.5000, -2.0000,  3.0000]), [Ellipsis, (Ellipsis, {'k': Ellipsis})]), ())
     _ident = __main____ident(x, [Ellipsis, (Ellipsis, {'k': Ellipsis})]);  x = None

[VALUE] objnest:slice(None, -1, None)  x1   e.g. objnest:slice(None, -1, None)
     interpreter: ((tensor([ 1.5000, -2.0000,  3.0000]), [slice(None, -1, None), (slice(None, -1, None), {'k': slice(None, -1, None)})]), ()) 
     generated  : ((tensor([ 1.5000, -2.0000,  3.0000]), [slice(None, -1, None), (slice(None, -1, None), {'k': slice(None, -1, None)})]), ())
     _ident = __main____ident(x, [slice(None, -1, None), (slice(None, -1, None), {'k': slice(None, -1, None)})]);  x = None

[VALUE] objnest:slice(-3, None, -1)  x1   e.g. objnest:slice(-3, None, -1)
     interpreter: ((tensor([ 1.5000, -2.0000,  3.0000]), [slice(-3, None, -1), (slice(-3, None, -1), {'k': slice(-3, None, -1)})]), ()) 
     generated  : ((tensor([ 1.5000, -2.0000,  3.0000]), [slice(-3, None, -1), (slice(-3, None, -1), {'k': slice(-3, None, -1)})]), ())
     _ident = __main____ident(x, [slice(-3, None, -1), (slice(-3, None, -1), {'k': slice(-3, None, -1)})]);  x = None

[VALUE] objnest:(1, -2)  x1   e.g. objnest:(1, -2)
     interpreter: ((tensor([ 1.5000, -2.0000,  3.0000]), [(1, -2), ((1, -2), {'k': (1, -2)})]), ()) 
     generated  : ((tensor([ 1.5000, -2.0000,  3.0000]), [(1, -2), ((1, -2), {'k': (1, -2)})]), ())
     _ident = __main____ident(x, [(1, -2), ((1, -2), {'k': (1, -2)})]);  x = None

[VALUE] obj:[1, (-2, 3.5)]  x1   e.g. obj:[1, (-2, 3.5)]
     interpreter: ((tensor([ 1.5000, -2.0000,  3.0000]), [1, (-2, 3.5)]), (('kw', [1, (-2, 3.5)]),)) 
     generated  : ((tensor([ 1.5000, -2.0000,  3.0000]), [1, (-2, 3.5)]), (('kw', [1, (-2, 3.5)]),))
     _ident = __main____ident(x, [1, (-2, 3.5)], kw = [1, (-2, 3.5)]);  x = None

[VALUE] objnest:[1, (-2, 3.5)]  x1   e.g. objnest:[1, (-2, 3.5)]
     interpreter: ((tensor([ 1.5000, -2.0000,  3.0000]), [[1, (-2, 3.5)], ([1, (-2, 3.5)], {'k': [1, (-2, 3.5)]})]), ()) 
     generated  : ((tensor([ 1.5000, -2.0000,  3.0000]), [[1, (-2, 3.5)], ([1, (-2, 3.5)], {'k': [1, (-2, 3.5)]})]), ())
     _ident = __main____ident(x, [[1, (-2, 3.5)], ([1, (-2, 3.5)], {'k': [1, (-2, 3.5)]})]);  x = None

[VALUE] objnest:{'a'  x1   e.g. objnest:{'a': -1, 'b': (inf, None)}
     interpreter: ((tensor([ 1.5000, -2.0000,  3.0000]), [{'a': -1, 'b': (inf, None)}, ({'a': -1, 'b': (inf, None)}, {'k': {'a': -1, 'b': (inf, None)}})]), ()) 
     generated  : ((tensor([ 1.5000, -2.0000,  3.0000]), [{'a': -1, 'b': (inf, None)}, ({'a': -1, 'b': (inf, None)}, {'k': {'a': -1, 'b': (inf, None)}})]), ())
     _ident = __main____ident(x, [{'a': -1, 'b': (inf, None)}, ({'a': -1, 'b': (inf, None)}, {'k': {'a': -1, 'b': (inf, None)}})]);  x = None

[VALUE] objnest:torch.float16  x1   e.g. objnest:torch.float16
     interpreter: ((tensor([ 1.5000, -2.0000,  3.0000]), [torch.float16, (torch.float16, {'k': torch.float16})]), ()) 
     generated  : ((tensor([ 1.5000, -2.0000,  3.0000]), [torch.float16, (torch.float16, {'k': torch.float16})]), ())
     _ident = __main____ident(x, [torch.float16, (torch.float16, {'k': torch.float16})]);  x = None

[VALUE] objnest:device(type='cpu')  x1   e.g. objnest:device(type='cpu')
     interpreter: ((tensor([ 1.5000, -2.0000,  3.0000]), [device(type='cpu'), (device(type='cpu'), {'k': device(type='cpu')})]), ()) 
     generated  : ((tensor([ 1.5000, -2.0000,  3.0000]), [device(type='cpu'), (device(type='cpu'), {'k': device(type='cpu')})]), ())
     _ident = __main____ident(x, [device(type='cpu'), (device(type='cpu'), {'k': device(type='cpu')})]);  x = None

[VALUE] objnest:torch.channels_last  x1   e.g. objnest:torch.channels_last
     interpreter: ((tensor([ 1.5000, -2.0000,  3.0000]), [torch.channels_last, (torch.channels_last, {'k': torch.channels_last})]), ()) 
     generated  : ((tensor([ 1.5000, -2.0000,  3.0000]), [torch.channels_last, (torch.channels_last, {'k': torch.channels_last})]), ())
     _ident = __main____ident(x, [torch.channels_last, (torch.channels_last, {'k': torch.channels_last})]);  x = None

[VALUE] objnest:torch.strided  x1   e.g. objnest:torch.strided
     interpreter: ((tensor([ 1.5000, -2.0000,  3.0000]), [torch.strided, (torch.strided, {'k': torch.strided})]), ()) 
     generated  : ((tensor([ 1.5000, -2.0000,  3.0000]), [torch.strided, (torch.strided, {'k': torch.strided})]), ())
     _ident = __main____ident(x, [torch.strided, (torch.strided, {'k': torch.strided})]);  x = None

[VALUE] objnest:"it's"  x1   e.g. objnest:"it's"
     interpreter: ((tensor([ 1.5000, -2.0000,  3.0000]), ["it's", ("it's", {'k': "it's"})]), ()) 
     generated  : ((tensor([ 1.5000, -2.0000,  3.0000]), ["it's", ("it's", {'k': "it's"})]), ())
     _ident = __main____ident(x, ["it's", ("it's", {'k': "it's"})]);  x = None

[VALUE] objnest:'say "hi"\n'  x1   e.g. objnest:'say "hi"\n'
     interpreter: ((tensor([ 1.5000, -2.0000,  3.0000]), ['say "hi"\n', ('say "hi"\n', {'k': 'say "hi"\n'})]), ()) 
     generated  : ((tensor([ 1.5000, -2.0000,  3.0000]), ['say "hi"\n', ('say "hi"\n', {'k': 'say "hi"\n'})]), ())
     _ident = __main____ident(x, ['say "hi"\n', ('say "hi"\n', {'k': 'say "hi"\n'})]);  x = None

[VALUE] objnest:'a\\b'  x1   e.g. objnest:'a\\b'
     interpreter: ((tensor([ 1.5000, -2.0000,  3.0000]), ['a\\b', ('a\\b', {'k': 'a\\b'})]), ()) 
     generated  : ((tensor([ 1.5000, -2.0000,  3.0000]), ['a\\b', ('a\\b', {'k': 'a\\b'})]), ())
     _ident = __main____ident(x, ['a\\b', ('a\\b', {'k': 'a\\b'})]);  x = None

[VALUE] objnest:b'bytes'  x1   e.g. objnest:b'bytes'
     interpreter: ((tensor([ 1.5000, -2.0000,  3.0000]), [b'bytes', (b'bytes', {'k': b'bytes'})]), ()) 
     generated  : ((tensor([ 1.5000, -2.0000,  3.0000]), [b'bytes', (b'bytes', {'k': b'bytes'})]), ())
     _ident = __main____ident(x, [b'bytes', (b'bytes', {'k': b'bytes'})]);  x = None

[VALUE] objnest:range(-3, 3)  x1   e.g. objnest:range(-3, 3)
     interpreter: ((tensor([ 1.5000, -2.0000,  3.0000]), [range(-3, 3), (range(-3, 3), {'k': range(-3, 3)})]), ()) 
     generated  : ((tensor([ 1.5000, -2.0000,  3.0000]), [range(-3, 3), (range(-3, 3), {'k': range(-3, 3)})]), ())
     _ident = __main____ident(x, [range(-3, 3), (range(-3, 3), {'k': range(-3, 3)})]);  x = None

[VALUE] objnest:frozenset({1})  x1   e.g. objnest:frozenset({1})
     interpreter: ((tensor([ 1.5000, -2.0000,  3.0000]), [frozenset({1}), (frozenset({1}), {'k': frozenset({1})})]), ()) 
     generated  : ((tensor([ 1.5000, -2.0000,  3.0000]), [frozenset({1}), (frozenset({1}), {'k': frozenset({1})})]), ())
     _ident = __main____ident(x, [frozenset({1}), (frozenset({1}), {'k': frozenset({1})})]);  x = None

[VALUE] objnest:3.141592653589793  x1   e.g. objnest:3.141592653589793
     interpreter: ((tensor([ 1.5000, -2.0000,  3.0000]), [3.141592653589793, (3.141592653589793, {'k': 3.141592653589793})]), ()) 
     generated  : ((tensor([ 1.5000, -2.0000,  3.0000]), [3.141592653589793, (3.141592653589793, {'k': 3.141592653589793})]), ())
     _ident = __main____ident(x, [3.141592653589793, (3.141592653589793, {'k': 3.141592653589793})]);  x = None

[VALUE] objnest:-2.718281828459045  x1   e.g. objnest:-2.718281828459045
     interpreter: ((tensor([ 1.5000, -2.0000,  3.0000]), [-2.718281828459045, (-2.718281828459045, {'k': -2.718281828459045})]), ()) 
     generated  : ((tensor([ 1.5000, -2.0000,  3.0000]), [-2.718281828459045, (-2.718281828459045, {'k': -2.718281828459045})]), ())
     _ident = __main____ident(x, [-2.718281828459045, (-2.718281828459045, {'k': -2.718281828459045})]);  x = None

[VALUE] objnest:torch.Size([2, 3])  x1   e.g. objnest:torch.Size([2, 3])
     interpreter: ((tensor([ 1.5000, -2.0000,  3.0000]), [(2, 3), ((2, 3), {'k': (2, 3)})]), ()) 
     generated  : ((tensor([ 1.5000, -2.0000,  3.0000]), [(2, 3), ((2, 3), {'k': (2, 3)})]), ())
     _ident = __main____ident(x, [(2, 3), ((2, 3), {'k': (2, 3)})]);  x = None

[VALUE] objnest:-3.4028234663852886e+38  x1   e.g. objnest:-3.4028234663852886e+38
     interpreter: ((tensor([ 1.5000, -2.0000,  3.0000]), [-3.4028234663852886e+38, (-3.4028234663852886e+38, {'k': -3.4028234663852886e+38})]), ()) 
     generated  : ((tensor([ 1.5000, -2.0000,  3.0000]), [-3.4028234663852886e+38, (-3.4028234663852886e+38, {'k': -3.4028234663852886e+38})]), ())
     _ident = __main____ident(x, [-3.4028234663852886e+38, (-3.4028234663852886e+38, {'k': -3.4028234663852886e+38})]);  x = None

[VALUE] objnest:-2  x1   e.g. objnest:-2
     interpreter: ((tensor([ 1.5000, -2.0000,  3.0000]), [-2, (-2, {'k': -2})]), ()) 
     generated  : ((tensor([ 1.5000, -2.0000,  3.0000]), [-2, (-2, {'k': -2})]), ())
     _ident = __main____ident(x, [-2, (-2, {'k': -2})]);  x = None

[VALUE] objnest:-1  x1   e.g. objnest:-1
     interpreter: ((tensor([ 1.5000, -2.0000,  3.0000]), [-1, (-1, {'k': -1})]), ()) 
     generated  : ((tensor([ 1.5000, -2.0000,  3.0000]), [-1, (-1, {'k': -1})]), ())
     _ident = __main____ident(x, [-1, (-1, {'k': -1})]);  x = None

[VALUE] objnest:0  x1   e.g. objnest:0
     interpreter: ((tensor([ 1.5000, -2.0000,  3.0000]), [0, (0, {'k': 0})]), ()) 
     generated  : ((tensor([ 1.5000, -2.0000,  3.0000]), [0, (0, {'k': 0})]), ())
     _ident = __main____ident(x, [0, (0, {'k': 0})]);  x = None

[VALUE] objnest:1  x1   e.g. objnest:1
     interpreter: ((tensor([ 1.5000, -2.0000,  3.0000]), [1, (1, {'k': 1})]), ()) 
     generated  : ((tensor([ 1.5000, -2.0000,  3.0000]), [1, (1, {'k': 1})]), ())
     _ident = __main____ident(x, [1, (1, {'k': 1})]);  x = None

[VALUE] objnest:3  x1   e.g. objnest:3
     interpreter: ((tensor([ 1.5000, -2.0000,  3.0000]), [3, (3, {'k': 3})]), ()) 
     generated  : ((tensor([ 1.5000, -2.0000,  3.0000]), [3, (3, {'k': 3})]), ())
     _ident = __main____ident(x, [3, (3, {'k': 3})]);  x = None

[VALUE] objnest:-2.5  x1   e.g. objnest:-2.5
     interpreter: ((tensor([ 1.5000, -2.0000,  3.0000]), [-2.5, (-2.5, {'k': -2.5})]), ()) 
     generated  : ((tensor([ 1.5000, -2.0000,  3.0000]), [-2.5, (-2.5, {'k': -2.5})]), ())
     _ident = __main____ident(x, [-2.5, (-2.5, {'k': -2.5})]);  x = None

[VALUE] objnest:2.5  x1   e.g. objnest:2.5
     interpreter: ((tensor([ 1.5000, -2.0000,  3.0000]), [2.5, (2.5, {'k': 2.5})]), ()) 
     generated  : ((tensor([ 1.5000, -2.0000,  3.0000]), [2.5, (2.5, {'k': 2.5})]), ())
     _ident = __main____ident(x, [2.5, (2.5, {'k': 2.5})]);  x = None

[VALUE] objnest:-0.0  x1   e.g. objnest:-0.0
     interpreter: ((tensor([ 1.5000, -2.0000,  3.0000]), [-0.0, (-0.0, {'k': -0.0})]), ()) 
     generated  : ((tensor([ 1.5000, -2.0000,  3.0000]), [-0.0, (-0.0, {'k': -0.0})]), ())
     _ident = __main____ident(x, [-0.0, (-0.0, {'k': -0.0})]);  x = None

[VALUE] objnest:0.0  x1   e.g. objnest:0.0
     interpreter: ((tensor([ 1.5000, -2.0000,  3.0000]), [0.0, (0.0, {'k': 0.0})]), ()) 
     generated  : ((tensor([ 1.5000, -2.0000,  3.0000]), [0.0, (0.0, {'k': 0.0})]), ())
     _ident = __main____ident(x, [0.0, (0.0, {'k': 0.0})]);  x = None

[VALUE] objnest:inf  x1   e.g. objnest:inf
     interpreter: ((tensor([ 1.5000, -2.0000,  3.0000]), [inf, (inf, {'k': inf})]), ()) 
     generated  : ((tensor([ 1.5000, -2.0000,  3.0000]), [inf, (inf, {'k': inf})]), ())
     _ident = __main____ident(x, [inf, (inf, {'k': inf})]);  x = None

[VALUE] objnest:-inf  x1   e.g. objnest:-inf
     interpreter: ((tensor([ 1.5000, -2.0000,  3.0000]), [-inf, (-inf, {'k': -inf})]), ()) 
     generated  : ((tensor([ 1.5000, -2.0000,  3.0000]), [-inf, (-inf, {'k': -inf})]), ())
     _ident = __main____ident(x, [-inf, (-inf, {'k': -inf})]);  x = None

[VALUE] objnest:nan  x1   e.g. objnest:nan
     interpreter: ((tensor([ 1.5000, -2.0000,  3.0000]), [nan, (nan, {'k': nan})]), ()) 
     generated  : ((tensor([ 1.5000, -2.0000,  3.0000]), [nan, (nan, {'k': nan})]), ())
     _ident = __main____ident(x, [nan, (nan, {'k': nan})]);  x = None

[VALUE] objnest:1180591620717411303424  x1   e.g. objnest:1180591620717411303424
     interpreter: ((tensor([ 1.5000, -2.0000,  3.0000]), [1180591620717411303424, (1180591620717411303424, {'k': 1180591620717411303424})]), ()) 
     generated  : ((tensor([ 1.5000, -2.0000,  3.0000]), [1180591620717411303424, (1180591620717411303424, {'k': 1180591620717411303424})]), ())
     _ident = __main____ident(x, [1180591620717411303424, (1180591620717411303424, {'k': 1180591620717411303424})]);  x = None

[VALUE] objnest:-1180591620717411303424  x1   e.g. objnest:-1180591620717411303424
     interpreter: ((tensor([ 1.5000, -2.0000,  3.0000]), [-1180591620717411303424, (-1180591620717411303424, {'k': -1180591620717411303424})]), ()) 
     generated  : ((tensor([ 1.5000, -2.0000,  3.0000]), [-1180591620717411303424, (-1180591620717411303424, {'k': -1180591620717411303424})]), ())
     _ident = __main____ident(x, [-1180591620717411303424, (-1180591620717411303424, {'k': -1180591620717411303424})]);  x = None

[VALUE] objnest:True  x1   e.g. objnest:True
     interpreter: ((tensor([ 1.5000, -2.0000,  3.0000]), [True, (True, {'k': True})]), ()) 
     generated  : ((tensor([ 1.5000, -2.0000,  3.0000]), [True, (True, {'k': True})]), ())
     _ident = __main____ident(x, [True, (True, {'k': True})]);  x = None

[VALUE] objnest:False  x1   e.g. objnest:False
     interpreter: ((tensor([ 1.5000, -2.0000,  3.0000]), [False, (False, {'k': False})]), ()) 
     generated  : ((tensor([ 1.5000, -2.0000,  3.0000]), [False, (False, {'k': False})]), ())
     _ident = __main____ident(x, [False, (False, {'k': False})]);  x = None

[VALUE] objnest:1e-320  x1   e.g. objnest:1e-320
     interpreter: ((tensor([ 1.5000, -2.0000,  3.0000]), [1e-320, (1e-320, {'k': 1e-320})]), ()) 
     generated  : ((tensor([ 1.5000, -2.0000,  3.0000]), [1e-320, (1e-320, {'k': 1e-320})]), ())
     _ident = __main____ident(x, [1e-320, (1e-320, {'k': 1e-320})]);  x = None

[VALUE] objnest:-1e+300  x1   e.g. objnest:-1e+300
     interpreter: ((tensor([ 1.5000, -2.0000,  3.0000]), [-1e+300, (-1e+300, {'k': -1e+300})]), ()) 
     generated  : ((tensor([ 1.5000, -2.0000,  3.0000]), [-1e+300, (-1e+300, {'k': -1e+300})]), ())
     _ident = __main____ident(x, [-1e+300, (-1e+300, {'k': -1e+300})]);  x = None

[VALUE] objnest:(1+2j)  x1   e.g. objnest:(1+2j)
     interpreter: ((tensor([ 1.5000, -2.0000,  3.0000]), [(1+2j), ((1+2j), {'k': (1+2j)})]), ()) 
     generated  : ((tensor([ 1.5000, -2.0000,  3.0000]), [(1+2j), ((1+2j), {'k': (1+2j)})]), ())
     _ident = __main____ident(x, [(1+2j), ((1+2j), {'k': (1+2j)})]);  x = None

[VALUE] objnest:(-1-2j)  x1   e.g. objnest:(-1-2j)
     interpreter: ((tensor([ 1.5000, -2.0000,  3.0000]), [(-1-2j), ((-1-2j), {'k': (-1-2j)})]), ()) 
     generated  : ((tensor([ 1.5000, -2.0000,  3.0000]), [(-1-2j), ((-1-2j), {'k': (-1-2j)})]), ())
     _ident = __main____ident(x, [(-1-2j), ((-1-2j), {'k': (-1-2j)})]);  x = None

[VALUE] objnest:-1j  x1   e.g. objnest:-1j
     interpreter: ((tensor([ 1.5000, -2.0000,  3.0000]), [-1j, (-1j, {'k': -1j})]), ()) 
     generated  : ((tensor([ 1.5000, -2.0000,  3.0000]), [-1j, (-1j, {'k': (-0-1j)})]), ())
     _ident = __main____ident(x, [complex(0.0, -1.0), (complex(0.0, -1.0), {'k': -1j})]);  x = None

[VALUE] ph:nan  x1   e.g. ph:nan:nan
     interpreter: ((tensor([ 1.5000, -2.0000,  3.0000]), nan), ()) 
     generated  : ((tensor([ 1.5000, -2.0000,  3.0000]), tensor([ 1.5000, -2.0000,  3.0000])), ())
     nan_1 = nan

[VALUE] default:[1, (-2, 3.5)]  x1   e.g. default:[1, (-2, 3.5)]
     interpreter: ((tensor([ 1.5000, -2.0000,  3.0000]), [1, (-2, 3.5)]), ()) 
     generated  : ((tensor([ 1.5000, -2.0000,  3.0000]), [1, (-2, 3.5)]), ())
     _ident = __main____ident(x, y);  x = y = None

[VALUE] star:  x1   e.g. star
     interpreter: (([tensor([ 1.5000, -2.0000,  3.0000]), tensor([ 1.5000, -2.0000,  3.0000])], []), ()) 
     generated  : (((tensor([ 1.5000, -2.0000,  3.0000]), tensor([ 1.5000, -2.0000,  3.0000])), {}), ())
     _args = args

[VARIANT_ERROR:pickle] const:matmul  x144   e.g. const:matmul:-2:-2
     interpreter: TypeError: unsupported operand type(s) for @: 'int' and 'int' 
     generated  : 

[VARIANT_ERROR:pickle] const:getitem  x144   e.g. const:getitem:-2:-2
     interpreter: TypeError: 'int' object is not subscriptable 
     generated  : 

[VARIANT_ERROR:pickle] const:lshift  x129   e.g. const:lshift:-2:-2
     interpreter: ValueError: negative shift count 
     generated  : 

[VARIANT_ERROR:pickle] const:rshift  x129   e.g. const:rshift:-2:-2
     interpreter: ValueError: negative shift count 
     generated  : 

[VARIANT_ERROR:pickle] const:and_  x119   e.g. const:and_:-2:-2.5
     interpreter: TypeError: unsupported operand type(s) for &: 'int' and 'float' 
     generated  : 

[VARIANT_ERROR:pickle] const:or_  x119   e.g. const:or_:-2:-2.5
     interpreter: TypeError: unsupported operand type(s) for |: 'int' and 'float' 
     generated  : 

[VARIANT_ERROR:pickle] const:xor  x119   e.g. const:xor:-2:-2.5
     interpreter: TypeError: unsupported operand type(s) for ^: 'int' and 'float' 
     generated  : 

[VARIANT_ERROR:pickle] bin:getitem  x84   e.g. bin:getitem:L:-2:f
     interpreter: TypeError: 'int' object is not subscriptable 
     generated  : 

[VARIANT_ERROR:pickle] const:truediv  x36   e.g. const:truediv:-2:0
     interpreter: ZeroDivisionError: division by zero 
     generated  : 

[VARIANT_ERROR:pickle] const:floordiv  x36   e.g. const:floordiv:-2:0
     interpreter: ZeroDivisionError: division by zero 
     generated  : 

[VARIANT_ERROR:pickle] const:mod  x36   e.g. const:mod:-2:0
     interpreter: ZeroDivisionError: division by zero 
     generated  : 

[VARIANT_ERROR:pickle] const:ilshift  x24   e.g. const:ilshift:inf:-2
     interpreter: UnboundLocalError: cannot access local variable 'inf' where it is not associated with a value 
     generated  : 

[VARIANT_ERROR:pickle] const:irshift  x24   e.g. const:irshift:inf:-2
     interpreter: UnboundLocalError: cannot access local variable 'inf' where it is not associated with a value 
     generated  : 

[VARIANT_ERROR:pickle] const:iand  x24   e.g. const:iand:inf:-2
     interpreter: UnboundLocalError: cannot access local variable 'inf' where it is not associated with a value 
     generated  : 

[VARIANT_ERROR:pickle] const:ior  x24   e.g. const:ior:inf:-2
     interpreter: UnboundLocalError: cannot access local variable 'inf' where it is not associated with a value 
     generated  : 

[VARIANT_ERROR:pickle] const:ixor  x24   e.g. const:ixor:inf:-2
     interpreter: UnboundLocalError: cannot access local variable 'inf' where it is not associated with a value 
     generated  : 

[VARIANT_ERROR:pickle] un:index  x15   e.g. un:index:-2.5
     interpreter: TypeError: 'float' object cannot be interpreted as an integer 
     generated  : 

[VARIANT_ERROR:pickle] un:invert  x12   e.g. un:invert:-2.5
     interpreter: TypeError: bad operand type for unary ~: 'float' 
     generated  : 

[VARIANT_ERROR:pickle] const:pow  x9   e.g. const:pow:0:-2
     interpreter: ZeroDivisionError: zero to a negative power 
     generated  : 

[VARIANT_ERROR:pickle] bin:ilshift  x8   e.g. bin:ilshift:L:inf:f
     interpreter: UnboundLocalError: cannot access local variable 'inf' where it is not associated with a value 
     generated  : 

[VARIANT_ERROR:pickle] bin:irshift  x8   e.g. bin:irshift:L:inf:f
     interpreter: UnboundLocalError: cannot access local variable 'inf' where it is not associated with a value 
     generated  : 

[VARIANT_ERROR:pickle] bin:iand  x8   e.g. bin:iand:L:inf:f
     interpreter: UnboundLocalError: cannot access local variable 'inf' where it is not associated with a value 
     generated  : 

[VARIANT_ERROR:pickle] bin:ior  x8   e.g. bin:ior:L:inf:f
     interpreter: UnboundLocalError: cannot access local variable 'inf' where it is not associated with a value 
     generated  : 

[VARIANT_ERROR:pickle] bin:ixor  x8   e.g. bin:ixor:L:inf:f
     interpreter: UnboundLocalError: cannot access local variable 'inf' where it is not associated with a value 
     generated  : 

[VARIANT_ERROR:pickle] const:itruediv  x6   e.g. const:itruediv:inf:0
     interpreter: UnboundLocalError: cannot access local variable 'inf' where it is not associated with a value 
     generated  : 

[VARIANT_ERROR:pickle] const:ifloordiv  x6   e.g. const:ifloordiv:inf:0
     interpreter: UnboundLocalError: cannot access local variable 'inf' where it is not associated with a value 
     generated  : 

[VARIANT_ERROR:pickle] const:imod  x6   e.g. const:imod:inf:0
     interpreter: UnboundLocalError: cannot access local variable 'inf' where it is not associated with a value 
     generated  : 

[VARIANT_ERROR:pickle] un:not_  x3   e.g. un:not_:x:f
     interpreter: TraceError: symbolically traced variables cannot be used as inputs to control flow 
     generated  : 

[VARIANT_ERROR:pickle] un:truth  x3   e.g. un:truth:x:f
     interpreter: TraceError: symbolically traced variables cannot be used as inputs to control flow 
     generated  : 

[VARIANT_ERROR:pickle] obj:b'bytes'  x1   e.g. obj:b'bytes'
     interpreter: NotImplementedError: argument of type: <class 'bytes'> 
     generated  : 

[VARIANT_ERROR:pickle] obj:frozenset({1})  x1   e.g. obj:frozenset({1})
     interpreter: NotImplementedError: argument of type: <class 'frozenset'> 
     generated  : 
