[{"stream_name":"stdout","time":11.041267081,"data":"   ━━━━━━━━━━━━━━━━━━━━━━━━━━━━━━━━━━━━━━━━ 554.6/554.6 MB 3.0 MB/s eta 0:00:00\n"}
,{"stream_name":"stdout","time":16.710356777,"data":"   ━━━━━━━━━━━━━━━━━━━━━━━━━━━━━━━━━━━━━━━━ 553.1/553.1 MB 3.4 MB/s eta 0:00:00\n"}
,{"stream_name":"stdout","time":18.295858327,"data":"   ━━━━━━━━━━━━━━━━━━━━━━━━━━━━━━━━━━━━━━━━ 170.1/170.1 MB 11.1 MB/s eta 0:00:00\n"}
,{"stream_name":"stdout","time":20.344810142,"data":"   ━━━━━━━━━━━━━━━━━━━━━━━━━━━━━━━━━━━━━━━━ 216.0/216.0 MB 8.7 MB/s eta 0:00:00\n"}
,{"stream_name":"stdout","time":20.91286809,"data":"   ━━━━━━━━━━━━━━━━━━━━━━━━━━━━━━━━━━━━━━━━ 60.4/60.4 MB 33.0 MB/s eta 0:00:00\n"}
,{"stream_name":"stdout","time":25.890086338,"data":"   ━━━━━━━━━━━━━━━━━━━━━━━━━━━━━━━━━━━━━━━━ 423.1/423.1 MB 4.2 MB/s eta 0:00:00\n"}
,{"stream_name":"stdout","time":26.091895073,"data":"   ━━━━━━━━━━━━━━━━━━━━━━━━━━━━━━━━━━━━━━━━ 10.7/10.7 MB 55.3 MB/s eta 0:00:00\n"}
,{"stream_name":"stdout","time":29.653841584,"data":"   ━━━━━━━━━━━━━━━━━━━━━━━━━━━━━━━━━━━━━━━━ 90.2/90.2 MB 3.9 MB/s eta 0:00:00\n"}
,{"stream_name":"stdout","time":29.965063147,"data":"   ━━━━━━━━━━━━━━━━━━━━━━━━━━━━━━━━━━━━━━━━ 2.2/2.2 MB 7.5 MB/s eta 0:00:00\n"}
,{"stream_name":"stdout","time":33.131802377,"data":"   ━━━━━━━━━━━━━━━━━━━━━━━━━━━━━━━━━━━━━━━━ 214.1/214.1 MB 8.5 MB/s eta 0:00:00\n"}
,{"stream_name":"stdout","time":33.170538532,"data":"   ━━━━━━━━━━━━━━━━━━━━━━━━━━━━━━━━━━━━━━━━ 1.2/1.2 MB 45.8 MB/s eta 0:00:00\n"}
,{"stream_name":"stdout","time":33.933894411,"data":"   ━━━━━━━━━━━━━━━━━━━━━━━━━━━━━━━━━━━━━━━━ 59.5/59.5 MB 29.1 MB/s eta 0:00:00\n"}
,{"stream_name":"stdout","time":38.405267808,"data":"   ━━━━━━━━━━━━━━━━━━━━━━━━━━━━━━━━━━━━━━━━ 200.9/200.9 MB 3.4 MB/s eta 0:00:00\n"}
,{"stream_name":"stdout","time":40.116988027,"data":"   ━━━━━━━━━━━━━━━━━━━━━━━━━━━━━━━━━━━━━━━━ 145.9/145.9 MB 12.6 MB/s eta 0:00:00\n"}
,{"stream_name":"stdout","time":40.142106776,"data":"   ━━━━━━━━━━━━━━━━━━━━━━━━━━━━━━━━━━━━━━━━ 148.0/148.0 kB 10.9 MB/s eta 0:00:00\n"}
,{"stream_name":"stdout","time":40.233390786,"data":"   ━━━━━━━━━━━━━━━━━━━━━━━━━━━━━━━━━━━━━━━━ 7.2/7.2 MB 90.8 MB/s eta 0:00:00\n"}
,{"stream_name":"stdout","time":43.006064008,"data":"   ━━━━━━━━━━━━━━━━━━━━━━━━━━━━━━━━━━━━━━━━ 248.0/248.0 MB 7.6 MB/s eta 0:00:00\n"}
,{"stream_name":"stdout","time":43.424086192,"data":"   ━━━━━━━━━━━━━━━━━━━━━━━━━━━━━━━━━━━━━━━━ 42.5/42.5 MB 44.4 MB/s eta 0:00:00\n"}
,{"stream_name":"stderr","time":136.166514314,"data":"ERROR: pip's dependency resolver does not currently take into account all the packages that are installed. This behaviour is the source of the following dependency conflicts.\n"}
,{"stream_name":"stderr","time":136.166563898,"data":"libcuml-cu12 26.2.0 requires cuda-toolkit[cublas,cufft,curand,cusolver,cusparse]==12.*, but you have cuda-toolkit 13.0.3.0 which is incompatible.\n"}
,{"stream_name":"stderr","time":136.166568424,"data":"cuml-cu12 26.2.0 requires cuda-toolkit[cublas,cufft,curand,cusolver,cusparse]==12.*, but you have cuda-toolkit 13.0.3.0 which is incompatible.\n"}
,{"stream_name":"stderr","time":136.166571759,"data":"cuda-python 12.9.4 requires cuda-bindings~=12.9.4, but you have cuda-bindings 13.4.2 which is incompatible.\n"}
,{"stream_name":"stderr","time":136.166574884,"data":"torchaudio 2.10.0+cu128 requires torch==2.10.0, but you have torch 2.14.0 which is incompatible.\n"}
,{"stream_name":"stderr","time":136.166577876,"data":"torchvision 0.25.0+cu128 requires torch==2.10.0, but you have torch 2.14.0 which is incompatible.\n"}
,{"stream_name":"stderr","time":136.166581341,"data":"cudf-cu12 26.2.1 requires cuda-toolkit[nvcc,nvrtc]==12.*, but you have cuda-toolkit 13.0.3.0 which is incompatible.\n"}
,{"stream_name":"stderr","time":136.166584327,"data":"libcuvs-cu12 26.2.0 requires cuda-toolkit[cublas,curand,cusolver,cusparse]==12.*, but you have cuda-toolkit 13.0.3.0 which is incompatible.\n"}
,{"stream_name":"stderr","time":136.166587537,"data":"libraft-cu12 26.2.0 requires cuda-toolkit[cublas,curand,cusolver,cusparse]==12.*, but you have cuda-toolkit 13.0.3.0 which is incompatible.\n"}
,{"stream_name":"stdout","time":136.742974579,"data":"===== norm_eps_stale_min.py\n"}
,{"stream_name":"stdout","time":149.841223771,"data":"torch 2.14.0+cu130 cuda | FX_GRAPH_CACHE = default | AUTOGRAD_CACHE = default\n"}
,{"stream_name":"stdout","time":149.841255596,"data":"   s=0.9   max |eager - compiled| = 0.0000   compiled result matches eps computed from s=0.9\n"}
,{"stream_name":"stdout","time":149.841260835,"data":"   s=0.5   max |eager - compiled| = 0.0000   compiled result matches eps computed from s=0.5\n"}
,{"stream_name":"stdout","time":149.841265529,"data":"   s=0.25  max |eager - compiled| = 0.2420   compiled result matches eps computed from s=0.5\n"}
,{"stream_name":"stdout","time":149.841270455,"data":"   s=0.75  max |eager - compiled| = 0.1093   compiled result matches eps computed from s=0.5\n"}
,{"stream_name":"stdout","time":149.841275017,"data":"   s=0.5   max |eager - compiled| = 0.0000   compiled result matches eps computed from s=0.5\n"}
,{"stream_name":"stdout","time":149.841280156,"data":"   s=2.0   max |eager - compiled| = 0.3349   compiled result matches eps computed from s=0.5\n"}
,{"stream_name":"stdout","time":153.377893764,"data":"===== layer_norm_eps_stale2.py\n"}
,{"stream_name":"stdout","time":194.939389035,"data":"torch 2.14.0+cu130 FX_GRAPH_CACHE default AUTOGRAD_CACHE default\n"}
,{"stream_name":"stdout","time":194.939433601,"data":"   layer_norm(x * (1 + s), eps=abs(s) + 1e-3)   [sweep case]  aot_eager \n"}
,{"stream_name":"stdout","time":194.939440325,"data":"!! layer_norm(x * (1 + s), eps=abs(s) + 1e-3)   [sweep case]  inductor  s=0.25: max err 0.159; s=0.75: max err 0.091; s=2.0: max err 0.258\n"}
,{"stream_name":"stdout","time":194.9394449,"data":"   layer_norm(x, eps=abs(s) + 1e-3)                           aot_eager \n"}
,{"stream_name":"stdout","time":194.939453501,"data":"   layer_norm(x, eps=abs(s) + 1e-3)                           inductor  \n"}
,{"stream_name":"stdout","time":194.939457808,"data":"   layer_norm(x, eps=s + 1e-3)                                aot_eager \n"}
,{"stream_name":"stdout","time":194.939461884,"data":"   layer_norm(x, eps=s + 1e-3)                                inductor  \n"}
,{"stream_name":"stdout","time":194.939481587,"data":"   layer_norm(x * s, eps=s)                                   aot_eager \n"}
,{"stream_name":"stdout","time":194.93948527,"data":"   layer_norm(x * s, eps=s)                                   inductor  \n"}
,{"stream_name":"stdout","time":194.939488622,"data":"   layer_norm(x * (1 + s), eps=1e-3)                          aot_eager \n"}
,{"stream_name":"stdout","time":194.939491846,"data":"   layer_norm(x * (1 + s), eps=1e-3)                          inductor  \n"}
,{"stream_name":"stdout","time":194.939495193,"data":"   group_norm(x * s, 2, eps=s + 1e-3)                         aot_eager \n"}
,{"stream_name":"stdout","time":194.939498468,"data":"!! group_norm(x * s, 2, eps=s + 1e-3)                         inductor  s=0.25: max err 0.107; s=0.75: max err 0.077; s=2.0: max err 0.225\n"}
,{"stream_name":"stdout","time":194.939502431,"data":"   rms_norm(x * s, eps=s + 1e-3)                              aot_eager \n"}
,{"stream_name":"stdout","time":194.939506042,"data":"!! rms_norm(x * s, eps=s + 1e-3)                              inductor  s=0.25: max err 0.218; s=0.75: max err 0.141; s=2.0: max err 0.348\n"}
,{"stream_name":"stdout","time":194.939510222,"data":"   batch_norm(x * s, train, eps=s + 1e-3)                     aot_eager \n"}
,{"stream_name":"stdout","time":194.939513457,"data":"!! batch_norm(x * s, train, eps=s + 1e-3)                     inductor  s=0.25: max err 0.177; s=0.75: max err 0.125; s=2.0: max err 0.341\n"}
,{"stream_name":"stdout","time":201.268081026,"data":"     ━━━━━━━━━━━━━━━━━━━━━━━━━━━━━━━━━━━━━━ 519.2/519.2 MB 55.6 MB/s eta 0:00:00\n"}
,{"stream_name":"stdout","time":203.741335272,"data":"     ━━━━━━━━━━━━━━━━━━━━━━━━━━━━━━━━━━━━━ 135.4/135.4 MB 131.5 MB/s eta 0:00:00\n"}
,{"stream_name":"stdout","time":204.867331463,"data":"     ━━━━━━━━━━━━━━━━━━━━━━━━━━━━━━━━━━━━━━━━ 3.9/3.9 MB 223.7 MB/s eta 0:00:00\n"}
,{"stream_name":"stdout","time":211.074200485,"data":"   ━━━━━━━━━━━━━━━━━━━━━━━━━━━━━━━━━━━━━━━━ 629.3/629.3 MB 2.9 MB/s eta 0:00:00\n"}
,{"stream_name":"stdout","time":214.642889657,"data":"   ━━━━━━━━━━━━━━━━━━━━━━━━━━━━━━━━━━━━━━━━ 246.8/246.8 MB 4.7 MB/s eta 0:00:00\n"}
,{"stream_name":"stderr","time":254.328945957,"data":"ERROR: pip's dependency resolver does not currently take into account all the packages that are installed. This behaviour is the source of the following dependency conflicts.\n"}
,{"stream_name":"stderr","time":254.328976811,"data":"torchaudio 2.10.0+cu128 requires torch==2.10.0, but you have torch 2.15.0.dev20260921+cu130 which is incompatible.\n"}
,{"stream_name":"stderr","time":254.328982861,"data":"torchvision 0.25.0+cu128 requires torch==2.10.0, but you have torch 2.15.0.dev20260921+cu130 which is incompatible.\n"}
,{"stream_name":"stdout","time":254.705262443,"data":"===== norm_eps_stale_min.py\n"}
,{"stream_name":"stdout","time":263.08648177,"data":"torch 2.15.0.dev20260921+cu130 cuda | FX_GRAPH_CACHE = default | AUTOGRAD_CACHE = default\n"}
,{"stream_name":"stdout","time":263.086520148,"data":"   s=0.9   max |eager - compiled| = 0.0000   compiled result matches eps computed from s=0.9\n"}
,{"stream_name":"stdout","time":263.086526166,"data":"   s=0.5   max |eager - compiled| = 0.0000   compiled result matches eps computed from s=0.5\n"}
,{"stream_name":"stdout","time":263.086531025,"data":"   s=0.25  max |eager - compiled| = 0.2420   compiled result matches eps computed from s=0.5\n"}
,{"stream_name":"stdout","time":263.086550285,"data":"   s=0.75  max |eager - compiled| = 0.1093   compiled result matches eps computed from s=0.5\n"}
,{"stream_name":"stdout","time":263.08655412,"data":"   s=0.5   max |eager - compiled| = 0.0000   compiled result matches eps computed from s=0.5\n"}
,{"stream_name":"stdout","time":263.086557863,"data":"   s=2.0   max |eager - compiled| = 0.3349   compiled result matches eps computed from s=0.5\n"}
,{"stream_name":"stdout","time":267.036088675,"data":"===== layer_norm_eps_stale2.py\n"}
,{"stream_name":"stdout","time":308.669041685,"data":"torch 2.15.0.dev20260921+cu130 FX_GRAPH_CACHE default AUTOGRAD_CACHE default\n"}
,{"stream_name":"stdout","time":308.669144194,"data":"   layer_norm(x * (1 + s), eps=abs(s) + 1e-3)   [sweep case]  aot_eager \n"}
,{"stream_name":"stdout","time":308.669152944,"data":"!! layer_norm(x * (1 + s), eps=abs(s) + 1e-3)   [sweep case]  inductor  s=0.25: max err 0.159; s=0.75: max err 0.091; s=2.0: max err 0.258\n"}
,{"stream_name":"stdout","time":308.66915817,"data":"   layer_norm(x, eps=abs(s) + 1e-3)                           aot_eager \n"}
,{"stream_name":"stdout","time":308.669163013,"data":"   layer_norm(x, eps=abs(s) + 1e-3)                           inductor  \n"}
,{"stream_name":"stdout","time":308.669180375,"data":"   layer_norm(x, eps=s + 1e-3)                                aot_eager \n"}
,{"stream_name":"stdout","time":308.66918582,"data":"   layer_norm(x, eps=s + 1e-3)                                inductor  \n"}
,{"stream_name":"stdout","time":308.669191032,"data":"   layer_norm(x * s, eps=s)                                   aot_eager \n"}
,{"stream_name":"stdout","time":308.669195552,"data":"   layer_norm(x * s, eps=s)                                   inductor  \n"}
,{"stream_name":"stdout","time":308.669199972,"data":"   layer_norm(x * (1 + s), eps=1e-3)                          aot_eager \n"}
,{"stream_name":"stdout","time":308.669204425,"data":"   layer_norm(x * (1 + s), eps=1e-3)                          inductor  \n"}
,{"stream_name":"stdout","time":308.669208745,"data":"   group_norm(x * s, 2, eps=s + 1e-3)                         aot_eager \n"}
,{"stream_name":"stdout","time":308.66921331,"data":"!! group_norm(x * s, 2, eps=s + 1e-3)                         inductor  s=0.25: max err 0.107; s=0.75: max err 0.077; s=2.0: max err 0.225\n"}
,{"stream_name":"stdout","time":308.669223706,"data":"   rms_norm(x * s, eps=s + 1e-3)                              aot_eager \n"}
,{"stream_name":"stdout","time":308.669227471,"data":"!! rms_norm(x * s, eps=s + 1e-3)                              inductor  s=0.25: max err 0.218; s=0.75: max err 0.141; s=2.0: max err 0.348\n"}
,{"stream_name":"stdout","time":308.669230485,"data":"   batch_norm(x * s, train, eps=s + 1e-3)                     aot_eager \n"}
,{"stream_name":"stdout","time":308.669233453,"data":"!! batch_norm(x * s, train, eps=s + 1e-3)                     inductor  s=0.25: max err 0.177; s=0.75: max err 0.125; s=2.0: max err 0.341\n"}
,{"stream_name":"stdout","time":310.141668748,"data":"JOB DONE\n"}
,{"stream_name":"stderr","time":312.105423426,"data":"/usr/local/lib/python3.12/dist-packages/mistune.py:435: SyntaxWarning: invalid escape sequence '\\|'\n"}
,{"stream_name":"stderr","time":312.105452788,"data":"  cells[i][c] = re.sub('\\\\\\\\\\|', '|', cell)\n"}
,{"stream_name":"stderr","time":312.314330433,"data":"/usr/local/lib/python3.12/dist-packages/nbconvert/filters/filter_links.py:36: SyntaxWarning: invalid escape sequence '\\_'\n"}
,{"stream_name":"stderr","time":312.314358934,"data":"  text = re.sub(r'_', '\\_', text) # Escape underscores in display text\n"}
,{"stream_name":"stderr","time":313.466582246,"data":"[NbConvertApp] Converting notebook __script__.ipynb to html\n"}
,{"stream_name":"stderr","time":314.530588465,"data":"[NbConvertApp] Writing 279950 bytes to __results__.html\n"}
]