[{"stream_name":"stdout","time":2.580003585,"data":"$ pip -q install --upgrade torch==2.14.0\n"}
,{"stream_name":"stdout","time":18.152411901,"data":"   ©¥©¥©¥©¥©¥©¥©¥©¥©¥©¥©¥©¥©¥©¥©¥©¥©¥©¥©¥©¥©¥©¥©¥©¥©¥©¥©¥©¥©¥©¥©¥©¥©¥©¥©¥©¥©¥©¥©¥©¥ 554.6/554.6 MB 3.1 MB/s eta 0:00:00\n"}
,{"stream_name":"stdout","time":30.142773201,"data":"   ©¥©¥©¥©¥©¥©¥©¥©¥©¥©¥©¥©¥©¥©¥©¥©¥©¥©¥©¥©¥©¥©¥©¥©¥©¥©¥©¥©¥©¥©¥©¥©¥©¥©¥©¥©¥©¥©¥©¥©¥ 553.1/553.1 MB 3.2 MB/s eta 0:00:00\n"}
,{"stream_name":"stdout","time":33.988129791,"data":"   ©¥©¥©¥©¥©¥©¥©¥©¥©¥©¥©¥©¥©¥©¥©¥©¥©¥©¥©¥©¥©¥©¥©¥©¥©¥©¥©¥©¥©¥©¥©¥©¥©¥©¥©¥©¥©¥©¥©¥©¥ 170.1/170.1 MB 9.6 MB/s eta 0:00:00\n"}
,{"stream_name":"stdout","time":38.79998024,"data":"   ©¥©¥©¥©¥©¥©¥©¥©¥©¥©¥©¥©¥©¥©¥©¥©¥©¥©¥©¥©¥©¥©¥©¥©¥©¥©¥©¥©¥©¥©¥©¥©¥©¥©¥©¥©¥©¥©¥©¥©¥ 216.0/216.0 MB 7.8 MB/s eta 0:00:00\n"}
,{"stream_name":"stdout","time":40.132327377,"data":"   ©¥©¥©¥©¥©¥©¥©¥©¥©¥©¥©¥©¥©¥©¥©¥©¥©¥©¥©¥©¥©¥©¥©¥©¥©¥©¥©¥©¥©¥©¥©¥©¥©¥©¥©¥©¥©¥©¥©¥©¥ 60.4/60.4 MB 23.3 MB/s eta 0:00:00\n"}
,{"stream_name":"stdout","time":58.047919891,"data":"   ©¥©¥©¥©¥©¥©¥©¥©¥©¥©¥©¥©¥©¥©¥©¥©¥©¥©¥©¥©¥©¥©¥©¥©¥©¥©¥©¥©¥©¥©¥©¥©¥©¥©¥©¥©¥©¥©¥©¥©¥ 423.1/423.1 MB 1.3 MB/s eta 0:00:00\n"}
,{"stream_name":"stdout","time":58.47196075,"data":"   ©¥©¥©¥©¥©¥©¥©¥©¥©¥©¥©¥©¥©¥©¥©¥©¥©¥©¥©¥©¥©¥©¥©¥©¥©¥©¥©¥©¥©¥©¥©¥©¥©¥©¥©¥©¥©¥©¥©¥©¥ 10.7/10.7 MB 28.9 MB/s eta 0:00:00\n"}
,{"stream_name":"stdout","time":62.177667224,"data":"   ©¥©¥©¥©¥©¥©¥©¥©¥©¥©¥©¥©¥©¥©¥©¥©¥©¥©¥©¥©¥©¥©¥©¥©¥©¥©¥©¥©¥©¥©¥©¥©¥©¥©¥©¥©¥©¥©¥©¥©¥ 90.2/90.2 MB 8.1 MB/s eta 0:00:00\n"}
,{"stream_name":"stdout","time":62.311010087,"data":"   ©¥©¥©¥©¥©¥©¥©¥©¥©¥©¥©¥©¥©¥©¥©¥©¥©¥©¥©¥©¥©¥©¥©¥©¥©¥©¥©¥©¥©¥©¥©¥©¥©¥©¥©¥©¥©¥©¥©¥©¥ 2.2/2.2 MB 28.2 MB/s eta 0:00:00\n"}
,{"stream_name":"stdout","time":70.557197788,"data":"   ©¥©¥©¥©¥©¥©¥©¥©¥©¥©¥©¥©¥©¥©¥©¥©¥©¥©¥©¥©¥©¥©¥©¥©¥©¥©¥©¥©¥©¥©¥©¥©¥©¥©¥©¥©¥©¥©¥©¥©¥ 214.1/214.1 MB 7.2 MB/s eta 0:00:00\n"}
,{"stream_name":"stdout","time":70.655181879,"data":"   ©¥©¥©¥©¥©¥©¥©¥©¥©¥©¥©¥©¥©¥©¥©¥©¥©¥©¥©¥©¥©¥©¥©¥©¥©¥©¥©¥©¥©¥©¥©¥©¥©¥©¥©¥©¥©¥©¥©¥©¥ 1.2/1.2 MB 27.7 MB/s eta 0:00:00\n"}
,{"stream_name":"stdout","time":72.751998544,"data":"   ©¥©¥©¥©¥©¥©¥©¥©¥©¥©¥©¥©¥©¥©¥©¥©¥©¥©¥©¥©¥©¥©¥©¥©¥©¥©¥©¥©¥©¥©¥©¥©¥©¥©¥©¥©¥©¥©¥©¥©¥ 59.5/59.5 MB 17.9 MB/s eta 0:00:00\n"}
,{"stream_name":"stdout","time":79.79733073,"data":"   ©¥©¥©¥©¥©¥©¥©¥©¥©¥©¥©¥©¥©¥©¥©¥©¥©¥©¥©¥©¥©¥©¥©¥©¥©¥©¥©¥©¥©¥©¥©¥©¥©¥©¥©¥©¥©¥©¥©¥©¥ 200.9/200.9 MB 7.7 MB/s eta 0:00:00\n"}
,{"stream_name":"stdout","time":85.810078686,"data":"   ©¥©¥©¥©¥©¥©¥©¥©¥©¥©¥©¥©¥©¥©¥©¥©¥©¥©¥©¥©¥©¥©¥©¥©¥©¥©¥©¥©¥©¥©¥©¥©¥©¥©¥©¥©¥©¥©¥©¥©¥ 145.9/145.9 MB 7.4 MB/s eta 0:00:00\n"}
,{"stream_name":"stdout","time":85.880358566,"data":"   ©¥©¥©¥©¥©¥©¥©¥©¥©¥©¥©¥©¥©¥©¥©¥©¥©¥©¥©¥©¥©¥©¥©¥©¥©¥©¥©¥©¥©¥©¥©¥©¥©¥©¥©¥©¥©¥©¥©¥©¥ 148.0/148.0 kB 8.3 MB/s eta 0:00:00\n"}
,{"stream_name":"stdout","time":86.424654396,"data":"   ©¥©¥©¥©¥©¥©¥©¥©¥©¥©¥©¥©¥©¥©¥©¥©¥©¥©¥©¥©¥©¥©¥©¥©¥©¥©¥©¥©¥©¥©¥©¥©¥©¥©¥©¥©¥©¥©¥©¥©¥ 7.2/7.2 MB 14.7 MB/s eta 0:00:00\n"}
,{"stream_name":"stdout","time":102.767397506,"data":"   ©¥©¥©¥©¥©¥©¥©¥©¥©¥©¥©¥©¥©¥©¥©¥©¥©¥©¥©¥©¥©¥©¥©¥©¥©¥©¥©¥©¥©¥©¥©¥©¥©¥©¥©¥©¥©¥©¥©¥©¥ 248.0/248.0 MB 5.6 MB/s eta 0:00:00\n"}
,{"stream_name":"stdout","time":106.084017991,"data":"   ©¥©¥©¥©¥©¥©¥©¥©¥©¥©¥©¥©¥©¥©¥©¥©¥©¥©¥©¥©¥©¥©¥©¥©¥©¥©¥©¥©¥©¥©¥©¥©¥©¥©¥©¥©¥©¥©¥©¥©¥ 42.5/42.5 MB 6.2 MB/s eta 0:00:00\n"}
,{"stream_name":"stderr","time":189.974918873,"data":"ERROR: pip's dependency resolver does not currently take into account all the packages that are installed. This behaviour is the source of the following dependency conflicts.\n"}
,{"stream_name":"stderr","time":189.974958289,"data":"libcuml-cu12 26.2.0 requires cuda-toolkit[cublas,cufft,curand,cusolver,cusparse]==12.*, but you have cuda-toolkit 13.0.3.0 which is incompatible.\n"}
,{"stream_name":"stderr","time":189.974962861,"data":"cuml-cu12 26.2.0 requires cuda-toolkit[cublas,cufft,curand,cusolver,cusparse]==12.*, but you have cuda-toolkit 13.0.3.0 which is incompatible.\n"}
,{"stream_name":"stderr","time":189.974966375,"data":"cuda-python 12.9.4 requires cuda-bindings~=12.9.4, but you have cuda-bindings 13.4.2 which is incompatible.\n"}
,{"stream_name":"stderr","time":189.97496972,"data":"torchaudio 2.10.0+cu128 requires torch==2.10.0, but you have torch 2.14.0 which is incompatible.\n"}
,{"stream_name":"stderr","time":189.974973156,"data":"torchvision 0.25.0+cu128 requires torch==2.10.0, but you have torch 2.14.0 which is incompatible.\n"}
,{"stream_name":"stderr","time":189.9749766,"data":"cudf-cu12 26.2.1 requires cuda-toolkit[nvcc,nvrtc]==12.*, but you have cuda-toolkit 13.0.3.0 which is incompatible.\n"}
,{"stream_name":"stderr","time":189.974979918,"data":"libcuvs-cu12 26.2.0 requires cuda-toolkit[cublas,curand,cusolver,cusparse]==12.*, but you have cuda-toolkit 13.0.3.0 which is incompatible.\n"}
,{"stream_name":"stderr","time":189.974983104,"data":"libraft-cu12 26.2.0 requires cuda-toolkit[cublas,curand,cusolver,cusparse]==12.*, but you have cuda-toolkit 13.0.3.0 which is incompatible.\n"}
,{"stream_name":"stdout","time":190.570486925,"data":"$ pip -q install expecttest hypothesis\n"}
,{"stream_name":"stdout","time":193.711157501,"data":"   ©¥©¥©¥©¥©¥©¥©¥©¥©¥©¥©¥©¥©¥©¥©¥©¥©¥©¥©¥©¥©¥©¥©¥©¥©¥©¥©¥©¥©¥©¥©¥©¥©¥©¥©¥©¥©¥©¥©¥©¥ 1.2/1.2 MB 5.1 MB/s eta 0:00:00\n"}
,{"stream_name":"stdout","time":196.159313016,"data":"$ /usr/bin/python3 -c import torch; print('torch', torch.__version__, torch.cuda.get_device_name(0), flush=True)\n"}
,{"stream_name":"stdout","time":199.189873523,"data":"torch 2.14.0+cu130 Tesla T4\n"}
,{"stream_name":"stdout","time":200.269106489,"data":"$ /usr/bin/python3 scripts/cudagraph_stale_sweep.py\n"}
,{"stream_name":"stdout","time":205.491128511,"data":"torch 2.14.0+cu130 Tesla T4\n"}
,{"stream_name":"stdout","time":211.040994929,"data":"ERROR      value=ok             plain_output                             RuntimeError: Error: accessing tensor output of CUDAGraphs that has been overwritten by a subsequent run. Stack trace: File \"/kaggle/working/plan/s\n"}
,{"stream_name":"stdout","time":211.119313197,"data":"ERROR      value=ok             view_of_output                           RuntimeError: Error: accessing tensor output of CUDAGraphs that has been overwritten by a subsequent run. Stack trace: File \"/kaggle/working/plan/s\n"}
,{"stream_name":"stdout","time":211.300735075,"data":"ERROR      value=ok             output_in_list                           RuntimeError: Error: accessing tensor output of CUDAGraphs that has been overwritten by a subsequent run. Stack trace: File \"/kaggle/working/plan/s\n"}
,{"stream_name":"stdout","time":211.390713582,"data":"SAME       value=ok             output_alias_of_input                    \n"}
,{"stream_name":"stderr","time":211.579355196,"data":"W0922 12:27:10.839000 52 torch/_inductor/cudagraph_utils.py:401] [__cudagraphs] skipping cudagraphs due to mutated inputs (1 instances). Found from : \n"}
,{"stream_name":"stderr","time":211.579387689,"data":"W0922 12:27:10.839000 52 torch/_inductor/cudagraph_utils.py:401] [__cudagraphs]    File \"/kaggle/working/plan/scripts/cudagraph_stale_sweep.py\", line 66, in f\n"}
,{"stream_name":"stderr","time":211.579419425,"data":"W0922 12:27:10.839000 52 torch/_inductor/cudagraph_utils.py:401] [__cudagraphs]     x.add_(1)\n"}
,{"stream_name":"stderr","time":211.579423872,"data":"W0922 12:27:10.839000 52 torch/_inductor/cudagraph_utils.py:401] [__cudagraphs] \n"}
,{"stream_name":"stdout","time":211.583406187,"data":"SAME       value=ok             output_after_inplace_on_input            \n"}
,{"stream_name":"stderr","time":211.753106334,"data":"W0922 12:27:11.014000 52 torch/_inductor/cudagraph_utils.py:401] [__cudagraphs] skipping cudagraphs due to mutated inputs (1 instances). Found from : \n"}
,{"stream_name":"stderr","time":211.753133563,"data":"W0922 12:27:11.014000 52 torch/_inductor/cudagraph_utils.py:401] [__cudagraphs]    File \"/kaggle/working/plan/scripts/cudagraph_stale_sweep.py\", line 74, in f\n"}
,{"stream_name":"stderr","time":211.753138278,"data":"W0922 12:27:11.014000 52 torch/_inductor/cudagraph_utils.py:401] [__cudagraphs]     x.mul_(2)\n"}
,{"stream_name":"stderr","time":211.753152874,"data":"W0922 12:27:11.014000 52 torch/_inductor/cudagraph_utils.py:401] [__cudagraphs] \n"}
,{"stream_name":"stdout","time":211.756962893,"data":"SAME       value=ok             output_is_input_after_inplace            \n"}
,{"stream_name":"stdout","time":212.110920439,"data":"ERROR      value=ok             detached_output                          RuntimeError: Error: accessing tensor output of CUDAGraphs that has been overwritten by a subsequent run. Stack trace: File \"/kaggle/working/plan/s\n"}
,{"stream_name":"stdout","time":212.195661262,"data":"ERROR      value=ok             output_reshaped_by_caller                RuntimeError: Error: accessing tensor output of CUDAGraphs that has been overwritten by a subsequent run. Stack trace: File \"/kaggle/working/plan/s\n"}
,{"stream_name":"stdout","time":212.279079906,"data":"CASE_ERROR value=None           output_as_next_input_then_old_read       RuntimeError: Error: accessing tensor output of CUDAGraphs that has been overwritten by a subsequent run. Stack trace: File \"/kaggle/working/plan/s\n"}
,{"stream_name":"stderr","time":213.108679152,"data":"/usr/local/lib/python3.12/dist-packages/torch/_inductor/cudagraph_trees.py:3040: UserWarning: Unable to hit fast path of CUDAGraphs because outputs from a previous step still require backward. Ensure backward() is invoked or detach outputs. You may also call torch.compiler.cudagraph_mark_step_begin() before each model invocation.\n"}
,{"stream_name":"stderr","time":213.108729897,"data":"  warnings.warn(\n"}
,{"stream_name":"stdout","time":213.109569875,"data":"SAME       value=skipped(module) module_with_buffer_update                \n"}
,{"stream_name":"stderr","time":213.313893355,"data":"W0922 12:27:12.574000 52 torch/_inductor/utils.py:1806] [0/0] Not enough SMs to use max_autotune_gemm mode\n"}
,{"stream_name":"stderr","time":213.55474937,"data":"/usr/local/lib/python3.12/dist-packages/torch/_inductor/cudagraph_trees.py:3040: UserWarning: Unable to hit fast path of CUDAGraphs because outputs from a previous step still require backward. Ensure backward() is invoked or detach outputs. You may also call torch.compiler.cudagraph_mark_step_begin() before each model invocation.\n"}
,{"stream_name":"stderr","time":213.554784253,"data":"  warnings.warn(\n"}
,{"stream_name":"stdout","time":213.555582992,"data":"SAME       value=skipped(module) module_eval_output                       \n"}
,{"stream_name":"stdout","time":213.821394363,"data":"ERROR      value=ok             different_shape_second_call              RuntimeError: Error: accessing tensor output of CUDAGraphs that has been overwritten by a subsequent run. Stack trace: File \"/kaggle/working/plan/s\n"}
,{"stream_name":"stdout","time":214.018503878,"data":"ERROR      value=ok             scalar_output_item_later                 RuntimeError: Error: accessing tensor output of CUDAGraphs that has been overwritten by a subsequent run. Stack trace: File \"/kaggle/working/plan/s\n"}
,{"stream_name":"stderr","time":214.148444601,"data":"/usr/local/lib/python3.12/dist-packages/torch/_inductor/cudagraph_trees.py:3040: UserWarning: Unable to hit fast path of CUDAGraphs because outputs from a previous step still require backward. Ensure backward() is invoked or detach outputs. You may also call torch.compiler.cudagraph_mark_step_begin() before each model invocation.\n"}
,{"stream_name":"stderr","time":214.148475474,"data":"  warnings.warn(\n"}
,{"stream_name":"stdout","time":214.150634895,"data":"SAME       value=ok             output_with_requires_grad                \n"}
,{"stream_name":"stdout","time":214.206121584,"data":"ERROR      value=ok             output_moved_to_cpu_lazily               RuntimeError: Error: accessing tensor output of CUDAGraphs that has been overwritten by a subsequent run. Stack trace: File \"/kaggle/working/plan/s\n"}
,{"stream_name":"stdout","time":214.387894809,"data":"ERROR      value=ok             output_expanded_view                     RuntimeError: Error: accessing tensor output of CUDAGraphs that has been overwritten by a subsequent run. Stack trace: File \"/kaggle/working/plan/s\n"}
,{"stream_name":"stdout","time":214.588585999,"data":"ERROR      value=ok             two_compiled_functions_interleaved       RuntimeError: Error: accessing tensor output of CUDAGraphs that has been overwritten by a subsequent run. Stack trace: File \"/kaggle/working/plan/s\n"}
,{"stream_name":"stdout","time":214.64400886,"data":"ERROR      value=ok             output_stored_in_dict_then_two_runs      RuntimeError: Error: accessing tensor output of CUDAGraphs that has been overwritten by a subsequent run. Stack trace: File \"/kaggle/working/plan/s\n"}
,{"stream_name":"stdout","time":214.701663903,"data":"ERROR      value=ok             mark_step_begin_between                  RuntimeError: Error: accessing tensor output of CUDAGraphs that has been overwritten by a subsequent run. Stack trace: File \"/kaggle/working/plan/s\n"}
,{"stream_name":"stdout","time":214.701692677,"data":"SWEEP DONE\n"}
]