torch 2.14.0+cpu: 530 ops, 254 (op, dtype) in shard 1/2, 254 to do
[1/254] ok           acos float32 (7s, total 7s)
[2/254] ok           add float32 (4s, total 11s)
[3/254] ok           arange float32 (6s, total 17s)
[4/254] DIFF:SIGNZERO clamp_min float32 (9s, total 26s)
[5/254] ok           sub float32 (6s, total 33s)
[6/254] ok           addmm float32 (2s, total 34s)
[7/254] ok           addbmm float32 (9s, total 43s)
[8/254] ok           dot float32 (0s, total 44s)
[9/254] ok           bmm float32 (0s, total 44s)
[10/254] ok           addr float32 (13s, total 57s)
[11/254] DIFF:VALUE   addcdiv float32 (12s, total 69s)
[12/254] ok           asinh float32 (0s, total 70s)
[13/254] ok           atan2 float32 (10s, total 80s)
[14/254] ok           allclose float32 (0s, total 80s)
[15/254] ok           broadcast_shapes float32 (0s, total 81s)
[16/254] ok           block_diag float32 (10s, total 91s)
[17/254] ok           cartesian_prod float32 (12s, total 103s)
[18/254] ok           ceil float32 (0s, total 103s)
[19/254] ok           unsafe_chunk float32 (1s, total 104s)
[20/254] ok           contiguous float32 (1s, total 105s)
[21/254] ok           clamp float32 (52s, total 157s)
[22/254] ok           conj float32 (0s, total 158s)
[23/254] ok           view_as_complex float32 (0s, total 158s)
[24/254] ok           copysign float32 (12s, total 170s)
[25/254] ok           cos float32 (4s, total 174s)
[26/254] ok           cov float32 (0s, total 174s)
[27/254] ok           cumsum float32 (1s, total 176s)
[28/254] ok           cummax float32 (1s, total 177s)
[29/254] ok           deg2rad float32 (0s, total 177s)
[30/254] ok           div float32 (1s, total 178s)
[31/254] ok           div float32 (4s, total 183s)
[32/254] ok           equal float32 (0s, total 183s)
[33/254] ok           expand float32 (1s, total 183s)
[34/254] ok           expand_copy float32 (6s, total 190s)
[35/254] ok           diag_embed float32 (4s, total 193s)
[36/254] ok           diagonal_copy float32 (6s, total 199s)
[37/254] ok           alias_copy float32 (0s, total 200s)
[38/254] DIFF:SIGNZERO fmax float32 (7s, total 207s)
[39/254] ok           fmod float32 (9s, total 215s)
[40/254] ok           frac float32 (0s, total 216s)
[41/254] ok           flip float32 (4s, total 219s)
[42/254] ok           flipud float32 (1s, total 220s)
[43/254] ok           sparse.mm float32 (0s, total 220s)
[44/254] ok           floor_divide float32 (0s, total 220s)
[45/254] ok           log1p float32 (0s, total 221s)
[46/254] ok           gt float32 (5s, total 226s)
[47/254] ok           isin float32 (3s, total 229s)
[48/254] ok           linspace float32 (6s, total 235s)
[49/254] ok           logspace float32 (1s, total 235s)
[50/254] ok           log float32 (1s, total 236s)
[51/254] ok           log2 float32 (4s, total 240s)
[52/254] ok           logaddexp float32 (10s, total 250s)
[53/254] ok           logical_not float32 (1s, total 250s)
[54/254] ok           masked_fill float32 (9s, total 259s)
[55/254] ok           matrix_exp float32 (4s, total 263s)
[56/254] ok           max float32 (7s, total 270s)
[57/254] DIFF:VALUE   var_mean float32 (7s, total 277s)
[58/254] DIFF:VALUE   std_mean float32 (7s, total 284s)
[59/254] ok           meshgrid float32 (0s, total 285s)
[60/254] ok           min float32 (2s, total 286s)
[61/254] ok           quantile float32 (10s, total 297s)
[62/254] DIFF:SIGNZERO max float32 (1s, total 298s)
[63/254] DIFF:SIGNZERO min float32 (1s, total 299s)
[64/254] ok           logical_and float32 (4s, total 302s)
[65/254] ok           logical_xor float32 (4s, total 306s)
[66/254] ok           isclose float32 (4s, total 310s)
[67/254] ok           softmax float32 (13s, total 323s)
[68/254] ok           nn.functional.softmin float32 (13s, total 336s)
[69/254] ok           nn.functional.cross_entropy float32 (9s, total 345s)
[70/254] ok           nn.functional.linear_cross_entropy float32 (4s, total 349s)
[71/254] ok           aminmax float32 (8s, total 357s)
[72/254] ok           as_strided float32 (1s, total 358s)
[73/254] ok           as_strided_scatter float32 (9s, total 367s)
[74/254] DIFF:SIGNZERO native_layer_norm float32 (15s, total 382s)
[75/254] DIFF:SIGNZERO+VALUE _native_batch_norm_legit float32 (21s, total 403s)
[76/254] DIFF:SIGNZERO nn.functional.cosine_similarity float32 (14s, total 417s)
[77/254] ok           nn.functional.adaptive_avg_pool2d float32 (8s, total 424s)
[78/254] DIFF:VALUE   nn.functional.adaptive_max_pool1d float32 (5s, total 429s)
[79/254] ok           nn.functional.adaptive_max_pool3d float32 (2s, total 432s)
[80/254] ok           nn.functional.avg_pool3d float32 (56s, total 488s)
[81/254] ok           nn.functional.conv_transpose1d float32 (2s, total 490s)
[82/254] ok           nn.functional.conv_transpose3d float32 (1s, total 492s)
[83/254] DIFF:VALUE   nn.functional.conv2d float32 (9s, total 501s)
[84/254] ok           nn.functional.group_norm float32 (5s, total 506s)
[85/254] DIFF:SIGNZERO nn.functional.layer_norm float32 (14s, total 520s)
[86/254] ok           nn.functional.local_response_norm float32 (16s, total 536s)
[87/254] ok           nn.functional.pad float32 (1s, total 537s)
[88/254] ok           nn.functional.pad float32 (7s, total 544s)
[89/254] ok           nn.functional.pad float32 (8s, total 551s)
[90/254] ok           nn.functional.unfold float32 (2s, total 553s)
[91/254] ok           nn.functional.soft_margin_loss float32 (17s, total 570s)
[92/254] ok           nn.functional.multi_margin_loss float32 (24s, total 594s)
[93/254] ok           nn.functional.multilabel_soft_margin_loss float32 (16s, total 610s)
[94/254] ok           nn.functional.max_pool1d float32 (7s, total 617s)
[95/254] ok           max_pool2d_with_indices_backward float32 (6s, total 623s)
[96/254] ok           nn.functional.linear float32 (6s, total 629s)
[97/254] ok           torch.ops.aten._safe_softmax.default float32 (8s, total 637s)
[98/254] ok           torch.ops.aten._scaled_dot_product_flash_attention_for_cpu float32 (5s, total 642s)
[99/254] ok           nn.functional.logsigmoid float32 (4s, total 646s)
[100/254] ok           nn.functional.softsign float32 (4s, total 650s)
[101/254] ok           nn.functional.threshold float32 (11s, total 660s)
[102/254] ok           nn.functional.triplet_margin_with_distance_loss float32 (13s, total 674s)
[103/254] ok           to float32 (4s, total 678s)
[104/254] DIFF:SILENT  nn.functional.binary_cross_entropy float32 (12s, total 690s)
[105/254] ok           igammac float32 (0s, total 690s)
[106/254] DIFF:VALUE   nn.functional.hardshrink float32 (6s, total 696s)
[107/254] ok           mm float32 (1s, total 697s)
[108/254] ok           mvlgamma float32 (11s, total 708s)
[109/254] ok           ne float32 (4s, total 712s)
[110/254] ok           narrow_copy float32 (10s, total 722s)
[111/254] ok           neg float32 (0s, total 722s)
[112/254] ok           outer float32 (1s, total 723s)
[113/254] ok           permute_copy float32 (1s, total 724s)
[114/254] ok           float_power float32 (10s, total 734s)
[115/254] ok           real float32 (0s, total 734s)
[116/254] ok           rot90 float32 (8s, total 742s)
[117/254] ok           round float32 (1s, total 743s)
[118/254] ok           round float32 (6s, total 749s)
[119/254] ok           sinc float32 (4s, total 753s)
[120/254] ok           sign float32 (0s, total 753s)
[121/254] ok           split float32 (1s, total 754s)
[122/254] ok           unsafe_split float32 (1s, total 755s)
[123/254] ok           split_with_sizes_copy float32 (12s, total 766s)
[124/254] ok           __rdiv__ float32 (17s, total 783s)
[125/254] ok           __rmatmul__ float32 (2s, total 785s)
[126/254] ok           __rpow__ float32 (16s, total 800s)
[127/254] ok           rsub float32 (0s, total 801s)
[128/254] ok           select_scatter float32 (6s, total 807s)
[129/254] ok           slice_scatter float32 (13s, total 820s)
[130/254] ok           tan float32 (1s, total 820s)
[131/254] ok           tensor_split float32 (2s, total 823s)
[132/254] ok           vsplit float32 (0s, total 823s)
[133/254] ok           trunc float32 (0s, total 823s)
[134/254] ok           expm1 float32 (0s, total 824s)
[135/254] ok           reciprocal float32 (4s, total 827s)
[136/254] ok           lerp float32 (13s, total 840s)
[137/254] ok           isfinite float32 (1s, total 841s)
[138/254] ok           isposinf float32 (0s, total 841s)
[139/254] ok           isreal float32 (1s, total 842s)
[140/254] ok           einsum float32 (12s, total 854s)
[141/254] ok           polar float32 (1s, total 855s)
[142/254] ok           polygamma float32 (0s, total 855s)
[143/254] ok           polygamma float32 (0s, total 856s)
[144/254] ok           ravel float32 (1s, total 856s)
[145/254] ok           reshape_as float32 (1s, total 857s)
[146/254] ok           view_as float32 (1s, total 858s)
[147/254] ok           atleast_2d float32 (0s, total 858s)
[148/254] ok           flatten float32 (1s, total 859s)
[149/254] ok           gather float32 (6s, total 865s)
[150/254] ok           index_copy float32 (8s, total 873s)
[151/254] ok           index_add float32 (19s, total 892s)
[152/254] ok           index_put float32 (13s, total 904s)
[153/254] ok           take float32 (1s, total 905s)
[154/254] ok           bfloat16 float32 (4s, total 909s)
[155/254] ok           byte float32 (1s, total 910s)
[156/254] ok           double float32 (1s, total 911s)
[157/254] ok           half float32 (1s, total 912s)
[158/254] ok           long float32 (1s, total 913s)
[159/254] ok           cdouble float32 (1s, total 913s)
[160/254] ok           chalf float32 (1s, total 914s)
[161/254] ok           ones_like float32 (3s, total 917s)
[162/254] ok           new_zeros float32 (3s, total 920s)
[163/254] ok           ones float32 (3s, total 923s)
[164/254] ok           full float32 (8s, total 932s)
[165/254] ok           scalar_tensor float32 (0s, total 932s)
[166/254] ok           scatter_add float32 (4s, total 936s)
[167/254] ok           hstack float32 (6s, total 942s)
[168/254] ok           histc float32 (1s, total 942s)
[169/254] ok           unbind float32 (4s, total 946s)
[170/254] ok           vstack float32 (4s, total 950s)
[171/254] ok           unfold float32 (1s, total 950s)
[172/254] ok           movedim float32 (0s, total 951s)
[173/254] ok           repeat float32 (1s, total 952s)
[174/254] ok           squeeze float32 (1s, total 952s)
[175/254] ok           fill float32 (3s, total 955s)
[176/254] ok           tile float32 (1s, total 956s)
[177/254] ok           trapezoid float32 (7s, total 963s)
[178/254] ok           unsqueeze float32 (1s, total 964s)
[179/254] ok           xlogy float32 (10s, total 974s)
[180/254] ok           logsumexp float32 (7s, total 980s)
[181/254] ok           transpose float32 (1s, total 981s)
[182/254] ok           T float32 (0s, total 981s)
[183/254] ok           mT float32 (1s, total 982s)
[184/254] ok           tril float32 (8s, total 990s)
[185/254] ok           kron float32 (1s, total 991s)
[186/254] ok           tensordot float32 (14s, total 1006s)
[187/254] ok           logcumsumexp float32 (7s, total 1013s)
[188/254] ok           digamma float32 (4s, total 1017s)
[189/254] ok           erfc float32 (4s, total 1021s)
[190/254] ok           nn.functional.smooth_l1_loss float32 (17s, total 1037s)
[191/254] ok           lgamma float32 (4s, total 1041s)
[192/254] ok           log_softmax float32 (13s, total 1054s)
[193/254] ok           where float32 (12s, total 1066s)
[194/254] ok           jiterator_binary float32 (0s, total 1066s)
[195/254] ok           jiterator_binary_return_by_ref float32 (0s, total 1067s)
[196/254] ok           norm float32 (9s, total 1075s)
[197/254] ok           norm float32 (1s, total 1076s)
[198/254] ok           t float32 (1s, total 1077s)
[199/254] ok           nn.functional.embedding float32 (12s, total 1089s)
[200/254] ok           nn.functional.mse_loss float32 (15s, total 1104s)
[201/254] ok           grid_sampler_3d float32 (2s, total 1107s)
[202/254] ok           any float32 (1s, total 1107s)
[203/254] ok           amin float32 (6s, total 1113s)
[204/254] ok           argmin float32 (1s, total 1114s)
[205/254] ok           nanmean float32 (6s, total 1120s)
[206/254] ok           std float32 (6s, total 1125s)
[207/254] ok           var float32 (6s, total 1131s)
[208/254] ok           sum float32 (0s, total 1131s)
[209/254] ok           hash_tensor float32 (0s, total 1131s)
[210/254] DIFF:SIGNZERO nn.functional.nll_loss float32 (5s, total 1137s)
[211/254] ok           nn.functional.hinge_embedding_loss float32 (14s, total 1151s)
[212/254] ok           nn.functional.pdist float32 (0s, total 1151s)
[213/254] ok           nn.functional.pairwise_distance float32 (5s, total 1156s)
[214/254] ok           nn.functional.pixel_unshuffle float32 (5s, total 1162s)
[215/254] ok           nn.functional.kl_div float32 (14s, total 1176s)
[216/254] ok           scatter_reduce float32 (0s, total 1176s)
[217/254] ok           scatter_reduce float32 (12s, total 1188s)
[218/254] ok           scatter_reduce float32 (12s, total 1200s)
[219/254] ok           _segment_reduce float32 (2s, total 1201s)
[220/254] ok           linalg.diagonal float32 (0s, total 1202s)
[221/254] ok           linalg.cond float32 (4s, total 1206s)
[222/254] ok           linalg.ldl_factor float32 (1s, total 1206s)
[223/254] ok           linalg.matrix_power float32 (11s, total 1217s)
[224/254] ok           linalg.norm float32 (7s, total 1225s)
[225/254] ok           linalg.matrix_norm float32 (1s, total 1225s)
[226/254] ok           linalg.vander float32 (15s, total 1240s)
[227/254] ok           linalg.inv float32 (1s, total 1241s)
[228/254] ok           linalg.tensorinv float32 (0s, total 1241s)
[229/254] ok           special.i1 float32 (3s, total 1244s)
[230/254] ok           special.ndtr float32 (6s, total 1250s)
[231/254] ok           special.xlog1py float32 (10s, total 1260s)
[232/254] ok           special.ndtri float32 (7s, total 1267s)
[233/254] ok           special.erfcx float32 (6s, total 1272s)
[234/254] ok           special.bessel_j0 float32 (3s, total 1275s)
[235/254] ok           special.bessel_y0 float32 (2s, total 1277s)
[236/254] ok           special.chebyshev_polynomial_t float32 (6s, total 1283s)
[237/254] ok           special.chebyshev_polynomial_v float32 (6s, total 1289s)
[238/254] ok           special.hermite_polynomial_h float32 (6s, total 1295s)
[239/254] ok           special.laguerre_polynomial_l float32 (5s, total 1300s)
[240/254] ok           special.modified_bessel_i0 float32 (3s, total 1302s)
[241/254] ok           special.modified_bessel_k0 float32 (3s, total 1305s)
[242/254] ok           special.scaled_modified_bessel_k0 float32 (3s, total 1308s)
[243/254] ok           special.shifted_chebyshev_polynomial_t float32 (6s, total 1314s)
[244/254] ok           special.shifted_chebyshev_polynomial_v float32 (5s, total 1319s)
[245/254] ok           special.spherical_bessel_j0 float32 (3s, total 1321s)
[246/254] ok           masked.prod float32 (5s, total 1326s)
[247/254] ok           masked.cumprod float32 (18s, total 1344s)
[248/254] ok           masked.amin float32 (5s, total 1349s)
[249/254] ok           masked.argmin float32 (0s, total 1350s)
[250/254] ok           masked.norm float32 (11s, total 1360s)
[251/254] ok           masked.std float32 (13s, total 1374s)
[252/254] ok           masked.log_softmax float32 (7s, total 1380s)
[253/254] ok           masked.logaddexp float32 (12s, total 1392s)
[254/254] DIFF:SIGNZERO bmm float32 (1s, total 1393s)
SWEEP DONE
