torch 2.14.0+cpu: 530 ops, 254 (op, dtype) in shard 0/2, 53 to do
[1/53] ok           all float32 (8s, total 8s)
[2/53] ok           amax float32 (1s, total 9s)
[3/53] ok           argmax float32 (0s, total 9s)
[4/53] ok           mean float32 (1s, total 10s)
[5/53] DIFF:VALUE   std float32 (6s, total 17s)
[6/53] ok           var float32 (6s, total 23s)
[7/53] DIFF:VALUE   prod float32 (12s, total 35s)
[8/53] ok           nansum float32 (3s, total 38s)
[9/53] ok           nn.functional.cosine_embedding_loss float32 (13s, total 51s)
[10/53] ok           nn.functional.gaussian_nll_loss float32 (0s, total 51s)
[11/53] ok           nn.functional.huber_loss float32 (15s, total 66s)
[12/53] ok           repeat_interleave float32 (8s, total 74s)
[13/53] ok           nn.functional.pixel_shuffle float32 (2s, total 76s)
[14/53] ok           nn.functional.channel_shuffle float32 (11s, total 86s)
[15/53] ok           diagflat float32 (6s, total 92s)
[16/53] ok           scatter_reduce float32 (9s, total 101s)
[17/53] ok           scatter_reduce float32 (1s, total 102s)
[18/53] ok           _segment_reduce float32 (1s, total 103s)
[19/53] ok           linalg.cross float32 (1s, total 105s)
[20/53] ok           linalg.vecdot float32 (1s, total 105s)
[21/53] ok           linalg.householder_product float32 (64s, total 170s)
[22/53] ok           linalg.ldl_factor_ex float32 (0s, total 170s)
[23/53] ok           linalg.multi_dot float32 (3s, total 173s)
[24/53] ok           linalg.norm float32 (5s, total 179s)
[25/53] ok           linalg.polar float32 (13s, total 192s)
[26/53] ok           linalg.vector_norm float32 (6s, total 197s)
[27/53] ok           linalg.inv_ex float32 (1s, total 198s)
[28/53] ok           special.i0e float32 (3s, total 201s)
[29/53] ok           special.i1e float32 (3s, total 204s)
[30/53] ok           special.polygamma float32 (1s, total 205s)
[31/53] ok           special.entr float32 (5s, total 210s)
[32/53] ok           special.log_ndtr float32 (6s, total 216s)
[33/53] ok           special.airy_ai float32 (3s, total 218s)
[34/53] ok           special.bessel_j1 float32 (3s, total 221s)
[35/53] ok           special.bessel_y1 float32 (3s, total 224s)
[36/53] ok           special.chebyshev_polynomial_u float32 (5s, total 229s)
[37/53] ok           special.chebyshev_polynomial_w float32 (6s, total 235s)
[38/53] ok           special.hermite_polynomial_he float32 (5s, total 240s)
[39/53] ok           special.legendre_polynomial_p float32 (5s, total 246s)
[40/53] ok           special.modified_bessel_i1 float32 (3s, total 249s)
[41/53] ok           special.modified_bessel_k1 float32 (3s, total 252s)
[42/53] ok           special.scaled_modified_bessel_k1 float32 (3s, total 255s)
[43/53] ok           special.shifted_chebyshev_polynomial_u float32 (5s, total 260s)
[44/53] ok           special.shifted_chebyshev_polynomial_w float32 (5s, total 265s)
[45/53] ok           masked.sum float32 (1s, total 266s)
[46/53] ok           masked.cumsum float32 (12s, total 278s)
[47/53] ok           masked.amax float32 (3s, total 281s)
[48/53] ok           masked.argmax float32 (1s, total 282s)
[49/53] ok           masked.mean float32 (5s, total 287s)
[50/53] ok           masked.var float32 (11s, total 299s)
[51/53] ok           masked.softmax float32 (6s, total 304s)
[52/53] ok           masked.softmin float32 (6s, total 310s)
[53/53] ok           masked.logsumexp float32 (3s, total 314s)
SWEEP DONE
