torch 2.14.0+cpu: 530 ops, 254 (op, dtype) in shard 0/2, 254 to do
[1/254] ok           abs float32 (4s, total 4s)
[2/254] ok           acosh float32 (3s, total 7s)
[3/254] ok           item float32 (0s, total 8s)
[4/254] DIFF:SIGNZERO clamp_max float32 (12s, total 20s)
[5/254] ok           mul float32 (9s, total 29s)
[6/254] ok           addmm float32 (10s, total 39s)
[7/254] ok           addmv float32 (10s, total 49s)
[8/254] ok           baddbmm float32 (12s, total 61s)
[9/254] ok           vdot float32 (0s, total 61s)
[10/254] ok           mv float32 (1s, total 62s)
[11/254] ok           addcmul float32 (12s, total 74s)
[12/254] ok           asin float32 (0s, total 75s)
[13/254] ok           atan float32 (0s, total 75s)
[14/254] DIFF:SIGNZERO atanh float32 (0s, total 76s)
[15/254] ok           broadcast_to float32 (1s, total 76s)
[16/254] ok           broadcast_tensors float32 (0s, total 77s)
[17/254] ok           combinations float32 (4s, total 80s)
[18/254] ok           cdist float32 (6s, total 87s)
[19/254] ok           chunk float32 (7s, total 94s)
[20/254] ok           clone float32 (1s, total 94s)
[21/254] ok           sum_to_size float32 (2s, total 96s)
[22/254] ok           positive float32 (0s, total 96s)
[23/254] ok           conj_physical float32 (0s, total 97s)
[24/254] ok           complex float32 (1s, total 97s)
[25/254] ok           corrcoef float32 (0s, total 98s)
[26/254] ok           cosh float32 (4s, total 101s)
[27/254] ok           cross float32 (13s, total 114s)
[28/254] ok           cumprod float32 (15s, total 130s)
[29/254] ok           cummin float32 (3s, total 133s)
[30/254] ok           diff float32 (6s, total 138s)
[31/254] ok           div float32 (8s, total 147s)
[32/254] ok           true_divide float32 (9s, total 156s)
[33/254] ok           exp float32 (1s, total 157s)
[34/254] ok           expand_as float32 (1s, total 158s)
[35/254] ok           diag float32 (9s, total 167s)
[36/254] ok           diagonal float32 (1s, total 168s)
[37/254] ok           diagonal_scatter float32 (12s, total 180s)
[38/254] ok           eq float32 (4s, total 184s)
[39/254] DIFF:SIGNZERO fmin float32 (7s, total 190s)
[40/254] DIFF:SIGNZERO remainder float32 (0s, total 191s)
[41/254] ok           floor float32 (0s, total 191s)
[42/254] ok           fliplr float32 (1s, total 192s)
[43/254] ok           sparse.sampled_addmm float32 (0s, total 192s)
[44/254] ok           i0 float32 (3s, total 195s)
[45/254] ok           frexp float32 (6s, total 201s)
[46/254] ok           ge float32 (6s, total 207s)
[47/254] ok           gradient float32 (14s, total 221s)
[48/254] ok           le float32 (3s, total 225s)
[49/254] ok           linspace float32 (1s, total 225s)
[50/254] ok           logspace float32 (1s, total 226s)
[51/254] ok           log10 float32 (3s, total 229s)
[52/254] ok           ldexp float32 (11s, total 240s)
[53/254] ok           logaddexp2 float32 (1s, total 241s)
[54/254] ok           lt float32 (3s, total 244s)
[55/254] ok           masked_scatter float32 (6s, total 250s)
[56/254] ok           matmul float32 (9s, total 259s)
[57/254] ok           max float32 (6s, total 265s)
[58/254] ok           var_mean float32 (6s, total 271s)
[59/254] ok           std_mean float32 (6s, total 278s)
[60/254] ok           meshgrid float32 (1s, total 278s)
[61/254] ok           min float32 (1s, total 279s)
[62/254] ok           nanquantile float32 (16s, total 295s)
[63/254] DIFF:SIGNZERO maximum float32 (1s, total 296s)
[64/254] DIFF:SIGNZERO minimum float32 (1s, total 297s)
[65/254] ok           logical_or float32 (6s, total 303s)
[66/254] ok           heaviside float32 (0s, total 304s)
[67/254] ok           softmax float32 (12s, total 316s)
[68/254] DIFF:SIGNZERO+VALUE _softmax_backward_data float32 (5s, total 321s)
[69/254] ok           nn.functional.softmin float32 (13s, total 334s)
[70/254] ok           nn.functional.linear_cross_entropy float32 (16s, total 350s)
[71/254] ok           nn.functional.linear_cross_entropy float32 (44s, total 394s)
[72/254] ok           as_strided float32 (1s, total 394s)
[73/254] ok           as_strided_copy float32 (12s, total 407s)
[74/254] DIFF:VALUE   native_group_norm float32 (3s, total 410s)
[75/254] DIFF:SIGNZERO+VALUE native_batch_norm float32 (2s, total 412s)
[76/254] DIFF:SIGNZERO _batch_norm_with_update float32 (9s, total 421s)
[77/254] ok           nn.functional.adaptive_avg_pool1d float32 (5s, total 426s)
[78/254] ok           nn.functional.adaptive_avg_pool3d float32 (1s, total 427s)
[79/254] DIFF:VALUE   nn.functional.adaptive_max_pool2d float32 (4s, total 431s)
[80/254] DIFF:VALUE   nn.functional.avg_pool1d float32 (19s, total 450s)
[81/254] ok           nn.functional.binary_cross_entropy_with_logits float32 (12s, total 462s)
[82/254] ok           nn.functional.conv_transpose2d float32 (13s, total 476s)
[83/254] ok           nn.functional.conv1d float32 (1s, total 477s)
[84/254] ok           nn.functional.conv3d float32 (1s, total 478s)
[85/254] DIFF:SIGNZERO nn.functional.instance_norm float32 (12s, total 490s)
[86/254] ok           nn.functional.rms_norm float32 (12s, total 503s)
[87/254] ok           constant_pad_nd float32 (12s, total 515s)
[88/254] ok           nn.functional.pad float32 (8s, total 523s)
[89/254] ok           nn.functional.pad float32 (11s, total 534s)
[90/254] DIFF:VALUE   nn.functional.hardswish float32 (1s, total 535s)
[91/254] ok           _upsample_bilinear2d_aa float32 (1s, total 536s)
[92/254] ok           nn.functional.margin_ranking_loss float32 (12s, total 548s)
[93/254] DIFF:VALUE   nn.functional.multilabel_margin_loss float32 (21s, total 569s)
[94/254] ok           nn.functional.avg_pool2d float32 (45s, total 614s)
[95/254] ok           nn.functional.max_pool2d float32 (47s, total 661s)
[96/254] DIFF:VALUE   nn.functional.max_pool3d float32 (6s, total 667s)
[97/254] ok           nn.functional.bilinear float32 (7s, total 674s)
[98/254] ok           nn.functional.scaled_dot_product_attention float32 (0s, total 675s)
[99/254] ok           nn.functional.hardsigmoid float32 (7s, total 681s)
[100/254] ok           nn.functional.mish float32 (4s, total 685s)
[101/254] ok           nn.functional.tanhshrink float32 (4s, total 689s)
[102/254] ok           nn.functional.triplet_margin_loss float32 (3s, total 692s)
[103/254] ok           nextafter float32 (11s, total 703s)
[104/254] DIFF:SIGNZERO+VALUE nn.functional.batch_norm float32 (10s, total 713s)
[105/254] ok           igamma float32 (0s, total 713s)
[106/254] DIFF:SIGNZERO nn.functional.softshrink float32 (9s, total 723s)
[107/254] DIFF:SIGNZERO+VALUE nn.functional.hardtanh float32 (7s, total 729s)
[108/254] ok           mvlgamma float32 (0s, total 730s)
[109/254] ok           mvlgamma float32 (0s, total 730s)
[110/254] ok           narrow float32 (1s, total 731s)
[111/254] ok           view_copy float32 (1s, total 732s)
[112/254] ok           dist float32 (12s, total 745s)
[113/254] ok           permute float32 (1s, total 745s)
[114/254] ok           pow float32 (10s, total 755s)
[115/254] ok           rad2deg float32 (0s, total 756s)
[116/254] ok           roll float32 (1s, total 757s)
[117/254] ok           round float32 (0s, total 757s)
[118/254] ok           round float32 (6s, total 763s)
[119/254] ok           sin float32 (0s, total 763s)
[120/254] ok           sinh float32 (0s, total 764s)
[121/254] ok           sgn float32 (0s, total 764s)
[122/254] ok           split float32 (6s, total 770s)
[123/254] ok           split_with_sizes float32 (3s, total 774s)
[124/254] ok           __radd__ float32 (1s, total 775s)
[125/254] ok           __rmul__ float32 (1s, total 775s)
[126/254] DIFF:SIGNZERO __rmod__ float32 (15s, total 790s)
[127/254] ok           __rsub__ float32 (7s, total 797s)
[128/254] ok           select float32 (1s, total 798s)
[129/254] ok           slice float32 (1s, total 798s)
[130/254] ok           signbit float32 (0s, total 798s)
[131/254] ok           tanh float32 (0s, total 799s)
[132/254] ok           hsplit float32 (1s, total 799s)
[133/254] ok           dsplit float32 (0s, total 800s)
[134/254] ok           exp2 float32 (4s, total 804s)
[135/254] ok           nan_to_num float32 (6s, total 810s)
[136/254] ok           square float32 (4s, total 813s)
[137/254] ok           angle float32 (1s, total 814s)
[138/254] ok           isinf float32 (0s, total 814s)
[139/254] ok           isneginf float32 (0s, total 815s)
[140/254] ok           isnan float32 (0s, total 815s)
[141/254] ok           pca_lowrank float32 (1s, total 815s)
[142/254] ok           polygamma float32 (11s, total 827s)
[143/254] ok           polygamma float32 (0s, total 827s)
[144/254] ok           polygamma float32 (0s, total 827s)
[145/254] ok           reshape float32 (1s, total 828s)
[146/254] ok           view float32 (0s, total 828s)
[147/254] ok           atleast_1d float32 (0s, total 829s)
[148/254] ok           atleast_3d float32 (0s, total 829s)
[149/254] ok           unflatten float32 (1s, total 830s)
[150/254] ok           index_fill float32 (13s, total 843s)
[151/254] ok           index_select float32 (4s, total 847s)
[152/254] ok           __getitem__ float32 (6s, total 853s)
[153/254] ok           put float32 (6s, total 859s)
[154/254] ok           scatter float32 (13s, total 872s)
[155/254] ok           bool float32 (1s, total 873s)
[156/254] ok           char float32 (1s, total 874s)
[157/254] ok           float float32 (1s, total 874s)
[158/254] ok           int float32 (1s, total 875s)
[159/254] ok           short float32 (1s, total 876s)
[160/254] ok           cfloat float32 (1s, total 877s)
[161/254] ok           zeros_like float32 (1s, total 878s)
[162/254] ok           full_like float32 (6s, total 884s)
[163/254] ok           new_ones float32 (4s, total 887s)
[164/254] ok           zeros float32 (0s, total 888s)
[165/254] ok           eye float32 (0s, total 888s)
[166/254] ok           new_full float32 (6s, total 894s)
[167/254] ok           stack float32 (4s, total 898s)
[168/254] ok           hypot float32 (9s, total 908s)
[169/254] ok           cat float32 (6s, total 914s)
[170/254] ok           unbind_copy float32 (10s, total 924s)
[171/254] ok           dstack float32 (6s, total 930s)
[172/254] ok           unfold_copy float32 (8s, total 938s)
[173/254] ok           renorm float32 (13s, total 951s)
[174/254] ok           squeeze float32 (1s, total 952s)
[175/254] ok           squeeze_copy float32 (1s, total 953s)
[176/254] ok           take_along_dim float32 (9s, total 962s)
[177/254] ok           trapz float32 (2s, total 964s)
[178/254] ok           cumulative_trapezoid float32 (13s, total 976s)
[179/254] ok           unsqueeze_copy float32 (1s, total 977s)
[180/254] ok           zero_ float32 (1s, total 978s)
[181/254] ok           trace float32 (10s, total 988s)
[182/254] ok           transpose_copy float32 (1s, total 989s)
[183/254] ok           H float32 (0s, total 990s)
[184/254] ok           mH float32 (1s, total 990s)
[185/254] ok           triu float32 (8s, total 998s)
[186/254] ok           inner float32 (7s, total 1005s)
[187/254] ok           to_sparse float32 (0s, total 1005s)
[188/254] ok           sigmoid float32 (4s, total 1009s)
[189/254] ok           erf float32 (1s, total 1009s)
[190/254] ok           erfinv float32 (1s, total 1010s)
[191/254] ok           nn.functional.l1_loss float32 (17s, total 1027s)
[192/254] ok           log_softmax float32 (12s, total 1039s)
[193/254] DIFF:VALUE   logit float32 (10s, total 1049s)
[194/254] ok           jiterator_unary float32 (0s, total 1049s)
[195/254] ok           jiterator_4inputs_with_extra_args float32 (0s, total 1049s)
[196/254] ok           jiterator_2inputs_2outputs float32 (0s, total 1049s)
[197/254] ok           norm float32 (3s, total 1052s)
[198/254] ok           norm float32 (15s, total 1067s)
[199/254] ok           t_copy float32 (1s, total 1068s)
[200/254] ok           nn.functional.multi_head_attention_forward float32 (0s, total 1068s)
