torch 2.14.0+cpu: 530 ops, 454 (op, dtype) in shard 1/2, 454 to do
[1/454] ok           abs bfloat16 (7s, total 7s)
[2/454] ok           acos bfloat16 (4s, total 11s)
[3/454] ok           acosh bfloat16 (4s, total 15s)
[4/454] ok           add bfloat16 (7s, total 22s)
[5/454] ok           item bfloat16 (0s, total 22s)
[6/454] ok           arange bfloat16 (7s, total 29s)
[7/454] DIFF:SIGNZERO clamp_max bfloat16 (7s, total 36s)
[8/454] DIFF:SIGNZERO clamp_min bfloat16 (7s, total 43s)
[9/454] ok           mul bfloat16 (7s, total 50s)
[10/454] ok           sub bfloat16 (7s, total 57s)
[11/454] ok           addmm bfloat16 (0s, total 57s)
[12/454] ok           addmm bfloat16 (0s, total 57s)
[13/454] ok           addmv bfloat16 (11s, total 68s)
[14/454] ok           addbmm bfloat16 (0s, total 69s)
[15/454] ok           baddbmm bfloat16 (4s, total 72s)
[16/454] ok           dot bfloat16 (3s, total 75s)
[17/454] ok           vdot bfloat16 (0s, total 76s)
[18/454] ok           bmm bfloat16 (0s, total 76s)
[19/454] ok           mv bfloat16 (3s, total 79s)
[20/454] ok           addr bfloat16 (10s, total 89s)
[21/454] ok           addcmul bfloat16 (10s, total 99s)
[22/454] DIFF:VALUE   addcdiv bfloat16 (10s, total 110s)
[23/454] ok           asin bfloat16 (3s, total 113s)
[24/454] ok           asinh bfloat16 (3s, total 117s)
[25/454] ok           atan bfloat16 (4s, total 120s)
[26/454] ok           atan2 bfloat16 (7s, total 128s)
[27/454] DIFF:SIGNZERO atanh bfloat16 (4s, total 131s)
[28/454] ok           allclose bfloat16 (0s, total 131s)
[29/454] ok           broadcast_to bfloat16 (0s, total 132s)
[30/454] ok           broadcast_tensors bfloat16 (0s, total 132s)
[31/454] ok           block_diag bfloat16 (11s, total 143s)
[32/454] ok           combinations bfloat16 (4s, total 146s)
[33/454] ok           cartesian_prod bfloat16 (7s, total 154s)
[34/454] ok           ceil bfloat16 (4s, total 157s)
[35/454] ok           chunk bfloat16 (0s, total 158s)
[36/454] ok           unsafe_chunk bfloat16 (0s, total 158s)
[37/454] ok           clone bfloat16 (7s, total 165s)
[38/454] ok           contiguous bfloat16 (1s, total 166s)
[39/454] ok           sum_to_size bfloat16 (4s, total 170s)
[40/454] ok           clamp bfloat16 (10s, total 180s)
[41/454] ok           positive bfloat16 (0s, total 180s)
[42/454] ok           conj bfloat16 (0s, total 180s)
[43/454] ok           conj_physical bfloat16 (0s, total 180s)
[44/454] ok           complex float16 (0s, total 181s)
[45/454] ok           copysign bfloat16 (7s, total 188s)
[46/454] ok           corrcoef bfloat16 (0s, total 188s)
[47/454] ok           cos bfloat16 (4s, total 192s)
[48/454] ok           cosh bfloat16 (4s, total 195s)
[49/454] ok           cov bfloat16 (0s, total 195s)
[50/454] ok           cross bfloat16 (11s, total 207s)
[51/454] ok           cumsum bfloat16 (0s, total 207s)
[52/454] ok           cumprod bfloat16 (0s, total 208s)
[53/454] ok           cummax bfloat16 (4s, total 212s)
[54/454] ok           cummin bfloat16 (0s, total 212s)
[55/454] ok           deg2rad bfloat16 (3s, total 215s)
[56/454] ok           diff bfloat16 (7s, total 222s)
[57/454] ok           div bfloat16 (7s, total 229s)
[58/454] ok           div bfloat16 (7s, total 236s)
[59/454] ok           div bfloat16 (7s, total 243s)
[60/454] ok           true_divide bfloat16 (0s, total 244s)
[61/454] ok           equal bfloat16 (0s, total 244s)
[62/454] ok           exp bfloat16 (4s, total 247s)
[63/454] ok           expand bfloat16 (0s, total 247s)
[64/454] ok           expand_as bfloat16 (0s, total 248s)
[65/454] ok           expand_copy bfloat16 (7s, total 254s)
[66/454] ok           diag bfloat16 (10s, total 264s)
[67/454] ok           diag_embed bfloat16 (7s, total 271s)
[68/454] ok           diagonal bfloat16 (0s, total 271s)
[69/454] ok           diagonal_copy bfloat16 (6s, total 278s)
[70/454] ok           diagonal_scatter bfloat16 (10s, total 287s)
[71/454] ok           alias_copy bfloat16 (0s, total 288s)
[72/454] ok           eq bfloat16 (6s, total 294s)
[73/454] DIFF:SIGNZERO fmax bfloat16 (6s, total 300s)
[74/454] DIFF:SIGNZERO fmin bfloat16 (6s, total 306s)
[75/454] ok           fmod bfloat16 (6s, total 312s)
[76/454] ok           remainder bfloat16 (6s, total 318s)
[77/454] ok           frac bfloat16 (3s, total 321s)
[78/454] ok           floor bfloat16 (3s, total 324s)
[79/454] ok           flip bfloat16 (9s, total 332s)
[80/454] ok           fliplr bfloat16 (3s, total 335s)
[81/454] ok           flipud bfloat16 (0s, total 336s)
[82/454] ok           sparse.mm bfloat16 (0s, total 336s)
[83/454] ok           i0 bfloat16 (3s, total 339s)
[84/454] ok           floor_divide bfloat16 (0s, total 339s)
[85/454] ok           frexp bfloat16 (6s, total 345s)
[86/454] ok           log1p bfloat16 (3s, total 348s)
[87/454] ok           ge bfloat16 (9s, total 357s)
[88/454] ok           gt bfloat16 (9s, total 365s)
[89/454] ok           gradient bfloat16 (9s, total 375s)
[90/454] ok           isin bfloat16 (6s, total 381s)
[91/454] ok           le bfloat16 (6s, total 387s)
[92/454] ok           linspace bfloat16 (6s, total 394s)
[93/454] ok           linspace bfloat16 (0s, total 394s)
[94/454] ok           logspace bfloat16 (0s, total 394s)
[95/454] ok           logspace bfloat16 (0s, total 395s)
[96/454] ok           log bfloat16 (3s, total 398s)
[97/454] ok           log10 bfloat16 (3s, total 401s)
[98/454] ok           log2 bfloat16 (3s, total 404s)
[99/454] ok           ldexp bfloat16 (9s, total 413s)
[100/454] ok           logaddexp bfloat16 (6s, total 419s)
[101/454] ok           logaddexp2 bfloat16 (3s, total 422s)
[102/454] ok           logical_not bfloat16 (3s, total 426s)
[103/454] ok           lt bfloat16 (6s, total 432s)
[104/454] ok           masked_fill bfloat16 (10s, total 441s)
[105/454] ok           masked_scatter bfloat16 (0s, total 441s)
[106/454] ok           matrix_exp bfloat16 (0s, total 442s)
[107/454] ok           matmul bfloat16 (3s, total 445s)
[108/454] ok           max bfloat16 (8s, total 452s)
[109/454] ok           max bfloat16 (3s, total 455s)
[110/454] DIFF:VALUE   var_mean bfloat16 (8s, total 463s)
[111/454] DIFF:VALUE   var_mean bfloat16 (8s, total 471s)
[112/454] DIFF:VALUE   std_mean bfloat16 (8s, total 480s)
[113/454] DIFF:VALUE   std_mean bfloat16 (8s, total 488s)
[114/454] ok           meshgrid bfloat16 (0s, total 488s)
[115/454] ok           meshgrid bfloat16 (0s, total 489s)
[116/454] ok           min bfloat16 (6s, total 494s)
[117/454] ok           min bfloat16 (3s, total 497s)
[118/454] DIFF:SIGNZERO max bfloat16 (0s, total 497s)
[119/454] DIFF:SIGNZERO maximum bfloat16 (0s, total 497s)
[120/454] DIFF:SIGNZERO min bfloat16 (0s, total 498s)
[121/454] DIFF:SIGNZERO minimum bfloat16 (0s, total 498s)
[122/454] ok           logical_and bfloat16 (5s, total 503s)
[123/454] ok           logical_or bfloat16 (8s, total 511s)
[124/454] ok           logical_xor bfloat16 (6s, total 517s)
[125/454] ok           heaviside bfloat16 (6s, total 523s)
[126/454] ok           isclose bfloat16 (6s, total 529s)
[127/454] ok           softmax bfloat16 (9s, total 538s)
[128/454] ok           softmax bfloat16 (9s, total 546s)
[129/454] DIFF:SIGNZERO+VALUE _softmax_backward_data bfloat16 (9s, total 555s)
[130/454] ok           nn.functional.softmin bfloat16 (9s, total 564s)
[131/454] ok           nn.functional.softmin bfloat16 (9s, total 572s)
[132/454] ok           nn.functional.cross_entropy bfloat16 (6s, total 578s)
[133/454] ok           nn.functional.linear_cross_entropy bfloat16 (10s, total 588s)
[134/454] ok           nn.functional.linear_cross_entropy bfloat16 (1s, total 589s)
[135/454] ok           nn.functional.linear_cross_entropy bfloat16 (1s, total 589s)
[136/454] ok           aminmax bfloat16 (6s, total 596s)
[137/454] ok           as_strided bfloat16 (0s, total 596s)
[138/454] ok           as_strided bfloat16 (0s, total 596s)
[139/454] ok           as_strided_copy bfloat16 (6s, total 602s)
[140/454] ok           as_strided_scatter bfloat16 (5s, total 607s)
[141/454] DIFF:VALUE   native_group_norm bfloat16 (3s, total 610s)
[142/454] ok           native_layer_norm bfloat16 (9s, total 620s)
[143/454] DIFF:VALUE   native_batch_norm bfloat16 (10s, total 629s)
[144/454] DIFF:VALUE   _native_batch_norm_legit bfloat16 (4s, total 633s)
[145/454] DIFF:SIGNZERO _batch_norm_with_update bfloat16 (5s, total 638s)
[146/454] ok           nn.functional.cosine_similarity bfloat16 (10s, total 647s)
[147/454] ok           nn.functional.adaptive_avg_pool1d bfloat16 (7s, total 654s)
[148/454] ok           nn.functional.adaptive_avg_pool2d bfloat16 (8s, total 663s)
[149/454] ok           nn.functional.adaptive_avg_pool3d bfloat16 (1s, total 663s)
[150/454] DIFF:VALUE   nn.functional.adaptive_max_pool1d bfloat16 (10s, total 673s)
[151/454] DIFF:VALUE   nn.functional.adaptive_max_pool2d bfloat16 (8s, total 681s)
[152/454] ok           nn.functional.adaptive_max_pool3d bfloat16 (6s, total 688s)
[153/454] ok           nn.functional.avg_pool1d bfloat16 (11s, total 698s)
[154/454] ok           nn.functional.binary_cross_entropy_with_logits bfloat16 (6s, total 705s)
[155/454] ok           nn.functional.conv_transpose1d bfloat16 (1s, total 705s)
[156/454] DIFF:VALUE   nn.functional.conv_transpose2d bfloat16 (12s, total 718s)
[157/454] ok           nn.functional.conv_transpose3d bfloat16 (1s, total 718s)
[158/454] ok           nn.functional.conv1d bfloat16 (1s, total 719s)
[159/454] DIFF:VALUE   nn.functional.conv2d bfloat16 (9s, total 728s)
[160/454] ok           nn.functional.conv3d bfloat16 (1s, total 728s)
[161/454] ok           nn.functional.group_norm bfloat16 (3s, total 732s)
[162/454] DIFF:SIGNZERO nn.functional.instance_norm bfloat16 (8s, total 739s)
[163/454] ok           nn.functional.layer_norm bfloat16 (10s, total 749s)
[164/454] ok           nn.functional.rms_norm bfloat16 (9s, total 758s)
[165/454] ok           nn.functional.local_response_norm bfloat16 (9s, total 768s)
[166/454] ok           constant_pad_nd bfloat16 (8s, total 776s)
[167/454] ok           nn.functional.pad bfloat16 (0s, total 777s)
[168/454] ok           nn.functional.pad bfloat16 (6s, total 783s)
[169/454] ok           nn.functional.pad bfloat16 (6s, total 789s)
[170/454] ok           nn.functional.pad bfloat16 (9s, total 798s)
[171/454] ok           nn.functional.pad bfloat16 (3s, total 801s)
[172/454] ok           nn.functional.hardswish bfloat16 (3s, total 804s)
[173/454] ok           nn.functional.unfold bfloat16 (0s, total 804s)
[174/454] ok           nn.functional.soft_margin_loss bfloat16 (8s, total 812s)
[175/454] ok           nn.functional.margin_ranking_loss bfloat16 (6s, total 818s)
[176/454] ok           nn.functional.multilabel_soft_margin_loss bfloat16 (9s, total 827s)
[177/454] ok           nn.functional.avg_pool2d bfloat16 (10s, total 837s)
[178/454] ok           nn.functional.max_pool1d bfloat16 (6s, total 843s)
[179/454] ok           nn.functional.max_pool2d bfloat16 (33s, total 876s)
[180/454] ok           max_pool2d_with_indices_backward bfloat16 (16s, total 892s)
[181/454] DIFF:VALUE   nn.functional.max_pool3d bfloat16 (11s, total 903s)
[182/454] ok           nn.functional.linear bfloat16 (3s, total 906s)
[183/454] ok           nn.functional.bilinear bfloat16 (7s, total 913s)
[184/454] ok           torch.ops.aten._safe_softmax.default bfloat16 (0s, total 913s)
[185/454] ok           nn.functional.scaled_dot_product_attention bfloat16 (0s, total 913s)
[186/454] ok           torch.ops.aten._scaled_dot_product_flash_attention_for_cpu bfloat16 (0s, total 914s)
[187/454] ok           nn.functional.hardsigmoid bfloat16 (3s, total 917s)
[188/454] ok           nn.functional.logsigmoid bfloat16 (3s, total 920s)
[189/454] ok           nn.functional.mish bfloat16 (3s, total 923s)
[190/454] ok           nn.functional.softsign bfloat16 (3s, total 926s)
[191/454] ok           nn.functional.tanhshrink bfloat16 (3s, total 929s)
[192/454] ok           nn.functional.threshold bfloat16 (8s, total 937s)
[193/454] ok           nn.functional.triplet_margin_loss bfloat16 (8s, total 945s)
[194/454] ok           nn.functional.triplet_margin_with_distance_loss bfloat16 (1s, total 946s)
[195/454] ok           nextafter bfloat16 (5s, total 951s)
[196/454] ok           to bfloat16 (5s, total 956s)
[197/454] DIFF:VALUE   nn.functional.batch_norm bfloat16 (7s, total 963s)
[198/454] DIFF:SILENT  nn.functional.binary_cross_entropy bfloat16 (6s, total 969s)
[199/454] ok           igamma bfloat16 (9s, total 978s)
[200/454] ok           igammac bfloat16 (8s, total 986s)
[201/454] ok           nn.functional.softshrink bfloat16 (8s, total 994s)
[202/454] ok           nn.functional.hardshrink bfloat16 (8s, total 1002s)
[203/454] DIFF:SIGNZERO nn.functional.hardtanh bfloat16 (8s, total 1010s)
[204/454] ok           mm bfloat16 (0s, total 1010s)
[205/454] DIFF:VALUE   mvlgamma bfloat16 (8s, total 1019s)
[206/454] DIFF:VALUE   mvlgamma bfloat16 (0s, total 1019s)
[207/454] DIFF:VALUE   mvlgamma bfloat16 (0s, total 1019s)
[208/454] ok           ne bfloat16 (6s, total 1025s)
[209/454] ok           narrow bfloat16 (1s, total 1026s)
[210/454] ok           narrow_copy bfloat16 (6s, total 1031s)
[211/454] ok           view_copy bfloat16 (3s, total 1034s)
[212/454] ok           neg bfloat16 (3s, total 1037s)
[213/454] ok           dist bfloat16 (9s, total 1046s)
[214/454] ok           outer bfloat16 (3s, total 1049s)
[215/454] ok           permute bfloat16 (0s, total 1049s)
[216/454] ok           permute_copy bfloat16 (3s, total 1053s)
[217/454] ok           pow bfloat16 (6s, total 1059s)
[218/454] ok           float_power bfloat16 (9s, total 1068s)
[219/454] ok           rad2deg bfloat16 (3s, total 1070s)
[220/454] ok           real bfloat16 (0s, total 1070s)
[221/454] ok           roll bfloat16 (3s, total 1073s)
[222/454] ok           rot90 bfloat16 (6s, total 1079s)
[223/454] ok           round bfloat16 (3s, total 1081s)
[224/454] ok           round bfloat16 (3s, total 1084s)
[225/454] ok           round bfloat16 (5s, total 1089s)
[226/454] ok           sin bfloat16 (3s, total 1092s)
[227/454] ok           sinc bfloat16 (3s, total 1095s)
[228/454] ok           sinh bfloat16 (3s, total 1098s)
[229/454] ok           sign bfloat16 (3s, total 1100s)
[230/454] ok           sgn bfloat16 (0s, total 1101s)
[231/454] ok           split bfloat16 (0s, total 1101s)
[232/454] ok           split bfloat16 (0s, total 1101s)
[233/454] ok           unsafe_split bfloat16 (0s, total 1101s)
[234/454] ok           split_with_sizes bfloat16 (0s, total 1101s)
[235/454] ok           split_with_sizes_copy bfloat16 (8s, total 1109s)
[236/454] ok           __radd__ bfloat16 (0s, total 1109s)
[237/454] ok           __rdiv__ bfloat16 (8s, total 1117s)
[238/454] ok           __rmul__ bfloat16 (0s, total 1118s)
[239/454] ok           __rmatmul__ bfloat16 (0s, total 1118s)
[240/454] ok           __rmod__ bfloat16 (5s, total 1123s)
[241/454] ok           __rpow__ bfloat16 (6s, total 1130s)
[242/454] ok           __rsub__ bfloat16 (6s, total 1136s)
[243/454] ok           rsub bfloat16 (0s, total 1136s)
[244/454] ok           select bfloat16 (0s, total 1136s)
[245/454] ok           select_scatter bfloat16 (9s, total 1145s)
[246/454] ok           slice bfloat16 (1s, total 1146s)
[247/454] ok           slice_scatter bfloat16 (10s, total 1156s)
[248/454] ok           signbit bfloat16 (3s, total 1159s)
[249/454] ok           tan bfloat16 (3s, total 1162s)
[250/454] ok           tanh bfloat16 (3s, total 1165s)
[251/454] ok           tensor_split bfloat16 (1s, total 1166s)
[252/454] ok           hsplit bfloat16 (0s, total 1166s)
[253/454] ok           vsplit bfloat16 (0s, total 1167s)
[254/454] ok           dsplit bfloat16 (0s, total 1167s)
[255/454] ok           trunc bfloat16 (3s, total 1170s)
[256/454] ok           exp2 bfloat16 (3s, total 1172s)
[257/454] ok           expm1 bfloat16 (3s, total 1175s)
[258/454] ok           nan_to_num bfloat16 (3s, total 1178s)
[259/454] ok           reciprocal bfloat16 (3s, total 1181s)
[260/454] ok           square bfloat16 (3s, total 1184s)
[261/454] ok           lerp bfloat16 (8s, total 1192s)
[262/454] ok           angle bfloat16 (3s, total 1194s)
[263/454] ok           isfinite bfloat16 (3s, total 1197s)
[264/454] ok           isinf bfloat16 (3s, total 1200s)
[265/454] ok           isposinf bfloat16 (3s, total 1203s)
[266/454] ok           isneginf bfloat16 (3s, total 1206s)
[267/454] ok           isreal bfloat16 (0s, total 1206s)
[268/454] ok           isnan bfloat16 (3s, total 1209s)
[269/454] ok           einsum bfloat16 (9s, total 1219s)
[270/454] ok           polygamma float16 (11s, total 1230s)
[271/454] ok           polygamma bfloat16 (0s, total 1230s)
[272/454] ok           polygamma bfloat16 (0s, total 1230s)
[273/454] ok           ravel float16 (0s, total 1231s)
[274/454] ok           reshape float16 (0s, total 1231s)
[275/454] ok           reshape_as float16 (0s, total 1231s)
[276/454] ok           view float16 (0s, total 1232s)
[277/454] ok           view_as float16 (0s, total 1232s)
[278/454] ok           atleast_1d float16 (0s, total 1232s)
[279/454] ok           atleast_2d float16 (0s, total 1232s)
[280/454] ok           atleast_3d float16 (0s, total 1232s)
[281/454] ok           flatten float16 (0s, total 1233s)
[282/454] ok           unflatten float16 (0s, total 1233s)
[283/454] ok           gather float16 (10s, total 1242s)
[284/454] ok           index_fill float16 (7s, total 1249s)
[285/454] ok           index_copy float16 (4s, total 1253s)
[286/454] ok           index_select float16 (6s, total 1259s)
[287/454] ok           index_add float16 (9s, total 1268s)
[288/454] ok           __getitem__ float16 (3s, total 1271s)
[289/454] ok           index_put float16 (9s, total 1280s)
[290/454] ok           put float16 (6s, total 1286s)
[291/454] ok           take float16 (3s, total 1289s)
[292/454] ok           scatter float16 (6s, total 1296s)
[293/454] ok           bfloat16 float16 (3s, total 1299s)
[294/454] ok           bool float16 (3s, total 1302s)
[295/454] ok           byte float16 (3s, total 1306s)
[296/454] ok           char float16 (3s, total 1309s)
[297/454] ok           double float16 (3s, total 1312s)
[298/454] ok           float float16 (3s, total 1316s)
[299/454] ok           half float16 (1s, total 1316s)
[300/454] ok           int float16 (3s, total 1320s)
[301/454] ok           long float16 (6s, total 1325s)
[302/454] ok           short float16 (6s, total 1331s)
[303/454] ok           cdouble float16 (0s, total 1331s)
[304/454] ok           cfloat float16 (0s, total 1332s)
[305/454] ok           chalf float16 (0s, total 1332s)
[306/454] ok           zeros_like float16 (5s, total 1338s)
[307/454] ok           ones_like float16 (6s, total 1344s)
[308/454] ok           full_like float16 (6s, total 1350s)
[309/454] ok           new_zeros float16 (3s, total 1353s)
[310/454] ok           new_ones float16 (3s, total 1356s)
[311/454] ok           ones float16 (3s, total 1360s)
[312/454] ok           zeros float16 (3s, total 1362s)
[313/454] ok           full float16 (9s, total 1372s)
[314/454] ok           eye float16 (1s, total 1372s)
[315/454] ok           scalar_tensor float16 (3s, total 1375s)
[316/454] ok           new_full float16 (5s, total 1381s)
[317/454] ok           scatter_add float16 (1s, total 1381s)
[318/454] ok           stack float16 (5s, total 1387s)
[319/454] ok           hstack float16 (6s, total 1393s)
[320/454] ok           hypot float16 (7s, total 1400s)
[321/454] ok           histc float16 (1s, total 1400s)
[322/454] ok           cat float16 (7s, total 1407s)
[323/454] ok           unbind float16 (0s, total 1407s)
[324/454] ok           unbind_copy float16 (8s, total 1415s)
[325/454] ok           vstack float16 (3s, total 1419s)
[326/454] ok           dstack float16 (6s, total 1424s)
[327/454] ok           unfold float16 (0s, total 1425s)
[328/454] ok           unfold_copy float16 (6s, total 1431s)
[329/454] ok           movedim float16 (0s, total 1431s)
[330/454] ok           renorm float16 (9s, total 1440s)
[331/454] ok           repeat float16 (1s, total 1441s)
[332/454] ok           squeeze float16 (1s, total 1441s)
[333/454] ok           squeeze float16 (1s, total 1442s)
[334/454] ok           squeeze_copy float16 (1s, total 1443s)
[335/454] ok           fill float16 (10s, total 1452s)
[336/454] ok           take_along_dim float16 (17s, total 1469s)
[337/454] ok           tile float16 (6s, total 1475s)
[338/454] ok           trapz float16 (7s, total 1482s)
[339/454] ok           trapezoid float16 (1s, total 1483s)
[340/454] ok           cumulative_trapezoid float16 (12s, total 1495s)
[341/454] ok           unsqueeze float16 (1s, total 1495s)
[342/454] ok           unsqueeze_copy float16 (3s, total 1499s)
[343/454] ok           xlogy float16 (7s, total 1505s)
[344/454] ok           zero_ float16 (9s, total 1514s)
[345/454] ok           logsumexp float16 (10s, total 1524s)
[346/454] ok           trace float16 (7s, total 1532s)
[347/454] ok           transpose float16 (1s, total 1532s)
[348/454] ok           transpose_copy float16 (7s, total 1539s)
[349/454] ok           T float16 (1s, total 1540s)
[350/454] ok           H float16 (1s, total 1540s)
[351/454] ok           mT float16 (1s, total 1541s)
[352/454] ok           mH float16 (1s, total 1542s)
[353/454] ok           tril float16 (10s, total 1551s)
[354/454] ok           triu float16 (10s, total 1562s)
[355/454] ok           kron float16 (3s, total 1565s)
[356/454] ok           inner float16 (3s, total 1568s)
[357/454] ok           tensordot float16 (7s, total 1575s)
[358/454] TOOL_ERROR   to_sparse float16 (0s, total 1575s)
[359/454] ok           logcumsumexp float16 (1s, total 1575s)
[360/454] ok           sigmoid float16 (4s, total 1579s)
[361/454] ok           digamma float16 (3s, total 1582s)
[362/454] ok           erf float16 (3s, total 1585s)
[363/454] ok           erfc float16 (3s, total 1588s)
[364/454] ok           erfinv float16 (3s, total 1591s)
[365/454] ok           nn.functional.smooth_l1_loss float16 (9s, total 1601s)
[366/454] ok           nn.functional.l1_loss float16 (8s, total 1609s)
[367/454] ok           lgamma float16 (3s, total 1612s)
[368/454] ok           log_softmax float16 (8s, total 1620s)
[369/454] ok           log_softmax float16 (9s, total 1629s)
[370/454] ok           logit float16 (6s, total 1634s)
[371/454] ok           where float16 (8s, total 1643s)
[372/454] ok           jiterator_unary float16 (0s, total 1643s)
[373/454] ok           jiterator_binary float16 (0s, total 1643s)
[374/454] ok           jiterator_4inputs_with_extra_args float16 (0s, total 1643s)
[375/454] ok           jiterator_binary_return_by_ref float16 (0s, total 1643s)
[376/454] ok           jiterator_2inputs_2outputs float16 (0s, total 1643s)
[377/454] ok           norm float16 (8s, total 1651s)
[378/454] ok           norm float16 (0s, total 1651s)
[379/454] ok           norm float16 (8s, total 1659s)
[380/454] ok           t float16 (0s, total 1659s)
[381/454] ok           t_copy float16 (0s, total 1659s)
[382/454] ok           nn.functional.embedding float16 (8s, total 1668s)
[383/454] ok           nn.functional.multi_head_attention_forward float16 (0s, total 1668s)
[384/454] ok           nn.functional.mse_loss float16 (8s, total 1676s)
[385/454] DIFF:VALUE   grid_sampler_2d float16 (11s, total 1686s)
[386/454] ok           grid_sampler_3d float16 (1s, total 1687s)
[387/454] ok           all float16 (5s, total 1693s)
[388/454] ok           any float16 (0s, total 1693s)
[389/454] ok           amax float16 (0s, total 1693s)
[390/454] ok           amin float16 (0s, total 1693s)
[391/454] ok           argmax float16 (0s, total 1694s)
[392/454] ok           argmin float16 (0s, total 1694s)
[393/454] ok           mean float16 (3s, total 1696s)
[394/454] ok           nanmean float16 (3s, total 1700s)
[395/454] ok           std float16 (6s, total 1706s)
[396/454] ok           std float16 (8s, total 1714s)
[397/454] ok           var float16 (6s, total 1720s)
[398/454] ok           var float16 (9s, total 1729s)
[399/454] ok           prod float16 (5s, total 1734s)
[400/454] ok           sum float16 (0s, total 1734s)
[401/454] ok           nansum float16 (3s, total 1737s)
[402/454] ok           hash_tensor float16 (0s, total 1737s)
[403/454] DIFF:VALUE   nn.functional.cosine_embedding_loss float16 (9s, total 1746s)
[404/454] ok           nn.functional.nll_loss float16 (6s, total 1752s)
[405/454] ok           nn.functional.gaussian_nll_loss float16 (0s, total 1752s)
[406/454] ok           nn.functional.hinge_embedding_loss float16 (8s, total 1760s)
[407/454] ok           nn.functional.huber_loss float16 (8s, total 1768s)
[408/454] ok           repeat_interleave float16 (8s, total 1776s)
[409/454] ok           nn.functional.pairwise_distance float16 (5s, total 1781s)
[410/454] ok           nn.functional.pixel_shuffle float16 (6s, total 1787s)
[411/454] ok           nn.functional.pixel_unshuffle float16 (3s, total 1790s)
[412/454] ok           nn.functional.channel_shuffle float16 (8s, total 1798s)
[413/454] ok           nn.functional.kl_div float16 (8s, total 1806s)
[414/454] ok           diagflat float16 (8s, total 1814s)
[415/454] ok           scatter_reduce float16 (0s, total 1814s)
[416/454] ok           scatter_reduce float16 (0s, total 1815s)
[417/454] ok           scatter_reduce float16 (0s, total 1815s)
[418/454] ok           scatter_reduce float16 (0s, total 1815s)
[419/454] ok           scatter_reduce float16 (0s, total 1816s)
[420/454] ok           _segment_reduce float16 (0s, total 1816s)
[421/454] ok           _segment_reduce float16 (0s, total 1816s)
[422/454] DIFF:VALUE   linalg.cross float16 (0s, total 1816s)
[423/454] ok           linalg.diagonal float16 (0s, total 1817s)
[424/454] ok           linalg.vecdot float16 (0s, total 1817s)
[425/454] ok           linalg.multi_dot float16 (3s, total 1820s)
[426/454] ok           linalg.norm float16 (5s, total 1826s)
[427/454] ok           linalg.norm float16 (3s, total 1828s)
[428/454] ok           linalg.matrix_norm float16 (3s, total 1831s)
[429/454] ok           linalg.vector_norm float16 (3s, total 1834s)
[430/454] ok           special.i0e float16 (5s, total 1839s)
[431/454] ok           special.i1 float16 (5s, total 1844s)
[432/454] ok           special.i1e float16 (5s, total 1849s)
[433/454] ok           special.ndtr float16 (5s, total 1855s)
[434/454] ok           special.polygamma float16 (0s, total 1855s)
[435/454] ok           special.xlog1py float16 (8s, total 1863s)
[436/454] ok           special.entr float16 (5s, total 1868s)
[437/454] ok           masked.sum float16 (3s, total 1871s)
[438/454] ok           masked.prod float16 (3s, total 1873s)
[439/454] ok           masked.cumsum float16 (6s, total 1879s)
[440/454] ok           masked.cumprod float16 (5s, total 1884s)
[441/454] ok           masked.amax float16 (3s, total 1887s)
[442/454] ok           masked.amin float16 (3s, total 1890s)
[443/454] ok           masked.argmax float16 (0s, total 1890s)
[444/454] ok           masked.argmin float16 (0s, total 1890s)
[445/454] ok           masked.mean float16 (3s, total 1893s)
[446/454] ok           masked.norm float16 (5s, total 1898s)
[447/454] ok           masked.var float16 (9s, total 1907s)
[448/454] ok           masked.std float16 (10s, total 1917s)
[449/454] ok           masked.softmax float16 (3s, total 1920s)
[450/454] ok           masked.log_softmax float16 (3s, total 1923s)
[451/454] ok           masked.softmin float16 (3s, total 1926s)
[452/454] ok           masked.logaddexp float16 (8s, total 1934s)
[453/454] ok           masked.logsumexp float16 (3s, total 1937s)
[454/454] DIFF:SIGNZERO bmm float16 (3s, total 1940s)
SWEEP DONE
