torch 2.14.0+cpu: 530 ops, 455 (op, dtype) in shard 0/2, 455 to do
[1/455] ok           abs float16 (7s, total 7s)
[2/455] ok           acos float16 (4s, total 11s)
[3/455] ok           acosh float16 (4s, total 15s)
[4/455] ok           add float16 (7s, total 22s)
[5/455] ok           item float16 (0s, total 22s)
[6/455] ok           arange float16 (7s, total 29s)
[7/455] DIFF:SIGNZERO clamp_max float16 (7s, total 36s)
[8/455] DIFF:SIGNZERO clamp_min float16 (7s, total 43s)
[9/455] ok           mul float16 (7s, total 50s)
[10/455] ok           sub float16 (7s, total 56s)
[11/455] ok           addmm float16 (0s, total 57s)
[12/455] ok           addmm float16 (0s, total 57s)
[13/455] ok           addmv float16 (11s, total 68s)
[14/455] ok           addbmm float16 (0s, total 69s)
[15/455] ok           baddbmm float16 (4s, total 72s)
[16/455] ok           dot float16 (3s, total 75s)
[17/455] ok           vdot float16 (0s, total 76s)
[18/455] ok           bmm float16 (0s, total 76s)
[19/455] ok           mv float16 (4s, total 79s)
[20/455] ok           addr float16 (10s, total 89s)
[21/455] ok           addcmul float16 (10s, total 99s)
[22/455] ok           addcdiv float16 (10s, total 109s)
[23/455] ok           asin float16 (3s, total 113s)
[24/455] ok           asinh float16 (4s, total 116s)
[25/455] ok           atan float16 (4s, total 120s)
[26/455] ok           atan2 float16 (7s, total 127s)
[27/455] DIFF:SIGNZERO atanh float16 (4s, total 131s)
[28/455] ok           allclose float16 (0s, total 131s)
[29/455] ok           broadcast_to float16 (0s, total 131s)
[30/455] ok           broadcast_tensors float16 (0s, total 131s)
[31/455] ok           block_diag float16 (11s, total 142s)
[32/455] ok           combinations float16 (4s, total 146s)
[33/455] ok           cartesian_prod float16 (7s, total 153s)
[34/455] ok           ceil float16 (4s, total 157s)
[35/455] ok           chunk float16 (0s, total 157s)
[36/455] ok           unsafe_chunk float16 (0s, total 158s)
[37/455] ok           clone float16 (7s, total 165s)
[38/455] ok           contiguous float16 (1s, total 166s)
[39/455] ok           sum_to_size float16 (4s, total 169s)
[40/455] ok           clamp float16 (10s, total 180s)
[41/455] ok           positive float16 (0s, total 180s)
[42/455] ok           conj float16 (0s, total 180s)
[43/455] ok           conj_physical float16 (0s, total 180s)
[44/455] ok           view_as_complex float16 (0s, total 180s)
[45/455] ok           copysign float16 (7s, total 187s)
[46/455] ok           corrcoef float16 (0s, total 188s)
[47/455] ok           cos float16 (4s, total 191s)
[48/455] ok           cosh float16 (4s, total 195s)
[49/455] ok           cov float16 (0s, total 195s)
[50/455] DIFF:VALUE   cross float16 (12s, total 207s)
[51/455] ok           cumsum float16 (0s, total 207s)
[52/455] ok           cumprod float16 (0s, total 207s)
[53/455] ok           cummax float16 (4s, total 212s)
[54/455] ok           cummin float16 (0s, total 212s)
[55/455] ok           deg2rad float16 (3s, total 215s)
[56/455] ok           diff float16 (7s, total 222s)
[57/455] ok           div float16 (7s, total 229s)
[58/455] ok           div float16 (7s, total 236s)
[59/455] ok           div float16 (7s, total 243s)
[60/455] ok           true_divide float16 (0s, total 243s)
[61/455] ok           equal float16 (0s, total 243s)
[62/455] ok           exp float16 (3s, total 247s)
[63/455] ok           expand float16 (0s, total 247s)
[64/455] ok           expand_as float16 (0s, total 247s)
[65/455] ok           expand_copy float16 (7s, total 254s)
[66/455] ok           diag float16 (10s, total 264s)
[67/455] ok           diag_embed float16 (7s, total 271s)
[68/455] ok           diagonal float16 (0s, total 271s)
[69/455] ok           diagonal_copy float16 (6s, total 277s)
[70/455] ok           diagonal_scatter float16 (10s, total 287s)
[71/455] ok           alias_copy float16 (0s, total 288s)
[72/455] ok           eq float16 (6s, total 294s)
[73/455] DIFF:SIGNZERO fmax float16 (6s, total 300s)
[74/455] DIFF:SIGNZERO fmin float16 (6s, total 306s)
[75/455] ok           fmod float16 (6s, total 312s)
[76/455] ok           remainder float16 (0s, total 312s)
[77/455] ok           frac float16 (3s, total 315s)
[78/455] ok           floor float16 (3s, total 318s)
[79/455] ok           flip float16 (9s, total 327s)
[80/455] ok           fliplr float16 (3s, total 329s)
[81/455] ok           flipud float16 (0s, total 330s)
[82/455] ok           sparse.mm float16 (0s, total 330s)
[83/455] ok           i0 float16 (3s, total 333s)
[84/455] ok           floor_divide float16 (0s, total 333s)
[85/455] ok           frexp float16 (6s, total 339s)
[86/455] ok           log1p float16 (3s, total 342s)
[87/455] ok           ge float16 (9s, total 350s)
[88/455] ok           gt float16 (9s, total 359s)
[89/455] ok           gradient float16 (10s, total 369s)
[90/455] ok           isin float16 (6s, total 375s)
[91/455] ok           le float16 (6s, total 381s)
[92/455] ok           linspace float16 (6s, total 387s)
[93/455] ok           linspace float16 (0s, total 388s)
[94/455] ok           logspace float16 (0s, total 388s)
[95/455] ok           logspace float16 (0s, total 388s)
[96/455] ok           log float16 (3s, total 391s)
[97/455] ok           log10 float16 (3s, total 395s)
[98/455] ok           log2 float16 (3s, total 398s)
[99/455] ok           ldexp float16 (9s, total 406s)
[100/455] ok           logaddexp float16 (7s, total 413s)
[101/455] ok           logaddexp2 float16 (3s, total 416s)
[102/455] ok           logical_not float16 (3s, total 419s)
[103/455] ok           lt float16 (6s, total 425s)
[104/455] ok           masked_fill float16 (9s, total 434s)
[105/455] ok           masked_scatter float16 (0s, total 434s)
[106/455] ok           matrix_exp float16 (0s, total 434s)
[107/455] ok           matmul float16 (3s, total 438s)
[108/455] ok           max float16 (8s, total 446s)
[109/455] ok           max float16 (3s, total 449s)
[110/455] DIFF:VALUE   var_mean float16 (8s, total 457s)
[111/455] DIFF:VALUE   var_mean float16 (8s, total 465s)
[112/455] DIFF:VALUE   std_mean float16 (8s, total 473s)
[113/455] DIFF:VALUE   std_mean float16 (8s, total 481s)
[114/455] ok           meshgrid float16 (0s, total 481s)
[115/455] ok           meshgrid float16 (0s, total 482s)
[116/455] ok           min float16 (5s, total 486s)
[117/455] ok           min float16 (3s, total 489s)
[118/455] DIFF:SIGNZERO max float16 (0s, total 490s)
[119/455] DIFF:SIGNZERO maximum float16 (0s, total 490s)
[120/455] DIFF:SIGNZERO min float16 (0s, total 490s)
[121/455] DIFF:SIGNZERO minimum float16 (0s, total 490s)
[122/455] ok           logical_and float16 (5s, total 496s)
[123/455] ok           logical_or float16 (8s, total 503s)
[124/455] ok           logical_xor float16 (6s, total 509s)
[125/455] ok           heaviside float16 (6s, total 515s)
[126/455] ok           isclose float16 (7s, total 521s)
[127/455] ok           softmax float16 (9s, total 530s)
[128/455] ok           softmax float16 (9s, total 538s)
[129/455] DIFF:SIGNZERO _softmax_backward_data float16 (8s, total 547s)
[130/455] ok           nn.functional.softmin float16 (8s, total 555s)
[131/455] ok           nn.functional.softmin float16 (9s, total 564s)
[132/455] ok           nn.functional.cross_entropy float16 (6s, total 570s)
[133/455] ok           nn.functional.linear_cross_entropy float16 (9s, total 579s)
[134/455] ok           nn.functional.linear_cross_entropy float16 (1s, total 580s)
[135/455] ok           nn.functional.linear_cross_entropy float16 (1s, total 580s)
[136/455] ok           aminmax float16 (6s, total 586s)
[137/455] ok           as_strided float16 (0s, total 586s)
[138/455] ok           as_strided float16 (0s, total 586s)
[139/455] ok           as_strided_copy float16 (6s, total 593s)
[140/455] ok           as_strided_scatter float16 (6s, total 598s)
[141/455] DIFF:VALUE   native_group_norm float16 (3s, total 602s)
[142/455] ok           native_layer_norm float16 (9s, total 611s)
[143/455] ok           native_batch_norm float16 (9s, total 620s)
[144/455] ok           _native_batch_norm_legit float16 (3s, total 623s)
[145/455] DIFF:SIGNZERO _batch_norm_with_update float16 (4s, total 627s)
[146/455] DIFF:VALUE   nn.functional.cosine_similarity float16 (9s, total 637s)
[147/455] ok           nn.functional.adaptive_avg_pool1d float16 (7s, total 644s)
[148/455] ok           nn.functional.adaptive_avg_pool2d float16 (8s, total 652s)
[149/455] ok           nn.functional.adaptive_avg_pool3d float16 (1s, total 652s)
[150/455] DIFF:VALUE   nn.functional.adaptive_max_pool1d float16 (10s, total 662s)
[151/455] DIFF:VALUE   nn.functional.adaptive_max_pool2d float16 (8s, total 670s)
[152/455] ok           nn.functional.adaptive_max_pool3d float16 (7s, total 677s)
[153/455] ok           nn.functional.avg_pool1d float16 (11s, total 688s)
[154/455] ok           nn.functional.binary_cross_entropy_with_logits float16 (6s, total 694s)
[155/455] ok           nn.functional.conv_transpose1d float16 (0s, total 694s)
[156/455] ok           nn.functional.conv_transpose2d float16 (13s, total 707s)
[157/455] ok           nn.functional.conv_transpose3d float16 (1s, total 708s)
[158/455] ok           nn.functional.conv1d float16 (1s, total 708s)
[159/455] ok           nn.functional.conv2d float16 (9s, total 718s)
[160/455] ok           nn.functional.conv3d float16 (1s, total 718s)
[161/455] ok           nn.functional.group_norm float16 (3s, total 722s)
[162/455] DIFF:SIGNZERO nn.functional.instance_norm float16 (7s, total 729s)
[163/455] ok           nn.functional.layer_norm float16 (10s, total 739s)
[164/455] ok           nn.functional.rms_norm float16 (9s, total 748s)
[165/455] ok           nn.functional.local_response_norm float16 (9s, total 757s)
[166/455] ok           constant_pad_nd float16 (9s, total 766s)
[167/455] ok           nn.functional.pad float16 (0s, total 767s)
[168/455] ok           nn.functional.pad float16 (6s, total 773s)
[169/455] ok           nn.functional.pad float16 (6s, total 779s)
[170/455] ok           nn.functional.pad float16 (9s, total 788s)
[171/455] ok           nn.functional.pad float16 (3s, total 791s)
[172/455] ok           nn.functional.hardswish float16 (3s, total 795s)
[173/455] ok           nn.functional.unfold float16 (0s, total 795s)
[174/455] ok           nn.functional.soft_margin_loss float16 (8s, total 803s)
[175/455] ok           nn.functional.margin_ranking_loss float16 (5s, total 809s)
[176/455] ok           nn.functional.multilabel_soft_margin_loss float16 (9s, total 817s)
[177/455] ok           nn.functional.avg_pool2d float16 (9s, total 826s)
[178/455] ok           nn.functional.max_pool1d float16 (7s, total 833s)
[179/455] ok           nn.functional.max_pool2d float16 (32s, total 865s)
[180/455] ok           max_pool2d_with_indices_backward float16 (16s, total 880s)
[181/455] DIFF:VALUE   nn.functional.max_pool3d float16 (10s, total 891s)
[182/455] ok           nn.functional.linear float16 (3s, total 894s)
[183/455] ok           nn.functional.bilinear float16 (7s, total 901s)
[184/455] ok           torch.ops.aten._safe_softmax.default float16 (11s, total 912s)
[185/455] ok           nn.functional.scaled_dot_product_attention float16 (0s, total 912s)
[186/455] ok           torch.ops.aten._scaled_dot_product_flash_attention_for_cpu float16 (1s, total 913s)
[187/455] ok           nn.functional.hardsigmoid float16 (3s, total 916s)
[188/455] ok           nn.functional.logsigmoid float16 (3s, total 919s)
[189/455] ok           nn.functional.mish float16 (3s, total 922s)
[190/455] ok           nn.functional.softsign float16 (3s, total 925s)
[191/455] ok           nn.functional.tanhshrink float16 (3s, total 928s)
[192/455] ok           nn.functional.threshold float16 (8s, total 936s)
[193/455] ok           nn.functional.triplet_margin_loss float16 (8s, total 944s)
[194/455] ok           nn.functional.triplet_margin_with_distance_loss float16 (1s, total 944s)
[195/455] ok           nextafter float16 (5s, total 950s)
[196/455] ok           to float16 (5s, total 955s)
[197/455] ok           nn.functional.batch_norm float16 (7s, total 962s)
[198/455] DIFF:SILENT  nn.functional.binary_cross_entropy float16 (6s, total 968s)
[199/455] ok           igamma float16 (8s, total 976s)
[200/455] ok           igammac float16 (8s, total 985s)
[201/455] ok           nn.functional.softshrink float16 (8s, total 993s)
[202/455] ok           nn.functional.hardshrink float16 (8s, total 1001s)
[203/455] DIFF:SIGNZERO nn.functional.hardtanh float16 (8s, total 1009s)
[204/455] ok           mm float16 (0s, total 1009s)
[205/455] DIFF:VALUE   mvlgamma float16 (8s, total 1017s)
[206/455] DIFF:VALUE   mvlgamma float16 (0s, total 1017s)
[207/455] DIFF:VALUE   mvlgamma float16 (0s, total 1017s)
[208/455] ok           ne float16 (6s, total 1023s)
[209/455] ok           narrow float16 (1s, total 1024s)
[210/455] ok           narrow_copy float16 (6s, total 1030s)
[211/455] ok           view_copy float16 (3s, total 1033s)
[212/455] ok           neg float16 (3s, total 1036s)
[213/455] ok           dist float16 (9s, total 1045s)
[214/455] ok           outer float16 (3s, total 1048s)
[215/455] ok           permute float16 (0s, total 1048s)
[216/455] ok           permute_copy float16 (3s, total 1051s)
[217/455] ok           pow float16 (6s, total 1057s)
[218/455] ok           float_power float16 (9s, total 1067s)
[219/455] ok           rad2deg float16 (3s, total 1069s)
[220/455] ok           real float16 (0s, total 1069s)
[221/455] ok           roll float16 (3s, total 1072s)
[222/455] ok           rot90 float16 (5s, total 1077s)
[223/455] ok           round float16 (3s, total 1080s)
[224/455] ok           round float16 (3s, total 1083s)
[225/455] ok           round bfloat16 (5s, total 1088s)
[226/455] ok           sin float16 (2s, total 1091s)
[227/455] ok           sinc float16 (3s, total 1094s)
[228/455] ok           sinh float16 (3s, total 1097s)
[229/455] ok           sign float16 (3s, total 1099s)
[230/455] ok           sgn float16 (0s, total 1099s)
[231/455] ok           split float16 (0s, total 1100s)
[232/455] ok           split float16 (0s, total 1100s)
[233/455] ok           unsafe_split float16 (0s, total 1100s)
[234/455] ok           split_with_sizes float16 (0s, total 1100s)
[235/455] ok           split_with_sizes_copy float16 (8s, total 1108s)
[236/455] ok           __radd__ float16 (0s, total 1108s)
[237/455] ok           __rdiv__ float16 (8s, total 1116s)
[238/455] ok           __rmul__ float16 (0s, total 1116s)
[239/455] ok           __rmatmul__ float16 (0s, total 1117s)
[240/455] ok           __rmod__ float16 (6s, total 1122s)
[241/455] ok           __rpow__ float16 (6s, total 1128s)
[242/455] ok           __rsub__ float16 (6s, total 1134s)
[243/455] ok           rsub float16 (0s, total 1135s)
[244/455] ok           select float16 (0s, total 1135s)
[245/455] ok           select_scatter float16 (9s, total 1144s)
[246/455] ok           slice float16 (0s, total 1144s)
[247/455] ok           slice_scatter float16 (10s, total 1154s)
[248/455] ok           signbit float16 (3s, total 1157s)
[249/455] ok           tan float16 (3s, total 1160s)
[250/455] ok           tanh float16 (3s, total 1163s)
[251/455] ok           tensor_split float16 (1s, total 1164s)
[252/455] ok           hsplit float16 (0s, total 1164s)
[253/455] ok           vsplit float16 (0s, total 1165s)
[254/455] ok           dsplit float16 (0s, total 1165s)
[255/455] ok           trunc float16 (3s, total 1168s)
[256/455] ok           exp2 float16 (3s, total 1171s)
[257/455] ok           expm1 float16 (3s, total 1173s)
[258/455] ok           nan_to_num float16 (3s, total 1176s)
[259/455] ok           reciprocal float16 (3s, total 1179s)
[260/455] ok           square float16 (3s, total 1182s)
[261/455] ok           lerp float16 (8s, total 1190s)
[262/455] ok           angle float16 (3s, total 1192s)
[263/455] ok           isfinite float16 (3s, total 1195s)
[264/455] ok           isinf float16 (3s, total 1198s)
[265/455] ok           isposinf float16 (3s, total 1201s)
[266/455] ok           isneginf float16 (3s, total 1203s)
[267/455] ok           isreal float16 (0s, total 1204s)
[268/455] ok           isnan float16 (3s, total 1207s)
[269/455] ok           einsum float16 (9s, total 1216s)
[270/455] ok           polar float16 (0s, total 1217s)
[271/455] ok           polygamma bfloat16 (12s, total 1228s)
[272/455] ok           polygamma bfloat16 (0s, total 1229s)
[273/455] ok           polygamma bfloat16 (0s, total 1229s)
[274/455] ok           ravel bfloat16 (1s, total 1229s)
[275/455] ok           reshape bfloat16 (1s, total 1230s)
[276/455] ok           reshape_as bfloat16 (1s, total 1231s)
[277/455] ok           view bfloat16 (0s, total 1231s)
[278/455] ok           view_as bfloat16 (0s, total 1231s)
[279/455] ok           atleast_1d bfloat16 (0s, total 1231s)
[280/455] ok           atleast_2d bfloat16 (0s, total 1232s)
[281/455] ok           atleast_3d bfloat16 (0s, total 1232s)
[282/455] ok           flatten bfloat16 (0s, total 1232s)
[283/455] ok           unflatten bfloat16 (0s, total 1232s)
[284/455] ok           gather bfloat16 (9s, total 1242s)
[285/455] ok           index_fill bfloat16 (7s, total 1249s)
[286/455] ok           index_copy bfloat16 (4s, total 1252s)
[287/455] ok           index_select bfloat16 (6s, total 1259s)
[288/455] ok           index_add bfloat16 (0s, total 1259s)
[289/455] ok           __getitem__ bfloat16 (3s, total 1262s)
[290/455] ok           index_put bfloat16 (9s, total 1271s)
[291/455] ok           put bfloat16 (7s, total 1277s)
[292/455] ok           take bfloat16 (3s, total 1281s)
[293/455] ok           scatter bfloat16 (6s, total 1287s)
[294/455] ok           bfloat16 bfloat16 (0s, total 1287s)
[295/455] ok           bool bfloat16 (3s, total 1290s)
[296/455] ok           byte bfloat16 (3s, total 1294s)
[297/455] ok           char bfloat16 (3s, total 1297s)
[298/455] ok           double bfloat16 (3s, total 1300s)
[299/455] ok           float bfloat16 (6s, total 1306s)
[300/455] ok           half bfloat16 (3s, total 1310s)
[301/455] ok           int bfloat16 (3s, total 1313s)
[302/455] ok           long bfloat16 (6s, total 1319s)
[303/455] ok           short bfloat16 (5s, total 1324s)
[304/455] ok           cdouble bfloat16 (1s, total 1325s)
[305/455] ok           cfloat bfloat16 (1s, total 1326s)
[306/455] ok           chalf bfloat16 (1s, total 1326s)
[307/455] ok           zeros_like bfloat16 (6s, total 1332s)
[308/455] ok           ones_like bfloat16 (5s, total 1338s)
[309/455] ok           full_like bfloat16 (6s, total 1344s)
[310/455] ok           new_zeros bfloat16 (4s, total 1347s)
[311/455] ok           new_ones bfloat16 (3s, total 1351s)
[312/455] ok           ones bfloat16 (3s, total 1353s)
[313/455] ok           zeros bfloat16 (3s, total 1357s)
[314/455] ok           full bfloat16 (9s, total 1365s)
[315/455] ok           eye bfloat16 (1s, total 1366s)
[316/455] ok           scalar_tensor bfloat16 (3s, total 1369s)
[317/455] ok           new_full bfloat16 (6s, total 1375s)
[318/455] ok           scatter_add bfloat16 (1s, total 1376s)
[319/455] ok           stack bfloat16 (6s, total 1381s)
[320/455] ok           hstack bfloat16 (5s, total 1387s)
[321/455] ok           hypot bfloat16 (6s, total 1393s)
[322/455] ok           histc bfloat16 (1s, total 1393s)
[323/455] ok           cat bfloat16 (7s, total 1400s)
[324/455] ok           unbind bfloat16 (1s, total 1401s)
[325/455] ok           unbind_copy bfloat16 (9s, total 1410s)
[326/455] ok           vstack bfloat16 (3s, total 1413s)
[327/455] ok           dstack bfloat16 (6s, total 1419s)
[328/455] ok           unfold bfloat16 (1s, total 1419s)
[329/455] ok           unfold_copy bfloat16 (6s, total 1425s)
[330/455] ok           movedim bfloat16 (0s, total 1425s)
[331/455] ok           renorm bfloat16 (9s, total 1434s)
[332/455] ok           repeat bfloat16 (1s, total 1435s)
[333/455] ok           squeeze bfloat16 (1s, total 1435s)
[334/455] ok           squeeze bfloat16 (1s, total 1436s)
[335/455] ok           squeeze_copy bfloat16 (1s, total 1437s)
[336/455] ok           fill bfloat16 (3s, total 1440s)
[337/455] ok           take_along_dim bfloat16 (21s, total 1461s)
[338/455] ok           tile bfloat16 (6s, total 1468s)
[339/455] ok           trapz bfloat16 (10s, total 1478s)
[340/455] ok           trapezoid bfloat16 (1s, total 1478s)
[341/455] ok           cumulative_trapezoid bfloat16 (12s, total 1490s)
[342/455] ok           unsqueeze bfloat16 (1s, total 1491s)
[343/455] ok           unsqueeze_copy bfloat16 (4s, total 1495s)
[344/455] ok           xlogy bfloat16 (6s, total 1501s)
[345/455] ok           zero_ bfloat16 (6s, total 1507s)
[346/455] ok           logsumexp bfloat16 (11s, total 1518s)
[347/455] ok           trace bfloat16 (6s, total 1525s)
[348/455] ok           transpose bfloat16 (1s, total 1525s)
[349/455] ok           transpose_copy bfloat16 (7s, total 1532s)
[350/455] ok           T bfloat16 (0s, total 1533s)
[351/455] ok           H bfloat16 (0s, total 1533s)
[352/455] ok           mT bfloat16 (1s, total 1534s)
[353/455] ok           mH bfloat16 (1s, total 1535s)
[354/455] ok           tril bfloat16 (10s, total 1545s)
[355/455] ok           triu bfloat16 (10s, total 1555s)
[356/455] ok           kron bfloat16 (4s, total 1559s)
[357/455] ok           inner bfloat16 (3s, total 1562s)
[358/455] ok           tensordot bfloat16 (6s, total 1568s)
[359/455] TOOL_ERROR   to_sparse bfloat16 (0s, total 1568s)
[360/455] ok           logcumsumexp bfloat16 (1s, total 1569s)
[361/455] ok           sigmoid bfloat16 (3s, total 1572s)
[362/455] ok           digamma bfloat16 (4s, total 1576s)
[363/455] ok           erf bfloat16 (3s, total 1580s)
[364/455] ok           erfc bfloat16 (3s, total 1583s)
[365/455] ok           erfinv bfloat16 (3s, total 1586s)
[366/455] ok           nn.functional.smooth_l1_loss bfloat16 (9s, total 1595s)
[367/455] ok           nn.functional.l1_loss bfloat16 (9s, total 1604s)
[368/455] ok           lgamma bfloat16 (3s, total 1607s)
[369/455] ok           log_softmax bfloat16 (8s, total 1615s)
[370/455] ok           log_softmax bfloat16 (9s, total 1624s)
[371/455] ok           logit bfloat16 (6s, total 1630s)
[372/455] ok           where bfloat16 (8s, total 1638s)
[373/455] ok           jiterator_unary bfloat16 (0s, total 1638s)
[374/455] ok           jiterator_binary bfloat16 (0s, total 1638s)
[375/455] ok           jiterator_4inputs_with_extra_args bfloat16 (0s, total 1638s)
[376/455] ok           jiterator_binary_return_by_ref bfloat16 (0s, total 1638s)
[377/455] ok           jiterator_2inputs_2outputs bfloat16 (0s, total 1638s)
[378/455] ok           norm bfloat16 (8s, total 1647s)
[379/455] ok           norm bfloat16 (0s, total 1647s)
[380/455] ok           norm bfloat16 (8s, total 1655s)
[381/455] ok           t bfloat16 (0s, total 1655s)
[382/455] ok           t_copy bfloat16 (0s, total 1655s)
[383/455] ok           nn.functional.embedding bfloat16 (8s, total 1663s)
[384/455] ok           nn.functional.multi_head_attention_forward bfloat16 (0s, total 1663s)
[385/455] ok           nn.functional.mse_loss bfloat16 (8s, total 1672s)
[386/455] DIFF:VALUE   grid_sampler_2d bfloat16 (10s, total 1682s)
[387/455] ok           grid_sampler_3d bfloat16 (1s, total 1683s)
[388/455] ok           all bfloat16 (5s, total 1688s)
[389/455] ok           any bfloat16 (0s, total 1689s)
[390/455] ok           amax bfloat16 (0s, total 1689s)
[391/455] ok           amin bfloat16 (0s, total 1689s)
[392/455] ok           argmax bfloat16 (0s, total 1689s)
[393/455] ok           argmin bfloat16 (0s, total 1690s)
[394/455] ok           mean bfloat16 (3s, total 1692s)
[395/455] ok           nanmean bfloat16 (3s, total 1695s)
[396/455] DIFF:VALUE   std bfloat16 (6s, total 1701s)
[397/455] ok           std bfloat16 (8s, total 1710s)
[398/455] ok           var bfloat16 (6s, total 1716s)
[399/455] ok           var bfloat16 (8s, total 1724s)
[400/455] ok           prod bfloat16 (6s, total 1730s)
[401/455] ok           sum bfloat16 (0s, total 1730s)
[402/455] ok           nansum bfloat16 (3s, total 1733s)
[403/455] ok           hash_tensor bfloat16 (0s, total 1733s)
[404/455] ok           nn.functional.cosine_embedding_loss bfloat16 (9s, total 1742s)
[405/455] ok           nn.functional.nll_loss bfloat16 (6s, total 1748s)
[406/455] ok           nn.functional.gaussian_nll_loss bfloat16 (0s, total 1748s)
[407/455] ok           nn.functional.hinge_embedding_loss bfloat16 (8s, total 1756s)
[408/455] ok           nn.functional.huber_loss bfloat16 (8s, total 1764s)
[409/455] ok           repeat_interleave bfloat16 (8s, total 1772s)
[410/455] ok           nn.functional.pairwise_distance bfloat16 (5s, total 1778s)
[411/455] ok           nn.functional.pixel_shuffle bfloat16 (6s, total 1783s)
[412/455] ok           nn.functional.pixel_unshuffle bfloat16 (3s, total 1786s)
[413/455] ok           nn.functional.channel_shuffle bfloat16 (9s, total 1795s)
[414/455] ok           nn.functional.kl_div bfloat16 (8s, total 1803s)
[415/455] ok           diagflat bfloat16 (8s, total 1811s)
[416/455] ok           scatter_reduce bfloat16 (0s, total 1811s)
[417/455] ok           scatter_reduce bfloat16 (0s, total 1811s)
[418/455] ok           scatter_reduce bfloat16 (0s, total 1812s)
[419/455] ok           scatter_reduce bfloat16 (0s, total 1812s)
[420/455] ok           scatter_reduce bfloat16 (0s, total 1812s)
[421/455] ok           _segment_reduce bfloat16 (0s, total 1812s)
[422/455] ok           _segment_reduce bfloat16 (0s, total 1813s)
[423/455] ok           linalg.cross bfloat16 (0s, total 1813s)
[424/455] ok           linalg.diagonal bfloat16 (0s, total 1813s)
[425/455] ok           linalg.vecdot bfloat16 (0s, total 1814s)
[426/455] ok           linalg.multi_dot bfloat16 (3s, total 1816s)
[427/455] ok           linalg.norm bfloat16 (6s, total 1822s)
[428/455] ok           linalg.norm bfloat16 (3s, total 1825s)
[429/455] ok           linalg.matrix_norm bfloat16 (3s, total 1828s)
[430/455] ok           linalg.vector_norm bfloat16 (3s, total 1830s)
[431/455] ok           special.i0e bfloat16 (5s, total 1836s)
[432/455] ok           special.i1 bfloat16 (5s, total 1841s)
[433/455] ok           special.i1e bfloat16 (5s, total 1846s)
[434/455] ok           special.ndtr bfloat16 (5s, total 1851s)
[435/455] ok           special.polygamma bfloat16 (0s, total 1851s)
[436/455] ok           special.xlog1py bfloat16 (8s, total 1859s)
[437/455] ok           special.entr bfloat16 (5s, total 1864s)
[438/455] ok           masked.sum bfloat16 (3s, total 1867s)
[439/455] ok           masked.prod bfloat16 (3s, total 1870s)
[440/455] ok           masked.cumsum bfloat16 (5s, total 1875s)
[441/455] ok           masked.cumprod bfloat16 (5s, total 1881s)
[442/455] ok           masked.amax bfloat16 (3s, total 1883s)
[443/455] ok           masked.amin bfloat16 (3s, total 1886s)
[444/455] ok           masked.argmax bfloat16 (0s, total 1886s)
[445/455] ok           masked.argmin bfloat16 (0s, total 1887s)
[446/455] ok           masked.mean bfloat16 (3s, total 1890s)
[447/455] ok           masked.norm bfloat16 (5s, total 1895s)
[448/455] ok           masked.var bfloat16 (9s, total 1903s)
[449/455] ok           masked.std bfloat16 (10s, total 1914s)
[450/455] ok           masked.softmax bfloat16 (3s, total 1917s)
[451/455] ok           masked.log_softmax bfloat16 (3s, total 1920s)
[452/455] ok           masked.softmin bfloat16 (3s, total 1923s)
[453/455] ok           masked.logaddexp bfloat16 (9s, total 1931s)
[454/455] ok           masked.logsumexp bfloat16 (3s, total 1934s)
[455/455] DIFF:SIGNZERO bmm bfloat16 (3s, total 1937s)
SWEEP DONE
