torch 2.14.0+cpu: 530 ops, 508 (op, dtype) in shard 0/2, 508 to do
[1/508] ok           abs float32 (3s, total 3s)
[2/508] ok           acos float32 (1s, total 4s)
[3/508] ok           acosh float32 (0s, total 5s)
[4/508] ok           add float32 (1s, total 6s)
[5/508] ok           item float32 (0s, total 6s)
[6/508] ok           arange float32 (0s, total 6s)
[7/508] DIFF:SIGNZERO clamp_max float32 (1s, total 7s)
[8/508] DIFF:SIGNZERO clamp_min float32 (1s, total 8s)
[9/508] ok           mul float32 (1s, total 9s)
[10/508] ok           sub float32 (1s, total 10s)
[11/508] ok           addmm float32 (1s, total 11s)
[12/508] ok           addmm float32 (1s, total 11s)
[13/508] ok           addmv float32 (2s, total 13s)
[14/508] ok           addbmm float32 (1s, total 14s)
[15/508] ok           baddbmm float32 (1s, total 15s)
[16/508] ok           dot float32 (0s, total 15s)
[17/508] ok           vdot float32 (0s, total 16s)
[18/508] ok           bmm float32 (0s, total 16s)
[19/508] ok           mv float32 (0s, total 16s)
[20/508] ok           addr float32 (1s, total 18s)
[21/508] ok           addcmul float32 (1s, total 19s)
[22/508] DIFF:VALUE   addcdiv float32 (1s, total 19s)
[23/508] ok           asin float32 (0s, total 20s)
[24/508] ok           asinh float32 (0s, total 20s)
[25/508] ok           atan float32 (0s, total 20s)
[26/508] ok           atan2 float32 (1s, total 21s)
[27/508] DIFF:SIGNZERO atanh float32 (0s, total 21s)
[28/508] ok           allclose float32 (0s, total 21s)
[29/508] ok           broadcast_to float32 (1s, total 22s)
[30/508] ok           broadcast_shapes float32 (1s, total 22s)
[31/508] ok           broadcast_tensors float64 (0s, total 23s)
[32/508] ok           block_diag float64 (10s, total 32s)
[33/508] ok           combinations float64 (4s, total 36s)
[34/508] ok           cartesian_prod float64 (7s, total 43s)
[35/508] ok           cdist float64 (1s, total 43s)
[36/508] ok           ceil float64 (3s, total 46s)
[37/508] ok           chunk float64 (1s, total 47s)
[38/508] ok           unsafe_chunk float64 (0s, total 47s)
[39/508] ok           clone float64 (3s, total 50s)
[40/508] ok           contiguous float64 (1s, total 51s)
[41/508] ok           sum_to_size float64 (3s, total 55s)
[42/508] ok           clamp float64 (9s, total 63s)
[43/508] ok           positive float64 (0s, total 63s)
[44/508] ok           conj float64 (0s, total 64s)
[45/508] ok           conj_physical float64 (0s, total 64s)
[46/508] ok           view_as_complex float64 (0s, total 64s)
[47/508] ok           complex float64 (1s, total 65s)
[48/508] ok           copysign float64 (6s, total 71s)
[49/508] ok           corrcoef float64 (1s, total 71s)
[50/508] ok           cos float64 (3s, total 75s)
[51/508] ok           cosh float64 (3s, total 78s)
[52/508] ok           cov float64 (0s, total 78s)
[53/508] ok           cross float64 (10s, total 88s)
[54/508] ok           cumsum float64 (1s, total 89s)
[55/508] ok           cumprod float64 (1s, total 89s)
[56/508] ok           cummax float64 (3s, total 92s)
[57/508] ok           cummin float64 (1s, total 93s)
[58/508] ok           deg2rad float64 (3s, total 96s)
[59/508] ok           diff float64 (6s, total 101s)
[60/508] ok           div float64 (6s, total 107s)
[61/508] ok           div float64 (6s, total 113s)
[62/508] ok           div float64 (6s, total 119s)
[63/508] ok           true_divide float64 (1s, total 120s)
[64/508] ok           equal float64 (0s, total 120s)
[65/508] ok           exp float64 (3s, total 123s)
[66/508] ok           expand float64 (1s, total 123s)
[67/508] ok           expand_as float64 (1s, total 124s)
[68/508] ok           expand_copy float64 (5s, total 129s)
[69/508] ok           diag float64 (8s, total 137s)
[70/508] ok           diag_embed float64 (6s, total 143s)
[71/508] ok           diagonal float64 (0s, total 143s)
[72/508] ok           diagonal_copy float64 (5s, total 148s)
[73/508] ok           diagonal_scatter float64 (8s, total 156s)
[74/508] ok           alias_copy float64 (0s, total 156s)
[75/508] ok           eq float64 (5s, total 162s)
[76/508] DIFF:SIGNZERO fmax float64 (6s, total 168s)
[77/508] DIFF:SIGNZERO fmin float64 (6s, total 173s)
[78/508] ok           fmod float64 (6s, total 179s)
[79/508] DIFF:SIGNZERO remainder float64 (6s, total 185s)
[80/508] ok           frac float64 (3s, total 188s)
[81/508] ok           floor float64 (3s, total 190s)
[82/508] ok           flip float64 (8s, total 199s)
[83/508] ok           fliplr float64 (3s, total 201s)
[84/508] ok           flipud float64 (0s, total 202s)
[85/508] ok           sparse.sampled_addmm float64 (0s, total 202s)
[86/508] ok           sparse.mm float64 (0s, total 202s)
[87/508] ok           i0 float64 (3s, total 205s)
[88/508] ok           floor_divide float64 (1s, total 206s)
[89/508] ok           frexp float64 (6s, total 211s)
[90/508] ok           log1p float64 (3s, total 214s)
[91/508] ok           ge float64 (8s, total 222s)
[92/508] ok           gt float64 (9s, total 231s)
[93/508] ok           gradient float64 (9s, total 240s)
[94/508] ok           isin float64 (6s, total 246s)
[95/508] ok           le float64 (6s, total 252s)
[96/508] ok           linspace float64 (6s, total 257s)
[97/508] ok           linspace float64 (1s, total 258s)
[98/508] ok           logspace float64 (0s, total 258s)
[99/508] ok           logspace float64 (0s, total 259s)
[100/508] ok           log float64 (3s, total 262s)
[101/508] ok           log10 float64 (3s, total 265s)
[102/508] ok           log2 float64 (3s, total 268s)
[103/508] ok           ldexp float64 (8s, total 276s)
[104/508] ok           logaddexp float64 (7s, total 283s)
[105/508] ok           logaddexp2 float64 (3s, total 286s)
[106/508] ok           logical_not float64 (3s, total 289s)
[107/508] ok           lt float64 (6s, total 295s)
[108/508] ok           masked_fill float64 (10s, total 305s)
[109/508] ok           masked_scatter float64 (1s, total 305s)
[110/508] ok           matrix_exp float64 (0s, total 306s)
[111/508] ok           matmul float64 (4s, total 310s)
[112/508] ok           max float64 (11s, total 320s)
[113/508] ok           max float64 (3s, total 324s)
[114/508] DIFF:VALUE   var_mean float64 (10s, total 333s)
[115/508] DIFF:VALUE   var_mean float64 (13s, total 347s)
[116/508] DIFF:VALUE   std_mean float64 (8s, total 355s)
[117/508] DIFF:VALUE   std_mean float64 (11s, total 366s)
[118/508] ok           meshgrid float64 (1s, total 366s)
[119/508] ok           meshgrid float64 (1s, total 367s)
[120/508] ok           min float64 (6s, total 373s)
[121/508] ok           min float64 (3s, total 377s)
[122/508] ok           quantile float64 (8s, total 385s)
[123/508] ok           nanquantile float64 (9s, total 393s)
[124/508] DIFF:SIGNZERO max float64 (1s, total 394s)
[125/508] DIFF:SIGNZERO maximum float64 (1s, total 395s)
[126/508] DIFF:SIGNZERO min float64 (1s, total 396s)
[127/508] DIFF:SIGNZERO minimum float64 (1s, total 397s)
[128/508] ok           logical_and float64 (7s, total 403s)
[129/508] ok           logical_or float64 (12s, total 415s)
[130/508] ok           logical_xor float64 (8s, total 424s)
[131/508] ok           heaviside float64 (7s, total 431s)
[132/508] ok           isclose float64 (7s, total 437s)
[133/508] ok           softmax float64 (10s, total 447s)
[134/508] ok           softmax float64 (0s, total 448s)
[135/508] DIFF:SIGNZERO+VALUE _softmax_backward_data float64 (10s, total 457s)
[136/508] ok           nn.functional.softmin float64 (10s, total 467s)
[137/508] ok           nn.functional.softmin float64 (0s, total 467s)
[138/508] ok           nn.functional.cross_entropy float64 (7s, total 474s)
[139/508] ok           nn.functional.linear_cross_entropy float64 (11s, total 485s)
[140/508] ok           nn.functional.linear_cross_entropy float64 (1s, total 486s)
[141/508] ok           nn.functional.linear_cross_entropy float64 (0s, total 486s)
[142/508] ok           aminmax float64 (7s, total 493s)
[143/508] ok           as_strided float64 (0s, total 493s)
[144/508] ok           as_strided float64 (0s, total 493s)
[145/508] ok           as_strided_copy float64 (6s, total 499s)
[146/508] ok           as_strided_scatter float64 (6s, total 506s)
[147/508] DIFF:VALUE   native_group_norm float64 (4s, total 509s)
[148/508] ok           native_layer_norm float64 (11s, total 520s)
[149/508] DIFF:VALUE   native_batch_norm float64 (11s, total 531s)
[150/508] DIFF:VALUE   _native_batch_norm_legit float64 (1s, total 532s)
[151/508] DIFF:SIGNZERO _batch_norm_with_update float64 (4s, total 536s)
[152/508] ok           nn.functional.cosine_similarity float64 (10s, total 546s)
[153/508] ok           nn.functional.adaptive_avg_pool1d float64 (7s, total 553s)
[154/508] ok           nn.functional.adaptive_avg_pool2d float64 (8s, total 561s)
[155/508] ok           nn.functional.adaptive_avg_pool3d float64 (0s, total 561s)
[156/508] DIFF:VALUE   nn.functional.adaptive_max_pool1d float64 (10s, total 571s)
[157/508] DIFF:VALUE   nn.functional.adaptive_max_pool2d float64 (8s, total 579s)
[158/508] ok           nn.functional.adaptive_max_pool3d float64 (7s, total 586s)
[159/508] ok           nn.functional.avg_pool1d float64 (11s, total 597s)
[160/508] ok           nn.functional.avg_pool3d float64 (17s, total 613s)
[161/508] ok           nn.functional.binary_cross_entropy_with_logits float64 (7s, total 620s)
[162/508] ok           nn.functional.conv_transpose1d float64 (0s, total 621s)
[163/508] ok           nn.functional.conv_transpose2d float64 (13s, total 634s)
[164/508] ok           nn.functional.conv_transpose3d float64 (0s, total 634s)
[165/508] ok           nn.functional.conv1d float64 (1s, total 635s)
[166/508] ok           nn.functional.conv2d float64 (11s, total 646s)
[167/508] ok           nn.functional.conv3d float64 (1s, total 647s)
[168/508] ok           nn.functional.group_norm float64 (4s, total 650s)
[169/508] DIFF:SIGNZERO nn.functional.instance_norm float64 (8s, total 659s)
[170/508] ok           nn.functional.layer_norm float64 (12s, total 671s)
[171/508] ok           nn.functional.rms_norm float64 (11s, total 681s)
[172/508] ok           nn.functional.local_response_norm float64 (9s, total 691s)
[173/508] ok           constant_pad_nd float64 (8s, total 699s)
[174/508] ok           nn.functional.pad float64 (0s, total 699s)
[175/508] ok           nn.functional.pad float64 (6s, total 705s)
[176/508] ok           nn.functional.pad float64 (6s, total 711s)
[177/508] ok           nn.functional.pad float64 (9s, total 721s)
[178/508] ok           nn.functional.pad float64 (3s, total 724s)
[179/508] ok           nn.functional.hardswish float64 (3s, total 727s)
[180/508] ok           nn.functional.unfold float64 (0s, total 727s)
[181/508] ok           _upsample_bilinear2d_aa float64 (0s, total 727s)
[182/508] ok           nn.functional.soft_margin_loss float64 (9s, total 736s)
[183/508] ok           nn.functional.margin_ranking_loss float64 (7s, total 743s)
[184/508] ok           nn.functional.multi_margin_loss float64 (9s, total 752s)
[185/508] DIFF:VALUE   nn.functional.multilabel_margin_loss float64 (9s, total 761s)
[186/508] ok           nn.functional.multilabel_soft_margin_loss float64 (8s, total 769s)
[187/508] ok           nn.functional.avg_pool2d float64 (10s, total 779s)
[188/508] ok           nn.functional.max_pool1d float64 (7s, total 786s)
[189/508] ok           nn.functional.max_pool2d float64 (23s, total 809s)
[190/508] ok           max_pool2d_with_indices_backward float64 (7s, total 817s)
[191/508] DIFF:VALUE   nn.functional.max_pool3d float64 (10s, total 827s)
[192/508] ok           nn.functional.linear float64 (3s, total 830s)
[193/508] ok           nn.functional.bilinear float64 (6s, total 836s)
[194/508] ok           torch.ops.aten._safe_softmax.default float64 (12s, total 848s)
[195/508] ok           nn.functional.scaled_dot_product_attention float64 (0s, total 848s)
[196/508] ok           torch.ops.aten._scaled_dot_product_flash_attention_for_cpu float64 (1s, total 849s)
[197/508] ok           nn.functional.hardsigmoid float64 (3s, total 852s)
[198/508] ok           nn.functional.logsigmoid float64 (3s, total 855s)
[199/508] ok           nn.functional.mish float64 (3s, total 859s)
[200/508] ok           nn.functional.softsign float64 (3s, total 862s)
[201/508] ok           nn.functional.tanhshrink float64 (4s, total 866s)
[202/508] ok           nn.functional.threshold float64 (12s, total 878s)
[203/508] ok           nn.functional.triplet_margin_loss float64 (12s, total 890s)
[204/508] ok           nn.functional.triplet_margin_with_distance_loss float64 (1s, total 891s)
[205/508] ok           nextafter float64 (6s, total 897s)
[206/508] ok           to float64 (6s, total 903s)
[207/508] DIFF:VALUE   nn.functional.batch_norm float64 (9s, total 912s)
[208/508] DIFF:SILENT  nn.functional.binary_cross_entropy float64 (7s, total 919s)
[209/508] ok           igamma float64 (11s, total 930s)
[210/508] ok           igammac float64 (11s, total 941s)
[211/508] DIFF:SIGNZERO nn.functional.softshrink float64 (11s, total 952s)
[212/508] ok           nn.functional.hardshrink float64 (10s, total 961s)
[213/508] DIFF:SIGNZERO nn.functional.hardtanh float64 (8s, total 969s)
[214/508] ok           mm float64 (0s, total 970s)
[215/508] ok           mvlgamma float64 (8s, total 978s)
[216/508] ok           mvlgamma float64 (0s, total 978s)
[217/508] ok           mvlgamma float64 (0s, total 978s)
[218/508] ok           ne float64 (5s, total 984s)
[219/508] ok           narrow float64 (1s, total 985s)
[220/508] ok           narrow_copy float64 (6s, total 991s)
[221/508] ok           view_copy float64 (3s, total 994s)
[222/508] ok           neg float64 (2s, total 996s)
[223/508] ok           dist float64 (8s, total 1004s)
[224/508] ok           outer float64 (3s, total 1007s)
[225/508] ok           permute float64 (1s, total 1007s)
[226/508] ok           permute_copy float64 (3s, total 1010s)
[227/508] ok           pow float64 (5s, total 1015s)
[228/508] ok           float_power float64 (1s, total 1016s)
[229/508] ok           rad2deg float64 (3s, total 1019s)
[230/508] ok           real float64 (0s, total 1019s)
[231/508] ok           roll float64 (3s, total 1022s)
[232/508] ok           rot90 float64 (6s, total 1027s)
[233/508] ok           round float64 (3s, total 1030s)
[234/508] ok           round float64 (3s, total 1033s)
[235/508] ok           round float64 (5s, total 1038s)
[236/508] ok           round float64 (6s, total 1044s)
[237/508] ok           sin float64 (3s, total 1046s)
[238/508] ok           sinc float64 (3s, total 1050s)
[239/508] ok           sinh float64 (3s, total 1052s)
[240/508] ok           sign float64 (3s, total 1055s)
[241/508] ok           sgn float64 (0s, total 1055s)
[242/508] ok           split float64 (1s, total 1055s)
[243/508] ok           split float64 (1s, total 1056s)
[244/508] ok           unsafe_split float64 (0s, total 1057s)
[245/508] ok           split_with_sizes float64 (1s, total 1057s)
[246/508] ok           split_with_sizes_copy float64 (8s, total 1065s)
[247/508] ok           __radd__ float64 (1s, total 1066s)
[248/508] ok           __rdiv__ float64 (8s, total 1074s)
[249/508] ok           __rmul__ float64 (1s, total 1074s)
[250/508] ok           __rmatmul__ float64 (1s, total 1075s)
[251/508] DIFF:SIGNZERO __rmod__ float64 (6s, total 1080s)
[252/508] ok           __rpow__ float64 (5s, total 1086s)
[253/508] ok           __rsub__ float64 (5s, total 1091s)
[254/508] ok           rsub float64 (0s, total 1092s)
[255/508] ok           select float64 (0s, total 1092s)
[256/508] ok           select_scatter float64 (8s, total 1100s)
[257/508] ok           slice float64 (0s, total 1100s)
[258/508] ok           slice_scatter float64 (8s, total 1108s)
[259/508] ok           signbit float64 (3s, total 1111s)
[260/508] ok           tan float64 (2s, total 1113s)
[261/508] ok           tanh float64 (3s, total 1116s)
[262/508] ok           tensor_split float64 (2s, total 1118s)
[263/508] ok           hsplit float64 (0s, total 1118s)
[264/508] ok           vsplit float64 (0s, total 1118s)
[265/508] ok           dsplit float64 (0s, total 1119s)
[266/508] ok           trunc float64 (3s, total 1121s)
[267/508] ok           exp2 float64 (3s, total 1124s)
[268/508] ok           expm1 float64 (2s, total 1127s)
[269/508] ok           nan_to_num float64 (3s, total 1130s)
[270/508] ok           reciprocal float64 (3s, total 1133s)
[271/508] ok           square float64 (3s, total 1136s)
[272/508] ok           lerp float64 (8s, total 1144s)
[273/508] ok           angle float64 (3s, total 1146s)
[274/508] ok           isfinite float64 (3s, total 1149s)
[275/508] ok           isinf float64 (3s, total 1152s)
[276/508] ok           isposinf float64 (3s, total 1155s)
[277/508] ok           isneginf float64 (3s, total 1157s)
[278/508] ok           isreal float64 (1s, total 1158s)
[279/508] ok           isnan float64 (3s, total 1160s)
[280/508] ok           einsum float64 (8s, total 1168s)
[281/508] ok           pca_lowrank float64 (0s, total 1168s)
[282/508] ok           polar float64 (1s, total 1169s)
[283/508] ok           polygamma float64 (8s, total 1177s)
[284/508] ok           polygamma float64 (0s, total 1177s)
[285/508] ok           polygamma float64 (0s, total 1177s)
[286/508] ok           polygamma float64 (0s, total 1177s)
[287/508] ok           polygamma float64 (0s, total 1178s)
[288/508] ok           ravel float64 (0s, total 1178s)
[289/508] ok           reshape float64 (0s, total 1178s)
[290/508] ok           reshape_as float64 (0s, total 1179s)
[291/508] ok           view float64 (0s, total 1179s)
[292/508] ok           view_as float64 (0s, total 1180s)
[293/508] ok           atleast_1d float64 (0s, total 1180s)
[294/508] ok           atleast_2d float64 (0s, total 1180s)
[295/508] ok           atleast_3d float64 (0s, total 1181s)
[296/508] ok           flatten float64 (0s, total 1181s)
[297/508] ok           unflatten float64 (0s, total 1181s)
[298/508] ok           gather float64 (8s, total 1189s)
[299/508] ok           index_fill float64 (5s, total 1194s)
[300/508] ok           index_copy float64 (3s, total 1197s)
[301/508] ok           index_select float64 (5s, total 1203s)
[302/508] ok           index_add float64 (8s, total 1211s)
[303/508] ok           __getitem__ float64 (3s, total 1214s)
[304/508] ok           index_put float64 (8s, total 1221s)
[305/508] ok           put float64 (6s, total 1227s)
[306/508] ok           take float64 (3s, total 1230s)
[307/508] ok           scatter float64 (5s, total 1235s)
[308/508] ok           bfloat16 float64 (3s, total 1238s)
[309/508] ok           bool float64 (3s, total 1241s)
[310/508] ok           byte float64 (3s, total 1244s)
[311/508] ok           char float64 (3s, total 1247s)
[312/508] ok           double float64 (0s, total 1247s)
[313/508] ok           float float64 (1s, total 1248s)
[314/508] ok           half float64 (3s, total 1251s)
[315/508] ok           int float64 (3s, total 1254s)
[316/508] ok           long float64 (3s, total 1257s)
[317/508] ok           short float64 (3s, total 1260s)
[318/508] ok           cdouble float64 (1s, total 1260s)
[319/508] ok           cfloat float64 (1s, total 1261s)
[320/508] ok           chalf float64 (1s, total 1261s)
[321/508] ok           zeros_like float64 (3s, total 1264s)
[322/508] ok           ones_like float64 (3s, total 1267s)
[323/508] ok           full_like float64 (5s, total 1272s)
[324/508] ok           new_zeros float64 (3s, total 1275s)
[325/508] ok           new_ones float64 (3s, total 1277s)
[326/508] ok           ones float64 (2s, total 1280s)
[327/508] ok           zeros float64 (2s, total 1282s)
[328/508] ok           full float64 (7s, total 1289s)
[329/508] ok           eye float64 (1s, total 1290s)
[330/508] ok           scalar_tensor float64 (3s, total 1292s)
[331/508] ok           new_full float64 (5s, total 1297s)
[332/508] ok           scatter_add float64 (1s, total 1298s)
[333/508] ok           stack float64 (5s, total 1303s)
[334/508] ok           hstack float64 (5s, total 1308s)
[335/508] ok           hypot float64 (5s, total 1312s)
[336/508] ok           histc float64 (1s, total 1313s)
[337/508] ok           cat float64 (5s, total 1318s)
[338/508] ok           unbind float64 (1s, total 1319s)
[339/508] ok           unbind_copy float64 (7s, total 1326s)
[340/508] ok           vstack float64 (3s, total 1329s)
[341/508] ok           dstack float64 (5s, total 1333s)
[342/508] ok           unfold float64 (1s, total 1334s)
[343/508] ok           unfold_copy float64 (5s, total 1339s)
[344/508] ok           movedim float64 (0s, total 1340s)
[345/508] ok           renorm float64 (7s, total 1347s)
[346/508] ok           repeat float64 (1s, total 1348s)
[347/508] ok           squeeze float64 (0s, total 1348s)
[348/508] ok           squeeze float64 (1s, total 1349s)
[349/508] ok           squeeze_copy float64 (1s, total 1349s)
[350/508] ok           fill float64 (3s, total 1352s)
[351/508] ok           take_along_dim float64 (7s, total 1359s)
[352/508] ok           tile float64 (3s, total 1362s)
[353/508] ok           trapz float64 (5s, total 1367s)
[354/508] ok           trapezoid float64 (1s, total 1367s)
[355/508] ok           cumulative_trapezoid float64 (10s, total 1377s)
[356/508] ok           unsqueeze float64 (1s, total 1377s)
[357/508] ok           unsqueeze_copy float64 (3s, total 1380s)
[358/508] ok           xlogy float64 (5s, total 1385s)
[359/508] ok           zero_ float64 (11s, total 1396s)
[360/508] ok           logsumexp float64 (6s, total 1403s)
[361/508] ok           trace float64 (10s, total 1413s)
[362/508] ok           transpose float64 (1s, total 1414s)
[363/508] ok           transpose_copy float64 (9s, total 1423s)
[364/508] ok           T float64 (1s, total 1423s)
[365/508] ok           H float64 (1s, total 1424s)
[366/508] ok           mT float64 (1s, total 1425s)
[367/508] ok           mH float64 (1s, total 1425s)
[368/508] ok           tril float64 (12s, total 1437s)
[369/508] ok           triu float64 (10s, total 1447s)
[370/508] ok           kron float64 (3s, total 1451s)
[371/508] ok           inner float64 (4s, total 1455s)
[372/508] ok           tensordot float64 (7s, total 1462s)
[373/508] TOOL_ERROR   to_sparse float64 (0s, total 1462s)
[374/508] ok           logcumsumexp float64 (1s, total 1463s)
[375/508] ok           sigmoid float64 (3s, total 1466s)
[376/508] ok           digamma float64 (3s, total 1469s)
[377/508] ok           erf float64 (3s, total 1472s)
[378/508] ok           erfc float64 (3s, total 1475s)
[379/508] ok           erfinv float64 (3s, total 1478s)
[380/508] ok           nn.functional.smooth_l1_loss float64 (8s, total 1486s)
[381/508] ok           nn.functional.l1_loss float64 (8s, total 1494s)
[382/508] ok           lgamma float64 (3s, total 1497s)
[383/508] ok           log_softmax float64 (8s, total 1506s)
[384/508] ok           log_softmax float64 (1s, total 1506s)
[385/508] ok           logit float64 (6s, total 1513s)
[386/508] ok           where float64 (8s, total 1521s)
[387/508] ok           jiterator_unary float64 (0s, total 1521s)
[388/508] ok           jiterator_binary float64 (0s, total 1522s)
[389/508] ok           jiterator_4inputs_with_extra_args float64 (0s, total 1522s)
[390/508] ok           jiterator_binary_return_by_ref float64 (0s, total 1522s)
[391/508] ok           jiterator_2inputs_2outputs float64 (0s, total 1523s)
[392/508] ok           norm float64 (8s, total 1531s)
[393/508] ok           norm float64 (3s, total 1534s)
[394/508] ok           norm float64 (1s, total 1534s)
[395/508] ok           norm float64 (8s, total 1542s)
[396/508] ok           t float64 (0s, total 1542s)
[397/508] ok           t_copy float64 (1s, total 1543s)
[398/508] ok           nn.functional.embedding float64 (8s, total 1551s)
[399/508] ok           nn.functional.multi_head_attention_forward float64 (1s, total 1552s)
[400/508] ok           nn.functional.mse_loss float64 (9s, total 1560s)
[401/508] DIFF:VALUE   grid_sampler_2d float64 (14s, total 1574s)
[402/508] ok           grid_sampler_3d float64 (1s, total 1575s)
[403/508] ok           all float64 (5s, total 1580s)
[404/508] ok           any float64 (1s, total 1581s)
[405/508] ok           amax float64 (1s, total 1581s)
[406/508] ok           amin float64 (1s, total 1583s)
[407/508] ok           argmax float64 (1s, total 1584s)
[408/508] ok           argmin float64 (1s, total 1584s)
[409/508] ok           mean float64 (3s, total 1587s)
[410/508] ok           nanmean float64 (1s, total 1588s)
[411/508] ok           std float64 (6s, total 1593s)
[412/508] ok           std float64 (6s, total 1599s)
[413/508] ok           var float64 (6s, total 1605s)
[414/508] ok           var float64 (6s, total 1610s)
[415/508] ok           prod float64 (5s, total 1615s)
[416/508] ok           sum float64 (1s, total 1616s)
[417/508] ok           nansum float64 (1s, total 1617s)
[418/508] ok           hash_tensor float64 (1s, total 1617s)
[419/508] ok           nn.functional.cosine_embedding_loss float64 (8s, total 1625s)
[420/508] ok           nn.functional.nll_loss float64 (5s, total 1630s)
[421/508] ok           nn.functional.gaussian_nll_loss float64 (0s, total 1630s)
[422/508] ok           nn.functional.hinge_embedding_loss float64 (7s, total 1637s)
[423/508] ok           nn.functional.huber_loss float64 (8s, total 1645s)
[424/508] ok           nn.functional.pdist float64 (1s, total 1646s)
[425/508] ok           repeat_interleave float64 (7s, total 1653s)
[426/508] ok           nn.functional.pairwise_distance float64 (5s, total 1658s)
[427/508] ok           nn.functional.pixel_shuffle float64 (5s, total 1664s)
[428/508] ok           nn.functional.pixel_unshuffle float64 (3s, total 1667s)
[429/508] ok           nn.functional.channel_shuffle float64 (8s, total 1674s)
[430/508] ok           nn.functional.kl_div float64 (7s, total 1681s)
[431/508] ok           diagflat float64 (7s, total 1689s)
[432/508] ok           scatter_reduce float64 (1s, total 1689s)
[433/508] ok           scatter_reduce float64 (1s, total 1690s)
[434/508] ok           scatter_reduce float64 (1s, total 1690s)
[435/508] ok           scatter_reduce float64 (1s, total 1691s)
[436/508] ok           scatter_reduce float64 (1s, total 1691s)
[437/508] ok           _segment_reduce float64 (1s, total 1692s)
[438/508] ok           _segment_reduce float64 (1s, total 1692s)
[439/508] ok           linalg.cross float64 (1s, total 1693s)
[440/508] ok           linalg.diagonal float64 (0s, total 1694s)
[441/508] ok           linalg.vecdot float64 (1s, total 1694s)
[442/508] ok           linalg.cond float64 (5s, total 1699s)
[443/508] ok           linalg.householder_product float64 (1s, total 1699s)
[444/508] ok           linalg.ldl_factor float64 (0s, total 1700s)
[445/508] ok           linalg.ldl_factor_ex float64 (0s, total 1700s)
[446/508] ok           linalg.matrix_power float64 (5s, total 1705s)
[447/508] ok           linalg.multi_dot float64 (3s, total 1708s)
[448/508] ok           linalg.norm float64 (5s, total 1713s)
[449/508] ok           linalg.norm float64 (3s, total 1716s)
[450/508] ok           linalg.matrix_norm float64 (3s, total 1718s)
[451/508] ok           linalg.polar float64 (1s, total 1719s)
[452/508] ok           linalg.vander float64 (5s, total 1724s)
[453/508] ok           linalg.vector_norm float64 (1s, total 1725s)
[454/508] ok           linalg.inv float64 (1s, total 1725s)
[455/508] ok           linalg.inv_ex float64 (0s, total 1726s)
[456/508] ok           linalg.tensorinv float64 (0s, total 1726s)
[457/508] ok           special.i0e float64 (5s, total 1731s)
[458/508] ok           special.i1 float64 (5s, total 1735s)
[459/508] ok           special.i1e float64 (5s, total 1740s)
[460/508] ok           special.ndtr float64 (5s, total 1745s)
[461/508] ok           special.polygamma float64 (1s, total 1746s)
[462/508] ok           special.xlog1py float64 (5s, total 1751s)
[463/508] ok           special.entr float64 (5s, total 1756s)
[464/508] ok           special.ndtri float64 (5s, total 1761s)
[465/508] ok           special.log_ndtr float64 (5s, total 1766s)
[466/508] ok           special.erfcx float64 (5s, total 1771s)
[467/508] ok           special.airy_ai float64 (5s, total 1776s)
[468/508] ok           special.bessel_j0 float64 (5s, total 1781s)
[469/508] ok           special.bessel_j1 float64 (5s, total 1786s)
[470/508] ok           special.bessel_y0 float64 (5s, total 1791s)
[471/508] ok           special.bessel_y1 float64 (5s, total 1796s)
[472/508] ok           special.chebyshev_polynomial_t float64 (7s, total 1803s)
[473/508] ok           special.chebyshev_polynomial_u float64 (7s, total 1810s)
[474/508] ok           special.chebyshev_polynomial_v float64 (7s, total 1817s)
[475/508] ok           special.chebyshev_polynomial_w float64 (7s, total 1824s)
[476/508] ok           special.hermite_polynomial_h float64 (7s, total 1831s)
[477/508] ok           special.hermite_polynomial_he float64 (7s, total 1839s)
[478/508] ok           special.laguerre_polynomial_l float64 (7s, total 1846s)
[479/508] ok           special.legendre_polynomial_p float64 (7s, total 1853s)
[480/508] ok           special.modified_bessel_i0 float64 (5s, total 1858s)
[481/508] ok           special.modified_bessel_i1 float64 (5s, total 1863s)
[482/508] ok           special.modified_bessel_k0 float64 (5s, total 1868s)
[483/508] ok           special.modified_bessel_k1 float64 (5s, total 1873s)
[484/508] ok           special.scaled_modified_bessel_k0 float64 (5s, total 1878s)
[485/508] ok           special.scaled_modified_bessel_k1 float64 (5s, total 1883s)
[486/508] ok           special.shifted_chebyshev_polynomial_t float64 (8s, total 1890s)
[487/508] ok           special.shifted_chebyshev_polynomial_u float64 (7s, total 1898s)
[488/508] ok           special.shifted_chebyshev_polynomial_v float64 (8s, total 1905s)
[489/508] ok           special.shifted_chebyshev_polynomial_w float64 (8s, total 1913s)
[490/508] ok           special.spherical_bessel_j0 float64 (5s, total 1918s)
[491/508] ok           masked.sum float64 (3s, total 1921s)
[492/508] ok           masked.prod float64 (3s, total 1924s)
[493/508] ok           masked.cumsum float64 (5s, total 1930s)
[494/508] ok           masked.cumprod float64 (5s, total 1935s)
[495/508] ok           masked.amax float64 (3s, total 1938s)
[496/508] ok           masked.amin float64 (3s, total 1942s)
[497/508] ok           masked.argmax float64 (1s, total 1942s)
[498/508] ok           masked.argmin float64 (1s, total 1943s)
[499/508] ok           masked.mean float64 (3s, total 1946s)
[500/508] ok           masked.norm float64 (5s, total 1951s)
[501/508] ok           masked.var float64 (9s, total 1960s)
[502/508] ok           masked.std float64 (9s, total 1969s)
[503/508] ok           masked.softmax float64 (3s, total 1972s)
[504/508] ok           masked.log_softmax float64 (3s, total 1975s)
[505/508] ok           masked.softmin float64 (3s, total 1979s)
[506/508] ok           masked.logaddexp float64 (8s, total 1987s)
[507/508] ok           masked.logsumexp float64 (3s, total 1990s)
[508/508] DIFF:SIGNZERO bmm float64 (3s, total 1993s)
SWEEP DONE
