torch 2.14.0+cpu: 530 ops, 507 (op, dtype) in shard 1/2, 507 to do
[1/507] ok           abs float64 (6s, total 6s)
[2/507] ok           acos float64 (3s, total 9s)
[3/507] DIFF:VALUE   acosh float64 (3s, total 13s)
[4/507] ok           add float64 (8s, total 20s)
[5/507] ok           item float64 (0s, total 21s)
[6/507] ok           arange float64 (5s, total 26s)
[7/507] DIFF:SIGNZERO clamp_max float64 (7s, total 33s)
[8/507] DIFF:SIGNZERO clamp_min float64 (6s, total 40s)
[9/507] ok           mul float64 (6s, total 46s)
[10/507] ok           sub float64 (6s, total 52s)
[11/507] ok           addmm float64 (1s, total 52s)
[12/507] ok           addmm float64 (1s, total 53s)
[13/507] ok           addmv float64 (9s, total 62s)
[14/507] ok           addbmm float64 (1s, total 63s)
[15/507] ok           baddbmm float64 (3s, total 66s)
[16/507] ok           dot float64 (3s, total 69s)
[17/507] ok           vdot float64 (0s, total 70s)
[18/507] ok           bmm float64 (0s, total 70s)
[19/507] ok           mv float64 (3s, total 73s)
[20/507] ok           addr float64 (8s, total 81s)
[21/507] ok           addcmul float64 (8s, total 89s)
[22/507] DIFF:VALUE   addcdiv float64 (8s, total 98s)
[23/507] ok           asin float64 (3s, total 100s)
[24/507] ok           asinh float64 (3s, total 103s)
[25/507] ok           atan float64 (3s, total 106s)
[26/507] ok           atan2 float64 (6s, total 112s)
[27/507] DIFF:SIGNZERO atanh float64 (3s, total 115s)
[28/507] ok           allclose float64 (0s, total 115s)
[29/507] ok           broadcast_to float64 (1s, total 116s)
[30/507] ok           broadcast_tensors float32 (0s, total 116s)
[31/507] ok           block_diag float32 (2s, total 117s)
[32/507] ok           combinations float32 (1s, total 118s)
[33/507] ok           cartesian_prod float32 (1s, total 119s)
[34/507] ok           cdist float32 (1s, total 120s)
[35/507] ok           ceil float32 (0s, total 120s)
[36/507] ok           chunk float32 (1s, total 121s)
[37/507] ok           unsafe_chunk float32 (1s, total 121s)
[38/507] ok           clone float32 (0s, total 122s)
[39/507] ok           contiguous float32 (1s, total 123s)
[40/507] ok           sum_to_size float32 (1s, total 123s)
[41/507] ok           clamp float32 (3s, total 127s)
[42/507] ok           positive float32 (0s, total 127s)
[43/507] ok           conj float32 (0s, total 127s)
[44/507] ok           conj_physical float32 (0s, total 127s)
[45/507] ok           view_as_complex float32 (0s, total 127s)
[46/507] ok           complex float32 (1s, total 128s)
[47/507] ok           copysign float32 (3s, total 131s)
[48/507] ok           corrcoef float32 (0s, total 131s)
[49/507] ok           cos float32 (1s, total 132s)
[50/507] ok           cosh float32 (1s, total 132s)
[51/507] ok           cov float32 (1s, total 133s)
[52/507] ok           cross float32 (2s, total 135s)
[53/507] ok           cumsum float32 (1s, total 136s)
[54/507] ok           cumprod float32 (1s, total 136s)
[55/507] ok           cummax float32 (1s, total 137s)
[56/507] ok           cummin float32 (1s, total 138s)
[57/507] ok           deg2rad float32 (0s, total 138s)
[58/507] ok           diff float32 (1s, total 139s)
[59/507] ok           div float32 (1s, total 139s)
[60/507] ok           div float32 (1s, total 140s)
[61/507] ok           div float32 (1s, total 141s)
[62/507] ok           true_divide float32 (0s, total 141s)
[63/507] ok           equal float32 (0s, total 142s)
[64/507] ok           exp float32 (1s, total 142s)
[65/507] ok           expand float32 (1s, total 143s)
[66/507] ok           expand_as float32 (0s, total 143s)
[67/507] ok           expand_copy float32 (1s, total 144s)
[68/507] ok           diag float32 (1s, total 145s)
[69/507] ok           diag_embed float32 (1s, total 146s)
[70/507] ok           diagonal float32 (0s, total 146s)
[71/507] ok           diagonal_copy float32 (1s, total 147s)
[72/507] ok           diagonal_scatter float32 (1s, total 147s)
[73/507] ok           alias_copy float32 (0s, total 148s)
[74/507] ok           eq float32 (1s, total 148s)
[75/507] DIFF:SIGNZERO fmax float32 (1s, total 149s)
[76/507] DIFF:SIGNZERO fmin float32 (1s, total 150s)
[77/507] ok           fmod float32 (1s, total 151s)
[78/507] DIFF:SIGNZERO remainder float32 (0s, total 151s)
[79/507] ok           frac float32 (0s, total 151s)
[80/507] ok           floor float32 (0s, total 152s)
[81/507] ok           flip float32 (1s, total 152s)
[82/507] ok           fliplr float32 (1s, total 153s)
[83/507] ok           flipud float32 (0s, total 153s)
[84/507] ok           sparse.sampled_addmm float32 (0s, total 154s)
[85/507] ok           sparse.mm float32 (0s, total 154s)
[86/507] ok           i0 float32 (0s, total 154s)
[87/507] ok           floor_divide float32 (1s, total 154s)
[88/507] ok           frexp float32 (1s, total 155s)
[89/507] ok           log1p float32 (0s, total 155s)
[90/507] ok           ge float32 (1s, total 156s)
[91/507] ok           gt float32 (1s, total 157s)
[92/507] ok           gradient float32 (2s, total 159s)
[93/507] ok           isin float32 (0s, total 159s)
[94/507] ok           le float32 (1s, total 160s)
[95/507] ok           linspace float32 (0s, total 160s)
[96/507] ok           linspace float32 (0s, total 160s)
[97/507] ok           logspace float32 (0s, total 160s)
[98/507] ok           logspace float32 (0s, total 161s)
[99/507] ok           log float32 (1s, total 161s)
[100/507] ok           log10 float32 (1s, total 162s)
[101/507] ok           log2 float32 (1s, total 162s)
[102/507] ok           ldexp float32 (1s, total 163s)
[103/507] ok           logaddexp float32 (1s, total 164s)
[104/507] ok           logaddexp2 float32 (0s, total 165s)
[105/507] ok           logical_not float32 (1s, total 165s)
[106/507] ok           lt float32 (1s, total 166s)
[107/507] ok           masked_fill float32 (1s, total 167s)
[108/507] ok           masked_scatter float32 (1s, total 167s)
[109/507] ok           matrix_exp float32 (0s, total 168s)
[110/507] ok           matmul float32 (1s, total 168s)
[111/507] ok           max float32 (1s, total 170s)
[112/507] ok           max float32 (3s, total 173s)
[113/507] DIFF:VALUE   var_mean float32 (1s, total 174s)
[114/507] DIFF:VALUE   var_mean float32 (1s, total 174s)
[115/507] DIFF:VALUE   std_mean float32 (1s, total 175s)
[116/507] DIFF:VALUE   std_mean float32 (3s, total 179s)
[117/507] ok           meshgrid float32 (0s, total 179s)
[118/507] ok           meshgrid float32 (0s, total 180s)
[119/507] ok           min float32 (1s, total 181s)
[120/507] ok           min float32 (3s, total 183s)
[121/507] ok           quantile float32 (7s, total 190s)
[122/507] ok           nanquantile float32 (7s, total 197s)
[123/507] DIFF:SIGNZERO max float32 (1s, total 198s)
[124/507] DIFF:SIGNZERO maximum float32 (1s, total 198s)
[125/507] DIFF:SIGNZERO min float32 (1s, total 199s)
[126/507] DIFF:SIGNZERO minimum float32 (0s, total 199s)
[127/507] ok           logical_and float32 (1s, total 200s)
[128/507] ok           logical_or float32 (1s, total 201s)
[129/507] ok           logical_xor float32 (1s, total 201s)
[130/507] ok           heaviside float32 (3s, total 205s)
[131/507] ok           isclose float32 (1s, total 205s)
[132/507] ok           softmax float32 (2s, total 207s)
[133/507] ok           softmax float32 (1s, total 208s)
[134/507] DIFF:SIGNZERO+VALUE _softmax_backward_data float32 (1s, total 209s)
[135/507] ok           nn.functional.softmin float32 (1s, total 210s)
[136/507] ok           nn.functional.softmin float32 (1s, total 211s)
[137/507] ok           nn.functional.cross_entropy float32 (4s, total 216s)
[138/507] ok           nn.functional.linear_cross_entropy float32 (8s, total 223s)
[139/507] ok           nn.functional.linear_cross_entropy float32 (1s, total 225s)
[140/507] ok           nn.functional.linear_cross_entropy float32 (1s, total 226s)
[141/507] ok           aminmax float32 (6s, total 232s)
[142/507] ok           as_strided float32 (0s, total 232s)
[143/507] ok           as_strided float32 (0s, total 233s)
[144/507] ok           as_strided_copy float32 (1s, total 234s)
[145/507] ok           as_strided_scatter float32 (1s, total 235s)
[146/507] DIFF:VALUE   native_group_norm float32 (1s, total 236s)
[147/507] ok           native_layer_norm float32 (1s, total 237s)
[148/507] DIFF:VALUE   native_batch_norm float32 (7s, total 244s)
[149/507] DIFF:VALUE   _native_batch_norm_legit float32 (1s, total 245s)
[150/507] DIFF:SIGNZERO _batch_norm_with_update float32 (5s, total 250s)
[151/507] ok           nn.functional.cosine_similarity float32 (6s, total 256s)
[152/507] ok           nn.functional.adaptive_avg_pool1d float32 (2s, total 258s)
[153/507] ok           nn.functional.adaptive_avg_pool2d float32 (4s, total 262s)
[154/507] ok           nn.functional.adaptive_avg_pool3d float32 (1s, total 263s)
[155/507] DIFF:VALUE   nn.functional.adaptive_max_pool1d float32 (9s, total 272s)
[156/507] DIFF:VALUE   nn.functional.adaptive_max_pool2d float32 (7s, total 279s)
[157/507] ok           nn.functional.adaptive_max_pool3d float32 (4s, total 283s)
[158/507] ok           nn.functional.avg_pool1d float32 (3s, total 285s)
[159/507] ok           nn.functional.avg_pool3d float32 (10s, total 295s)
[160/507] ok           nn.functional.binary_cross_entropy_with_logits float32 (1s, total 296s)
[161/507] ok           nn.functional.conv_transpose1d float32 (1s, total 297s)
[162/507] ok           nn.functional.conv_transpose2d float32 (3s, total 300s)
[163/507] ok           nn.functional.conv_transpose3d float32 (1s, total 301s)
[164/507] ok           nn.functional.conv1d float32 (1s, total 302s)
[165/507] DIFF:VALUE   nn.functional.conv2d float32 (3s, total 305s)
[166/507] ok           nn.functional.conv3d float32 (1s, total 306s)
[167/507] ok           nn.functional.group_norm float32 (4s, total 310s)
[168/507] DIFF:SIGNZERO nn.functional.instance_norm float32 (11s, total 321s)
[169/507] ok           nn.functional.layer_norm float32 (1s, total 322s)
[170/507] ok           nn.functional.rms_norm float32 (8s, total 330s)
[171/507] ok           nn.functional.local_response_norm float32 (13s, total 343s)
[172/507] ok           constant_pad_nd float32 (1s, total 344s)
[173/507] ok           nn.functional.pad float32 (1s, total 344s)
[174/507] ok           nn.functional.pad float32 (1s, total 346s)
[175/507] ok           nn.functional.pad float32 (1s, total 347s)
[176/507] ok           nn.functional.pad float32 (3s, total 350s)
[177/507] ok           nn.functional.pad float32 (2s, total 352s)
[178/507] ok           nn.functional.hardswish float32 (1s, total 352s)
[179/507] ok           nn.functional.unfold float32 (1s, total 353s)
[180/507] ok           _upsample_bilinear2d_aa float32 (1s, total 354s)
[181/507] ok           nn.functional.soft_margin_loss float32 (1s, total 355s)
[182/507] ok           nn.functional.margin_ranking_loss float32 (7s, total 362s)
[183/507] ok           nn.functional.multi_margin_loss float32 (10s, total 372s)
[184/507] DIFF:VALUE   nn.functional.multilabel_margin_loss float32 (11s, total 383s)
[185/507] ok           nn.functional.multilabel_soft_margin_loss float32 (2s, total 385s)
[186/507] ok           nn.functional.avg_pool2d float32 (6s, total 391s)
[187/507] ok           nn.functional.max_pool1d float32 (4s, total 395s)
[188/507] ok           nn.functional.max_pool2d float32 (10s, total 405s)
[189/507] ok           max_pool2d_with_indices_backward float32 (3s, total 408s)
[190/507] DIFF:VALUE   nn.functional.max_pool3d float32 (8s, total 416s)
[191/507] ok           nn.functional.linear float32 (1s, total 417s)
[192/507] ok           nn.functional.bilinear float32 (1s, total 419s)
[193/507] ok           torch.ops.aten._safe_softmax.default float32 (0s, total 419s)
[194/507] ok           nn.functional.scaled_dot_product_attention float32 (0s, total 419s)
[195/507] ok           torch.ops.aten._scaled_dot_product_flash_attention_for_cpu float32 (1s, total 420s)
[196/507] ok           nn.functional.hardsigmoid float32 (3s, total 423s)
[197/507] ok           nn.functional.logsigmoid float32 (1s, total 424s)
[198/507] ok           nn.functional.mish float32 (0s, total 424s)
[199/507] ok           nn.functional.softsign float32 (0s, total 425s)
[200/507] ok           nn.functional.tanhshrink float32 (0s, total 425s)
[201/507] ok           nn.functional.threshold float32 (9s, total 434s)
[202/507] ok           nn.functional.triplet_margin_loss float32 (10s, total 444s)
[203/507] ok           nn.functional.triplet_margin_with_distance_loss float32 (1s, total 445s)
[204/507] ok           nextafter float32 (4s, total 448s)
[205/507] ok           to float32 (0s, total 449s)
[206/507] DIFF:VALUE   nn.functional.batch_norm float32 (4s, total 453s)
[207/507] DIFF:SILENT  nn.functional.binary_cross_entropy float32 (0s, total 454s)
[208/507] ok           igamma float32 (6s, total 460s)
[209/507] ok           igammac float32 (6s, total 466s)
[210/507] DIFF:SIGNZERO nn.functional.softshrink float32 (9s, total 476s)
[211/507] ok           nn.functional.hardshrink float32 (9s, total 485s)
[212/507] DIFF:SIGNZERO nn.functional.hardtanh float32 (9s, total 494s)
[213/507] ok           mm float32 (0s, total 494s)
[214/507] ok           mvlgamma float32 (1s, total 495s)
[215/507] ok           mvlgamma float32 (0s, total 495s)
[216/507] ok           mvlgamma float32 (0s, total 495s)
[217/507] ok           ne float32 (0s, total 496s)
[218/507] ok           narrow float32 (1s, total 496s)
[219/507] ok           narrow_copy float32 (0s, total 497s)
[220/507] ok           view_copy float32 (0s, total 497s)
[221/507] ok           neg float32 (0s, total 497s)
[222/507] ok           dist float32 (6s, total 504s)
[223/507] ok           outer float32 (0s, total 504s)
[224/507] ok           permute float32 (0s, total 504s)
[225/507] ok           permute_copy float32 (0s, total 504s)
[226/507] ok           pow float32 (0s, total 505s)
[227/507] ok           float_power float32 (0s, total 505s)
[228/507] ok           rad2deg float32 (0s, total 506s)
[229/507] ok           real float32 (0s, total 506s)
[230/507] ok           roll float32 (0s, total 506s)
[231/507] ok           rot90 float32 (1s, total 507s)
[232/507] ok           round float32 (0s, total 507s)
[233/507] ok           round float32 (0s, total 507s)
[234/507] ok           round float32 (0s, total 507s)
[235/507] ok           round float32 (0s, total 508s)
[236/507] ok           sin float32 (0s, total 508s)
[237/507] ok           sinc float32 (0s, total 508s)
[238/507] ok           sinh float32 (0s, total 509s)
[239/507] ok           sign float32 (0s, total 509s)
[240/507] ok           sgn float32 (0s, total 509s)
[241/507] ok           split float32 (0s, total 509s)
[242/507] ok           split float32 (0s, total 509s)
[243/507] ok           unsafe_split float32 (0s, total 510s)
[244/507] ok           split_with_sizes float32 (0s, total 510s)
[245/507] ok           split_with_sizes_copy float32 (1s, total 511s)
[246/507] ok           __radd__ float32 (0s, total 511s)
[247/507] ok           __rdiv__ float32 (0s, total 511s)
[248/507] ok           __rmul__ float32 (0s, total 512s)
[249/507] ok           __rmatmul__ float32 (0s, total 512s)
[250/507] DIFF:SIGNZERO __rmod__ float32 (0s, total 512s)
[251/507] ok           __rpow__ float32 (0s, total 513s)
[252/507] ok           __rsub__ float32 (0s, total 513s)
[253/507] ok           rsub float32 (0s, total 513s)
[254/507] ok           select float32 (0s, total 514s)
[255/507] ok           select_scatter float32 (0s, total 514s)
[256/507] ok           slice float32 (0s, total 515s)
[257/507] ok           slice_scatter float32 (1s, total 516s)
[258/507] ok           signbit float32 (0s, total 516s)
[259/507] ok           tan float32 (0s, total 516s)
[260/507] ok           tanh float32 (0s, total 516s)
[261/507] ok           tensor_split float32 (1s, total 517s)
[262/507] ok           hsplit float32 (0s, total 517s)
[263/507] ok           vsplit float32 (0s, total 517s)
[264/507] ok           dsplit float32 (0s, total 518s)
[265/507] ok           trunc float32 (0s, total 518s)
[266/507] ok           exp2 float32 (0s, total 518s)
[267/507] ok           expm1 float32 (0s, total 518s)
[268/507] ok           nan_to_num float32 (3s, total 522s)
[269/507] ok           reciprocal float32 (0s, total 522s)
[270/507] ok           square float32 (0s, total 522s)
[271/507] ok           lerp float32 (0s, total 523s)
[272/507] ok           angle float32 (0s, total 523s)
[273/507] ok           isfinite float32 (0s, total 523s)
[274/507] ok           isinf float32 (0s, total 523s)
[275/507] ok           isposinf float32 (0s, total 524s)
[276/507] ok           isneginf float32 (0s, total 524s)
[277/507] ok           isreal float32 (0s, total 524s)
[278/507] ok           isnan float32 (0s, total 524s)
[279/507] ok           einsum float32 (0s, total 525s)
[280/507] ok           pca_lowrank float32 (0s, total 525s)
[281/507] ok           polar float32 (0s, total 525s)
[282/507] ok           polygamma float32 (0s, total 526s)
[283/507] ok           polygamma float32 (0s, total 526s)
[284/507] ok           polygamma float32 (0s, total 526s)
[285/507] ok           polygamma float32 (0s, total 526s)
[286/507] ok           polygamma float32 (0s, total 526s)
[287/507] ok           ravel float32 (0s, total 526s)
[288/507] ok           reshape float32 (0s, total 527s)
[289/507] ok           reshape_as float32 (0s, total 527s)
[290/507] ok           view float32 (0s, total 527s)
[291/507] ok           view_as float32 (0s, total 527s)
[292/507] ok           atleast_1d float32 (0s, total 528s)
[293/507] ok           atleast_2d float32 (0s, total 528s)
[294/507] ok           atleast_3d float32 (0s, total 528s)
[295/507] ok           flatten float32 (0s, total 528s)
[296/507] ok           unflatten float32 (0s, total 529s)
[297/507] ok           gather float32 (1s, total 529s)
[298/507] ok           index_fill float32 (0s, total 530s)
[299/507] ok           index_copy float32 (0s, total 530s)
[300/507] ok           index_select float32 (0s, total 530s)
[301/507] ok           index_add float32 (0s, total 531s)
[302/507] ok           __getitem__ float32 (0s, total 531s)
[303/507] ok           index_put float32 (1s, total 532s)
[304/507] ok           put float32 (0s, total 532s)
[305/507] ok           take float32 (0s, total 533s)
[306/507] ok           scatter float32 (0s, total 533s)
[307/507] ok           bfloat16 float32 (0s, total 534s)
[308/507] ok           bool float32 (0s, total 534s)
[309/507] ok           byte float32 (0s, total 534s)
[310/507] ok           char float32 (0s, total 535s)
[311/507] ok           double float32 (0s, total 535s)
[312/507] ok           float float32 (0s, total 535s)
[313/507] ok           half float32 (0s, total 535s)
[314/507] ok           int float32 (1s, total 536s)
[315/507] ok           long float32 (0s, total 536s)
[316/507] ok           short float32 (0s, total 537s)
[317/507] ok           cdouble float32 (0s, total 537s)
[318/507] ok           cfloat float32 (0s, total 537s)
[319/507] ok           chalf float32 (0s, total 538s)
[320/507] ok           zeros_like float32 (0s, total 538s)
[321/507] ok           ones_like float32 (0s, total 538s)
[322/507] ok           full_like float32 (0s, total 539s)
[323/507] ok           new_zeros float32 (0s, total 539s)
[324/507] ok           new_ones float32 (0s, total 539s)
[325/507] ok           ones float32 (0s, total 539s)
[326/507] ok           zeros float32 (0s, total 540s)
[327/507] ok           full float32 (0s, total 540s)
[328/507] ok           eye float32 (0s, total 540s)
[329/507] ok           scalar_tensor float32 (3s, total 544s)
[330/507] ok           new_full float32 (0s, total 544s)
[331/507] ok           scatter_add float32 (0s, total 544s)
[332/507] ok           stack float32 (0s, total 545s)
[333/507] ok           hstack float32 (0s, total 545s)
[334/507] ok           hypot float32 (0s, total 545s)
[335/507] ok           histc float32 (0s, total 546s)
[336/507] ok           cat float32 (0s, total 546s)
[337/507] ok           unbind float32 (0s, total 547s)
[338/507] ok           unbind_copy float32 (1s, total 547s)
[339/507] ok           vstack float32 (0s, total 548s)
[340/507] ok           dstack float32 (0s, total 548s)
[341/507] ok           unfold float32 (0s, total 548s)
[342/507] ok           unfold_copy float32 (1s, total 549s)
[343/507] ok           movedim float32 (0s, total 549s)
[344/507] ok           renorm float32 (1s, total 550s)
[345/507] ok           repeat float32 (0s, total 550s)
[346/507] ok           squeeze float32 (0s, total 550s)
[347/507] ok           squeeze float32 (0s, total 551s)
[348/507] ok           squeeze_copy float32 (0s, total 551s)
[349/507] ok           fill float32 (0s, total 551s)
[350/507] ok           take_along_dim float32 (9s, total 560s)
[351/507] ok           tile float32 (0s, total 561s)
[352/507] ok           trapz float32 (1s, total 561s)
[353/507] ok           trapezoid float32 (0s, total 562s)
[354/507] ok           cumulative_trapezoid float32 (1s, total 562s)
[355/507] ok           unsqueeze float32 (0s, total 563s)
[356/507] ok           unsqueeze_copy float32 (0s, total 563s)
[357/507] ok           xlogy float32 (1s, total 564s)
[358/507] ok           zero_ float32 (0s, total 564s)
[359/507] ok           logsumexp float32 (1s, total 565s)
[360/507] ok           trace float32 (0s, total 565s)
[361/507] ok           transpose float32 (0s, total 565s)
[362/507] ok           transpose_copy float32 (0s, total 566s)
[363/507] ok           T float32 (0s, total 566s)
[364/507] ok           H float32 (0s, total 566s)
[365/507] ok           mT float32 (0s, total 566s)
[366/507] ok           mH float32 (0s, total 567s)
[367/507] ok           tril float32 (1s, total 567s)
[368/507] ok           triu float32 (1s, total 568s)
[369/507] ok           kron float32 (0s, total 568s)
[370/507] ok           inner float32 (0s, total 569s)
[371/507] ok           tensordot float32 (3s, total 572s)
[372/507] TOOL_ERROR   to_sparse float32 (0s, total 572s)
[373/507] ok           logcumsumexp float32 (1s, total 573s)
[374/507] ok           sigmoid float32 (0s, total 573s)
[375/507] ok           digamma float32 (0s, total 573s)
[376/507] ok           erf float32 (0s, total 574s)
[377/507] ok           erfc float32 (0s, total 574s)
[378/507] ok           erfinv float32 (0s, total 574s)
[379/507] ok           nn.functional.smooth_l1_loss float32 (1s, total 575s)
[380/507] ok           nn.functional.l1_loss float32 (9s, total 584s)
[381/507] ok           lgamma float32 (0s, total 584s)
[382/507] ok           log_softmax float32 (1s, total 585s)
[383/507] ok           log_softmax float32 (1s, total 586s)
[384/507] ok           logit float32 (1s, total 587s)
[385/507] ok           where float32 (1s, total 587s)
[386/507] ok           jiterator_unary float32 (0s, total 587s)
[387/507] ok           jiterator_binary float32 (0s, total 587s)
[388/507] ok           jiterator_4inputs_with_extra_args float32 (0s, total 587s)
[389/507] ok           jiterator_binary_return_by_ref float32 (0s, total 587s)
[390/507] ok           jiterator_2inputs_2outputs float32 (0s, total 588s)
[391/507] ok           norm float32 (0s, total 588s)
[392/507] ok           norm float32 (0s, total 588s)
[393/507] ok           norm float32 (0s, total 589s)
[394/507] ok           norm float32 (0s, total 589s)
[395/507] ok           t float32 (0s, total 589s)
[396/507] ok           t_copy float32 (0s, total 590s)
[397/507] ok           nn.functional.embedding float32 (0s, total 590s)
[398/507] ok           nn.functional.multi_head_attention_forward float32 (0s, total 590s)
[399/507] ok           nn.functional.mse_loss float32 (1s, total 591s)
[400/507] DIFF:VALUE   grid_sampler_2d float32 (6s, total 597s)
[401/507] ok           grid_sampler_3d float32 (1s, total 598s)
[402/507] ok           all float32 (0s, total 599s)
[403/507] ok           any float32 (0s, total 599s)
[404/507] ok           amax float32 (0s, total 599s)
[405/507] ok           amin float32 (0s, total 600s)
[406/507] ok           argmax float32 (0s, total 600s)
[407/507] ok           argmin float32 (0s, total 600s)
[408/507] ok           mean float32 (0s, total 601s)
[409/507] ok           nanmean float32 (0s, total 601s)
[410/507] DIFF:VALUE   std float32 (1s, total 602s)
[411/507] ok           std float32 (0s, total 602s)
[412/507] ok           var float32 (1s, total 603s)
[413/507] ok           var float32 (0s, total 603s)
[414/507] ok           prod float32 (0s, total 604s)
[415/507] ok           sum float32 (0s, total 604s)
[416/507] ok           nansum float32 (0s, total 604s)
[417/507] ok           hash_tensor float32 (0s, total 604s)
[418/507] ok           nn.functional.cosine_embedding_loss float32 (10s, total 614s)
[419/507] ok           nn.functional.nll_loss float32 (7s, total 621s)
[420/507] ok           nn.functional.gaussian_nll_loss float32 (0s, total 621s)
[421/507] ok           nn.functional.hinge_embedding_loss float32 (10s, total 631s)
[422/507] ok           nn.functional.huber_loss float32 (0s, total 632s)
[423/507] ok           nn.functional.pdist float32 (1s, total 632s)
[424/507] ok           repeat_interleave float32 (1s, total 633s)
[425/507] ok           nn.functional.pairwise_distance float32 (7s, total 639s)
[426/507] ok           nn.functional.pixel_shuffle float32 (1s, total 640s)
[427/507] ok           nn.functional.pixel_unshuffle float32 (1s, total 641s)
[428/507] ok           nn.functional.channel_shuffle float32 (1s, total 642s)
[429/507] ok           nn.functional.kl_div float32 (1s, total 642s)
[430/507] ok           diagflat float32 (1s, total 643s)
[431/507] ok           scatter_reduce float32 (0s, total 643s)
[432/507] ok           scatter_reduce float32 (0s, total 644s)
[433/507] ok           scatter_reduce float32 (1s, total 644s)
[434/507] ok           scatter_reduce float32 (1s, total 645s)
[435/507] ok           scatter_reduce float32 (1s, total 645s)
[436/507] ok           _segment_reduce float32 (0s, total 646s)
[437/507] ok           _segment_reduce float32 (0s, total 646s)
[438/507] ok           linalg.cross float32 (0s, total 647s)
[439/507] ok           linalg.diagonal float32 (0s, total 647s)
[440/507] ok           linalg.vecdot float32 (0s, total 647s)
[441/507] ok           linalg.cond float32 (3s, total 651s)
[442/507] ok           linalg.householder_product float32 (0s, total 651s)
[443/507] ok           linalg.ldl_factor float32 (0s, total 652s)
[444/507] ok           linalg.ldl_factor_ex float32 (0s, total 652s)
[445/507] ok           linalg.matrix_power float32 (1s, total 653s)
[446/507] ok           linalg.multi_dot float32 (0s, total 653s)
[447/507] ok           linalg.norm float32 (0s, total 653s)
[448/507] ok           linalg.norm float32 (0s, total 654s)
[449/507] ok           linalg.matrix_norm float32 (0s, total 654s)
[450/507] ok           linalg.polar float32 (0s, total 654s)
[451/507] ok           linalg.vander float32 (0s, total 655s)
[452/507] ok           linalg.vector_norm float32 (0s, total 655s)
[453/507] ok           linalg.inv float32 (0s, total 655s)
[454/507] ok           linalg.inv_ex float32 (0s, total 656s)
[455/507] ok           linalg.tensorinv float32 (0s, total 656s)
[456/507] ok           special.i0e float32 (6s, total 662s)
[457/507] ok           special.i1 float32 (7s, total 669s)
[458/507] ok           special.i1e float32 (8s, total 677s)
[459/507] ok           special.ndtr float32 (0s, total 677s)
[460/507] ok           special.polygamma float32 (0s, total 678s)
[461/507] ok           special.xlog1py float32 (1s, total 678s)
[462/507] ok           special.entr float32 (0s, total 679s)
[463/507] ok           special.ndtri float32 (0s, total 679s)
[464/507] ok           special.log_ndtr float32 (7s, total 686s)
[465/507] ok           special.erfcx float32 (5s, total 691s)
[466/507] ok           special.airy_ai float32 (0s, total 692s)
[467/507] ok           special.bessel_j0 float32 (0s, total 692s)
[468/507] ok           special.bessel_j1 float32 (0s, total 692s)
[469/507] ok           special.bessel_y0 float32 (0s, total 692s)
[470/507] ok           special.bessel_y1 float32 (0s, total 693s)
[471/507] ok           special.chebyshev_polynomial_t float32 (0s, total 693s)
[472/507] ok           special.chebyshev_polynomial_u float32 (0s, total 693s)
[473/507] ok           special.chebyshev_polynomial_v float32 (0s, total 694s)
[474/507] ok           special.chebyshev_polynomial_w float32 (0s, total 694s)
[475/507] ok           special.hermite_polynomial_h float32 (0s, total 694s)
[476/507] ok           special.hermite_polynomial_he float32 (0s, total 694s)
[477/507] ok           special.laguerre_polynomial_l float32 (1s, total 695s)
[478/507] ok           special.legendre_polynomial_p float32 (0s, total 695s)
[479/507] ok           special.modified_bessel_i0 float32 (0s, total 696s)
[480/507] ok           special.modified_bessel_i1 float32 (0s, total 696s)
[481/507] ok           special.modified_bessel_k0 float32 (0s, total 696s)
[482/507] ok           special.modified_bessel_k1 float32 (0s, total 697s)
[483/507] ok           special.scaled_modified_bessel_k0 float32 (0s, total 697s)
[484/507] ok           special.scaled_modified_bessel_k1 float32 (0s, total 697s)
[485/507] ok           special.shifted_chebyshev_polynomial_t float32 (0s, total 697s)
[486/507] ok           special.shifted_chebyshev_polynomial_u float32 (0s, total 698s)
[487/507] ok           special.shifted_chebyshev_polynomial_v float32 (0s, total 698s)
[488/507] ok           special.shifted_chebyshev_polynomial_w float32 (0s, total 698s)
[489/507] ok           special.spherical_bessel_j0 float32 (0s, total 699s)
[490/507] ok           masked.sum float32 (0s, total 699s)
[491/507] ok           masked.prod float32 (0s, total 699s)
[492/507] ok           masked.cumsum float32 (0s, total 700s)
[493/507] ok           masked.cumprod float32 (0s, total 700s)
[494/507] ok           masked.amax float32 (3s, total 703s)
[495/507] ok           masked.amin float32 (3s, total 706s)
[496/507] ok           masked.argmax float32 (0s, total 707s)
[497/507] ok           masked.argmin float32 (0s, total 707s)
[498/507] ok           masked.mean float32 (0s, total 707s)
[499/507] ok           masked.norm float32 (6s, total 713s)
[500/507] ok           masked.var float32 (9s, total 722s)
[501/507] ok           masked.std float32 (9s, total 731s)
[502/507] ok           masked.softmax float32 (0s, total 731s)
[503/507] ok           masked.log_softmax float32 (0s, total 732s)
[504/507] ok           masked.softmin float32 (0s, total 732s)
[505/507] ok           masked.logaddexp float32 (1s, total 733s)
[506/507] ok           masked.logsumexp float32 (3s, total 736s)
[507/507] DIFF:SIGNZERO bmm float32 (0s, total 736s)
SWEEP DONE
