[{"stream_name":"stdout","time":11.234882296,"data":"   ©¥©¥©¥©¥©¥©¥©¥©¥©¥©¥©¥©¥©¥©¥©¥©¥©¥©¥©¥©¥©¥©¥©¥©¥©¥©¥©¥©¥©¥©¥©¥©¥©¥©¥©¥©¥©¥©¥©¥©¥ 554.6/554.6 MB 3.0 MB/s eta 0:00:00\n"}
,{"stream_name":"stdout","time":17.955200132,"data":"   ©¥©¥©¥©¥©¥©¥©¥©¥©¥©¥©¥©¥©¥©¥©¥©¥©¥©¥©¥©¥©¥©¥©¥©¥©¥©¥©¥©¥©¥©¥©¥©¥©¥©¥©¥©¥©¥©¥©¥©¥ 553.1/553.1 MB 3.4 MB/s eta 0:00:00\n"}
,{"stream_name":"stdout","time":19.594932416,"data":"   ©¥©¥©¥©¥©¥©¥©¥©¥©¥©¥©¥©¥©¥©¥©¥©¥©¥©¥©¥©¥©¥©¥©¥©¥©¥©¥©¥©¥©¥©¥©¥©¥©¥©¥©¥©¥©¥©¥©¥©¥ 170.1/170.1 MB 11.1 MB/s eta 0:00:00\n"}
,{"stream_name":"stdout","time":21.554102748,"data":"   ©¥©¥©¥©¥©¥©¥©¥©¥©¥©¥©¥©¥©¥©¥©¥©¥©¥©¥©¥©¥©¥©¥©¥©¥©¥©¥©¥©¥©¥©¥©¥©¥©¥©¥©¥©¥©¥©¥©¥©¥ 216.0/216.0 MB 8.8 MB/s eta 0:00:00\n"}
,{"stream_name":"stdout","time":22.69196542,"data":"   ©¥©¥©¥©¥©¥©¥©¥©¥©¥©¥©¥©¥©¥©¥©¥©¥©¥©¥©¥©¥©¥©¥©¥©¥©¥©¥©¥©¥©¥©¥©¥©¥©¥©¥©¥©¥©¥©¥©¥©¥ 60.4/60.4 MB 11.8 MB/s eta 0:00:00\n"}
,{"stream_name":"stdout","time":26.907056157,"data":"   ©¥©¥©¥©¥©¥©¥©¥©¥©¥©¥©¥©¥©¥©¥©¥©¥©¥©¥©¥©¥©¥©¥©¥©¥©¥©¥©¥©¥©¥©¥©¥©¥©¥©¥©¥©¥©¥©¥©¥©¥ 423.1/423.1 MB 4.4 MB/s eta 0:00:00\n"}
,{"stream_name":"stdout","time":27.004973593,"data":"   ©¥©¥©¥©¥©¥©¥©¥©¥©¥©¥©¥©¥©¥©¥©¥©¥©¥©¥©¥©¥©¥©¥©¥©¥©¥©¥©¥©¥©¥©¥©¥©¥©¥©¥©¥©¥©¥©¥©¥©¥ 10.7/10.7 MB 117.2 MB/s eta 0:00:00\n"}
,{"stream_name":"stdout","time":29.491953057,"data":"   ©¥©¥©¥©¥©¥©¥©¥©¥©¥©¥©¥©¥©¥©¥©¥©¥©¥©¥©¥©¥©¥©¥©¥©¥©¥©¥©¥©¥©¥©¥©¥©¥©¥©¥©¥©¥©¥©¥©¥©¥ 90.2/90.2 MB 5.0 MB/s eta 0:00:00\n"}
,{"stream_name":"stdout","time":29.525675193,"data":"   ©¥©¥©¥©¥©¥©¥©¥©¥©¥©¥©¥©¥©¥©¥©¥©¥©¥©¥©¥©¥©¥©¥©¥©¥©¥©¥©¥©¥©¥©¥©¥©¥©¥©¥©¥©¥©¥©¥©¥©¥ 2.2/2.2 MB 85.8 MB/s eta 0:00:00\n"}
,{"stream_name":"stdout","time":31.861239632,"data":"   ©¥©¥©¥©¥©¥©¥©¥©¥©¥©¥©¥©¥©¥©¥©¥©¥©¥©¥©¥©¥©¥©¥©¥©¥©¥©¥©¥©¥©¥©¥©¥©¥©¥©¥©¥©¥©¥©¥©¥©¥ 214.1/214.1 MB 8.7 MB/s eta 0:00:00\n"}
,{"stream_name":"stdout","time":31.901473265,"data":"   ©¥©¥©¥©¥©¥©¥©¥©¥©¥©¥©¥©¥©¥©¥©¥©¥©¥©¥©¥©¥©¥©¥©¥©¥©¥©¥©¥©¥©¥©¥©¥©¥©¥©¥©¥©¥©¥©¥©¥©¥ 1.2/1.2 MB 38.4 MB/s eta 0:00:00\n"}
,{"stream_name":"stdout","time":32.700744982,"data":"   ©¥©¥©¥©¥©¥©¥©¥©¥©¥©¥©¥©¥©¥©¥©¥©¥©¥©¥©¥©¥©¥©¥©¥©¥©¥©¥©¥©¥©¥©¥©¥©¥©¥©¥©¥©¥©¥©¥©¥©¥ 59.5/59.5 MB 25.4 MB/s eta 0:00:00\n"}
,{"stream_name":"stdout","time":34.834997027,"data":"   ©¥©¥©¥©¥©¥©¥©¥©¥©¥©¥©¥©¥©¥©¥©¥©¥©¥©¥©¥©¥©¥©¥©¥©¥©¥©¥©¥©¥©¥©¥©¥©¥©¥©¥©¥©¥©¥©¥©¥©¥ 200.9/200.9 MB 7.5 MB/s eta 0:00:00\n"}
,{"stream_name":"stdout","time":37.032770572,"data":"   ©¥©¥©¥©¥©¥©¥©¥©¥©¥©¥©¥©¥©¥©¥©¥©¥©¥©¥©¥©¥©¥©¥©¥©¥©¥©¥©¥©¥©¥©¥©¥©¥©¥©¥©¥©¥©¥©¥©¥©¥ 145.9/145.9 MB 6.9 MB/s eta 0:00:00\n"}
,{"stream_name":"stdout","time":37.051912108,"data":"   ©¥©¥©¥©¥©¥©¥©¥©¥©¥©¥©¥©¥©¥©¥©¥©¥©¥©¥©¥©¥©¥©¥©¥©¥©¥©¥©¥©¥©¥©¥©¥©¥©¥©¥©¥©¥©¥©¥©¥©¥ 148.0/148.0 kB 10.5 MB/s eta 0:00:00\n"}
,{"stream_name":"stdout","time":37.126018412,"data":"   ©¥©¥©¥©¥©¥©¥©¥©¥©¥©¥©¥©¥©¥©¥©¥©¥©¥©¥©¥©¥©¥©¥©¥©¥©¥©¥©¥©¥©¥©¥©¥©¥©¥©¥©¥©¥©¥©¥©¥©¥ 7.2/7.2 MB 106.9 MB/s eta 0:00:00\n"}
,{"stream_name":"stdout","time":39.698845131,"data":"   ©¥©¥©¥©¥©¥©¥©¥©¥©¥©¥©¥©¥©¥©¥©¥©¥©¥©¥©¥©¥©¥©¥©¥©¥©¥©¥©¥©¥©¥©¥©¥©¥©¥©¥©¥©¥©¥©¥©¥©¥ 248.0/248.0 MB 7.6 MB/s eta 0:00:00\n"}
,{"stream_name":"stdout","time":40.047205505,"data":"   ©¥©¥©¥©¥©¥©¥©¥©¥©¥©¥©¥©¥©¥©¥©¥©¥©¥©¥©¥©¥©¥©¥©¥©¥©¥©¥©¥©¥©¥©¥©¥©¥©¥©¥©¥©¥©¥©¥©¥©¥ 42.5/42.5 MB 48.4 MB/s eta 0:00:00\n"}
,{"stream_name":"stderr","time":129.932695802,"data":"ERROR: pip's dependency resolver does not currently take into account all the packages that are installed. This behaviour is the source of the following dependency conflicts.\n"}
,{"stream_name":"stderr","time":129.933987879,"data":"libcuml-cu12 26.2.0 requires cuda-toolkit[cublas,cufft,curand,cusolver,cusparse]==12.*, but you have cuda-toolkit 13.0.3.0 which is incompatible.\n"}
,{"stream_name":"stderr","time":129.933995056,"data":"cuml-cu12 26.2.0 requires cuda-toolkit[cublas,cufft,curand,cusolver,cusparse]==12.*, but you have cuda-toolkit 13.0.3.0 which is incompatible.\n"}
,{"stream_name":"stderr","time":129.934000135,"data":"cuda-python 12.9.4 requires cuda-bindings~=12.9.4, but you have cuda-bindings 13.4.2 which is incompatible.\n"}
,{"stream_name":"stderr","time":129.934015211,"data":"torchaudio 2.10.0+cu128 requires torch==2.10.0, but you have torch 2.14.0 which is incompatible.\n"}
,{"stream_name":"stderr","time":129.934020331,"data":"torchvision 0.25.0+cu128 requires torch==2.10.0, but you have torch 2.14.0 which is incompatible.\n"}
,{"stream_name":"stderr","time":129.934024663,"data":"cudf-cu12 26.2.1 requires cuda-toolkit[nvcc,nvrtc]==12.*, but you have cuda-toolkit 13.0.3.0 which is incompatible.\n"}
,{"stream_name":"stderr","time":129.934029617,"data":"libcuvs-cu12 26.2.0 requires cuda-toolkit[cublas,curand,cusolver,cusparse]==12.*, but you have cuda-toolkit 13.0.3.0 which is incompatible.\n"}
,{"stream_name":"stderr","time":129.934034268,"data":"libraft-cu12 26.2.0 requires cuda-toolkit[cublas,curand,cusolver,cusparse]==12.*, but you have cuda-toolkit 13.0.3.0 which is incompatible.\n"}
,{"stream_name":"stdout","time":157.812837195,"data":"torch 2.14.0+cu130 cuda True\n"}
,{"stream_name":"stdout","time":157.81287244,"data":"[cpu] eager                           [inf, inf, True, 0.0] | cast variant inf\n"}
,{"stream_name":"stdout","time":157.812878624,"data":"[cpu] compiled emulate_precision_casts=False [inf, 300.0, False, inf] | cast variant 25000000.0\n"}
,{"stream_name":"stdout","time":157.812883161,"data":"[cpu] compiled emulate_precision_casts=True  [inf, inf, True, 0.0] | cast variant inf\n"}
,{"stream_name":"stdout","time":157.812887572,"data":"[cuda] eager                           [inf, inf, True, 0.0] | cast variant inf\n"}
,{"stream_name":"stdout","time":157.812892026,"data":"[cuda] compiled emulate_precision_casts=False [inf, 300.0, False, inf] | cast variant 25000000.0\n"}
,{"stream_name":"stdout","time":157.812896676,"data":"[cuda] compiled emulate_precision_casts=True  [inf, inf, True, 0.0] | cast variant inf\n"}
,{"stream_name":"stdout","time":172.920487638,"data":"     ©¥©¥©¥©¥©¥©¥©¥©¥©¥©¥©¥©¥©¥©¥©¥©¥©¥©¥©¥©¥©¥©¥©¥©¥©¥©¥©¥©¥©¥©¥©¥©¥©¥©¥©¥©¥©¥©¥ 519.2/519.2 MB 53.2 MB/s eta 0:00:00\n"}
,{"stream_name":"stdout","time":175.44729859,"data":"     ©¥©¥©¥©¥©¥©¥©¥©¥©¥©¥©¥©¥©¥©¥©¥©¥©¥©¥©¥©¥©¥©¥©¥©¥©¥©¥©¥©¥©¥©¥©¥©¥©¥©¥©¥©¥©¥ 135.4/135.4 MB 138.6 MB/s eta 0:00:00\n"}
,{"stream_name":"stdout","time":176.271172714,"data":"     ©¥©¥©¥©¥©¥©¥©¥©¥©¥©¥©¥©¥©¥©¥©¥©¥©¥©¥©¥©¥©¥©¥©¥©¥©¥©¥©¥©¥©¥©¥©¥©¥©¥©¥©¥©¥©¥©¥©¥©¥ 3.9/3.9 MB 224.3 MB/s eta 0:00:00\n"}
,{"stream_name":"stdout","time":182.690706629,"data":"   ©¥©¥©¥©¥©¥©¥©¥©¥©¥©¥©¥©¥©¥©¥©¥©¥©¥©¥©¥©¥©¥©¥©¥©¥©¥©¥©¥©¥©¥©¥©¥©¥©¥©¥©¥©¥©¥©¥©¥©¥ 629.3/629.3 MB 2.7 MB/s eta 0:00:00\n"}
,{"stream_name":"stdout","time":185.467336561,"data":"   ©¥©¥©¥©¥©¥©¥©¥©¥©¥©¥©¥©¥©¥©¥©¥©¥©¥©¥©¥©¥©¥©¥©¥©¥©¥©¥©¥©¥©¥©¥©¥©¥©¥©¥©¥©¥©¥©¥©¥©¥ 246.8/246.8 MB 6.5 MB/s eta 0:00:00\n"}
,{"stream_name":"stderr","time":228.449670642,"data":"ERROR: pip's dependency resolver does not currently take into account all the packages that are installed. This behaviour is the source of the following dependency conflicts.\n"}
,{"stream_name":"stderr","time":228.449716476,"data":"torchaudio 2.10.0+cu128 requires torch==2.10.0, but you have torch 2.15.0.dev20260921+cu130 which is incompatible.\n"}
,{"stream_name":"stderr","time":228.449721251,"data":"torchvision 0.25.0+cu128 requires torch==2.10.0, but you have torch 2.15.0.dev20260921+cu130 which is incompatible.\n"}
,{"stream_name":"stdout","time":250.947488433,"data":"torch 2.15.0.dev20260921+cu130 cuda True\n"}
,{"stream_name":"stdout","time":250.947515773,"data":"[cpu] eager                           [inf, inf, True, 0.0] | cast variant inf\n"}
,{"stream_name":"stdout","time":250.947521481,"data":"[cpu] compiled emulate_precision_casts=False [inf, 300.0, False, inf] | cast variant 25000000.0\n"}
,{"stream_name":"stdout","time":250.947525667,"data":"[cpu] compiled emulate_precision_casts=True  [inf, inf, True, 0.0] | cast variant inf\n"}
,{"stream_name":"stdout","time":250.947529661,"data":"[cuda] eager                           [inf, inf, True, 0.0] | cast variant inf\n"}
,{"stream_name":"stdout","time":250.947533849,"data":"[cuda] compiled emulate_precision_casts=False [inf, 300.0, False, inf] | cast variant 25000000.0\n"}
,{"stream_name":"stdout","time":250.947538336,"data":"[cuda] compiled emulate_precision_casts=True  [inf, inf, True, 0.0] | cast variant inf\n"}
,{"stream_name":"stdout","time":256.445796054,"data":"JOB DONE\n"}
,{"stream_name":"stderr","time":258.364340713,"data":"/usr/local/lib/python3.12/dist-packages/mistune.py:435: SyntaxWarning: invalid escape sequence '\\|'\n"}
,{"stream_name":"stderr","time":258.36436832,"data":"  cells[i][c] = re.sub('\\\\\\\\\\|', '|', cell)\n"}
,{"stream_name":"stderr","time":258.571232973,"data":"/usr/local/lib/python3.12/dist-packages/nbconvert/filters/filter_links.py:36: SyntaxWarning: invalid escape sequence '\\_'\n"}
,{"stream_name":"stderr","time":258.571255285,"data":"  text = re.sub(r'_', '\\_', text) # Escape underscores in display text\n"}
,{"stream_name":"stderr","time":259.292742939,"data":"[NbConvertApp] Converting notebook __script__.ipynb to html\n"}
,{"stream_name":"stderr","time":260.398552577,"data":"[NbConvertApp] Writing 277307 bytes to __results__.html\n"}
]