==== --slice 0:25 exit 0 [365s]
  python_flag_semantic     0 candidate(s), 0 submittable, 16 tests, 56 compiles  [6.4s]
  scalar_compare           0 candidate(s), 0 submittable, 16 tests, 57 compiles  [7.7s]
  none_check               0 candidate(s), 0 submittable, 16 tests, 56 compiles  [4.7s]
  view_inplace             0 candidate(s), 0 submittable, 16 tests, 56 compiles  [7.0s]
  noncontig_copy           0 candidate(s), 0 submittable, 16 tests, 56 compiles  [6.6s]
  overlapping_views        0 candidate(s), 0 submittable, 16 tests, 56 compiles  [9.0s]
  alias_returned           0 candidate(s), 0 submittable, 16 tests, 57 compiles  [4.3s]
  conditional_mutation     0 candidate(s), 0 submittable, 16 tests, 53 compiles  [5.3s]
  chunk_inplace            0 candidate(s), 0 submittable, 16 tests, 56 compiles  [9.0s]
  requires_grad_switch     0 candidate(s), 0 submittable, 16 tests, 56 compiles  [9.5s]

0 candidate(s); summary at gpu_reports_corpus/SUMMARY.md
==== --slice 25:39 exit 0 [98s]
  exception_path           0 candidate(s), 0 submittable, 16 tests, 51 compiles  [4.7s]
  container_len            0 candidate(s), 0 submittable, 3 tests, 9 compiles  [1.0s]
  string_mode              0 candidate(s), 0 submittable, 16 tests, 56 compiles  [5.2s]
  stride_read              0 candidate(s), 0 submittable, 16 tests, 57 compiles  [5.9s]
  mask_index               0 candidate(s), 0 submittable, 16 tests, 107 compiles  [9.4s]
  gather_shape             0 candidate(s), 0 submittable, 16 tests, 56 compiles  [11.9s]
  dtype_reduce             0 candidate(s), 0 submittable, 16 tests, 56 compiles  [10.8s]
  contiguous_read          0 candidate(s), 0 submittable, 16 tests, 57 compiles  [5.8s]
  rank_read                0 candidate(s), 0 submittable, 16 tests, 55 compiles  [4.8s]
  flag_and_shape           0 candidate(s), 0 submittable, 15 tests, 51 compiles  [5.0s]

0 candidate(s); summary at gpu_reports_corpus/SUMMARY.md
