[{"stream_name":"stdout","time":7.138325637,"data":"   ©¥©¥©¥©¥©¥©¥©¥©¥©¥©¥©¥©¥©¥©¥©¥©¥©¥©¥©¥©¥©¥©¥©¥©¥©¥©¥©¥©¥©¥©¥©¥©¥©¥©¥©¥©¥©¥©¥©¥©¥ 196.3/196.3 MB 9.1 MB/s eta 0:00:00\n"}
,{"stream_name":"stderr","time":43.698475572,"data":"ERROR: pip's dependency resolver does not currently take into account all the packages that are installed. This behaviour is the source of the following dependency conflicts.\n"}
,{"stream_name":"stderr","time":43.700571482,"data":"torchaudio 2.10.0+cpu requires torch==2.10.0, but you have torch 2.14.0+cpu which is incompatible.\n"}
,{"stream_name":"stderr","time":43.700581628,"data":"torchvision 0.25.0+cpu requires torch==2.10.0, but you have torch 2.14.0+cpu which is incompatible.\n"}
,{"stream_name":"stdout","time":50.597995334,"data":"torch 2.14.0+cpu\n"}
,{"stream_name":"stdout","time":82.741709427,"data":"out_alive        exit=0 DONE \n"}
,{"stream_name":"stdout","time":97.279655243,"data":"out_freed_first  exit=0 DONE \n"}
,{"stream_name":"stdout","time":111.424328259,"data":"del_no_gc        exit=0 DONE \n"}
,{"stream_name":"stdout","time":116.612349459,"data":"   ©¥©¥©¥©¥©¥©¥©¥©¥©¥©¥©¥©¥©¥©¥©¥©¥©¥©¥©¥©¥©¥©¥©¥©¥©¥©¥©¥©¥©¥©¥©¥©¥©¥©¥©¥©¥©¥©¥©¥©¥ 209.1/209.1 MB 8.7 MB/s eta 0:00:00\n"}
,{"stream_name":"stderr","time":139.215263704,"data":"ERROR: pip's dependency resolver does not currently take into account all the packages that are installed. This behaviour is the source of the following dependency conflicts.\n"}
,{"stream_name":"stderr","time":139.215320932,"data":"torchaudio 2.10.0+cpu requires torch==2.10.0, but you have torch 2.15.0.dev20260922+cpu which is incompatible.\n"}
,{"stream_name":"stderr","time":139.21532835,"data":"torchvision 0.25.0+cpu requires torch==2.10.0, but you have torch 2.15.0.dev20260922+cpu which is incompatible.\n"}
,{"stream_name":"stdout","time":142.924778543,"data":"torch 2.15.0.dev20260922+cpu\n"}
,{"stream_name":"stdout","time":173.316870416,"data":"out_alive        exit=0 DONE \n"}
,{"stream_name":"stdout","time":188.297651423,"data":"out_freed_first  exit=0 DONE \n"}
,{"stream_name":"stdout","time":202.760310734,"data":"del_no_gc        exit=0 DONE \n"}
,{"stream_name":"stdout","time":203.599587828,"data":"JOB DONE\n"}
,{"stream_name":"stderr","time":206.3268089,"data":"/usr/local/lib/python3.12/dist-packages/mistune.py:435: SyntaxWarning: invalid escape sequence '\\|'\n"}
,{"stream_name":"stderr","time":206.326853096,"data":"  cells[i][c] = re.sub('\\\\\\\\\\|', '|', cell)\n"}
,{"stream_name":"stderr","time":206.678435826,"data":"/usr/local/lib/python3.12/dist-packages/nbconvert/filters/filter_links.py:36: SyntaxWarning: invalid escape sequence '\\_'\n"}
,{"stream_name":"stderr","time":206.6784773,"data":"  text = re.sub(r'_', '\\_', text) # Escape underscores in display text\n"}
,{"stream_name":"stderr","time":207.45542503,"data":"[NbConvertApp] Converting notebook __script__.ipynb to html\n"}
,{"stream_name":"stderr","time":209.086470763,"data":"[NbConvertApp] Writing 276741 bytes to __results__.html\n"}
]