[{"stream_name":"stdout","time":7.978374878,"data":"   ©¥©¥©¥©¥©¥©¥©¥©¥©¥©¥©¥©¥©¥©¥©¥©¥©¥©¥©¥©¥©¥©¥©¥©¥©¥©¥©¥©¥©¥©¥©¥©¥©¥©¥©¥©¥©¥©¥©¥©¥ 196.3/196.3 MB 9.1 MB/s eta 0:00:00\n"}
,{"stream_name":"stderr","time":46.766769505,"data":"ERROR: pip's dependency resolver does not currently take into account all the packages that are installed. This behaviour is the source of the following dependency conflicts.\n"}
,{"stream_name":"stderr","time":46.766832113,"data":"torchaudio 2.10.0+cpu requires torch==2.10.0, but you have torch 2.14.0+cpu which is incompatible.\n"}
,{"stream_name":"stderr","time":46.766840349,"data":"torchvision 0.25.0+cpu requires torch==2.10.0, but you have torch 2.14.0+cpu which is incompatible.\n"}
,{"stream_name":"stdout","time":50.649433077,"data":"   ©¥©¥©¥©¥©¥©¥©¥©¥©¥©¥©¥©¥©¥©¥©¥©¥©¥©¥©¥©¥©¥©¥©¥©¥©¥©¥©¥©¥©¥©¥©¥©¥©¥©¥©¥©¥©¥©¥©¥©¥ 1.2/1.2 MB 15.7 MB/s eta 0:00:00\n"}
,{"stream_name":"stdout","time":53.859486971,"data":"\n"}
,{"stream_name":"stdout","time":53.859547724,"data":"exit 1   File \"/kaggle/working/sweep.py\", line 241\n"}
,{"stream_name":"stdout","time":53.859556471,"data":"    f.write(json.dumps({\"op\": crashed[0], \"dtype\": crashed[1], \"samples\": 0, \"diffs\": [{\"i\": -1, \"class\": \"CRASH\", \"detail\": \"process died\"}], \"errors\": [], \"verdict\": \"DIFF:CRASH\"}) + \"\n"}
,{"stream_name":"stdout","time":53.859566634,"data":"                                                                                                                                                                                         ^\n"}
,{"stream_name":"stdout","time":53.859573504,"data":"SyntaxError: unterminated string literal (detected at line 241)\n"}
,{"stream_name":"stdout","time":53.85957919,"data":"\n"}
,{"stream_name":"stdout","time":53.971804369,"data":"\n"}
,{"stream_name":"stdout","time":53.971843649,"data":"exit 1   File \"/kaggle/working/sweep.py\", line 241\n"}
,{"stream_name":"stdout","time":53.971849861,"data":"    f.write(json.dumps({\"op\": crashed[0], \"dtype\": crashed[1], \"samples\": 0, \"diffs\": [{\"i\": -1, \"class\": \"CRASH\", \"detail\": \"process died\"}], \"errors\": [], \"verdict\": \"DIFF:CRASH\"}) + \"\n"}
,{"stream_name":"stdout","time":53.971855491,"data":"                                                                                                                                                                                         ^\n"}
,{"stream_name":"stdout","time":53.971859131,"data":"SyntaxError: unterminated string literal (detected at line 241)\n"}
,{"stream_name":"stdout","time":53.971862506,"data":"\n"}
,{"stream_name":"stdout","time":54.087475841,"data":"\n"}
,{"stream_name":"stdout","time":54.087515729,"data":"exit 1   File \"/kaggle/working/sweep.py\", line 241\n"}
,{"stream_name":"stdout","time":54.087523451,"data":"    f.write(json.dumps({\"op\": crashed[0], \"dtype\": crashed[1], \"samples\": 0, \"diffs\": [{\"i\": -1, \"class\": \"CRASH\", \"detail\": \"process died\"}], \"errors\": [], \"verdict\": \"DIFF:CRASH\"}) + \"\n"}
,{"stream_name":"stdout","time":54.087532636,"data":"                                                                                                                                                                                         ^\n"}
,{"stream_name":"stdout","time":54.087538319,"data":"SyntaxError: unterminated string literal (detected at line 241)\n"}
,{"stream_name":"stdout","time":54.087542824,"data":"\n"}
,{"stream_name":"stdout","time":54.208379755,"data":"\n"}
,{"stream_name":"stdout","time":54.208421479,"data":"exit 1   File \"/kaggle/working/sweep.py\", line 241\n"}
,{"stream_name":"stdout","time":54.208430333,"data":"    f.write(json.dumps({\"op\": crashed[0], \"dtype\": crashed[1], \"samples\": 0, \"diffs\": [{\"i\": -1, \"class\": \"CRASH\", \"detail\": \"process died\"}], \"errors\": [], \"verdict\": \"DIFF:CRASH\"}) + \"\n"}
,{"stream_name":"stdout","time":54.208462698,"data":"                                                                                                                                                                                         ^\n"}
,{"stream_name":"stdout","time":54.20846851,"data":"SyntaxError: unterminated string literal (detected at line 241)\n"}
,{"stream_name":"stdout","time":54.208473164,"data":"\n"}
,{"stream_name":"stdout","time":54.328070439,"data":"\n"}
,{"stream_name":"stdout","time":54.328169178,"data":"exit 1   File \"/kaggle/working/sweep.py\", line 241\n"}
,{"stream_name":"stdout","time":54.32817645,"data":"    f.write(json.dumps({\"op\": crashed[0], \"dtype\": crashed[1], \"samples\": 0, \"diffs\": [{\"i\": -1, \"class\": \"CRASH\", \"detail\": \"process died\"}], \"errors\": [], \"verdict\": \"DIFF:CRASH\"}) + \"\n"}
,{"stream_name":"stdout","time":54.328182908,"data":"                                                                                                                                                                                         ^\n"}
,{"stream_name":"stdout","time":54.328187678,"data":"SyntaxError: unterminated string literal (detected at line 241)\n"}
,{"stream_name":"stdout","time":54.328191769,"data":"\n"}
,{"stream_name":"stdout","time":54.443247031,"data":"\n"}
,{"stream_name":"stdout","time":54.443282796,"data":"exit 1   File \"/kaggle/working/sweep.py\", line 241\n"}
,{"stream_name":"stdout","time":54.443289304,"data":"    f.write(json.dumps({\"op\": crashed[0], \"dtype\": crashed[1], \"samples\": 0, \"diffs\": [{\"i\": -1, \"class\": \"CRASH\", \"detail\": \"process died\"}], \"errors\": [], \"verdict\": \"DIFF:CRASH\"}) + \"\n"}
,{"stream_name":"stdout","time":54.443295271,"data":"                                                                                                                                                                                         ^\n"}
,{"stream_name":"stdout","time":54.443299837,"data":"SyntaxError: unterminated string literal (detected at line 241)\n"}
,{"stream_name":"stdout","time":54.443303065,"data":"\n"}
,{"stream_name":"stdout","time":54.564996098,"data":"\n"}
,{"stream_name":"stdout","time":54.565032477,"data":"exit 1   File \"/kaggle/working/sweep.py\", line 241\n"}
,{"stream_name":"stdout","time":54.565039268,"data":"    f.write(json.dumps({\"op\": crashed[0], \"dtype\": crashed[1], \"samples\": 0, \"diffs\": [{\"i\": -1, \"class\": \"CRASH\", \"detail\": \"process died\"}], \"errors\": [], \"verdict\": \"DIFF:CRASH\"}) + \"\n"}
,{"stream_name":"stdout","time":54.565046167,"data":"                                                                                                                                                                                         ^\n"}
,{"stream_name":"stdout","time":54.56505172,"data":"SyntaxError: unterminated string literal (detected at line 241)\n"}
,{"stream_name":"stdout","time":54.565056669,"data":"\n"}
,{"stream_name":"stdout","time":54.6827358,"data":"\n"}
,{"stream_name":"stdout","time":54.682774829,"data":"exit 1   File \"/kaggle/working/sweep.py\", line 241\n"}
,{"stream_name":"stdout","time":54.682779167,"data":"    f.write(json.dumps({\"op\": crashed[0], \"dtype\": crashed[1], \"samples\": 0, \"diffs\": [{\"i\": -1, \"class\": \"CRASH\", \"detail\": \"process died\"}], \"errors\": [], \"verdict\": \"DIFF:CRASH\"}) + \"\n"}
,{"stream_name":"stdout","time":54.682783125,"data":"                                                                                                                                                                                         ^\n"}
,{"stream_name":"stdout","time":54.682801532,"data":"SyntaxError: unterminated string literal (detected at line 241)\n"}
,{"stream_name":"stdout","time":54.682804528,"data":"\n"}
,{"stream_name":"stdout","time":54.799756669,"data":"\n"}
,{"stream_name":"stdout","time":54.799794731,"data":"exit 1   File \"/kaggle/working/sweep.py\", line 241\n"}
,{"stream_name":"stdout","time":54.799799807,"data":"    f.write(json.dumps({\"op\": crashed[0], \"dtype\": crashed[1], \"samples\": 0, \"diffs\": [{\"i\": -1, \"class\": \"CRASH\", \"detail\": \"process died\"}], \"errors\": [], \"verdict\": \"DIFF:CRASH\"}) + \"\n"}
,{"stream_name":"stdout","time":54.799804361,"data":"                                                                                                                                                                                         ^\n"}
,{"stream_name":"stdout","time":54.799807369,"data":"SyntaxError: unterminated string literal (detected at line 241)\n"}
,{"stream_name":"stdout","time":54.799810181,"data":"\n"}
,{"stream_name":"stdout","time":54.914711992,"data":"\n"}
,{"stream_name":"stdout","time":54.91475346,"data":"exit 1   File \"/kaggle/working/sweep.py\", line 241\n"}
,{"stream_name":"stdout","time":54.914759222,"data":"    f.write(json.dumps({\"op\": crashed[0], \"dtype\": crashed[1], \"samples\": 0, \"diffs\": [{\"i\": -1, \"class\": \"CRASH\", \"detail\": \"process died\"}], \"errors\": [], \"verdict\": \"DIFF:CRASH\"}) + \"\n"}
,{"stream_name":"stdout","time":54.914765191,"data":"                                                                                                                                                                                         ^\n"}
,{"stream_name":"stdout","time":54.914770216,"data":"SyntaxError: unterminated string literal (detected at line 241)\n"}
,{"stream_name":"stdout","time":54.914774457,"data":"\n"}
,{"stream_name":"stdout","time":55.028279875,"data":"\n"}
,{"stream_name":"stdout","time":55.028320219,"data":"exit 1   File \"/kaggle/working/sweep.py\", line 241\n"}
,{"stream_name":"stdout","time":55.028326119,"data":"    f.write(json.dumps({\"op\": crashed[0], \"dtype\": crashed[1], \"samples\": 0, \"diffs\": [{\"i\": -1, \"class\": \"CRASH\", \"detail\": \"process died\"}], \"errors\": [], \"verdict\": \"DIFF:CRASH\"}) + \"\n"}
,{"stream_name":"stdout","time":55.028333615,"data":"                                                                                                                                                                                         ^\n"}
,{"stream_name":"stdout","time":55.028336779,"data":"SyntaxError: unterminated string literal (detected at line 241)\n"}
,{"stream_name":"stdout","time":55.028339664,"data":"\n"}
,{"stream_name":"stdout","time":55.140080783,"data":"\n"}
,{"stream_name":"stdout","time":55.140143173,"data":"exit 1   File \"/kaggle/working/sweep.py\", line 241\n"}
,{"stream_name":"stdout","time":55.140153174,"data":"    f.write(json.dumps({\"op\": crashed[0], \"dtype\": crashed[1], \"samples\": 0, \"diffs\": [{\"i\": -1, \"class\": \"CRASH\", \"detail\": \"process died\"}], \"errors\": [], \"verdict\": \"DIFF:CRASH\"}) + \"\n"}
,{"stream_name":"stdout","time":55.140159173,"data":"                                                                                                                                                                                         ^\n"}
,{"stream_name":"stdout","time":55.140163333,"data":"SyntaxError: unterminated string literal (detected at line 241)\n"}
,{"stream_name":"stdout","time":55.140167284,"data":"\n"}
,{"stream_name":"stdout","time":55.25043037,"data":"\n"}
,{"stream_name":"stdout","time":55.250469254,"data":"exit 1   File \"/kaggle/working/sweep.py\", line 241\n"}
,{"stream_name":"stdout","time":55.250475422,"data":"    f.write(json.dumps({\"op\": crashed[0], \"dtype\": crashed[1], \"samples\": 0, \"diffs\": [{\"i\": -1, \"class\": \"CRASH\", \"detail\": \"process died\"}], \"errors\": [], \"verdict\": \"DIFF:CRASH\"}) + \"\n"}
,{"stream_name":"stdout","time":55.250481702,"data":"                                                                                                                                                                                         ^\n"}
,{"stream_name":"stdout","time":55.250486283,"data":"SyntaxError: unterminated string literal (detected at line 241)\n"}
,{"stream_name":"stdout","time":55.250490562,"data":"\n"}
,{"stream_name":"stdout","time":55.36263736,"data":"\n"}
,{"stream_name":"stdout","time":55.362674689,"data":"exit 1   File \"/kaggle/working/sweep.py\", line 241\n"}
,{"stream_name":"stdout","time":55.362680382,"data":"    f.write(json.dumps({\"op\": crashed[0], \"dtype\": crashed[1], \"samples\": 0, \"diffs\": [{\"i\": -1, \"class\": \"CRASH\", \"detail\": \"process died\"}], \"errors\": [], \"verdict\": \"DIFF:CRASH\"}) + \"\n"}
,{"stream_name":"stdout","time":55.362686525,"data":"                                                                                                                                                                                         ^\n"}
,{"stream_name":"stdout","time":55.362691526,"data":"SyntaxError: unterminated string literal (detected at line 241)\n"}
,{"stream_name":"stdout","time":55.362695699,"data":"\n"}
,{"stream_name":"stdout","time":55.474191721,"data":"\n"}
,{"stream_name":"stdout","time":55.474236456,"data":"exit 1   File \"/kaggle/working/sweep.py\", line 241\n"}
,{"stream_name":"stdout","time":55.47424266,"data":"    f.write(json.dumps({\"op\": crashed[0], \"dtype\": crashed[1], \"samples\": 0, \"diffs\": [{\"i\": -1, \"class\": \"CRASH\", \"detail\": \"process died\"}], \"errors\": [], \"verdict\": \"DIFF:CRASH\"}) + \"\n"}
,{"stream_name":"stdout","time":55.47424838,"data":"                                                                                                                                                                                         ^\n"}
,{"stream_name":"stdout","time":55.474252929,"data":"SyntaxError: unterminated string literal (detected at line 241)\n"}
,{"stream_name":"stdout","time":55.474257762,"data":"\n"}
,{"stream_name":"stdout","time":55.584904805,"data":"\n"}
,{"stream_name":"stdout","time":55.584945438,"data":"exit 1   File \"/kaggle/working/sweep.py\", line 241\n"}
,{"stream_name":"stdout","time":55.584952096,"data":"    f.write(json.dumps({\"op\": crashed[0], \"dtype\": crashed[1], \"samples\": 0, \"diffs\": [{\"i\": -1, \"class\": \"CRASH\", \"detail\": \"process died\"}], \"errors\": [], \"verdict\": \"DIFF:CRASH\"}) + \"\n"}
,{"stream_name":"stdout","time":55.584958623,"data":"                                                                                                                                                                                         ^\n"}
,{"stream_name":"stdout","time":55.584963621,"data":"SyntaxError: unterminated string literal (detected at line 241)\n"}
,{"stream_name":"stdout","time":55.584967978,"data":"\n"}
,{"stream_name":"stdout","time":55.695999597,"data":"\n"}
,{"stream_name":"stdout","time":55.696081411,"data":"exit 1   File \"/kaggle/working/sweep.py\", line 241\n"}
,{"stream_name":"stdout","time":55.696089186,"data":"    f.write(json.dumps({\"op\": crashed[0], \"dtype\": crashed[1], \"samples\": 0, \"diffs\": [{\"i\": -1, \"class\": \"CRASH\", \"detail\": \"process died\"}], \"errors\": [], \"verdict\": \"DIFF:CRASH\"}) + \"\n"}
,{"stream_name":"stdout","time":55.696113984,"data":"                                                                                                                                                                                         ^\n"}
,{"stream_name":"stdout","time":55.696119313,"data":"SyntaxError: unterminated string literal (detected at line 241)\n"}
,{"stream_name":"stdout","time":55.696149151,"data":"\n"}
,{"stream_name":"stdout","time":55.805620257,"data":"\n"}
,{"stream_name":"stdout","time":55.805659997,"data":"exit 1   File \"/kaggle/working/sweep.py\", line 241\n"}
,{"stream_name":"stdout","time":55.805665853,"data":"    f.write(json.dumps({\"op\": crashed[0], \"dtype\": crashed[1], \"samples\": 0, \"diffs\": [{\"i\": -1, \"class\": \"CRASH\", \"detail\": \"process died\"}], \"errors\": [], \"verdict\": \"DIFF:CRASH\"}) + \"\n"}
,{"stream_name":"stdout","time":55.805671609,"data":"                                                                                                                                                                                         ^\n"}
,{"stream_name":"stdout","time":55.805674673,"data":"SyntaxError: unterminated string literal (detected at line 241)\n"}
,{"stream_name":"stdout","time":55.805677364,"data":"\n"}
,{"stream_name":"stdout","time":55.921680284,"data":"\n"}
,{"stream_name":"stdout","time":55.921725118,"data":"exit 1   File \"/kaggle/working/sweep.py\", line 241\n"}
,{"stream_name":"stdout","time":55.921731443,"data":"    f.write(json.dumps({\"op\": crashed[0], \"dtype\": crashed[1], \"samples\": 0, \"diffs\": [{\"i\": -1, \"class\": \"CRASH\", \"detail\": \"process died\"}], \"errors\": [], \"verdict\": \"DIFF:CRASH\"}) + \"\n"}
,{"stream_name":"stdout","time":55.921738837,"data":"                                                                                                                                                                                         ^\n"}
,{"stream_name":"stdout","time":55.921744754,"data":"SyntaxError: unterminated string literal (detected at line 241)\n"}
,{"stream_name":"stdout","time":55.921749351,"data":"\n"}
,{"stream_name":"stdout","time":56.036599798,"data":"\n"}
,{"stream_name":"stdout","time":56.036635775,"data":"exit 1   File \"/kaggle/working/sweep.py\", line 241\n"}
,{"stream_name":"stdout","time":56.036641752,"data":"    f.write(json.dumps({\"op\": crashed[0], \"dtype\": crashed[1], \"samples\": 0, \"diffs\": [{\"i\": -1, \"class\": \"CRASH\", \"detail\": \"process died\"}], \"errors\": [], \"verdict\": \"DIFF:CRASH\"}) + \"\n"}
,{"stream_name":"stdout","time":56.036647853,"data":"                                                                                                                                                                                         ^\n"}
,{"stream_name":"stdout","time":56.036651035,"data":"SyntaxError: unterminated string literal (detected at line 241)\n"}
,{"stream_name":"stdout","time":56.036654312,"data":"\n"}
,{"stream_name":"stdout","time":56.149462092,"data":"\n"}
,{"stream_name":"stdout","time":56.149499489,"data":"exit 1   File \"/kaggle/working/sweep.py\", line 241\n"}
,{"stream_name":"stdout","time":56.149505766,"data":"    f.write(json.dumps({\"op\": crashed[0], \"dtype\": crashed[1], \"samples\": 0, \"diffs\": [{\"i\": -1, \"class\": \"CRASH\", \"detail\": \"process died\"}], \"errors\": [], \"verdict\": \"DIFF:CRASH\"}) + \"\n"}
,{"stream_name":"stdout","time":56.149512071,"data":"                                                                                                                                                                                         ^\n"}
,{"stream_name":"stdout","time":56.149531399,"data":"SyntaxError: unterminated string literal (detected at line 241)\n"}
,{"stream_name":"stdout","time":56.149535226,"data":"\n"}
,{"stream_name":"stdout","time":56.262298731,"data":"\n"}
,{"stream_name":"stdout","time":56.262344244,"data":"exit 1   File \"/kaggle/working/sweep.py\", line 241\n"}
,{"stream_name":"stdout","time":56.262351315,"data":"    f.write(json.dumps({\"op\": crashed[0], \"dtype\": crashed[1], \"samples\": 0, \"diffs\": [{\"i\": -1, \"class\": \"CRASH\", \"detail\": \"process died\"}], \"errors\": [], \"verdict\": \"DIFF:CRASH\"}) + \"\n"}
,{"stream_name":"stdout","time":56.262357649,"data":"                                                                                                                                                                                         ^\n"}
,{"stream_name":"stdout","time":56.262363063,"data":"SyntaxError: unterminated string literal (detected at line 241)\n"}
,{"stream_name":"stdout","time":56.262367963,"data":"\n"}
,{"stream_name":"stdout","time":56.376578601,"data":"\n"}
,{"stream_name":"stdout","time":56.376621246,"data":"exit 1   File \"/kaggle/working/sweep.py\", line 241\n"}
,{"stream_name":"stdout","time":56.376627854,"data":"    f.write(json.dumps({\"op\": crashed[0], \"dtype\": crashed[1], \"samples\": 0, \"diffs\": [{\"i\": -1, \"class\": \"CRASH\", \"detail\": \"process died\"}], \"errors\": [], \"verdict\": \"DIFF:CRASH\"}) + \"\n"}
,{"stream_name":"stdout","time":56.376635295,"data":"                                                                                                                                                                                         ^\n"}
,{"stream_name":"stdout","time":56.376640326,"data":"SyntaxError: unterminated string literal (detected at line 241)\n"}
,{"stream_name":"stdout","time":56.37664559,"data":"\n"}
,{"stream_name":"stdout","time":56.492433586,"data":"\n"}
,{"stream_name":"stdout","time":56.4924712,"data":"exit 1   File \"/kaggle/working/sweep.py\", line 241\n"}
,{"stream_name":"stdout","time":56.492477138,"data":"    f.write(json.dumps({\"op\": crashed[0], \"dtype\": crashed[1], \"samples\": 0, \"diffs\": [{\"i\": -1, \"class\": \"CRASH\", \"detail\": \"process died\"}], \"errors\": [], \"verdict\": \"DIFF:CRASH\"}) + \"\n"}
,{"stream_name":"stdout","time":56.492482641,"data":"                                                                                                                                                                                         ^\n"}
,{"stream_name":"stdout","time":56.492487054,"data":"SyntaxError: unterminated string literal (detected at line 241)\n"}
,{"stream_name":"stdout","time":56.492490954,"data":"\n"}
,{"stream_name":"stdout","time":56.606812939,"data":"\n"}
,{"stream_name":"stdout","time":56.606850487,"data":"exit 1   File \"/kaggle/working/sweep.py\", line 241\n"}
,{"stream_name":"stdout","time":56.606856798,"data":"    f.write(json.dumps({\"op\": crashed[0], \"dtype\": crashed[1], \"samples\": 0, \"diffs\": [{\"i\": -1, \"class\": \"CRASH\", \"detail\": \"process died\"}], \"errors\": [], \"verdict\": \"DIFF:CRASH\"}) + \"\n"}
,{"stream_name":"stdout","time":56.606862455,"data":"                                                                                                                                                                                         ^\n"}
,{"stream_name":"stdout","time":56.606868184,"data":"SyntaxError: unterminated string literal (detected at line 241)\n"}
,{"stream_name":"stdout","time":56.606872444,"data":"\n"}
,{"stream_name":"stdout","time":56.719647063,"data":"\n"}
,{"stream_name":"stdout","time":56.719686145,"data":"exit 1   File \"/kaggle/working/sweep.py\", line 241\n"}
,{"stream_name":"stdout","time":56.719708962,"data":"    f.write(json.dumps({\"op\": crashed[0], \"dtype\": crashed[1], \"samples\": 0, \"diffs\": [{\"i\": -1, \"class\": \"CRASH\", \"detail\": \"process died\"}], \"errors\": [], \"verdict\": \"DIFF:CRASH\"}) + \"\n"}
,{"stream_name":"stdout","time":56.719715229,"data":"                                                                                                                                                                                         ^\n"}
,{"stream_name":"stdout","time":56.719719514,"data":"SyntaxError: unterminated string literal (detected at line 241)\n"}
,{"stream_name":"stdout","time":56.719723425,"data":"\n"}
,{"stream_name":"stdout","time":56.828454207,"data":"\n"}
,{"stream_name":"stdout","time":56.828499128,"data":"exit 1   File \"/kaggle/working/sweep.py\", line 241\n"}
,{"stream_name":"stdout","time":56.828505264,"data":"    f.write(json.dumps({\"op\": crashed[0], \"dtype\": crashed[1], \"samples\": 0, \"diffs\": [{\"i\": -1, \"class\": \"CRASH\", \"detail\": \"process died\"}], \"errors\": [], \"verdict\": \"DIFF:CRASH\"}) + \"\n"}
,{"stream_name":"stdout","time":56.828511237,"data":"                                                                                                                                                                                         ^\n"}
,{"stream_name":"stdout","time":56.828515826,"data":"SyntaxError: unterminated string literal (detected at line 241)\n"}
,{"stream_name":"stdout","time":56.828519725,"data":"\n"}
,{"stream_name":"stdout","time":56.943956911,"data":"\n"}
,{"stream_name":"stdout","time":56.94399508,"data":"exit 1   File \"/kaggle/working/sweep.py\", line 241\n"}
,{"stream_name":"stdout","time":56.944001365,"data":"    f.write(json.dumps({\"op\": crashed[0], \"dtype\": crashed[1], \"samples\": 0, \"diffs\": [{\"i\": -1, \"class\": \"CRASH\", \"detail\": \"process died\"}], \"errors\": [], \"verdict\": \"DIFF:CRASH\"}) + \"\n"}
,{"stream_name":"stdout","time":56.944007116,"data":"                                                                                                                                                                                         ^\n"}
,{"stream_name":"stdout","time":56.944011674,"data":"SyntaxError: unterminated string literal (detected at line 241)\n"}
,{"stream_name":"stdout","time":56.944015386,"data":"\n"}
,{"stream_name":"stdout","time":57.056107385,"data":"\n"}
,{"stream_name":"stdout","time":57.056165056,"data":"exit 1   File \"/kaggle/working/sweep.py\", line 241\n"}
,{"stream_name":"stdout","time":57.056172115,"data":"    f.write(json.dumps({\"op\": crashed[0], \"dtype\": crashed[1], \"samples\": 0, \"diffs\": [{\"i\": -1, \"class\": \"CRASH\", \"detail\": \"process died\"}], \"errors\": [], \"verdict\": \"DIFF:CRASH\"}) + \"\n"}
,{"stream_name":"stdout","time":57.056178671,"data":"                                                                                                                                                                                         ^\n"}
,{"stream_name":"stdout","time":57.056183907,"data":"SyntaxError: unterminated string literal (detected at line 241)\n"}
,{"stream_name":"stdout","time":57.056187811,"data":"\n"}
,{"stream_name":"stdout","time":57.169517603,"data":"\n"}
,{"stream_name":"stdout","time":57.169556903,"data":"exit 1   File \"/kaggle/working/sweep.py\", line 241\n"}
,{"stream_name":"stdout","time":57.169562488,"data":"    f.write(json.dumps({\"op\": crashed[0], \"dtype\": crashed[1], \"samples\": 0, \"diffs\": [{\"i\": -1, \"class\": \"CRASH\", \"detail\": \"process died\"}], \"errors\": [], \"verdict\": \"DIFF:CRASH\"}) + \"\n"}
,{"stream_name":"stdout","time":57.169582856,"data":"                                                                                                                                                                                         ^\n"}
,{"stream_name":"stdout","time":57.169586639,"data":"SyntaxError: unterminated string literal (detected at line 241)\n"}
,{"stream_name":"stdout","time":57.169589207,"data":"\n"}
,{"stream_name":"stdout","time":57.285699817,"data":"\n"}
,{"stream_name":"stdout","time":57.28574249,"data":"exit 1   File \"/kaggle/working/sweep.py\", line 241\n"}
,{"stream_name":"stdout","time":57.285748241,"data":"    f.write(json.dumps({\"op\": crashed[0], \"dtype\": crashed[1], \"samples\": 0, \"diffs\": [{\"i\": -1, \"class\": \"CRASH\", \"detail\": \"process died\"}], \"errors\": [], \"verdict\": \"DIFF:CRASH\"}) + \"\n"}
,{"stream_name":"stdout","time":57.285754001,"data":"                                                                                                                                                                                         ^\n"}
,{"stream_name":"stdout","time":57.285759113,"data":"SyntaxError: unterminated string literal (detected at line 241)\n"}
,{"stream_name":"stdout","time":57.285763808,"data":"\n"}
,{"stream_name":"stdout","time":57.401810636,"data":"\n"}
,{"stream_name":"stdout","time":57.401857851,"data":"exit 1   File \"/kaggle/working/sweep.py\", line 241\n"}
,{"stream_name":"stdout","time":57.401864663,"data":"    f.write(json.dumps({\"op\": crashed[0], \"dtype\": crashed[1], \"samples\": 0, \"diffs\": [{\"i\": -1, \"class\": \"CRASH\", \"detail\": \"process died\"}], \"errors\": [], \"verdict\": \"DIFF:CRASH\"}) + \"\n"}
,{"stream_name":"stdout","time":57.401871041,"data":"                                                                                                                                                                                         ^\n"}
,{"stream_name":"stdout","time":57.401875603,"data":"SyntaxError: unterminated string literal (detected at line 241)\n"}
,{"stream_name":"stdout","time":57.401878803,"data":"\n"}
,{"stream_name":"stdout","time":57.518440674,"data":"\n"}
,{"stream_name":"stdout","time":57.518477562,"data":"exit 1   File \"/kaggle/working/sweep.py\", line 241\n"}
,{"stream_name":"stdout","time":57.51848334,"data":"    f.write(json.dumps({\"op\": crashed[0], \"dtype\": crashed[1], \"samples\": 0, \"diffs\": [{\"i\": -1, \"class\": \"CRASH\", \"detail\": \"process died\"}], \"errors\": [], \"verdict\": \"DIFF:CRASH\"}) + \"\n"}
,{"stream_name":"stdout","time":57.51848955,"data":"                                                                                                                                                                                         ^\n"}
,{"stream_name":"stdout","time":57.518494201,"data":"SyntaxError: unterminated string literal (detected at line 241)\n"}
,{"stream_name":"stdout","time":57.518498293,"data":"\n"}
,{"stream_name":"stdout","time":57.641656056,"data":"\n"}
,{"stream_name":"stdout","time":57.641710728,"data":"exit 1   File \"/kaggle/working/sweep.py\", line 241\n"}
,{"stream_name":"stdout","time":57.641715927999996,"data":"    f.write(json.dumps({\"op\": crashed[0], \"dtype\": crashed[1], \"samples\": 0, \"diffs\": [{\"i\": -1, \"class\": \"CRASH\", \"detail\": \"process died\"}], \"errors\": [], \"verdict\": \"DIFF:CRASH\"}) + \"\n"}
,{"stream_name":"stdout","time":57.64172025,"data":"                                                                                                                                                                                         ^\n"}
,{"stream_name":"stdout","time":57.641723481,"data":"SyntaxError: unterminated string literal (detected at line 241)\n"}
,{"stream_name":"stdout","time":57.641749654,"data":"\n"}
,{"stream_name":"stdout","time":57.7567425,"data":"\n"}
,{"stream_name":"stdout","time":57.756784408,"data":"exit 1   File \"/kaggle/working/sweep.py\", line 241\n"}
,{"stream_name":"stdout","time":57.756790327,"data":"    f.write(json.dumps({\"op\": crashed[0], \"dtype\": crashed[1], \"samples\": 0, \"diffs\": [{\"i\": -1, \"class\": \"CRASH\", \"detail\": \"process died\"}], \"errors\": [], \"verdict\": \"DIFF:CRASH\"}) + \"\n"}
,{"stream_name":"stdout","time":57.756796399,"data":"                                                                                                                                                                                         ^\n"}
,{"stream_name":"stdout","time":57.75680056,"data":"SyntaxError: unterminated string literal (detected at line 241)\n"}
,{"stream_name":"stdout","time":57.756804313,"data":"\n"}
,{"stream_name":"stdout","time":57.870678356,"data":"\n"}
,{"stream_name":"stdout","time":57.870725841,"data":"exit 1   File \"/kaggle/working/sweep.py\", line 241\n"}
,{"stream_name":"stdout","time":57.870732654,"data":"    f.write(json.dumps({\"op\": crashed[0], \"dtype\": crashed[1], \"samples\": 0, \"diffs\": [{\"i\": -1, \"class\": \"CRASH\", \"detail\": \"process died\"}], \"errors\": [], \"verdict\": \"DIFF:CRASH\"}) + \"\n"}
,{"stream_name":"stdout","time":57.87073997,"data":"                                                                                                                                                                                         ^\n"}
,{"stream_name":"stdout","time":57.870745322,"data":"SyntaxError: unterminated string literal (detected at line 241)\n"}
,{"stream_name":"stdout","time":57.87075011,"data":"\n"}
,{"stream_name":"stdout","time":57.995911193,"data":"\n"}
,{"stream_name":"stdout","time":57.99595231,"data":"exit 1   File \"/kaggle/working/sweep.py\", line 241\n"}
,{"stream_name":"stdout","time":57.99595833,"data":"    f.write(json.dumps({\"op\": crashed[0], \"dtype\": crashed[1], \"samples\": 0, \"diffs\": [{\"i\": -1, \"class\": \"CRASH\", \"detail\": \"process died\"}], \"errors\": [], \"verdict\": \"DIFF:CRASH\"}) + \"\n"}
,{"stream_name":"stdout","time":57.995965148,"data":"                                                                                                                                                                                         ^\n"}
,{"stream_name":"stdout","time":57.995969796,"data":"SyntaxError: unterminated string literal (detected at line 241)\n"}
,{"stream_name":"stdout","time":57.995974011,"data":"\n"}
,{"stream_name":"stdout","time":58.118456178,"data":"\n"}
,{"stream_name":"stdout","time":58.11849725,"data":"exit 1   File \"/kaggle/working/sweep.py\", line 241\n"}
,{"stream_name":"stdout","time":58.118503606,"data":"    f.write(json.dumps({\"op\": crashed[0], \"dtype\": crashed[1], \"samples\": 0, \"diffs\": [{\"i\": -1, \"class\": \"CRASH\", \"detail\": \"process died\"}], \"errors\": [], \"verdict\": \"DIFF:CRASH\"}) + \"\n"}
,{"stream_name":"stdout","time":58.118509657,"data":"                                                                                                                                                                                         ^\n"}
,{"stream_name":"stdout","time":58.118514663,"data":"SyntaxError: unterminated string literal (detected at line 241)\n"}
,{"stream_name":"stdout","time":58.118518664,"data":"\n"}
,{"stream_name":"stdout","time":58.233427487,"data":"\n"}
,{"stream_name":"stdout","time":58.233466605,"data":"exit 1   File \"/kaggle/working/sweep.py\", line 241\n"}
,{"stream_name":"stdout","time":58.233472788,"data":"    f.write(json.dumps({\"op\": crashed[0], \"dtype\": crashed[1], \"samples\": 0, \"diffs\": [{\"i\": -1, \"class\": \"CRASH\", \"detail\": \"process died\"}], \"errors\": [], \"verdict\": \"DIFF:CRASH\"}) + \"\n"}
,{"stream_name":"stdout","time":58.233499147,"data":"                                                                                                                                                                                         ^\n"}
,{"stream_name":"stdout","time":58.233503312,"data":"SyntaxError: unterminated string literal (detected at line 241)\n"}
,{"stream_name":"stdout","time":58.233507562,"data":"\n"}
,{"stream_name":"stdout","time":58.34859745,"data":"\n"}
,{"stream_name":"stdout","time":58.348636057,"data":"exit 1   File \"/kaggle/working/sweep.py\", line 241\n"}
,{"stream_name":"stdout","time":58.348641607,"data":"    f.write(json.dumps({\"op\": crashed[0], \"dtype\": crashed[1], \"samples\": 0, \"diffs\": [{\"i\": -1, \"class\": \"CRASH\", \"detail\": \"process died\"}], \"errors\": [], \"verdict\": \"DIFF:CRASH\"}) + \"\n"}
,{"stream_name":"stdout","time":58.348647462,"data":"                                                                                                                                                                                         ^\n"}
,{"stream_name":"stdout","time":58.348651554,"data":"SyntaxError: unterminated string literal (detected at line 241)\n"}
,{"stream_name":"stdout","time":58.34865531,"data":"\n"}
,{"stream_name":"stdout","time":58.463273143,"data":"\n"}
,{"stream_name":"stdout","time":58.46331273,"data":"exit 1   File \"/kaggle/working/sweep.py\", line 241\n"}
,{"stream_name":"stdout","time":58.463318576,"data":"    f.write(json.dumps({\"op\": crashed[0], \"dtype\": crashed[1], \"samples\": 0, \"diffs\": [{\"i\": -1, \"class\": \"CRASH\", \"detail\": \"process died\"}], \"errors\": [], \"verdict\": \"DIFF:CRASH\"}) + \"\n"}
,{"stream_name":"stdout","time":58.463324994,"data":"                                                                                                                                                                                         ^\n"}
,{"stream_name":"stdout","time":58.463329784,"data":"SyntaxError: unterminated string literal (detected at line 241)\n"}
,{"stream_name":"stdout","time":58.463332688,"data":"\n"}
,{"stream_name":"stdout","time":58.57633071,"data":"\n"}
,{"stream_name":"stdout","time":58.576374139,"data":"exit 1   File \"/kaggle/working/sweep.py\", line 241\n"}
,{"stream_name":"stdout","time":58.576380297,"data":"    f.write(json.dumps({\"op\": crashed[0], \"dtype\": crashed[1], \"samples\": 0, \"diffs\": [{\"i\": -1, \"class\": \"CRASH\", \"detail\": \"process died\"}], \"errors\": [], \"verdict\": \"DIFF:CRASH\"}) + \"\n"}
,{"stream_name":"stdout","time":58.576385736,"data":"                                                                                                                                                                                         ^\n"}
,{"stream_name":"stdout","time":58.576390244,"data":"SyntaxError: unterminated string literal (detected at line 241)\n"}
,{"stream_name":"stdout","time":58.576393988,"data":"\n"}
,{"stream_name":"stdout","time":58.691632748,"data":"\n"}
,{"stream_name":"stdout","time":58.691674199,"data":"exit 1   File \"/kaggle/working/sweep.py\", line 241\n"}
,{"stream_name":"stdout","time":58.691680626,"data":"    f.write(json.dumps({\"op\": crashed[0], \"dtype\": crashed[1], \"samples\": 0, \"diffs\": [{\"i\": -1, \"class\": \"CRASH\", \"detail\": \"process died\"}], \"errors\": [], \"verdict\": \"DIFF:CRASH\"}) + \"\n"}
,{"stream_name":"stdout","time":58.691686797,"data":"                                                                                                                                                                                         ^\n"}
,{"stream_name":"stdout","time":58.691709649,"data":"SyntaxError: unterminated string literal (detected at line 241)\n"}
,{"stream_name":"stdout","time":58.691713953,"data":"\n"}
,{"stream_name":"stdout","time":58.802564073,"data":"\n"}
,{"stream_name":"stdout","time":58.802608215,"data":"exit 1   File \"/kaggle/working/sweep.py\", line 241\n"}
,{"stream_name":"stdout","time":58.802614975,"data":"    f.write(json.dumps({\"op\": crashed[0], \"dtype\": crashed[1], \"samples\": 0, \"diffs\": [{\"i\": -1, \"class\": \"CRASH\", \"detail\": \"process died\"}], \"errors\": [], \"verdict\": \"DIFF:CRASH\"}) + \"\n"}
,{"stream_name":"stdout","time":58.802624921,"data":"                                                                                                                                                                                         ^\n"}
,{"stream_name":"stdout","time":58.802629856,"data":"SyntaxError: unterminated string literal (detected at line 241)\n"}
,{"stream_name":"stdout","time":58.80263422,"data":"\n"}
,{"stream_name":"stdout","time":58.914309478,"data":"\n"}
,{"stream_name":"stdout","time":58.914349131,"data":"exit 1   File \"/kaggle/working/sweep.py\", line 241\n"}
,{"stream_name":"stdout","time":58.914354654,"data":"    f.write(json.dumps({\"op\": crashed[0], \"dtype\": crashed[1], \"samples\": 0, \"diffs\": [{\"i\": -1, \"class\": \"CRASH\", \"detail\": \"process died\"}], \"errors\": [], \"verdict\": \"DIFF:CRASH\"}) + \"\n"}
,{"stream_name":"stdout","time":58.914360716,"data":"                                                                                                                                                                                         ^\n"}
,{"stream_name":"stdout","time":58.914365565,"data":"SyntaxError: unterminated string literal (detected at line 241)\n"}
,{"stream_name":"stdout","time":58.914369606,"data":"\n"}
,{"stream_name":"stdout","time":59.027569278,"data":"\n"}
,{"stream_name":"stdout","time":59.027611947,"data":"exit 1   File \"/kaggle/working/sweep.py\", line 241\n"}
,{"stream_name":"stdout","time":59.027618369,"data":"    f.write(json.dumps({\"op\": crashed[0], \"dtype\": crashed[1], \"samples\": 0, \"diffs\": [{\"i\": -1, \"class\": \"CRASH\", \"detail\": \"process died\"}], \"errors\": [], \"verdict\": \"DIFF:CRASH\"}) + \"\n"}
,{"stream_name":"stdout","time":59.027625087,"data":"                                                                                                                                                                                         ^\n"}
,{"stream_name":"stdout","time":59.027628687,"data":"SyntaxError: unterminated string literal (detected at line 241)\n"}
,{"stream_name":"stdout","time":59.027639955,"data":"\n"}
,{"stream_name":"stdout","time":59.138348831,"data":"\n"}
,{"stream_name":"stdout","time":59.138402064,"data":"exit 1   File \"/kaggle/working/sweep.py\", line 241\n"}
,{"stream_name":"stdout","time":59.138407723,"data":"    f.write(json.dumps({\"op\": crashed[0], \"dtype\": crashed[1], \"samples\": 0, \"diffs\": [{\"i\": -1, \"class\": \"CRASH\", \"detail\": \"process died\"}], \"errors\": [], \"verdict\": \"DIFF:CRASH\"}) + \"\n"}
,{"stream_name":"stdout","time":59.13841256,"data":"                                                                                                                                                                                         ^\n"}
,{"stream_name":"stdout","time":59.138416364,"data":"SyntaxError: unterminated string literal (detected at line 241)\n"}
,{"stream_name":"stdout","time":59.138420193,"data":"\n"}
,{"stream_name":"stdout","time":59.251094949,"data":"\n"}
,{"stream_name":"stdout","time":59.251150018,"data":"exit 1   File \"/kaggle/working/sweep.py\", line 241\n"}
,{"stream_name":"stdout","time":59.251159739,"data":"    f.write(json.dumps({\"op\": crashed[0], \"dtype\": crashed[1], \"samples\": 0, \"diffs\": [{\"i\": -1, \"class\": \"CRASH\", \"detail\": \"process died\"}], \"errors\": [], \"verdict\": \"DIFF:CRASH\"}) + \"\n"}
,{"stream_name":"stdout","time":59.251166918,"data":"                                                                                                                                                                                         ^\n"}
,{"stream_name":"stdout","time":59.251171791,"data":"SyntaxError: unterminated string literal (detected at line 241)\n"}
,{"stream_name":"stdout","time":59.251176423,"data":"\n"}
,{"stream_name":"stdout","time":59.361342886,"data":"\n"}
,{"stream_name":"stdout","time":59.361379274,"data":"exit 1   File \"/kaggle/working/sweep.py\", line 241\n"}
,{"stream_name":"stdout","time":59.361385508,"data":"    f.write(json.dumps({\"op\": crashed[0], \"dtype\": crashed[1], \"samples\": 0, \"diffs\": [{\"i\": -1, \"class\": \"CRASH\", \"detail\": \"process died\"}], \"errors\": [], \"verdict\": \"DIFF:CRASH\"}) + \"\n"}
,{"stream_name":"stdout","time":59.361391959,"data":"                                                                                                                                                                                         ^\n"}
,{"stream_name":"stdout","time":59.361396588,"data":"SyntaxError: unterminated string literal (detected at line 241)\n"}
,{"stream_name":"stdout","time":59.361400646,"data":"\n"}
,{"stream_name":"stdout","time":59.471265182,"data":"\n"}
,{"stream_name":"stdout","time":59.471303551,"data":"exit 1   File \"/kaggle/working/sweep.py\", line 241\n"}
,{"stream_name":"stdout","time":59.471309298,"data":"    f.write(json.dumps({\"op\": crashed[0], \"dtype\": crashed[1], \"samples\": 0, \"diffs\": [{\"i\": -1, \"class\": \"CRASH\", \"detail\": \"process died\"}], \"errors\": [], \"verdict\": \"DIFF:CRASH\"}) + \"\n"}
,{"stream_name":"stdout","time":59.471315437,"data":"                                                                                                                                                                                         ^\n"}
,{"stream_name":"stdout","time":59.471320156,"data":"SyntaxError: unterminated string literal (detected at line 241)\n"}
,{"stream_name":"stdout","time":59.471324363,"data":"\n"}
,{"stream_name":"stdout","time":59.581804318,"data":"\n"}
,{"stream_name":"stdout","time":59.581843257,"data":"exit 1   File \"/kaggle/working/sweep.py\", line 241\n"}
,{"stream_name":"stdout","time":59.58184986,"data":"    f.write(json.dumps({\"op\": crashed[0], \"dtype\": crashed[1], \"samples\": 0, \"diffs\": [{\"i\": -1, \"class\": \"CRASH\", \"detail\": \"process died\"}], \"errors\": [], \"verdict\": \"DIFF:CRASH\"}) + \"\n"}
,{"stream_name":"stdout","time":59.581855975,"data":"                                                                                                                                                                                         ^\n"}
,{"stream_name":"stdout","time":59.581860521,"data":"SyntaxError: unterminated string literal (detected at line 241)\n"}
,{"stream_name":"stdout","time":59.581864621,"data":"\n"}
,{"stream_name":"stdout","time":59.697367116,"data":"\n"}
,{"stream_name":"stdout","time":59.697406047,"data":"exit 1   File \"/kaggle/working/sweep.py\", line 241\n"}
,{"stream_name":"stdout","time":59.697412171,"data":"    f.write(json.dumps({\"op\": crashed[0], \"dtype\": crashed[1], \"samples\": 0, \"diffs\": [{\"i\": -1, \"class\": \"CRASH\", \"detail\": \"process died\"}], \"errors\": [], \"verdict\": \"DIFF:CRASH\"}) + \"\n"}
,{"stream_name":"stdout","time":59.697435204,"data":"                                                                                                                                                                                         ^\n"}
,{"stream_name":"stdout","time":59.697440518,"data":"SyntaxError: unterminated string literal (detected at line 241)\n"}
,{"stream_name":"stdout","time":59.697444769,"data":"\n"}
,{"stream_name":"stdout","time":59.809301997,"data":"\n"}
,{"stream_name":"stdout","time":59.809340877,"data":"exit 1   File \"/kaggle/working/sweep.py\", line 241\n"}
,{"stream_name":"stdout","time":59.809347091,"data":"    f.write(json.dumps({\"op\": crashed[0], \"dtype\": crashed[1], \"samples\": 0, \"diffs\": [{\"i\": -1, \"class\": \"CRASH\", \"detail\": \"process died\"}], \"errors\": [], \"verdict\": \"DIFF:CRASH\"}) + \"\n"}
,{"stream_name":"stdout","time":59.809353535,"data":"                                                                                                                                                                                         ^\n"}
,{"stream_name":"stdout","time":59.809357317,"data":"SyntaxError: unterminated string literal (detected at line 241)\n"}
,{"stream_name":"stdout","time":59.809361141,"data":"\n"}
,{"stream_name":"stdout","time":59.921336538,"data":"\n"}
,{"stream_name":"stdout","time":59.921374653,"data":"exit 1   File \"/kaggle/working/sweep.py\", line 241\n"}
,{"stream_name":"stdout","time":59.921380321,"data":"    f.write(json.dumps({\"op\": crashed[0], \"dtype\": crashed[1], \"samples\": 0, \"diffs\": [{\"i\": -1, \"class\": \"CRASH\", \"detail\": \"process died\"}], \"errors\": [], \"verdict\": \"DIFF:CRASH\"}) + \"\n"}
,{"stream_name":"stdout","time":59.921386378,"data":"                                                                                                                                                                                         ^\n"}
,{"stream_name":"stdout","time":59.921391239,"data":"SyntaxError: unterminated string literal (detected at line 241)\n"}
,{"stream_name":"stdout","time":59.921395316,"data":"\n"}
,{"stream_name":"stdout","time":60.032174547,"data":"\n"}
,{"stream_name":"stdout","time":60.032223451,"data":"exit 1   File \"/kaggle/working/sweep.py\", line 241\n"}
,{"stream_name":"stdout","time":60.032229392,"data":"    f.write(json.dumps({\"op\": crashed[0], \"dtype\": crashed[1], \"samples\": 0, \"diffs\": [{\"i\": -1, \"class\": \"CRASH\", \"detail\": \"process died\"}], \"errors\": [], \"verdict\": \"DIFF:CRASH\"}) + \"\n"}
,{"stream_name":"stdout","time":60.032236494,"data":"                                                                                                                                                                                         ^\n"}
,{"stream_name":"stdout","time":60.032242201,"data":"SyntaxError: unterminated string literal (detected at line 241)\n"}
,{"stream_name":"stdout","time":60.03224757,"data":"\n"}
,{"stream_name":"stdout","time":60.144213179,"data":"\n"}
,{"stream_name":"stdout","time":60.14424821,"data":"exit 1   File \"/kaggle/working/sweep.py\", line 241\n"}
,{"stream_name":"stdout","time":60.144252073,"data":"    f.write(json.dumps({\"op\": crashed[0], \"dtype\": crashed[1], \"samples\": 0, \"diffs\": [{\"i\": -1, \"class\": \"CRASH\", \"detail\": \"process died\"}], \"errors\": [], \"verdict\": \"DIFF:CRASH\"}) + \"\n"}
,{"stream_name":"stdout","time":60.144256215,"data":"                                                                                                                                                                                         ^\n"}
,{"stream_name":"stdout","time":60.144275999,"data":"SyntaxError: unterminated string literal (detected at line 241)\n"}
,{"stream_name":"stdout","time":60.144280508,"data":"\n"}
,{"stream_name":"stdout","time":60.253297104,"data":"\n"}
,{"stream_name":"stdout","time":60.253335009,"data":"exit 1   File \"/kaggle/working/sweep.py\", line 241\n"}
,{"stream_name":"stdout","time":60.253341108,"data":"    f.write(json.dumps({\"op\": crashed[0], \"dtype\": crashed[1], \"samples\": 0, \"diffs\": [{\"i\": -1, \"class\": \"CRASH\", \"detail\": \"process died\"}], \"errors\": [], \"verdict\": \"DIFF:CRASH\"}) + \"\n"}
,{"stream_name":"stdout","time":60.253347486,"data":"                                                                                                                                                                                         ^\n"}
,{"stream_name":"stdout","time":60.253352083,"data":"SyntaxError: unterminated string literal (detected at line 241)\n"}
,{"stream_name":"stdout","time":60.253354944,"data":"\n"}
,{"stream_name":"stdout","time":60.365459897,"data":"\n"}
,{"stream_name":"stdout","time":60.365497887,"data":"exit 1   File \"/kaggle/working/sweep.py\", line 241\n"}
,{"stream_name":"stdout","time":60.365503819,"data":"    f.write(json.dumps({\"op\": crashed[0], \"dtype\": crashed[1], \"samples\": 0, \"diffs\": [{\"i\": -1, \"class\": \"CRASH\", \"detail\": \"process died\"}], \"errors\": [], \"verdict\": \"DIFF:CRASH\"}) + \"\n"}
,{"stream_name":"stdout","time":60.365509882,"data":"                                                                                                                                                                                         ^\n"}
,{"stream_name":"stdout","time":60.365514386,"data":"SyntaxError: unterminated string literal (detected at line 241)\n"}
,{"stream_name":"stdout","time":60.365518433,"data":"\n"}
,{"stream_name":"stdout","time":60.476038626,"data":"\n"}
,{"stream_name":"stdout","time":60.476075796,"data":"exit 1   File \"/kaggle/working/sweep.py\", line 241\n"}
,{"stream_name":"stdout","time":60.476081884,"data":"    f.write(json.dumps({\"op\": crashed[0], \"dtype\": crashed[1], \"samples\": 0, \"diffs\": [{\"i\": -1, \"class\": \"CRASH\", \"detail\": \"process died\"}], \"errors\": [], \"verdict\": \"DIFF:CRASH\"}) + \"\n"}
,{"stream_name":"stdout","time":60.476087066,"data":"                                                                                                                                                                                         ^\n"}
,{"stream_name":"stdout","time":60.476090228,"data":"SyntaxError: unterminated string literal (detected at line 241)\n"}
,{"stream_name":"stdout","time":60.476092984,"data":"\n"}
,{"stream_name":"stdout","time":60.586640475,"data":"\n"}
,{"stream_name":"stdout","time":60.586691364,"data":"exit 1   File \"/kaggle/working/sweep.py\", line 241\n"}
,{"stream_name":"stdout","time":60.586698235,"data":"    f.write(json.dumps({\"op\": crashed[0], \"dtype\": crashed[1], \"samples\": 0, \"diffs\": [{\"i\": -1, \"class\": \"CRASH\", \"detail\": \"process died\"}], \"errors\": [], \"verdict\": \"DIFF:CRASH\"}) + \"\n"}
,{"stream_name":"stdout","time":60.58670401,"data":"                                                                                                                                                                                         ^\n"}
,{"stream_name":"stdout","time":60.586708431,"data":"SyntaxError: unterminated string literal (detected at line 241)\n"}
,{"stream_name":"stdout","time":60.586712226,"data":"\n"}
,{"stream_name":"stdout","time":60.698616853,"data":"\n"}
,{"stream_name":"stdout","time":60.69867763,"data":"exit 1   File \"/kaggle/working/sweep.py\", line 241\n"}
,{"stream_name":"stdout","time":60.698682514,"data":"    f.write(json.dumps({\"op\": crashed[0], \"dtype\": crashed[1], \"samples\": 0, \"diffs\": [{\"i\": -1, \"class\": \"CRASH\", \"detail\": \"process died\"}], \"errors\": [], \"verdict\": \"DIFF:CRASH\"}) + \"\n"}
,{"stream_name":"stdout","time":60.698686548,"data":"                                                                                                                                                                                         ^\n"}
,{"stream_name":"stdout","time":60.698689904,"data":"SyntaxError: unterminated string literal (detected at line 241)\n"}
,{"stream_name":"stdout","time":60.698692479,"data":"\n"}
,{"stream_name":"stdout","time":60.825856996,"data":"\n"}
,{"stream_name":"stdout","time":60.825900007,"data":"exit 1   File \"/kaggle/working/sweep.py\", line 241\n"}
,{"stream_name":"stdout","time":60.82591567,"data":"    f.write(json.dumps({\"op\": crashed[0], \"dtype\": crashed[1], \"samples\": 0, \"diffs\": [{\"i\": -1, \"class\": \"CRASH\", \"detail\": \"process died\"}], \"errors\": [], \"verdict\": \"DIFF:CRASH\"}) + \"\n"}
,{"stream_name":"stdout","time":60.825923222,"data":"                                                                                                                                                                                         ^\n"}
,{"stream_name":"stdout","time":60.825933447,"data":"SyntaxError: unterminated string literal (detected at line 241)\n"}
,{"stream_name":"stdout","time":60.825938436,"data":"\n"}
,{"stream_name":"stdout","time":60.939912285,"data":"\n"}
,{"stream_name":"stdout","time":60.939947627,"data":"exit 1   File \"/kaggle/working/sweep.py\", line 241\n"}
,{"stream_name":"stdout","time":60.939952557,"data":"    f.write(json.dumps({\"op\": crashed[0], \"dtype\": crashed[1], \"samples\": 0, \"diffs\": [{\"i\": -1, \"class\": \"CRASH\", \"detail\": \"process died\"}], \"errors\": [], \"verdict\": \"DIFF:CRASH\"}) + \"\n"}
,{"stream_name":"stdout","time":60.939957986,"data":"                                                                                                                                                                                         ^\n"}
,{"stream_name":"stdout","time":60.93996275,"data":"SyntaxError: unterminated string literal (detected at line 241)\n"}
,{"stream_name":"stdout","time":60.939967235,"data":"\n"}
,{"stream_name":"stdout","time":61.066427989,"data":"\n"}
,{"stream_name":"stdout","time":61.066472388,"data":"exit 1   File \"/kaggle/working/sweep.py\", line 241\n"}
,{"stream_name":"stdout","time":61.066478329,"data":"    f.write(json.dumps({\"op\": crashed[0], \"dtype\": crashed[1], \"samples\": 0, \"diffs\": [{\"i\": -1, \"class\": \"CRASH\", \"detail\": \"process died\"}], \"errors\": [], \"verdict\": \"DIFF:CRASH\"}) + \"\n"}
,{"stream_name":"stdout","time":61.066484653,"data":"                                                                                                                                                                                         ^\n"}
,{"stream_name":"stdout","time":61.066489471,"data":"SyntaxError: unterminated string literal (detected at line 241)\n"}
,{"stream_name":"stdout","time":61.066493683,"data":"\n"}
,{"stream_name":"stdout","time":61.178592866,"data":"\n"}
,{"stream_name":"stdout","time":61.178630387,"data":"exit 1   File \"/kaggle/working/sweep.py\", line 241\n"}
,{"stream_name":"stdout","time":61.178636011,"data":"    f.write(json.dumps({\"op\": crashed[0], \"dtype\": crashed[1], \"samples\": 0, \"diffs\": [{\"i\": -1, \"class\": \"CRASH\", \"detail\": \"process died\"}], \"errors\": [], \"verdict\": \"DIFF:CRASH\"}) + \"\n"}
,{"stream_name":"stdout","time":61.178658899,"data":"                                                                                                                                                                                         ^\n"}
,{"stream_name":"stdout","time":61.178663416,"data":"SyntaxError: unterminated string literal (detected at line 241)\n"}
,{"stream_name":"stdout","time":61.17866701,"data":"\n"}
,{"stream_name":"stdout","time":61.291567625,"data":"\n"}
,{"stream_name":"stdout","time":61.29160406,"data":"exit 1   File \"/kaggle/working/sweep.py\", line 241\n"}
,{"stream_name":"stdout","time":61.291609324,"data":"    f.write(json.dumps({\"op\": crashed[0], \"dtype\": crashed[1], \"samples\": 0, \"diffs\": [{\"i\": -1, \"class\": \"CRASH\", \"detail\": \"process died\"}], \"errors\": [], \"verdict\": \"DIFF:CRASH\"}) + \"\n"}
,{"stream_name":"stdout","time":61.291615872,"data":"                                                                                                                                                                                         ^\n"}
,{"stream_name":"stdout","time":61.291620671,"data":"SyntaxError: unterminated string literal (detected at line 241)\n"}
,{"stream_name":"stdout","time":61.291624857,"data":"\n"}
,{"stream_name":"stdout","time":61.404571485,"data":"\n"}
,{"stream_name":"stdout","time":61.404608895,"data":"exit 1   File \"/kaggle/working/sweep.py\", line 241\n"}
,{"stream_name":"stdout","time":61.404615355,"data":"    f.write(json.dumps({\"op\": crashed[0], \"dtype\": crashed[1], \"samples\": 0, \"diffs\": [{\"i\": -1, \"class\": \"CRASH\", \"detail\": \"process died\"}], \"errors\": [], \"verdict\": \"DIFF:CRASH\"}) + \"\n"}
,{"stream_name":"stdout","time":61.404621621,"data":"                                                                                                                                                                                         ^\n"}
,{"stream_name":"stdout","time":61.404625987,"data":"SyntaxError: unterminated string literal (detected at line 241)\n"}
,{"stream_name":"stdout","time":61.404630182,"data":"\n"}
,{"stream_name":"stdout","time":61.520838497,"data":"\n"}
,{"stream_name":"stdout","time":61.520875376,"data":"exit 1   File \"/kaggle/working/sweep.py\", line 241\n"}
,{"stream_name":"stdout","time":61.520881814,"data":"    f.write(json.dumps({\"op\": crashed[0], \"dtype\": crashed[1], \"samples\": 0, \"diffs\": [{\"i\": -1, \"class\": \"CRASH\", \"detail\": \"process died\"}], \"errors\": [], \"verdict\": \"DIFF:CRASH\"}) + \"\n"}
,{"stream_name":"stdout","time":61.520888559,"data":"                                                                                                                                                                                         ^\n"}
,{"stream_name":"stdout","time":61.520904447,"data":"SyntaxError: unterminated string literal (detected at line 241)\n"}
,{"stream_name":"stdout","time":61.520908774,"data":"\n"}
,{"stream_name":"stdout","time":61.635952258,"data":"\n"}
,{"stream_name":"stdout","time":61.635989179,"data":"exit 1   File \"/kaggle/working/sweep.py\", line 241\n"}
,{"stream_name":"stdout","time":61.635995062,"data":"    f.write(json.dumps({\"op\": crashed[0], \"dtype\": crashed[1], \"samples\": 0, \"diffs\": [{\"i\": -1, \"class\": \"CRASH\", \"detail\": \"process died\"}], \"errors\": [], \"verdict\": \"DIFF:CRASH\"}) + \"\n"}
,{"stream_name":"stdout","time":61.636000936,"data":"                                                                                                                                                                                         ^\n"}
,{"stream_name":"stdout","time":61.636006083,"data":"SyntaxError: unterminated string literal (detected at line 241)\n"}
,{"stream_name":"stdout","time":61.63602604,"data":"\n"}
,{"stream_name":"stdout","time":61.745013639,"data":"\n"}
,{"stream_name":"stdout","time":61.745093079,"data":"exit 1   File \"/kaggle/working/sweep.py\", line 241\n"}
,{"stream_name":"stdout","time":61.745104105,"data":"    f.write(json.dumps({\"op\": crashed[0], \"dtype\": crashed[1], \"samples\": 0, \"diffs\": [{\"i\": -1, \"class\": \"CRASH\", \"detail\": \"process died\"}], \"errors\": [], \"verdict\": \"DIFF:CRASH\"}) + \"\n"}
,{"stream_name":"stdout","time":61.745110004,"data":"                                                                                                                                                                                         ^\n"}
,{"stream_name":"stdout","time":61.745115109,"data":"SyntaxError: unterminated string literal (detected at line 241)\n"}
,{"stream_name":"stdout","time":61.745119381,"data":"\n"}
,{"stream_name":"stdout","time":61.855924448,"data":"\n"}
,{"stream_name":"stdout","time":61.855961644,"data":"exit 1   File \"/kaggle/working/sweep.py\", line 241\n"}
,{"stream_name":"stdout","time":61.855967891,"data":"    f.write(json.dumps({\"op\": crashed[0], \"dtype\": crashed[1], \"samples\": 0, \"diffs\": [{\"i\": -1, \"class\": \"CRASH\", \"detail\": \"process died\"}], \"errors\": [], \"verdict\": \"DIFF:CRASH\"}) + \"\n"}
,{"stream_name":"stdout","time":61.855974836,"data":"                                                                                                                                                                                         ^\n"}
,{"stream_name":"stdout","time":61.855980744,"data":"SyntaxError: unterminated string literal (detected at line 241)\n"}
,{"stream_name":"stdout","time":61.855985779,"data":"\n"}
,{"stream_name":"stdout","time":61.973645653,"data":"\n"}
,{"stream_name":"stdout","time":61.97369702,"data":"exit 1   File \"/kaggle/working/sweep.py\", line 241\n"}
,{"stream_name":"stdout","time":61.973704514,"data":"    f.write(json.dumps({\"op\": crashed[0], \"dtype\": crashed[1], \"samples\": 0, \"diffs\": [{\"i\": -1, \"class\": \"CRASH\", \"detail\": \"process died\"}], \"errors\": [], \"verdict\": \"DIFF:CRASH\"}) + \"\n"}
,{"stream_name":"stdout","time":61.973711597,"data":"                                                                                                                                                                                         ^\n"}
,{"stream_name":"stdout","time":61.973716198,"data":"SyntaxError: unterminated string literal (detected at line 241)\n"}
,{"stream_name":"stdout","time":61.973719925,"data":"\n"}
,{"stream_name":"stdout","time":62.096177504,"data":"\n"}
,{"stream_name":"stdout","time":62.096217282,"data":"exit 1   File \"/kaggle/working/sweep.py\", line 241\n"}
,{"stream_name":"stdout","time":62.096223468,"data":"    f.write(json.dumps({\"op\": crashed[0], \"dtype\": crashed[1], \"samples\": 0, \"diffs\": [{\"i\": -1, \"class\": \"CRASH\", \"detail\": \"process died\"}], \"errors\": [], \"verdict\": \"DIFF:CRASH\"}) + \"\n"}
,{"stream_name":"stdout","time":62.096227936,"data":"                                                                                                                                                                                         ^\n"}
,{"stream_name":"stdout","time":62.096231189,"data":"SyntaxError: unterminated string literal (detected at line 241)\n"}
,{"stream_name":"stdout","time":62.096234115,"data":"\n"}
,{"stream_name":"stdout","time":62.220330680000004,"data":"\n"}
,{"stream_name":"stdout","time":62.220372564,"data":"exit 1   File \"/kaggle/working/sweep.py\", line 241\n"}
,{"stream_name":"stdout","time":62.220396199,"data":"    f.write(json.dumps({\"op\": crashed[0], \"dtype\": crashed[1], \"samples\": 0, \"diffs\": [{\"i\": -1, \"class\": \"CRASH\", \"detail\": \"process died\"}], \"errors\": [], \"verdict\": \"DIFF:CRASH\"}) + \"\n"}
,{"stream_name":"stdout","time":62.220402773,"data":"                                                                                                                                                                                         ^\n"}
,{"stream_name":"stdout","time":62.220407256,"data":"SyntaxError: unterminated string literal (detected at line 241)\n"}
,{"stream_name":"stdout","time":62.220410109,"data":"\n"}
,{"stream_name":"stdout","time":62.34095389,"data":"\n"}
,{"stream_name":"stdout","time":62.340994824,"data":"exit 1   File \"/kaggle/working/sweep.py\", line 241\n"}
,{"stream_name":"stdout","time":62.341000616,"data":"    f.write(json.dumps({\"op\": crashed[0], \"dtype\": crashed[1], \"samples\": 0, \"diffs\": [{\"i\": -1, \"class\": \"CRASH\", \"detail\": \"process died\"}], \"errors\": [], \"verdict\": \"DIFF:CRASH\"}) + \"\n"}
,{"stream_name":"stdout","time":62.341017046,"data":"                                                                                                                                                                                         ^\n"}
,{"stream_name":"stdout","time":62.341020535,"data":"SyntaxError: unterminated string literal (detected at line 241)\n"}
,{"stream_name":"stdout","time":62.341023394,"data":"\n"}
,{"stream_name":"stdout","time":62.456069049,"data":"\n"}
,{"stream_name":"stdout","time":62.456107926,"data":"exit 1   File \"/kaggle/working/sweep.py\", line 241\n"}
,{"stream_name":"stdout","time":62.456114113,"data":"    f.write(json.dumps({\"op\": crashed[0], \"dtype\": crashed[1], \"samples\": 0, \"diffs\": [{\"i\": -1, \"class\": \"CRASH\", \"detail\": \"process died\"}], \"errors\": [], \"verdict\": \"DIFF:CRASH\"}) + \"\n"}
,{"stream_name":"stdout","time":62.456120305,"data":"                                                                                                                                                                                         ^\n"}
,{"stream_name":"stdout","time":62.456156621,"data":"SyntaxError: unterminated string literal (detected at line 241)\n"}
,{"stream_name":"stdout","time":62.456189935,"data":"\n"}
,{"stream_name":"stdout","time":62.568792017,"data":"\n"}
,{"stream_name":"stdout","time":62.568828506,"data":"exit 1   File \"/kaggle/working/sweep.py\", line 241\n"}
,{"stream_name":"stdout","time":62.568834137,"data":"    f.write(json.dumps({\"op\": crashed[0], \"dtype\": crashed[1], \"samples\": 0, \"diffs\": [{\"i\": -1, \"class\": \"CRASH\", \"detail\": \"process died\"}], \"errors\": [], \"verdict\": \"DIFF:CRASH\"}) + \"\n"}
,{"stream_name":"stdout","time":62.5688403,"data":"                                                                                                                                                                                         ^\n"}
,{"stream_name":"stdout","time":62.568844851,"data":"SyntaxError: unterminated string literal (detected at line 241)\n"}
,{"stream_name":"stdout","time":62.568848877,"data":"\n"}
,{"stream_name":"stdout","time":62.681459933,"data":"\n"}
,{"stream_name":"stdout","time":62.681499992,"data":"exit 1   File \"/kaggle/working/sweep.py\", line 241\n"}
,{"stream_name":"stdout","time":62.681505907,"data":"    f.write(json.dumps({\"op\": crashed[0], \"dtype\": crashed[1], \"samples\": 0, \"diffs\": [{\"i\": -1, \"class\": \"CRASH\", \"detail\": \"process died\"}], \"errors\": [], \"verdict\": \"DIFF:CRASH\"}) + \"\n"}
,{"stream_name":"stdout","time":62.681512206,"data":"                                                                                                                                                                                         ^\n"}
,{"stream_name":"stdout","time":62.681536508,"data":"SyntaxError: unterminated string literal (detected at line 241)\n"}
,{"stream_name":"stdout","time":62.681541469,"data":"\n"}
,{"stream_name":"stdout","time":62.795551238,"data":"\n"}
,{"stream_name":"stdout","time":62.795588962,"data":"exit 1   File \"/kaggle/working/sweep.py\", line 241\n"}
,{"stream_name":"stdout","time":62.795594718,"data":"    f.write(json.dumps({\"op\": crashed[0], \"dtype\": crashed[1], \"samples\": 0, \"diffs\": [{\"i\": -1, \"class\": \"CRASH\", \"detail\": \"process died\"}], \"errors\": [], \"verdict\": \"DIFF:CRASH\"}) + \"\n"}
,{"stream_name":"stdout","time":62.79560098,"data":"                                                                                                                                                                                         ^\n"}
,{"stream_name":"stdout","time":62.795605682,"data":"SyntaxError: unterminated string literal (detected at line 241)\n"}
,{"stream_name":"stdout","time":62.795610189,"data":"\n"}
,{"stream_name":"stdout","time":62.907420754,"data":"\n"}
,{"stream_name":"stdout","time":62.907458008,"data":"exit 1   File \"/kaggle/working/sweep.py\", line 241\n"}
,{"stream_name":"stdout","time":62.907463364,"data":"    f.write(json.dumps({\"op\": crashed[0], \"dtype\": crashed[1], \"samples\": 0, \"diffs\": [{\"i\": -1, \"class\": \"CRASH\", \"detail\": \"process died\"}], \"errors\": [], \"verdict\": \"DIFF:CRASH\"}) + \"\n"}
,{"stream_name":"stdout","time":62.907470053,"data":"                                                                                                                                                                                         ^\n"}
,{"stream_name":"stdout","time":62.907474807,"data":"SyntaxError: unterminated string literal (detected at line 241)\n"}
,{"stream_name":"stdout","time":62.907479083,"data":"\n"}
,{"stream_name":"stdout","time":62.907482931,"data":"=====JSONL BEGIN\n"}
,{"stream_name":"stderr","time":62.907484647,"data":"Traceback (most recent call last):\n"}
,{"stream_name":"stderr","time":62.907507721,"data":"  File \"/kaggle/src/script.py\", line 11, in \u003cmodule\u003e\n"}
,{"stream_name":"stderr","time":62.907710598,"data":"    print(open(\"cases.jsonl\").read(), flush=True)\n"}
,{"stream_name":"stderr","time":62.907826715,"data":"          ^^^^^^^^^^^^^^^^^^^\n"}
,{"stream_name":"stderr","time":62.907839792,"data":"FileNotFoundError: [Errno 2] No such file or directory: 'cases.jsonl'\n"}
,{"stream_name":"stderr","time":65.7138894,"data":"/usr/local/lib/python3.12/dist-packages/mistune.py:435: SyntaxWarning: invalid escape sequence '\\|'\n"}
,{"stream_name":"stderr","time":65.713932774,"data":"  cells[i][c] = re.sub('\\\\\\\\\\|', '|', cell)\n"}
,{"stream_name":"stderr","time":66.123670952,"data":"/usr/local/lib/python3.12/dist-packages/nbconvert/filters/filter_links.py:36: SyntaxWarning: invalid escape sequence '\\_'\n"}
,{"stream_name":"stderr","time":66.123701809,"data":"  text = re.sub(r'_', '\\_', text) # Escape underscores in display text\n"}
,{"stream_name":"stderr","time":67.156173263,"data":"[NbConvertApp] Converting notebook __script__.ipynb to html\n"}
,{"stream_name":"stderr","time":69.018120141,"data":"[NbConvertApp] Writing 293834 bytes to __results__.html\n"}
]