[{"stream_name":"stdout","time":7.600756889,"data":"   ©¥©¥©¥©¥©¥©¥©¥©¥©¥©¥©¥©¥©¥©¥©¥©¥©¥©¥©¥©¥©¥©¥©¥©¥©¥©¥©¥©¥©¥©¥©¥©¥©¥©¥©¥©¥©¥©¥©¥©¥ 196.3/196.3 MB 8.6 MB/s eta 0:00:00\n"}
,{"stream_name":"stderr","time":45.359403522,"data":"ERROR: pip's dependency resolver does not currently take into account all the packages that are installed. This behaviour is the source of the following dependency conflicts.\n"}
,{"stream_name":"stderr","time":45.359484756,"data":"torchaudio 2.10.0+cpu requires torch==2.10.0, but you have torch 2.14.0+cpu which is incompatible.\n"}
,{"stream_name":"stderr","time":45.359491152,"data":"torchvision 0.25.0+cpu requires torch==2.10.0, but you have torch 2.14.0+cpu which is incompatible.\n"}
,{"stream_name":"stdout","time":71.429068529,"data":"torch 2.14.0+cpu cuda False\n"}
,{"stream_name":"stdout","time":71.429123201,"data":"[cpu] eager                           [inf, inf, True, 0.0] | cast variant inf\n"}
,{"stream_name":"stdout","time":71.429131547,"data":"[cpu] compiled emulate_precision_casts=False [inf, 300.0, False, inf] | cast variant 25000000.0\n"}
,{"stream_name":"stdout","time":71.429138621,"data":"[cpu] compiled emulate_precision_casts=True  [inf, inf, True, 0.0] | cast variant inf\n"}
,{"stream_name":"stdout","time":79.667966548,"data":"   ©¥©¥©¥©¥©¥©¥©¥©¥©¥©¥©¥©¥©¥©¥©¥©¥©¥©¥©¥©¥©¥©¥©¥©¥©¥©¥©¥©¥©¥©¥©¥©¥©¥©¥©¥©¥©¥©¥©¥©¥ 199.4/199.4 MB 8.3 MB/s eta 0:00:00\n"}
,{"stream_name":"stderr","time":102.801930508,"data":"ERROR: pip's dependency resolver does not currently take into account all the packages that are installed. This behaviour is the source of the following dependency conflicts.\n"}
,{"stream_name":"stderr","time":102.80197666,"data":"torchaudio 2.10.0+cpu requires torch==2.10.0, but you have torch 2.15.0.dev20260921+cpu which is incompatible.\n"}
,{"stream_name":"stderr","time":102.801989458,"data":"torchvision 0.25.0+cpu requires torch==2.10.0, but you have torch 2.15.0.dev20260921+cpu which is incompatible.\n"}
,{"stream_name":"stdout","time":123.475269618,"data":"torch 2.15.0.dev20260921+cpu cuda False\n"}
,{"stream_name":"stdout","time":123.47534404,"data":"[cpu] eager                           [inf, inf, True, 0.0] | cast variant inf\n"}
,{"stream_name":"stdout","time":123.475352852,"data":"[cpu] compiled emulate_precision_casts=False [inf, 300.0, False, inf] | cast variant 25000000.0\n"}
,{"stream_name":"stdout","time":123.4753598,"data":"[cpu] compiled emulate_precision_casts=True  [inf, inf, True, 0.0] | cast variant inf\n"}
,{"stream_name":"stdout","time":124.887713882,"data":"JOB DONE\n"}
,{"stream_name":"stderr","time":127.49657779099999,"data":"/usr/local/lib/python3.12/dist-packages/mistune.py:435: SyntaxWarning: invalid escape sequence '\\|'\n"}
,{"stream_name":"stderr","time":127.49661752,"data":"  cells[i][c] = re.sub('\\\\\\\\\\|', '|', cell)\n"}
,{"stream_name":"stderr","time":127.813703694,"data":"/usr/local/lib/python3.12/dist-packages/nbconvert/filters/filter_links.py:36: SyntaxWarning: invalid escape sequence '\\_'\n"}
,{"stream_name":"stderr","time":127.813740237,"data":"  text = re.sub(r'_', '\\_', text) # Escape underscores in display text\n"}
,{"stream_name":"stderr","time":128.566579187,"data":"[NbConvertApp] Converting notebook __script__.ipynb to html\n"}
,{"stream_name":"stderr","time":130.123344894,"data":"[NbConvertApp] Writing 277406 bytes to __results__.html\n"}
]