[{"stream_name":"stdout","time":12.631681284,"data":"   ━━━━━━━━━━━━━━━━━━━━━━━━━━━━━━━━━━━━━━━━ 554.6/554.6 MB 3.3 MB/s eta 0:00:00\n"}
,{"stream_name":"stdout","time":21.551176856,"data":"   ━━━━━━━━━━━━━━━━━━━━━━━━━━━━━━━━━━━━━━━━ 553.1/553.1 MB 3.3 MB/s eta 0:00:00\n"}
,{"stream_name":"stdout","time":24.58657603,"data":"   ━━━━━━━━━━━━━━━━━━━━━━━━━━━━━━━━━━━━━━━━ 170.1/170.1 MB 8.0 MB/s eta 0:00:00\n"}
,{"stream_name":"stdout","time":28.599113711,"data":"   ━━━━━━━━━━━━━━━━━━━━━━━━━━━━━━━━━━━━━━━━ 216.0/216.0 MB 5.7 MB/s eta 0:00:00\n"}
,{"stream_name":"stdout","time":29.516581219,"data":"   ━━━━━━━━━━━━━━━━━━━━━━━━━━━━━━━━━━━━━━━━ 60.4/60.4 MB 27.4 MB/s eta 0:00:00\n"}
,{"stream_name":"stdout","time":39.989200519,"data":"   ━━━━━━━━━━━━━━━━━━━━━━━━━━━━━━━━━━━━━━━━ 423.1/423.1 MB 3.9 MB/s eta 0:00:00\n"}
,{"stream_name":"stdout","time":41.982372706,"data":"   ━━━━━━━━━━━━━━━━━━━━━━━━━━━━━━━━━━━━━━━━ 10.7/10.7 MB 5.2 MB/s eta 0:00:00\n"}
,{"stream_name":"stdout","time":44.124195844,"data":"   ━━━━━━━━━━━━━━━━━━━━━━━━━━━━━━━━━━━━━━━━ 90.2/90.2 MB 16.5 MB/s eta 0:00:00\n"}
,{"stream_name":"stdout","time":44.209423855,"data":"   ━━━━━━━━━━━━━━━━━━━━━━━━━━━━━━━━━━━━━━━━ 2.2/2.2 MB 38.3 MB/s eta 0:00:00\n"}
,{"stream_name":"stdout","time":48.956787836,"data":"   ━━━━━━━━━━━━━━━━━━━━━━━━━━━━━━━━━━━━━━━━ 214.1/214.1 MB 8.0 MB/s eta 0:00:00\n"}
,{"stream_name":"stdout","time":49.01539963,"data":"   ━━━━━━━━━━━━━━━━━━━━━━━━━━━━━━━━━━━━━━━━ 1.2/1.2 MB 35.0 MB/s eta 0:00:00\n"}
,{"stream_name":"stdout","time":50.230787715,"data":"   ━━━━━━━━━━━━━━━━━━━━━━━━━━━━━━━━━━━━━━━━ 59.5/59.5 MB 24.0 MB/s eta 0:00:00\n"}
,{"stream_name":"stdout","time":55.254996358,"data":"   ━━━━━━━━━━━━━━━━━━━━━━━━━━━━━━━━━━━━━━━━ 200.9/200.9 MB 5.7 MB/s eta 0:00:00\n"}
,{"stream_name":"stdout","time":60.76501992,"data":"   ━━━━━━━━━━━━━━━━━━━━━━━━━━━━━━━━━━━━━━━━ 145.9/145.9 MB 3.1 MB/s eta 0:00:00\n"}
,{"stream_name":"stdout","time":60.803134134,"data":"   ━━━━━━━━━━━━━━━━━━━━━━━━━━━━━━━━━━━━━━━━ 148.0/148.0 kB 10.2 MB/s eta 0:00:00\n"}
,{"stream_name":"stdout","time":60.979750972,"data":"   ━━━━━━━━━━━━━━━━━━━━━━━━━━━━━━━━━━━━━━━━ 7.2/7.2 MB 47.0 MB/s eta 0:00:00\n"}
,{"stream_name":"stdout","time":66.847676034,"data":"   ━━━━━━━━━━━━━━━━━━━━━━━━━━━━━━━━━━━━━━━━ 248.0/248.0 MB 6.9 MB/s eta 0:00:00\n"}
,{"stream_name":"stdout","time":67.779959242,"data":"   ━━━━━━━━━━━━━━━━━━━━━━━━━━━━━━━━━━━━━━━━ 42.5/42.5 MB 29.7 MB/s eta 0:00:00\n"}
,{"stream_name":"stderr","time":167.643489,"data":"ERROR: pip's dependency resolver does not currently take into account all the packages that are installed. This behaviour is the source of the following dependency conflicts.\n"}
,{"stream_name":"stderr","time":167.643537492,"data":"libcuml-cu12 26.2.0 requires cuda-toolkit[cublas,cufft,curand,cusolver,cusparse]==12.*, but you have cuda-toolkit 13.0.3.0 which is incompatible.\n"}
,{"stream_name":"stderr","time":167.643549461,"data":"cuml-cu12 26.2.0 requires cuda-toolkit[cublas,cufft,curand,cusolver,cusparse]==12.*, but you have cuda-toolkit 13.0.3.0 which is incompatible.\n"}
,{"stream_name":"stderr","time":167.643553579,"data":"cuda-python 12.9.4 requires cuda-bindings~=12.9.4, but you have cuda-bindings 13.4.2 which is incompatible.\n"}
,{"stream_name":"stderr","time":167.643557292,"data":"torchaudio 2.10.0+cu128 requires torch==2.10.0, but you have torch 2.14.0 which is incompatible.\n"}
,{"stream_name":"stderr","time":167.643560864,"data":"torchvision 0.25.0+cu128 requires torch==2.10.0, but you have torch 2.14.0 which is incompatible.\n"}
,{"stream_name":"stderr","time":167.643564026,"data":"cudf-cu12 26.2.1 requires cuda-toolkit[nvcc,nvrtc]==12.*, but you have cuda-toolkit 13.0.3.0 which is incompatible.\n"}
,{"stream_name":"stderr","time":167.643567188,"data":"libcuvs-cu12 26.2.0 requires cuda-toolkit[cublas,curand,cusolver,cusparse]==12.*, but you have cuda-toolkit 13.0.3.0 which is incompatible.\n"}
,{"stream_name":"stderr","time":167.643570417,"data":"libraft-cu12 26.2.0 requires cuda-toolkit[cublas,curand,cusolver,cusparse]==12.*, but you have cuda-toolkit 13.0.3.0 which is incompatible.\n"}
,{"stream_name":"stdout","time":168.235705271,"data":"===== deterministic_mode_parity.py\n"}
,{"stream_name":"stdout","time":171.939485661,"data":"torch 2.14.0+cu130 cuda True\n"}
,{"stream_name":"stdout","time":181.026769778,"data":"!! cpu  put_(accumulate=False)               eager: raises       aot_eager: raises       inductor: runs\n"}
,{"stream_name":"stdout","time":181.256215737,"data":"   cpu  kthvalue                             eager: runs         aot_eager: runs         inductor: runs\n"}
,{"stream_name":"stdout","time":181.397928112,"data":"   cpu  median(dim) indices                  eager: runs         aot_eager: runs         inductor: runs\n"}
,{"stream_name":"stdout","time":181.476968074,"data":"   cpu  bincount                             eager: runs         aot_eager: runs         inductor: runs\n"}
,{"stream_name":"stdout","time":181.611708688,"data":"   cpu  histc                                eager: runs         aot_eager: runs         inductor: runs\n"}
,{"stream_name":"stdout","time":181.746847522,"data":"   cpu  cumsum                               eager: runs         aot_eager: runs         inductor: runs\n"}
,{"stream_name":"stdout","time":193.338593676,"data":"   cpu  scatter_(src tensor, dup idx)        eager: runs         aot_eager: runs         inductor: runs\n"}
,{"stream_name":"stdout","time":193.508248017,"data":"   cpu  scatter_reduce prod                  eager: runs         aot_eager: runs         inductor: runs\n"}
,{"stream_name":"stdout","time":193.670802097,"data":"   cpu  index_put_(accumulate=False, dup)    eager: runs         aot_eager: runs         inductor: runs\n"}
,{"stream_name":"stdout","time":193.838853296,"data":"   cpu  index_copy                           eager: runs         aot_eager: runs         inductor: runs\n"}
,{"stream_name":"stdout","time":194.790932545,"data":"   cpu  resize_ quantized-free               eager: runs         aot_eager: runs         inductor: runs\n"}
,{"stream_name":"stdout","time":198.004752693,"data":"   cpu  interpolate bilinear backward        eager: runs         aot_eager: runs         inductor: runs\n"}
,{"stream_name":"stdout","time":203.325646889,"data":"   cpu  interpolate bicubic backward         eager: runs         aot_eager: runs         inductor: runs\n"}
,{"stream_name":"stdout","time":205.674675025,"data":"   cpu  interpolate linear backward          eager: runs         aot_eager: runs         inductor: runs\n"}
,{"stream_name":"stdout","time":209.83592166,"data":"   cpu  interpolate trilinear backward       eager: runs         aot_eager: runs         inductor: runs\n"}
,{"stream_name":"stdout","time":211.804758963,"data":"   cpu  grid_sample backward                 eager: runs         aot_eager: runs         inductor: runs\n"}
,{"stream_name":"stdout","time":213.982763561,"data":"   cpu  max_pool3d backward                  eager: runs         aot_eager: runs         inductor: runs\n"}
,{"stream_name":"stdout","time":216.19709727,"data":"   cpu  adaptive_max_pool2d backward         eager: runs         aot_eager: runs         inductor: runs\n"}
,{"stream_name":"stdout","time":217.434565995,"data":"   cpu  adaptive_avg_pool2d backward         eager: runs         aot_eager: runs         inductor: runs\n"}
,{"stream_name":"stdout","time":217.642182768,"data":"   cpu  adaptive_avg_pool3d backward         eager: runs         aot_eager: runs         inductor: runs\n"}
,{"stream_name":"stdout","time":219.983393997,"data":"   cpu  avg_pool3d backward                  eager: runs         aot_eager: runs         inductor: runs\n"}
,{"stream_name":"stdout","time":221.906146536,"data":"   cpu  fractional_max_pool2d backward       eager: runs         aot_eager: runs         inductor: runs\n"}
,{"stream_name":"stdout","time":224.287617714,"data":"   cpu  reflection_pad1d backward            eager: runs         aot_eager: runs         inductor: runs\n"}
,{"stream_name":"stdout","time":227.047731881,"data":"   cpu  reflection_pad2d backward            eager: runs         aot_eager: runs         inductor: runs\n"}
,{"stream_name":"stdout","time":228.114849237,"data":"   cpu  replication_pad1d backward           eager: runs         aot_eager: runs         inductor: runs\n"}
,{"stream_name":"stdout","time":229.315608455,"data":"   cpu  replication_pad2d backward           eager: runs         aot_eager: runs         inductor: runs\n"}
,{"stream_name":"stdout","time":231.24177911,"data":"   cpu  nll_loss 2d backward                 eager: runs         aot_eager: runs         inductor: runs\n"}
,{"stream_name":"stdout","time":233.313699917,"data":"   cpu  ctc_loss backward                    eager: runs         aot_eager: runs         inductor: runs\n"}
,{"stream_name":"stdout","time":234.322389342,"data":"   cpu  embedding_bag max backward           eager: runs         aot_eager: runs         inductor: runs\n"}
,{"stream_name":"stdout","time":235.235627642,"data":"   cpu  index_add backward-free fwd          eager: runs         aot_eager: runs         inductor: runs\n"}
,{"stream_name":"stdout","time":236.148981342,"data":"   cpu  scatter_add fwd                      eager: runs         aot_eager: runs         inductor: runs\n"}
,{"stream_name":"stdout","time":236.375475942,"data":"   cpu  gather backward (dup idx)            eager: runs         aot_eager: runs         inductor: runs\n"}
,{"stream_name":"stdout","time":237.339050382,"data":"   cpu  take_along_dim backward              eager: runs         aot_eager: runs         inductor: runs\n"}
,{"stream_name":"stdout","time":237.577119077,"data":"   cpu  index_select backward                eager: runs         aot_eager: runs         inductor: runs\n"}
,{"stream_name":"stdout","time":237.668229287,"data":"   cpu  repeat_interleave backward           eager: runs         aot_eager: runs         inductor: runs\n"}
,{"stream_name":"stdout","time":238.576273456,"data":"   cpu  cumsum backward                      eager: runs         aot_eager: runs         inductor: runs\n"}
,{"stream_name":"stdout","time":238.576320101,"data":"--- fill_uninitialized_memory on cpu\n"}
,{"stream_name":"stdout","time":238.706303043,"data":"!! cpu  empty(5)                             eager: filled       aot_eager: filled       inductor: NOT filled\n"}
,{"stream_name":"stdout","time":238.842842785,"data":"!! cpu  empty_like(x)                        eager: filled       aot_eager: filled       inductor: NOT filled\n"}
,{"stream_name":"stdout","time":239.213458531,"data":"!! cpu  x.new_empty(4)                       eager: filled       aot_eager: filled       inductor: NOT filled\n"}
,{"stream_name":"stdout","time":239.336868578,"data":"!! cpu  empty(3, int32)                      eager: filled       aot_eager: filled       inductor: NOT filled\n"}
,{"stream_name":"stdout","time":239.460717145,"data":"!! cpu  empty_strided                        eager: filled       aot_eager: filled       inductor: NOT filled\n"}
,{"stream_name":"stdout","time":239.592322107,"data":"!! cpu  empty_permuted                       eager: filled       aot_eager: filled       inductor: NOT filled\n"}
,{"stream_name":"stdout","time":239.725512295,"data":"!! cpu  x.new_empty_strided                  eager: filled       aot_eager: filled       inductor: NOT filled\n"}
,{"stream_name":"stdout","time":240.196714734,"data":"!! cuda put_(accumulate=False)               eager: raises       aot_eager: raises       inductor: runs\n"}
,{"stream_name":"stdout","time":240.356971475,"data":"   cuda kthvalue                             eager: runs         aot_eager: runs         inductor: runs\n"}
,{"stream_name":"stderr","time":240.366173173,"data":"E0921 11:48:03.997000 39 torch/_subclasses/fake_tensor.py:3212] [0/0] failed while attempting to run meta for aten.median.dim\n"}
,{"stream_name":"stderr","time":240.366198636,"data":"E0921 11:48:03.997000 39 torch/_subclasses/fake_tensor.py:3212] [0/0] Traceback (most recent call last):\n"}
,{"stream_name":"stderr","time":240.366203316,"data":"E0921 11:48:03.997000 39 torch/_subclasses/fake_tensor.py:3212] [0/0]   File \"/usr/local/lib/python3.12/dist-packages/torch/_subclasses/fake_tensor.py\", line 3208, in _dispatch_impl\n"}
,{"stream_name":"stderr","time":240.366214736,"data":"E0921 11:48:03.997000 39 torch/_subclasses/fake_tensor.py:3212] [0/0]     r = func(*args, **kwargs)\n"}
,{"stream_name":"stderr","time":240.366219379,"data":"E0921 11:48:03.997000 39 torch/_subclasses/fake_tensor.py:3212] [0/0]         ^^^^^^^^^^^^^^^^^^^^^\n"}
,{"stream_name":"stderr","time":240.366223214,"data":"E0921 11:48:03.997000 39 torch/_subclasses/fake_tensor.py:3212] [0/0]   File \"/usr/local/lib/python3.12/dist-packages/torch/_ops.py\", line 916, in __call__\n"}
,{"stream_name":"stderr","time":240.366227342,"data":"E0921 11:48:03.997000 39 torch/_subclasses/fake_tensor.py:3212] [0/0]     return self._op(*args, **kwargs)\n"}
,{"stream_name":"stderr","time":240.366231145,"data":"E0921 11:48:03.997000 39 torch/_subclasses/fake_tensor.py:3212] [0/0]            ^^^^^^^^^^^^^^^^^^^^^^^^^\n"}
,{"stream_name":"stderr","time":240.366235088,"data":"E0921 11:48:03.997000 39 torch/_subclasses/fake_tensor.py:3212] [0/0]   File \"/usr/local/lib/python3.12/dist-packages/torch/_decomp/__init__.py\", line 132, in _fn\n"}
,{"stream_name":"stderr","time":240.366239684,"data":"E0921 11:48:03.997000 39 torch/_subclasses/fake_tensor.py:3212] [0/0]     return f(*args, **kwargs, out=None if is_none else out_kwargs)\n"}
,{"stream_name":"stderr","time":240.36624344,"data":"E0921 11:48:03.997000 39 torch/_subclasses/fake_tensor.py:3212] [0/0]            ^^^^^^^^^^^^^^^^^^^^^^^^^^^^^^^^^^^^^^^^^^^^^^^^^^^^^^^\n"}
,{"stream_name":"stderr","time":240.366247651,"data":"E0921 11:48:03.997000 39 torch/_subclasses/fake_tensor.py:3212] [0/0]   File \"/usr/local/lib/python3.12/dist-packages/torch/_prims_common/wrappers.py\", line 313, in _fn\n"}
,{"stream_name":"stderr","time":240.366266007,"data":"E0921 11:48:03.997000 39 torch/_subclasses/fake_tensor.py:3212] [0/0]     result = fn(*args, **kwargs)\n"}
,{"stream_name":"stderr","time":240.366270061,"data":"E0921 11:48:03.997000 39 torch/_subclasses/fake_tensor.py:3212] [0/0]              ^^^^^^^^^^^^^^^^^^^\n"}
,{"stream_name":"stderr","time":240.366273858,"data":"E0921 11:48:03.997000 39 torch/_subclasses/fake_tensor.py:3212] [0/0]   File \"/usr/local/lib/python3.12/dist-packages/torch/_meta_registrations.py\", line 4647, in meta_median_mode_dim\n"}
,{"stream_name":"stderr","time":240.366278968,"data":"E0921 11:48:03.997000 39 torch/_subclasses/fake_tensor.py:3212] [0/0]     utils.alert_not_deterministic(\"median CUDA with indices output\")\n"}
,{"stream_name":"stderr","time":240.366283033,"data":"E0921 11:48:03.997000 39 torch/_subclasses/fake_tensor.py:3212] [0/0]   File \"/usr/local/lib/python3.12/dist-packages/torch/_prims_common/__init__.py\", line 2213, in alert_not_deterministic\n"}
,{"stream_name":"stderr","time":240.366288267,"data":"E0921 11:48:03.997000 39 torch/_subclasses/fake_tensor.py:3212] [0/0]     torch._check(\n"}
,{"stream_name":"stderr","time":240.366291892,"data":"E0921 11:48:03.997000 39 torch/_subclasses/fake_tensor.py:3212] [0/0]   File \"/usr/local/lib/python3.12/dist-packages/torch/__init__.py\", line 2140, in _check\n"}
,{"stream_name":"stderr","time":240.366296031,"data":"E0921 11:48:03.997000 39 torch/_subclasses/fake_tensor.py:3212] [0/0]     _check_with(RuntimeError, cond, message)\n"}
,{"stream_name":"stderr","time":240.366299612,"data":"E0921 11:48:03.997000 39 torch/_subclasses/fake_tensor.py:3212] [0/0]   File \"/usr/local/lib/python3.12/dist-packages/torch/__init__.py\", line 2118, in _check_with\n"}
,{"stream_name":"stderr","time":240.366303502,"data":"E0921 11:48:03.997000 39 torch/_subclasses/fake_tensor.py:3212] [0/0]     raise error_type(message_evaluated)\n"}
,{"stream_name":"stderr","time":240.366308264,"data":"E0921 11:48:03.997000 39 torch/_subclasses/fake_tensor.py:3212] [0/0] RuntimeError: median CUDA with indices output does not have a deterministic implementation, but you set 'torch.use_deterministic_algorithms(True)'. You can turn off determinism just for this operation, or you can use the 'warn_only=True' option, if that's acceptable for your application. You can also file an issue at https://github.com/pytorch/pytorch/issues to help us prioritize adding deterministic support for this operation.\n"}
,{"stream_name":"stderr","time":240.380135226,"data":"E0921 11:48:04.013000 39 torch/_subclasses/fake_tensor.py:3212] [0/0] failed while attempting to run meta for aten.median.dim\n"}
,{"stream_name":"stderr","time":240.380154718,"data":"E0921 11:48:04.013000 39 torch/_subclasses/fake_tensor.py:3212] [0/0] Traceback (most recent call last):\n"}
,{"stream_name":"stderr","time":240.380159578,"data":"E0921 11:48:04.013000 39 torch/_subclasses/fake_tensor.py:3212] [0/0]   File \"/usr/local/lib/python3.12/dist-packages/torch/_subclasses/fake_tensor.py\", line 3208, in _dispatch_impl\n"}
,{"stream_name":"stderr","time":240.380163926,"data":"E0921 11:48:04.013000 39 torch/_subclasses/fake_tensor.py:3212] [0/0]     r = func(*args, **kwargs)\n"}
,{"stream_name":"stderr","time":240.380167679,"data":"E0921 11:48:04.013000 39 torch/_subclasses/fake_tensor.py:3212] [0/0]         ^^^^^^^^^^^^^^^^^^^^^\n"}
,{"stream_name":"stderr","time":240.380171472,"data":"E0921 11:48:04.013000 39 torch/_subclasses/fake_tensor.py:3212] [0/0]   File \"/usr/local/lib/python3.12/dist-packages/torch/_ops.py\", line 916, in __call__\n"}
,{"stream_name":"stderr","time":240.380175663,"data":"E0921 11:48:04.013000 39 torch/_subclasses/fake_tensor.py:3212] [0/0]     return self._op(*args, **kwargs)\n"}
,{"stream_name":"stderr","time":240.380187829,"data":"E0921 11:48:04.013000 39 torch/_subclasses/fake_tensor.py:3212] [0/0]            ^^^^^^^^^^^^^^^^^^^^^^^^^\n"}
,{"stream_name":"stderr","time":240.380191741,"data":"E0921 11:48:04.013000 39 torch/_subclasses/fake_tensor.py:3212] [0/0]   File \"/usr/local/lib/python3.12/dist-packages/torch/_decomp/__init__.py\", line 132, in _fn\n"}
,{"stream_name":"stderr","time":240.3801955,"data":"E0921 11:48:04.013000 39 torch/_subclasses/fake_tensor.py:3212] [0/0]     return f(*args, **kwargs, out=None if is_none else out_kwargs)\n"}
,{"stream_name":"stderr","time":240.38019932,"data":"E0921 11:48:04.013000 39 torch/_subclasses/fake_tensor.py:3212] [0/0]            ^^^^^^^^^^^^^^^^^^^^^^^^^^^^^^^^^^^^^^^^^^^^^^^^^^^^^^^\n"}
,{"stream_name":"stderr","time":240.380202913,"data":"E0921 11:48:04.013000 39 torch/_subclasses/fake_tensor.py:3212] [0/0]   File \"/usr/local/lib/python3.12/dist-packages/torch/_prims_common/wrappers.py\", line 313, in _fn\n"}
,{"stream_name":"stderr","time":240.380215476,"data":"E0921 11:48:04.013000 39 torch/_subclasses/fake_tensor.py:3212] [0/0]     result = fn(*args, **kwargs)\n"}
,{"stream_name":"stderr","time":240.380219528,"data":"E0921 11:48:04.013000 39 torch/_subclasses/fake_tensor.py:3212] [0/0]              ^^^^^^^^^^^^^^^^^^^\n"}
,{"stream_name":"stderr","time":240.380222963,"data":"E0921 11:48:04.013000 39 torch/_subclasses/fake_tensor.py:3212] [0/0]   File \"/usr/local/lib/python3.12/dist-packages/torch/_meta_registrations.py\", line 4647, in meta_median_mode_dim\n"}
,{"stream_name":"stderr","time":240.380227948,"data":"E0921 11:48:04.013000 39 torch/_subclasses/fake_tensor.py:3212] [0/0]     utils.alert_not_deterministic(\"median CUDA with indices output\")\n"}
,{"stream_name":"stderr","time":240.380231795,"data":"E0921 11:48:04.013000 39 torch/_subclasses/fake_tensor.py:3212] [0/0]   File \"/usr/local/lib/python3.12/dist-packages/torch/_prims_common/__init__.py\", line 2213, in alert_not_deterministic\n"}
,{"stream_name":"stderr","time":240.380235832,"data":"E0921 11:48:04.013000 39 torch/_subclasses/fake_tensor.py:3212] [0/0]     torch._check(\n"}
,{"stream_name":"stderr","time":240.380239878,"data":"E0921 11:48:04.013000 39 torch/_subclasses/fake_tensor.py:3212] [0/0]   File \"/usr/local/lib/python3.12/dist-packages/torch/__init__.py\", line 2140, in _check\n"}
,{"stream_name":"stderr","time":240.380243737,"data":"E0921 11:48:04.013000 39 torch/_subclasses/fake_tensor.py:3212] [0/0]     _check_with(RuntimeError, cond, message)\n"}
,{"stream_name":"stderr","time":240.3802475,"data":"E0921 11:48:04.013000 39 torch/_subclasses/fake_tensor.py:3212] [0/0]   File \"/usr/local/lib/python3.12/dist-packages/torch/__init__.py\", line 2118, in _check_with\n"}
,{"stream_name":"stderr","time":240.380251385,"data":"E0921 11:48:04.013000 39 torch/_subclasses/fake_tensor.py:3212] [0/0]     raise error_type(message_evaluated)\n"}
,{"stream_name":"stderr","time":240.380255141,"data":"E0921 11:48:04.013000 39 torch/_subclasses/fake_tensor.py:3212] [0/0] RuntimeError: median CUDA with indices output does not have a deterministic implementation, but you set 'torch.use_deterministic_algorithms(True)'. You can turn off determinism just for this operation, or you can use the 'warn_only=True' option, if that's acceptable for your application. You can also file an issue at https://github.com/pytorch/pytorch/issues to help us prioritize adding deterministic support for this operation.\n"}
,{"stream_name":"stdout","time":240.386037813,"data":"   cuda median(dim) indices                  eager: raises       aot_eager: raises       inductor: raises\n"}
,{"stream_name":"stdout","time":240.50521311400001,"data":"   cuda bincount                             eager: runs         aot_eager: runs         inductor: runs\n"}
,{"stream_name":"stderr","time":240.513784426,"data":"E0921 11:48:04.146000 39 torch/_subclasses/fake_tensor.py:3212] [0/0] failed while attempting to run meta for aten.histc.default\n"}
,{"stream_name":"stderr","time":240.513803738,"data":"E0921 11:48:04.146000 39 torch/_subclasses/fake_tensor.py:3212] [0/0] Traceback (most recent call last):\n"}
,{"stream_name":"stderr","time":240.513809536,"data":"E0921 11:48:04.146000 39 torch/_subclasses/fake_tensor.py:3212] [0/0]   File \"/usr/local/lib/python3.12/dist-packages/torch/_subclasses/fake_tensor.py\", line 3208, in _dispatch_impl\n"}
,{"stream_name":"stderr","time":240.513814369,"data":"E0921 11:48:04.146000 39 torch/_subclasses/fake_tensor.py:3212] [0/0]     r = func(*args, **kwargs)\n"}
,{"stream_name":"stderr","time":240.513818059,"data":"E0921 11:48:04.146000 39 torch/_subclasses/fake_tensor.py:3212] [0/0]         ^^^^^^^^^^^^^^^^^^^^^\n"}
,{"stream_name":"stderr","time":240.513821654,"data":"E0921 11:48:04.146000 39 torch/_subclasses/fake_tensor.py:3212] [0/0]   File \"/usr/local/lib/python3.12/dist-packages/torch/_ops.py\", line 916, in __call__\n"}
,{"stream_name":"stderr","time":240.513825523,"data":"E0921 11:48:04.146000 39 torch/_subclasses/fake_tensor.py:3212] [0/0]     return self._op(*args, **kwargs)\n"}
,{"stream_name":"stderr","time":240.513829142,"data":"E0921 11:48:04.146000 39 torch/_subclasses/fake_tensor.py:3212] [0/0]            ^^^^^^^^^^^^^^^^^^^^^^^^^\n"}
,{"stream_name":"stderr","time":240.513832799,"data":"E0921 11:48:04.146000 39 torch/_subclasses/fake_tensor.py:3212] [0/0]   File \"/usr/local/lib/python3.12/dist-packages/torch/_prims_common/wrappers.py\", line 313, in _fn\n"}
,{"stream_name":"stderr","time":240.513836793,"data":"E0921 11:48:04.146000 39 torch/_subclasses/fake_tensor.py:3212] [0/0]     result = fn(*args, **kwargs)\n"}
,{"stream_name":"stderr","time":240.513840407,"data":"E0921 11:48:04.146000 39 torch/_subclasses/fake_tensor.py:3212] [0/0]              ^^^^^^^^^^^^^^^^^^^\n"}
,{"stream_name":"stderr","time":240.513844068,"data":"E0921 11:48:04.146000 39 torch/_subclasses/fake_tensor.py:3212] [0/0]   File \"/usr/local/lib/python3.12/dist-packages/torch/_meta_registrations.py\", line 8031, in meta_histc\n"}
,{"stream_name":"stderr","time":240.513847943,"data":"E0921 11:48:04.146000 39 torch/_subclasses/fake_tensor.py:3212] [0/0]     utils.alert_not_deterministic(\"_histc_cuda with floating point input\")\n"}
,{"stream_name":"stderr","time":240.513851831,"data":"E0921 11:48:04.146000 39 torch/_subclasses/fake_tensor.py:3212] [0/0]   File \"/usr/local/lib/python3.12/dist-packages/torch/_prims_common/__init__.py\", line 2213, in alert_not_deterministic\n"}
,{"stream_name":"stderr","time":240.513856759,"data":"E0921 11:48:04.146000 39 torch/_subclasses/fake_tensor.py:3212] [0/0]     torch._check(\n"}
,{"stream_name":"stderr","time":240.513861126,"data":"E0921 11:48:04.146000 39 torch/_subclasses/fake_tensor.py:3212] [0/0]   File \"/usr/local/lib/python3.12/dist-packages/torch/__init__.py\", line 2140, in _check\n"}
,{"stream_name":"stderr","time":240.513865003,"data":"E0921 11:48:04.146000 39 torch/_subclasses/fake_tensor.py:3212] [0/0]     _check_with(RuntimeError, cond, message)\n"}
,{"stream_name":"stderr","time":240.513868762,"data":"E0921 11:48:04.146000 39 torch/_subclasses/fake_tensor.py:3212] [0/0]   File \"/usr/local/lib/python3.12/dist-packages/torch/__init__.py\", line 2118, in _check_with\n"}
,{"stream_name":"stderr","time":240.513872603,"data":"E0921 11:48:04.146000 39 torch/_subclasses/fake_tensor.py:3212] [0/0]     raise error_type(message_evaluated)\n"}
,{"stream_name":"stderr","time":240.51387659,"data":"E0921 11:48:04.146000 39 torch/_subclasses/fake_tensor.py:3212] [0/0] RuntimeError: _histc_cuda with floating point input does not have a deterministic implementation, but you set 'torch.use_deterministic_algorithms(True)'. You can turn off determinism just for this operation, or you can use the 'warn_only=True' option, if that's acceptable for your application. You can also file an issue at https://github.com/pytorch/pytorch/issues to help us prioritize adding deterministic support for this operation.\n"}
,{"stream_name":"stderr","time":240.5261583,"data":"E0921 11:48:04.159000 39 torch/_subclasses/fake_tensor.py:3212] [0/0] failed while attempting to run meta for aten.histc.default\n"}
,{"stream_name":"stderr","time":240.526175805,"data":"E0921 11:48:04.159000 39 torch/_subclasses/fake_tensor.py:3212] [0/0] Traceback (most recent call last):\n"}
,{"stream_name":"stderr","time":240.526180582,"data":"E0921 11:48:04.159000 39 torch/_subclasses/fake_tensor.py:3212] [0/0]   File \"/usr/local/lib/python3.12/dist-packages/torch/_subclasses/fake_tensor.py\", line 3208, in _dispatch_impl\n"}
,{"stream_name":"stderr","time":240.526184962,"data":"E0921 11:48:04.159000 39 torch/_subclasses/fake_tensor.py:3212] [0/0]     r = func(*args, **kwargs)\n"}
,{"stream_name":"stderr","time":240.526188943,"data":"E0921 11:48:04.159000 39 torch/_subclasses/fake_tensor.py:3212] [0/0]         ^^^^^^^^^^^^^^^^^^^^^\n"}
,{"stream_name":"stderr","time":240.526192665,"data":"E0921 11:48:04.159000 39 torch/_subclasses/fake_tensor.py:3212] [0/0]   File \"/usr/local/lib/python3.12/dist-packages/torch/_ops.py\", line 916, in __call__\n"}
,{"stream_name":"stderr","time":240.526196825,"data":"E0921 11:48:04.159000 39 torch/_subclasses/fake_tensor.py:3212] [0/0]     return self._op(*args, **kwargs)\n"}
,{"stream_name":"stderr","time":240.526200781,"data":"E0921 11:48:04.159000 39 torch/_subclasses/fake_tensor.py:3212] [0/0]            ^^^^^^^^^^^^^^^^^^^^^^^^^\n"}
,{"stream_name":"stderr","time":240.526204633,"data":"E0921 11:48:04.159000 39 torch/_subclasses/fake_tensor.py:3212] [0/0]   File \"/usr/local/lib/python3.12/dist-packages/torch/_prims_common/wrappers.py\", line 313, in _fn\n"}
,{"stream_name":"stderr","time":240.526208709,"data":"E0921 11:48:04.159000 39 torch/_subclasses/fake_tensor.py:3212] [0/0]     result = fn(*args, **kwargs)\n"}
,{"stream_name":"stderr","time":240.526212294,"data":"E0921 11:48:04.159000 39 torch/_subclasses/fake_tensor.py:3212] [0/0]              ^^^^^^^^^^^^^^^^^^^\n"}
,{"stream_name":"stderr","time":240.526216482,"data":"E0921 11:48:04.159000 39 torch/_subclasses/fake_tensor.py:3212] [0/0]   File \"/usr/local/lib/python3.12/dist-packages/torch/_meta_registrations.py\", line 8031, in meta_histc\n"}
,{"stream_name":"stderr","time":240.526220744,"data":"E0921 11:48:04.159000 39 torch/_subclasses/fake_tensor.py:3212] [0/0]     utils.alert_not_deterministic(\"_histc_cuda with floating point input\")\n"}
,{"stream_name":"stderr","time":240.526224689,"data":"E0921 11:48:04.159000 39 torch/_subclasses/fake_tensor.py:3212] [0/0]   File \"/usr/local/lib/python3.12/dist-packages/torch/_prims_common/__init__.py\", line 2213, in alert_not_deterministic\n"}
,{"stream_name":"stderr","time":240.526228702,"data":"E0921 11:48:04.159000 39 torch/_subclasses/fake_tensor.py:3212] [0/0]     torch._check(\n"}
,{"stream_name":"stderr","time":240.526233204,"data":"E0921 11:48:04.159000 39 torch/_subclasses/fake_tensor.py:3212] [0/0]   File \"/usr/local/lib/python3.12/dist-packages/torch/__init__.py\", line 2140, in _check\n"}
,{"stream_name":"stderr","time":240.526237652,"data":"E0921 11:48:04.159000 39 torch/_subclasses/fake_tensor.py:3212] [0/0]     _check_with(RuntimeError, cond, message)\n"}
,{"stream_name":"stderr","time":240.526241662,"data":"E0921 11:48:04.159000 39 torch/_subclasses/fake_tensor.py:3212] [0/0]   File \"/usr/local/lib/python3.12/dist-packages/torch/__init__.py\", line 2118, in _check_with\n"}
,{"stream_name":"stderr","time":240.526245545,"data":"E0921 11:48:04.159000 39 torch/_subclasses/fake_tensor.py:3212] [0/0]     raise error_type(message_evaluated)\n"}
,{"stream_name":"stderr","time":240.526258396,"data":"E0921 11:48:04.159000 39 torch/_subclasses/fake_tensor.py:3212] [0/0] RuntimeError: _histc_cuda with floating point input does not have a deterministic implementation, but you set 'torch.use_deterministic_algorithms(True)'. You can turn off determinism just for this operation, or you can use the 'warn_only=True' option, if that's acceptable for your application. You can also file an issue at https://github.com/pytorch/pytorch/issues to help us prioritize adding deterministic support for this operation.\n"}
,{"stream_name":"stdout","time":240.53090383,"data":"   cuda histc                                eager: raises       aot_eager: raises       inductor: raises\n"}
,{"stream_name":"stdout","time":240.850949477,"data":"   cuda cumsum                               eager: runs         aot_eager: runs         inductor: runs\n"}
,{"stream_name":"stdout","time":241.184707178,"data":"   cuda scatter_(src tensor, dup idx)        eager: runs         aot_eager: runs         inductor: runs\n"}
,{"stream_name":"stdout","time":241.407770144,"data":"   cuda scatter_reduce prod                  eager: raises       aot_eager: raises       inductor: raises\n"}
,{"stream_name":"stdout","time":241.568078906,"data":"   cuda index_put_(accumulate=False, dup)    eager: runs         aot_eager: runs         inductor: runs\n"}
,{"stream_name":"stdout","time":241.787686247,"data":"   cuda index_copy                           eager: runs         aot_eager: runs         inductor: runs\n"}
,{"stream_name":"stdout","time":242.15182657,"data":"   cuda resize_ quantized-free               eager: runs         aot_eager: runs         inductor: runs\n"}
,{"stream_name":"stdout","time":243.675093321,"data":"   cuda interpolate bilinear backward        eager: runs         aot_eager: runs         inductor: runs\n"}
,{"stream_name":"stdout","time":249.897185164,"data":"!! cuda interpolate bicubic backward         eager: raises       aot_eager: runs         inductor: runs\n"}
,{"stream_name":"stdout","time":250.588031802,"data":"!! cuda interpolate linear backward          eager: raises       aot_eager: runs         inductor: runs\n"}
,{"stream_name":"stdout","time":252.753919532,"data":"   cuda interpolate trilinear backward       eager: runs         aot_eager: runs         inductor: runs\n"}
,{"stream_name":"stdout","time":254.193989347,"data":"   cuda grid_sample backward                 eager: raises       aot_eager: raises       inductor: raises\n"}
,{"stream_name":"stdout","time":255.017443784,"data":"   cuda max_pool3d backward                  eager: raises       aot_eager: raises       inductor: raises\n"}
,{"stream_name":"stdout","time":255.925099107,"data":"   cuda adaptive_max_pool2d backward         eager: raises       aot_eager: raises       inductor: raises\n"}
,{"stream_name":"stdout","time":256.615478937,"data":"   cuda adaptive_avg_pool2d backward         eager: raises       aot_eager: raises       inductor: raises\n"}
,{"stream_name":"stdout","time":256.82283904,"data":"   cuda adaptive_avg_pool3d backward         eager: raises       aot_eager: raises       inductor: raises\n"}
,{"stream_name":"stdout","time":257.523257074,"data":"!! cuda avg_pool3d backward                  eager: raises       aot_eager: raises       inductor: runs\n"}
,{"stream_name":"stdout","time":258.708940923,"data":"   cuda fractional_max_pool2d backward       eager: raises       aot_eager: raises       inductor: raises\n"}
,{"stream_name":"stdout","time":259.213577964,"data":"!! cuda reflection_pad1d backward            eager: raises       aot_eager: raises       inductor: runs\n"}
,{"stream_name":"stdout","time":260.114958541,"data":"   cuda reflection_pad2d backward            eager: runs         aot_eager: runs         inductor: runs\n"}
,{"stream_name":"stdout","time":260.678309329,"data":"   cuda replication_pad1d backward           eager: runs         aot_eager: runs         inductor: runs\n"}
,{"stream_name":"stdout","time":261.383381286,"data":"   cuda replication_pad2d backward           eager: runs         aot_eager: runs         inductor: runs\n"}
,{"stream_name":"stdout","time":261.991757105,"data":"!! cuda nll_loss 2d backward                 eager: raises       aot_eager: raises       inductor: runs\n"}
,{"stream_name":"stdout","time":263.181027004,"data":"   cuda ctc_loss backward                    eager: raises       aot_eager: raises       inductor: raises\n"}
,{"stream_name":"stdout","time":263.627591059,"data":"   cuda embedding_bag max backward           eager: raises       aot_eager: raises       inductor: raises\n"}
,{"stream_name":"stdout","time":264.019210456,"data":"   cuda index_add backward-free fwd          eager: runs         aot_eager: runs         inductor: runs\n"}
,{"stream_name":"stdout","time":264.415976113,"data":"   cuda scatter_add fwd                      eager: runs         aot_eager: runs         inductor: runs\n"}
,{"stream_name":"stdout","time":264.702890164,"data":"   cuda gather backward (dup idx)            eager: runs         aot_eager: runs         inductor: runs\n"}
,{"stream_name":"stdout","time":265.077955278,"data":"   cuda take_along_dim backward              eager: runs         aot_eager: runs         inductor: runs\n"}
,{"stream_name":"stdout","time":265.461969981,"data":"   cuda index_select backward                eager: runs         aot_eager: runs         inductor: runs\n"}
,{"stream_name":"stdout","time":265.562519251,"data":"   cuda repeat_interleave backward           eager: runs         aot_eager: runs         inductor: runs\n"}
,{"stream_name":"stdout","time":265.889876554,"data":"   cuda cumsum backward                      eager: runs         aot_eager: runs         inductor: runs\n"}
,{"stream_name":"stdout","time":265.889903435,"data":"--- fill_uninitialized_memory on cuda\n"}
,{"stream_name":"stdout","time":266.021987203,"data":"   cuda empty(5)                             eager: filled       aot_eager: filled       inductor: filled\n"}
,{"stream_name":"stdout","time":266.15642866,"data":"   cuda empty_like(x)                        eager: filled       aot_eager: filled       inductor: filled\n"}
,{"stream_name":"stdout","time":266.289684445,"data":"   cuda x.new_empty(4)                       eager: filled       aot_eager: filled       inductor: filled\n"}
,{"stream_name":"stdout","time":266.418858572,"data":"!! cuda empty(3, int32)                      eager: filled       aot_eager: filled       inductor: NOT filled\n"}
,{"stream_name":"stdout","time":266.543768723,"data":"   cuda empty_strided                        eager: filled       aot_eager: filled       inductor: filled\n"}
,{"stream_name":"stdout","time":266.677943577,"data":"   cuda empty_permuted                       eager: filled       aot_eager: filled       inductor: filled\n"}
,{"stream_name":"stdout","time":266.810239949,"data":"   cuda x.new_empty_strided                  eager: filled       aot_eager: filled       inductor: filled\n"}
,{"stream_name":"stdout","time":270.0991958,"data":"===== safety_mechanisms_lost.py\n"}
,{"stream_name":"stdout","time":281.676492755,"data":"torch 2.14.0+cu130\n"}
,{"stream_name":"stdout","time":281.676526527,"data":"in-place on inference tensor outside InferenceMode   eager: raises RuntimeError              aot_eager: raises RuntimeError              inductor: returns [2.0, 2.0, 2.0]\n"}
,{"stream_name":"stdout","time":281.676532863,"data":"in-place mul_ on inference tensor (+ reduction)      eager: raises RuntimeError              aot_eager: raises RuntimeError              inductor: returns [2.0, 2.0, 2.0]\n"}
,{"stream_name":"stdout","time":281.676555851,"data":"deterministic: put_(accumulate=False)                eager: raises RuntimeError              aot_eager: raises RuntimeError              inductor: returns [0.0, 2.0, 0.0, 0.0]\n"}
,{"stream_name":"stdout","time":281.676559245,"data":"deterministic: torch.put (functional)                eager: raises RuntimeError              aot_eager: raises RuntimeError              inductor: returns [0.0, 2.0, 0.0, 0.0]\n"}
,{"stream_name":"stdout","time":281.676561799,"data":"deterministic: empty() is NaN-filled                 eager: returns True                     aot_eager: returns True                     inductor: returns True\n"}
,{"stream_name":"stdout","time":281.676564292,"data":"deterministic: empty_like() is NaN-filled            eager: returns True                     aot_eager: returns True                     inductor: returns False\n"}
,{"stream_name":"stdout","time":281.676566912,"data":"deterministic: new_empty() is NaN-filled             eager: returns True                     aot_eager: returns True                     inductor: returns False\n"}
,{"stream_name":"stdout","time":281.67656971,"data":"deterministic: empty(int32) is MAX-filled            eager: returns True                     aot_eager: returns True                     inductor: returns False\n"}
,{"stream_name":"stdout","time":281.67657219,"data":"deterministic: resize_ tail is NaN-filled            eager: returns True                     aot_eager: returns True                     inductor: returns True\n"}
,{"stream_name":"stdout","time":281.676574666,"data":"deterministic: empty_strided is NaN-filled           eager: returns True                     aot_eager: returns True                     inductor: returns True\n"}
,{"stream_name":"stdout","time":282.802401625,"data":"===== float_arg_cache_matrix.py\n"}
,{"stream_name":"stdout","time":291.832770808,"data":"2.14.0+cu130 FX_GRAPH_CACHE=default AUTOGRAD_CACHE=default\n"}
,{"stream_name":"stdout","time":291.83281383,"data":"    d=0.9: ok\n"}
,{"stream_name":"stdout","time":291.83282157,"data":"    d=0.5: ok\n"}
,{"stream_name":"stdout","time":291.832826921,"data":"    d=0.25: WRONG got [0.75, 1.25, 1.75] want [1.0, 1.75, 2.5]\n"}
,{"stream_name":"stdout","time":291.832832191,"data":"    d=0.75: WRONG got [1.25, 1.75, 2.25] want [1.0, 1.25, 1.5]\n"}
,{"stream_name":"stdout","time":291.832837212,"data":"    d=0.5: ok\n"}
,{"stream_name":"stdout","time":291.832842589,"data":"    d=0.1: WRONG got [0.6, 1.1, 1.6] want [1.0, 1.9, 2.8]\n"}
,{"stream_name":"stdout","time":292.952213436,"data":"===== draft19.py\n"}
,{"stream_name":"stdout","time":318.719616118,"data":"floor      raised RuntimeError, ZeroDivisionError in message: True\n"}
,{"stream_name":"stdout","time":318.719657815,"data":"remainder  raised RuntimeError, ZeroDivisionError in message: True\n"}
,{"stream_name":"stdout","time":318.719696297,"data":"trunc      process died, return code 0xfffffff8\n"}
,{"stream_name":"stdout","time":318.735327479,"data":"JOB DONE\n"}
,{"stream_name":"stderr","time":320.732102267,"data":"/usr/local/lib/python3.12/dist-packages/mistune.py:435: SyntaxWarning: invalid escape sequence '\\|'\n"}
,{"stream_name":"stderr","time":320.732145079,"data":"  cells[i][c] = re.sub('\\\\\\\\\\|', '|', cell)\n"}
,{"stream_name":"stderr","time":320.972652822,"data":"/usr/local/lib/python3.12/dist-packages/nbconvert/filters/filter_links.py:36: SyntaxWarning: invalid escape sequence '\\_'\n"}
,{"stream_name":"stderr","time":320.972698376,"data":"  text = re.sub(r'_', '\\_', text) # Escape underscores in display text\n"}
,{"stream_name":"stderr","time":321.618414659,"data":"[NbConvertApp] Converting notebook __script__.ipynb to html\n"}
,{"stream_name":"stderr","time":322.777018505,"data":"[NbConvertApp] Writing 291034 bytes to __results__.html\n"}
]