torch 2.14.0+cpu; 530 ops to do (0 done); autocast torch.float16
[50/530] view_as_complex: ok (0s, total 182s)
C:\Users\clm\AppData\Local\Python\pythoncore-3.14-64\Lib\site-packages\torch\_inductor\lowering.py:2774: UserWarning: Torchinductor does not support code generation for complex operators. Performance may be worse than eager.
  warnings.warn(
D:\wsl\personal\dr\paper\toxic_compile\plan\scripts\autocast_sweep.py:102: UserWarning: Using torch.cross without specifying the dim arg is deprecated.
Please either pass the dim explicitly or simply use torch.linalg.cross.
The default value of dim will change to agree with that of linalg.cross in a future release. (Triggered internally at C:\actions-runner\_work\pytorch\pytorch\aten\src\ATen\native\Cross.cpp:67.)
  eager = fn(inp, *args, **kwargs); eager_err = None
C:\Users\clm\AppData\Local\Python\pythoncore-3.14-64\Lib\site-packages\torch\_inductor\lowering.py:2487: FutureWarning: `torch._prims_common.check` is deprecated and will be removed in the future. Please use `torch._check*` functions instead.
  check(
C:\Users\clm\AppData\Local\Python\pythoncore-3.14-64\Lib\site-packages\torch\_inductor\lowering.py:2487: FutureWarning: `torch._prims_common.check` is deprecated and will be removed in the future. Please use `torch._check*` functions instead.
  check(
C:\Users\clm\AppData\Local\Python\pythoncore-3.14-64\Lib\site-packages\torch\_inductor\lowering.py:2487: FutureWarning: `torch._prims_common.check` is deprecated and will be removed in the future. Please use `torch._check*` functions instead.
  check(
C:\Users\clm\AppData\Local\Python\pythoncore-3.14-64\Lib\site-packages\torch\_inductor\lowering.py:2487: FutureWarning: `torch._prims_common.check` is deprecated and will be removed in the future. Please use `torch._check*` functions instead.
  check(
C:\Users\clm\AppData\Local\Python\pythoncore-3.14-64\Lib\site-packages\torch\_inductor\lowering.py:2487: FutureWarning: `torch._prims_common.check` is deprecated and will be removed in the future. Please use `torch._check*` functions instead.
  check(
C:\Users\clm\AppData\Local\Python\pythoncore-3.14-64\Lib\site-packages\torch\_inductor\lowering.py:2487: FutureWarning: `torch._prims_common.check` is deprecated and will be removed in the future. Please use `torch._check*` functions instead.
  check(
C:\Users\clm\AppData\Local\Python\pythoncore-3.14-64\Lib\site-packages\torch\_inductor\lowering.py:2487: FutureWarning: `torch._prims_common.check` is deprecated and will be removed in the future. Please use `torch._check*` functions instead.
  check(
C:\Users\clm\AppData\Local\Python\pythoncore-3.14-64\Lib\site-packages\torch\testing\_internal\common_methods_invocations.py:1251: UserWarning: Sparse CSR tensor support is in beta state. If you miss a functionality in the sparse tensor support, please submit a feature request to https://github.com/pytorch/pytorch/issues. (Triggered internally at C:\actions-runner\_work\pytorch\pytorch\aten\src\ATen\SparseCsrTensorImpl.cpp:51.)
  .to_sparse_csr()
[100/530] le: ok (6s, total 348s)
[150/530] nn.functional.linear_cross_entropy: ok (1s, total 528s)
[200/530] max_pool2d_with_indices_backward: ok (4s, total 759s)
[250/530] round: ok (3s, total 946s)
[300/530] polygamma: ok (7s, total 1088s)
D:\wsl\personal\dr\paper\toxic_compile\plan\scripts\autocast_sweep.py:102: UserWarning: The reduce argument of torch.scatter with Tensor src is deprecated and will be removed in a future PyTorch release. Use torch.scatter_reduce instead for more reduction options. (Triggered internally at C:\actions-runner\_work\pytorch\pytorch\aten\src\ATen\native\TensorAdvancedIndexing.cpp:227.)
  for si, s in enumerate(samples):
C:\Users\clm\AppData\Local\Python\pythoncore-3.14-64\Lib\site-packages\torch\testing\_internal\common_methods_invocations.py:19760: UserWarning: ComplexHalf support is experimental and many operators don't support it yet. (Triggered internally at C:\actions-runner\_work\pytorch\pytorch\aten\src\ATen\EmptyTensor.cpp:55.)
  op=lambda x, *args, **kwargs: x.chalf(*args, **kwargs),
[350/530] scatter_add: ok (0s, total 1204s)
C:\Users\clm\AppData\Local\Python\pythoncore-3.14-64\Lib\site-packages\torch\_inductor\lowering.py:2487: FutureWarning: `torch._prims_common.check` is deprecated and will be removed in the future. Please use `torch._check*` functions instead.
  check(
C:\Users\clm\AppData\Local\Python\pythoncore-3.14-64\Lib\site-packages\torch\_inductor\lowering.py:2487: FutureWarning: `torch._prims_common.check` is deprecated and will be removed in the future. Please use `torch._check*` functions instead.
  check(
[400/530] erfinv: ok (4s, total 1346s)
[450/530] nn.functional.pixel_unshuffle: ok (4s, total 1545s)
C:\Users\clm\AppData\Local\Python\pythoncore-3.14-64\Lib\site-packages\torch\_inductor\lowering.py:2487: FutureWarning: `torch._prims_common.check` is deprecated and will be removed in the future. Please use `torch._check*` functions instead.
  check(
C:\Users\clm\AppData\Local\Python\pythoncore-3.14-64\Lib\site-packages\torch\_inductor\lowering.py:2487: FutureWarning: `torch._prims_common.check` is deprecated and will be removed in the future. Please use `torch._check*` functions instead.
  check(
[500/530] special.laguerre_polynomial_l: ok (7s, total 1729s)
SWEEP DONE
