D:\wsl\personal\dr\paper\toxic_compile\plan\scripts\compiled_autograd_diff.py:23: UserWarning: Using torch.cross without specifying the dim arg is deprecated.
Please either pass the dim explicitly or simply use torch.linalg.cross.
The default value of dim will change to agree with that of linalg.cross in a future release. (Triggered internally at C:\actions-runner\_work\pytorch\pytorch\aten\src\ATen\native\Cross.cpp:67.)
  out = fn(inp, *args, **kwargs)
C:\Users\clm\AppData\Local\Python\pythoncore-3.14-64\Lib\site-packages\torch\functional.py:680: UserWarning: A window was not provided. A rectangular window will be applied,which is known to cause spectral leakage. Other windows such as torch.hann_window or torch.hamming_window are recommended to reduce spectral leakage.To suppress this warning and use a rectangular window, explicitly set `window=torch.ones(n_fft, device=<device>)`. (Triggered internally at C:\actions-runner\_work\pytorch\pytorch\aten\src\ATen\native\SpectralOps.cpp:860.)
  return _VF.stft(  # type: ignore[attr-defined]
C:\Users\clm\AppData\Local\Python\pythoncore-3.14-64\Lib\site-packages\torch\testing\_internal\common_methods_invocations.py:1251: UserWarning: Sparse CSR tensor support is in beta state. If you miss a functionality in the sparse tensor support, please submit a feature request to https://github.com/pytorch/pytorch/issues. (Triggered internally at C:\actions-runner\_work\pytorch\pytorch\aten\src\ATen\SparseCsrTensorImpl.cpp:51.)
  .to_sparse_csr()
C:\Users\clm\AppData\Local\Python\pythoncore-3.14-64\Lib\site-packages\torch\functional.py:2208: UserWarning: torch.lu is deprecated in favor of torch.linalg.lu_factor / torch.linalg.lu_factor_ex and will be removed in a future PyTorch release.
LU, pivots = torch.lu(A, compute_pivots)
should be replaced with
LU, pivots = torch.linalg.lu_factor(A, compute_pivots)
and
LU, pivots, info = torch.lu(A, compute_pivots, get_infos=True)
should be replaced with
LU, pivots, info = torch.linalg.lu_factor_ex(A, compute_pivots) (Triggered internally at C:\actions-runner\_work\pytorch\pytorch\aten\src\ATen\native\BatchLinearAlgebra.cpp:2066.)
  return torch._lu_with_info(A, pivot=pivot, check_errors=(not get_infos))
D:\wsl\personal\dr\paper\toxic_compile\plan\scripts\compiled_autograd_diff.py:23: UserWarning: torch.lu_solve is deprecated in favor of torch.linalg.lu_solveand will be removed in a future PyTorch release.
Note that torch.linalg.lu_solve has its arguments reversed.
X = torch.lu_solve(B, LU, pivots)
should be replaced with
X = torch.linalg.lu_solve(LU, pivots, B) (Triggered internally at C:\actions-runner\_work\pytorch\pytorch\aten\src\ATen\native\BatchLinearAlgebra.cpp:2220.)
  out = fn(inp, *args, **kwargs)
E0912 22:00:43.054000 6884 site-packages\torch\_subclasses\fake_tensor.py:3212] [!0/0/0] failed while attempting to run meta for aten.upsample_nearest1d_backward.default
E0912 22:00:43.054000 6884 site-packages\torch\_subclasses\fake_tensor.py:3212] [!0/0/0] Traceback (most recent call last):
E0912 22:00:43.054000 6884 site-packages\torch\_subclasses\fake_tensor.py:3212] [!0/0/0]   File "C:\Users\clm\AppData\Local\Python\pythoncore-3.14-64\Lib\site-packages\torch\_subclasses\fake_tensor.py", line 3208, in _dispatch_impl
E0912 22:00:43.054000 6884 site-packages\torch\_subclasses\fake_tensor.py:3212] [!0/0/0]     r = func(*args, **kwargs)
E0912 22:00:43.054000 6884 site-packages\torch\_subclasses\fake_tensor.py:3212] [!0/0/0]   File "C:\Users\clm\AppData\Local\Python\pythoncore-3.14-64\Lib\site-packages\torch\_ops.py", line 916, in __call__
E0912 22:00:43.054000 6884 site-packages\torch\_subclasses\fake_tensor.py:3212] [!0/0/0]     return self._op(*args, **kwargs)
E0912 22:00:43.054000 6884 site-packages\torch\_subclasses\fake_tensor.py:3212] [!0/0/0]            ~~~~~~~~^^^^^^^^^^^^^^^^^
E0912 22:00:43.054000 6884 site-packages\torch\_subclasses\fake_tensor.py:3212] [!0/0/0] RuntimeError: isIntList() INTERNAL ASSERT FAILED at "C:\\actions-runner\\_work\\pytorch\\pytorch\\aten\\src\\ATen/core/ivalue_inl.h":1981, please report a bug to PyTorch. Expected IntList but got GenericList
E0912 22:00:43.306000 6884 site-packages\torch\_subclasses\fake_tensor.py:3212] [!0/0/0] failed while attempting to run meta for aten._upsample_nearest_exact1d_backward.default
E0912 22:00:43.306000 6884 site-packages\torch\_subclasses\fake_tensor.py:3212] [!0/0/0] Traceback (most recent call last):
E0912 22:00:43.306000 6884 site-packages\torch\_subclasses\fake_tensor.py:3212] [!0/0/0]   File "C:\Users\clm\AppData\Local\Python\pythoncore-3.14-64\Lib\site-packages\torch\_subclasses\fake_tensor.py", line 3208, in _dispatch_impl
E0912 22:00:43.306000 6884 site-packages\torch\_subclasses\fake_tensor.py:3212] [!0/0/0]     r = func(*args, **kwargs)
E0912 22:00:43.306000 6884 site-packages\torch\_subclasses\fake_tensor.py:3212] [!0/0/0]   File "C:\Users\clm\AppData\Local\Python\pythoncore-3.14-64\Lib\site-packages\torch\_ops.py", line 916, in __call__
E0912 22:00:43.306000 6884 site-packages\torch\_subclasses\fake_tensor.py:3212] [!0/0/0]     return self._op(*args, **kwargs)
E0912 22:00:43.306000 6884 site-packages\torch\_subclasses\fake_tensor.py:3212] [!0/0/0]            ~~~~~~~~^^^^^^^^^^^^^^^^^
E0912 22:00:43.306000 6884 site-packages\torch\_subclasses\fake_tensor.py:3212] [!0/0/0] RuntimeError: isIntList() INTERNAL ASSERT FAILED at "C:\\actions-runner\\_work\\pytorch\\pytorch\\aten\\src\\ATen/core/ivalue_inl.h":1981, please report a bug to PyTorch. Expected IntList but got GenericList
E0912 22:00:43.451000 6884 site-packages\torch\_subclasses\fake_tensor.py:3212] [!0/0/0] failed while attempting to run meta for aten.upsample_linear1d_backward.default
E0912 22:00:43.451000 6884 site-packages\torch\_subclasses\fake_tensor.py:3212] [!0/0/0] Traceback (most recent call last):
E0912 22:00:43.451000 6884 site-packages\torch\_subclasses\fake_tensor.py:3212] [!0/0/0]   File "C:\Users\clm\AppData\Local\Python\pythoncore-3.14-64\Lib\site-packages\torch\_subclasses\fake_tensor.py", line 3208, in _dispatch_impl
E0912 22:00:43.451000 6884 site-packages\torch\_subclasses\fake_tensor.py:3212] [!0/0/0]     r = func(*args, **kwargs)
E0912 22:00:43.451000 6884 site-packages\torch\_subclasses\fake_tensor.py:3212] [!0/0/0]   File "C:\Users\clm\AppData\Local\Python\pythoncore-3.14-64\Lib\site-packages\torch\_ops.py", line 916, in __call__
E0912 22:00:43.451000 6884 site-packages\torch\_subclasses\fake_tensor.py:3212] [!0/0/0]     return self._op(*args, **kwargs)
E0912 22:00:43.451000 6884 site-packages\torch\_subclasses\fake_tensor.py:3212] [!0/0/0]            ~~~~~~~~^^^^^^^^^^^^^^^^^
E0912 22:00:43.451000 6884 site-packages\torch\_subclasses\fake_tensor.py:3212] [!0/0/0] RuntimeError: isIntList() INTERNAL ASSERT FAILED at "C:\\actions-runner\\_work\\pytorch\\pytorch\\aten\\src\\ATen/core/ivalue_inl.h":1981, please report a bug to PyTorch. Expected IntList but got GenericList
E0912 22:00:43.613000 6884 site-packages\torch\_subclasses\fake_tensor.py:3212] [!0/0/0] failed while attempting to run meta for aten.upsample_bilinear2d_backward.default
E0912 22:00:43.613000 6884 site-packages\torch\_subclasses\fake_tensor.py:3212] [!0/0/0] Traceback (most recent call last):
E0912 22:00:43.613000 6884 site-packages\torch\_subclasses\fake_tensor.py:3212] [!0/0/0]   File "C:\Users\clm\AppData\Local\Python\pythoncore-3.14-64\Lib\site-packages\torch\_subclasses\fake_tensor.py", line 3208, in _dispatch_impl
E0912 22:00:43.613000 6884 site-packages\torch\_subclasses\fake_tensor.py:3212] [!0/0/0]     r = func(*args, **kwargs)
E0912 22:00:43.613000 6884 site-packages\torch\_subclasses\fake_tensor.py:3212] [!0/0/0]   File "C:\Users\clm\AppData\Local\Python\pythoncore-3.14-64\Lib\site-packages\torch\_ops.py", line 916, in __call__
E0912 22:00:43.613000 6884 site-packages\torch\_subclasses\fake_tensor.py:3212] [!0/0/0]     return self._op(*args, **kwargs)
E0912 22:00:43.613000 6884 site-packages\torch\_subclasses\fake_tensor.py:3212] [!0/0/0]            ~~~~~~~~^^^^^^^^^^^^^^^^^
E0912 22:00:43.613000 6884 site-packages\torch\_subclasses\fake_tensor.py:3212] [!0/0/0] RuntimeError: isIntList() INTERNAL ASSERT FAILED at "C:\\actions-runner\\_work\\pytorch\\pytorch\\aten\\src\\ATen/core/ivalue_inl.h":1981, please report a bug to PyTorch. Expected IntList but got GenericList
E0912 22:00:43.757000 6884 site-packages\torch\_subclasses\fake_tensor.py:3212] [!0/0/0] failed while attempting to run meta for aten.upsample_bicubic2d_backward.default
E0912 22:00:43.757000 6884 site-packages\torch\_subclasses\fake_tensor.py:3212] [!0/0/0] Traceback (most recent call last):
E0912 22:00:43.757000 6884 site-packages\torch\_subclasses\fake_tensor.py:3212] [!0/0/0]   File "C:\Users\clm\AppData\Local\Python\pythoncore-3.14-64\Lib\site-packages\torch\_subclasses\fake_tensor.py", line 3208, in _dispatch_impl
E0912 22:00:43.757000 6884 site-packages\torch\_subclasses\fake_tensor.py:3212] [!0/0/0]     r = func(*args, **kwargs)
E0912 22:00:43.757000 6884 site-packages\torch\_subclasses\fake_tensor.py:3212] [!0/0/0]   File "C:\Users\clm\AppData\Local\Python\pythoncore-3.14-64\Lib\site-packages\torch\_ops.py", line 916, in __call__
E0912 22:00:43.757000 6884 site-packages\torch\_subclasses\fake_tensor.py:3212] [!0/0/0]     return self._op(*args, **kwargs)
E0912 22:00:43.757000 6884 site-packages\torch\_subclasses\fake_tensor.py:3212] [!0/0/0]            ~~~~~~~~^^^^^^^^^^^^^^^^^
E0912 22:00:43.757000 6884 site-packages\torch\_subclasses\fake_tensor.py:3212] [!0/0/0] RuntimeError: isIntList() INTERNAL ASSERT FAILED at "C:\\actions-runner\\_work\\pytorch\\pytorch\\aten\\src\\ATen/core/ivalue_inl.h":1981, please report a bug to PyTorch. Expected IntList but got GenericList
E0912 22:00:43.946000 6884 site-packages\torch\_subclasses\fake_tensor.py:3212] [!0/0/0] failed while attempting to run meta for aten.upsample_trilinear3d_backward.default
E0912 22:00:43.946000 6884 site-packages\torch\_subclasses\fake_tensor.py:3212] [!0/0/0] Traceback (most recent call last):
E0912 22:00:43.946000 6884 site-packages\torch\_subclasses\fake_tensor.py:3212] [!0/0/0]   File "C:\Users\clm\AppData\Local\Python\pythoncore-3.14-64\Lib\site-packages\torch\_subclasses\fake_tensor.py", line 3208, in _dispatch_impl
E0912 22:00:43.946000 6884 site-packages\torch\_subclasses\fake_tensor.py:3212] [!0/0/0]     r = func(*args, **kwargs)
E0912 22:00:43.946000 6884 site-packages\torch\_subclasses\fake_tensor.py:3212] [!0/0/0]   File "C:\Users\clm\AppData\Local\Python\pythoncore-3.14-64\Lib\site-packages\torch\_ops.py", line 916, in __call__
E0912 22:00:43.946000 6884 site-packages\torch\_subclasses\fake_tensor.py:3212] [!0/0/0]     return self._op(*args, **kwargs)
E0912 22:00:43.946000 6884 site-packages\torch\_subclasses\fake_tensor.py:3212] [!0/0/0]            ~~~~~~~~^^^^^^^^^^^^^^^^^
E0912 22:00:43.946000 6884 site-packages\torch\_subclasses\fake_tensor.py:3212] [!0/0/0] RuntimeError: isIntList() INTERNAL ASSERT FAILED at "C:\\actions-runner\\_work\\pytorch\\pytorch\\aten\\src\\ATen/core/ivalue_inl.h":1981, please report a bug to PyTorch. Expected IntList but got GenericList
D:\wsl\personal\dr\paper\toxic_compile\plan\scripts\compiled_autograd_diff.py:23: UserWarning: `nn.functional.upsample_bilinear` is deprecated. Use `nn.functional.interpolate` instead.
  out = fn(inp, *args, **kwargs)
E0912 22:00:44.468000 6884 site-packages\torch\_subclasses\fake_tensor.py:3212] [!0/0/0] failed while attempting to run meta for aten.upsample_bilinear2d_backward.default
E0912 22:00:44.468000 6884 site-packages\torch\_subclasses\fake_tensor.py:3212] [!0/0/0] Traceback (most recent call last):
E0912 22:00:44.468000 6884 site-packages\torch\_subclasses\fake_tensor.py:3212] [!0/0/0]   File "C:\Users\clm\AppData\Local\Python\pythoncore-3.14-64\Lib\site-packages\torch\_subclasses\fake_tensor.py", line 3208, in _dispatch_impl
E0912 22:00:44.468000 6884 site-packages\torch\_subclasses\fake_tensor.py:3212] [!0/0/0]     r = func(*args, **kwargs)
E0912 22:00:44.468000 6884 site-packages\torch\_subclasses\fake_tensor.py:3212] [!0/0/0]   File "C:\Users\clm\AppData\Local\Python\pythoncore-3.14-64\Lib\site-packages\torch\_ops.py", line 916, in __call__
E0912 22:00:44.468000 6884 site-packages\torch\_subclasses\fake_tensor.py:3212] [!0/0/0]     return self._op(*args, **kwargs)
E0912 22:00:44.468000 6884 site-packages\torch\_subclasses\fake_tensor.py:3212] [!0/0/0]            ~~~~~~~~^^^^^^^^^^^^^^^^^
E0912 22:00:44.468000 6884 site-packages\torch\_subclasses\fake_tensor.py:3212] [!0/0/0] RuntimeError: isIntList() INTERNAL ASSERT FAILED at "C:\\actions-runner\\_work\\pytorch\\pytorch\\aten\\src\\ATen/core/ivalue_inl.h":1981, please report a bug to PyTorch. Expected IntList but got GenericList
D:\wsl\personal\dr\paper\toxic_compile\plan\scripts\compiled_autograd_diff.py:23: UserWarning: `nn.functional.upsample_nearest` is deprecated. Use `nn.functional.interpolate` instead.
  out = fn(inp, *args, **kwargs)
E0912 22:00:45.013000 6884 site-packages\torch\_subclasses\fake_tensor.py:3212] [!0/0/0] failed while attempting to run meta for aten.upsample_nearest1d_backward.default
E0912 22:00:45.013000 6884 site-packages\torch\_subclasses\fake_tensor.py:3212] [!0/0/0] Traceback (most recent call last):
E0912 22:00:45.013000 6884 site-packages\torch\_subclasses\fake_tensor.py:3212] [!0/0/0]   File "C:\Users\clm\AppData\Local\Python\pythoncore-3.14-64\Lib\site-packages\torch\_subclasses\fake_tensor.py", line 3208, in _dispatch_impl
E0912 22:00:45.013000 6884 site-packages\torch\_subclasses\fake_tensor.py:3212] [!0/0/0]     r = func(*args, **kwargs)
E0912 22:00:45.013000 6884 site-packages\torch\_subclasses\fake_tensor.py:3212] [!0/0/0]   File "C:\Users\clm\AppData\Local\Python\pythoncore-3.14-64\Lib\site-packages\torch\_ops.py", line 916, in __call__
E0912 22:00:45.013000 6884 site-packages\torch\_subclasses\fake_tensor.py:3212] [!0/0/0]     return self._op(*args, **kwargs)
E0912 22:00:45.013000 6884 site-packages\torch\_subclasses\fake_tensor.py:3212] [!0/0/0]            ~~~~~~~~^^^^^^^^^^^^^^^^^
E0912 22:00:45.013000 6884 site-packages\torch\_subclasses\fake_tensor.py:3212] [!0/0/0] RuntimeError: isIntList() INTERNAL ASSERT FAILED at "C:\\actions-runner\\_work\\pytorch\\pytorch\\aten\\src\\ATen/core/ivalue_inl.h":1981, please report a bug to PyTorch. Expected IntList but got GenericList
D:\wsl\personal\dr\paper\toxic_compile\plan\scripts\compiled_autograd_diff.py:23: UserWarning: torch.triangular_solve is deprecated in favor of torch.linalg.solve_triangularand will be removed in a future PyTorch release.
torch.linalg.solve_triangular has its arguments reversed and does not return a copy of one of the inputs.
X = torch.triangular_solve(B, A).solution
should be replaced with
X = torch.linalg.solve_triangular(A, B). (Triggered internally at C:\actions-runner\_work\pytorch\pytorch\aten\src\ATen\native\BatchLinearAlgebra.cpp:2262.)
  out = fn(inp, *args, **kwargs)
D:\wsl\personal\dr\paper\toxic_compile\plan\scripts\compiled_autograd_diff.py:23: UserWarning: index_reduce() is in beta and the API may change at any time. (Triggered internally at C:\actions-runner\_work\pytorch\pytorch\aten\src\ATen\native\TensorAdvancedIndexing.cpp:1524.)
  out = fn(inp, *args, **kwargs)
C:\Users\clm\AppData\Local\Python\pythoncore-3.14-64\Lib\site-packages\torch\testing\_internal\common_methods_invocations.py:19760: UserWarning: ComplexHalf support is experimental and many operators don't support it yet. (Triggered internally at C:\actions-runner\_work\pytorch\pytorch\aten\src\ATen\EmptyTensor.cpp:55.)
  op=lambda x, *args, **kwargs: x.chalf(*args, **kwargs),
C:\Users\clm\AppData\Local\Python\pythoncore-3.14-64\Lib\site-packages\torch\testing\_utils.py:18: UserWarning: dropout2d: Received a 3D input to dropout2d and assuming that channel-wise 1D dropout behavior is desired - input is interpreted as shape (N, C, L), where C is the channel dim. This behavior will change in a future release to interpret the input as one without a batch dimension, i.e. shape (C, H, W). To maintain the 1D channel-wise dropout behavior, please switch to using dropout1d instead.
  output = op(*args, **kwargs)
