isolated decomp sweep: 595 operators, 0 already done, 595 to go
[25/595] abs .. atan
  DECOMP bmm                                  zero_dim       [exception] exception type differs: RuntimeError vs IndexError :: tuple index ou  confirmed=False
  DECOMP mv                                   zero_dim       [exception] exception type differs: IndexError vs RuntimeError :: matrix @ vecto  confirmed=True
  DECOMP mv                                   dtype_bool     [exception] ref raised RuntimeError, test returned normally  confirmed=True
  DECOMP bmm                                  size1_dim0     [exception] ref raised RuntimeError, test returned normally  confirmed=False
  DECOMP bmm                                  zero_dim       [exception] exception type differs: RuntimeError vs IndexError :: tuple index ou  confirmed=False
  DECOMP bmm                                  dtype_bool     [exception] ref raised RuntimeError, test returned normally  confirmed=False
[50/595] atan2 .. view_as_complex
[75/595] complex .. diagonal
  DECOMP cross                                dtype_bool     [exception] ref raised NotImplementedError, test returned normally  confirmed=True
  META   expand                               zero_dim       fake-tensor path raised RuntimeError: Trying to create tensor with negative dime
[100/595] diagonal_copy .. le
  DECOMP frac                                 dtype_int64    [exception] ref raised NotImplementedError, test returned normally  confirmed=True
  DECOMP stft                                 empty_dim0     [exception] exception type differs: RuntimeError vs IndexError :: index is out o  confirmed=False
  DECOMP stft                                 size1_dim0     [exception] exception type differs: RuntimeError vs IndexError :: index -5 is ou  confirmed=False
  DECOMP stft                                 zero_dim       [exception] exception type differs: RuntimeError vs IndexError :: index -5 is ou  confirmed=False
  DECOMP stft                                 empty_last     [exception] exception type differs: RuntimeError vs IndexError :: index is out o  confirmed=False
  DECOMP stft                                 size1_last     [exception] exception type differs: RuntimeError vs IndexError :: index -8 is ou  confirmed=False
  DECOMP stft                                 zero_dim       [exception] exception type differs: RuntimeError vs IndexError :: index -8 is ou  confirmed=False
  DECOMP isin                                 dtype_bool     [exception] ref raised RuntimeError, test returned normally  confirmed=False
[125/595] linspace .. var_mean
  DECOMP logaddexp                            dtype_int64    [exception] ref raised NotImplementedError, test returned normally  confirmed=True
  DECOMP logaddexp2                           dtype_int64    [exception] ref raised NotImplementedError, test returned normally  confirmed=True
[150/595] var_mean .. nn.functional.linear_cross_entropy
  DECOMP std_mean                             huge           [value] output[0]: NaN/Inf pattern differs from the float64 truth  confirmed=True
  DECOMP std_mean                             huge           [value] output[0]: NaN/Inf pattern differs from the float64 truth  confirmed=True
  DECOMP heaviside                            dtype_bool     [exception] ref raised RuntimeError, test returned normally  confirmed=True
  DECOMP softmax                              dtype_int64    [exception] test raised RuntimeError, ref returned normally :: value cannot be c  confirmed=True
  DECOMP softmax                              dtype_bool     [exception] test raised NotImplementedError, ref returned normally :: Subtractio  confirmed=True
  DECOMP softmax                              dtype_int64    [exception] ref raised NotImplementedError, test returned normally  confirmed=True
  DECOMP nn.functional.softmin                dtype_int64    [exception] ref raised NotImplementedError, test returned normally  confirmed=True
  DECOMP nn.functional.cross_entropy          empty_last     [exception] exception type differs: IndexError vs RuntimeError :: index 0 is out  confirmed=True
  DECOMP nn.functional.cross_entropy          dtype_int64    [exception] ref raised NotImplementedError, test returned normally  confirmed=True
[175/595] nn.functional.linear_cross_entropy .. nn.functional.conv1d
  DECOMP nn.functional.linear_cross_entropy   dtype_bool     [exception] ref raised RuntimeError, test returned normally  confirmed=False
  DECOMP nn.functional.linear_cross_entropy   dtype_float16  [exception] ref raised RuntimeError, test returned normally  confirmed=False
  DECOMP nn.functional.linear_cross_entropy   dtype_bfloat16 [exception] ref raised RuntimeError, test returned normally  confirmed=False
  META   native_group_norm                    base           output[0] stride (90, 15, 3, 1) vs real (90, 1, 18, 6)
  META   native_group_norm                    noncontig      output[0] stride (90, 15, 3, 1) vs real (90, 1, 18, 6)
  META   native_group_norm                    channels_last  output[0] stride (90, 15, 3, 1) vs real (90, 1, 18, 6)
  DECOMP native_group_norm                    dtype_int64    [exception] exception type differs: NotImplementedError vs RuntimeError :: var_m  confirmed=True
  META   native_group_norm                    huge           output[0] stride (90, 15, 3, 1) vs real (90, 1, 18, 6)
  META   native_group_norm                    tiny           output[0] stride (90, 15, 3, 1) vs real (90, 1, 18, 6)
  META   native_group_norm                    dtype_float16  output[0] stride (90, 15, 3, 1) vs real (90, 1, 18, 6)
  META   native_group_norm                    dtype_bfloat16 output[0] stride (90, 15, 3, 1) vs real (90, 1, 18, 6)
  DECOMP native_group_norm                    empty_last     [exception] test raised RuntimeError, ref returned normally :: The size of tenso  confirmed=True
  META   native_group_norm                    empty_last     fake-tensor path raised RuntimeError: Attempting to broadcast a dimension of len
  DECOMP native_group_norm                    size1_last     [metadata] output[0].shape: (0, 1) vs (0, 2)  confirmed=True
  META   native_group_norm                    size1_last     output[0] shape (0, 2) vs real (0, 1)
  DECOMP native_group_norm                    dtype_int64    [exception] test raised RuntimeError, ref returned normally :: var_mean only sup  confirmed=True
  META   native_group_norm                    dtype_int64    fake-tensor path raised RuntimeError: mean(): could not infer output dtype. Inpu
  DECOMP native_layer_norm                    dtype_int64    [exception] exception type differs: NotImplementedError vs RuntimeError :: var_m  confirmed=True
  DECOMP native_layer_norm                    dtype_bool     [exception] exception type differs: NotImplementedError vs RuntimeError :: var_m  confirmed=True
  DECOMP native_batch_norm                    empty_dim0     [exception] ref raised RuntimeError, test returned normally  confirmed=True
  DECOMP native_batch_norm                    empty_last     [exception] ref raised RuntimeError, test returned normally  confirmed=True
  DECOMP native_batch_norm                    zero_dim       [exception] ref raised RuntimeError, test returned normally  confirmed=True
  DECOMP native_batch_norm                    dtype_int64    [exception] exception type differs: NotImplementedError vs RuntimeError :: var_m  confirmed=True
  DECOMP native_batch_norm                    dtype_bool     [exception] exception type differs: NotImplementedError vs RuntimeError :: var_m  confirmed=True
  DECOMP native_batch_norm                    prime_all      [exception] test raised RuntimeError, ref returned normally :: The size of tenso  confirmed=True
  META   native_batch_norm                    prime_all      fake-tensor path raised RuntimeError: Attempting to broadcast a dimension of len
  DECOMP native_batch_norm                    dtype_int64    [exception] ref raised NotImplementedError, test returned normally  confirmed=True
  DECOMP nn.functional.adaptive_max_pool1d    dtype_int64    [exception] ref raised NotImplementedError, test returned normally  confirmed=True
  DECOMP nn.functional.adaptive_max_pool1d    dtype_bool     [exception] exception type differs: NotImplementedError vs RuntimeError :: argma  confirmed=True
  DECOMP nn.functional.adaptive_max_pool3d    dtype_int64    [exception] ref raised NotImplementedError, test returned normally  confirmed=True
  DECOMP nn.functional.adaptive_max_pool3d    dtype_bool     [exception] exception type differs: NotImplementedError vs RuntimeError :: argma  confirmed=True
[200/595] nn.functional.conv2d .. nn.functional.upsample_nearest
  DECOMP nn.functional.instance_norm          dtype_int64    [exception] exception type differs: NotImplementedError vs RuntimeError :: var_m  confirmed=True
  DECOMP nn.functional.instance_norm          dtype_bool     [exception] exception type differs: NotImplementedError vs RuntimeError :: var_m  confirmed=True
  DECOMP nn.functional.layer_norm             dtype_int64    [exception] exception type differs: NotImplementedError vs RuntimeError :: var_m  confirmed=True
  DECOMP nn.functional.layer_norm             dtype_bool     [exception] exception type differs: NotImplementedError vs RuntimeError :: var_m  confirmed=True
  DECOMP nn.functional.pad                    empty_dim0     [exception] ref raised RuntimeError, test returned normally  confirmed=False
  DECOMP nn.functional.pad                    empty_last     [exception] exception type differs: RuntimeError vs IndexError :: index is out o  confirmed=False
  DECOMP nn.functional.pad                    size1_last     [exception] exception type differs: RuntimeError vs IndexError :: index -2 is ou  confirmed=False
  DECOMP nn.functional.pad                    dtype_bool     [exception] ref raised NotImplementedError, test returned normally  confirmed=True
  DECOMP nn.functional.pad                    size1_last     [exception] ref raised RuntimeError, test returned normally  confirmed=False
  DECOMP nn.functional.pad                    empty_last     [exception] exception type differs: RuntimeError vs IndexError :: index is out o  confirmed=False
  DECOMP nn.functional.pad                    dtype_bool     [exception] ref raised NotImplementedError, test returned normally  confirmed=True
  DECOMP nn.functional.pad                    empty_last     [exception] exception type differs: RuntimeError vs IndexError :: index is out o  confirmed=False
  DECOMP nn.functional.pad                    dtype_bool     [exception] ref raised NotImplementedError, test returned normally  confirmed=True
  DECOMP nn.functional.hardswish              dtype_int64    [exception] ref raised NotImplementedError, test returned normally  confirmed=True
  DECOMP nn.functional.hardswish              dtype_bool     [exception] ref raised NotImplementedError, test returned normally  confirmed=True
  DECOMP nn.functional.unfold                 zero_dim       [exception] exception type differs: IndexError vs RuntimeError :: Expected 3D or  confirmed=True
  DECOMP nn.functional.unfold                 dtype_int64    [exception] ref raised NotImplementedError, test returned normally  confirmed=True
  META   nn.functional.interpolate            empty_dim0     fake-tensor path raised TypeError: cond must be a bool, but got <class 'int'>
  DECOMP nn.functional.interpolate            empty_last     [exception] exception type differs: RuntimeError vs ZeroDivisionError :: divisio  confirmed=True
  DECOMP nn.functional.interpolate            dtype_int64    [exception] ref raised NotImplementedError, test returned normally  confirmed=True
  DECOMP nn.functional.interpolate            dtype_bool     [exception] ref raised NotImplementedError, test returned normally  confirmed=True
  META   nn.functional.interpolate            empty_dim0     fake-tensor path raised TypeError: cond must be a bool, but got <class 'int'>
  DECOMP nn.functional.interpolate            empty_last     [exception] exception type differs: RuntimeError vs IndexError :: index is out o  confirmed=True
  DECOMP nn.functional.interpolate            dtype_int64    [exception] ref raised NotImplementedError, test returned normally  confirmed=True
  DECOMP nn.functional.interpolate            dtype_bool     [exception] ref raised NotImplementedError, test returned normally  confirmed=True
  DECOMP nn.functional.interpolate            empty_last     [exception] exception type differs: RuntimeError vs ZeroDivisionError :: divisio  confirmed=True
  DECOMP nn.functional.interpolate            size1_last     [exception] exception type differs: RuntimeError vs ZeroDivisionError :: divisio  confirmed=True
  DECOMP nn.functional.interpolate            empty_last     [exception] exception type differs: RuntimeError vs IndexError :: index is out o  confirmed=True
  DECOMP nn.functional.interpolate            dtype_int64    [exception] ref raised NotImplementedError, test returned normally  confirmed=True
  DECOMP nn.functional.interpolate            dtype_bool     [exception] ref raised NotImplementedError, test returned normally  confirmed=True
  DECOMP nn.functional.interpolate            empty_last     [exception] exception type differs: RuntimeError vs ZeroDivisionError :: divisio  confirmed=True
  DECOMP nn.functional.soft_margin_loss       size1_dim0     [exception] ref raised RuntimeError, test returned normally  confirmed=True
  DECOMP nn.functional.soft_margin_loss       zero_dim       [exception] ref raised RuntimeError, test returned normally  confirmed=True
  DECOMP nn.functional.soft_margin_loss       dtype_int64    [exception] ref raised RuntimeError, test returned normally  confirmed=True
  DECOMP nn.functional.soft_margin_loss       dtype_bool     [exception] ref raised NotImplementedError, test returned normally  confirmed=True
  META   nn.functional.upsample_nearest       empty_dim0     fake-tensor path raised TypeError: cond must be a bool, but got <class 'int'>
  DECOMP nn.functional.upsample_nearest       empty_last     [exception] exception type differs: RuntimeError vs ZeroDivisionError :: divisio  confirmed=True
  DECOMP nn.functional.upsample_nearest       dtype_int64    [exception] ref raised NotImplementedError, test returned normally  confirmed=True
  DECOMP nn.functional.upsample_nearest       dtype_bool     [exception] ref raised NotImplementedError, test returned normally  confirmed=True
  DECOMP nn.functional.upsample_nearest       empty_last     [exception] exception type differs: RuntimeError vs IndexError :: index is out o  confirmed=True
[225/595] nn.functional.margin_ranking_loss .. nn.functional.scaled_dot_product_attention
  DECOMP nn.functional.multi_margin_loss      dtype_int64    [exception] ref raised NotImplementedError, test returned normally  confirmed=True
  DECOMP nn.functional.multi_margin_loss      nan_inf        [value] output[0]: NaN/Inf pattern differs from the float64 truth  confirmed=True
  DECOMP nn.functional.multi_margin_loss      dtype_float16  [exception] ref raised NotImplementedError, test returned normally  confirmed=True
  DECOMP nn.functional.multi_margin_loss      dtype_bfloat16 [exception] ref raised NotImplementedError, test returned normally  confirmed=True
  DECOMP nn.functional.multilabel_margin_loss dtype_int64    [exception] ref raised NotImplementedError, test returned normally  confirmed=True
  DECOMP nn.functional.multilabel_margin_loss dtype_float16  [exception] ref raised NotImplementedError, test returned normally  confirmed=True
  DECOMP nn.functional.multilabel_margin_loss dtype_bfloat16 [exception] ref raised NotImplementedError, test returned normally  confirmed=True
  DECOMP nn.functional.multilabel_margin_loss nan_inf        [value] output[0]: NaN/Inf pattern differs from the float64 truth  confirmed=True
  DECOMP nn.functional.multilabel_soft_margin_loss dtype_int64    [exception] ref raised NotImplementedError, test returned normally  confirmed=True
  DECOMP nn.functional.max_pool1d             dtype_int64    [exception] ref raised NotImplementedError, test returned normally  confirmed=True
  DECOMP nn.functional.max_pool2d             size1_last     [value] output[1]: non-float values differ exactly  confirmed=True
  DECOMP max_pool2d_with_indices_backward     dtype_int64    [exception] ref raised NotImplementedError, test returned normally  confirmed=True
  DECOMP nn.functional.max_unpool1d           dtype_int64    [exception] ref raised NotImplementedError, test returned normally  confirmed=True
  DECOMP nn.functional.max_unpool1d           dtype_bool     [exception] ref raised NotImplementedError, test returned normally  confirmed=True
  DECOMP nn.functional.max_unpool1d           dtype_int64    [exception] ref raised NotImplementedError, test returned normally  confirmed=True
  DECOMP nn.functional.max_unpool1d           dtype_bool     [exception] ref raised NotImplementedError, test returned normally  confirmed=True
  DECOMP nn.functional.max_unpool2d           dtype_int64    [exception] ref raised NotImplementedError, test returned normally  confirmed=True
  DECOMP nn.functional.max_unpool2d           dtype_bool     [exception] ref raised NotImplementedError, test returned normally  confirmed=True
  DECOMP nn.functional.max_unpool2d           dtype_int64    [exception] ref raised NotImplementedError, test returned normally  confirmed=True
  DECOMP nn.functional.max_unpool2d           dtype_bool     [exception] ref raised NotImplementedError, test returned normally  confirmed=True
  DECOMP nn.functional.max_unpool3d           dtype_int64    [exception] ref raised NotImplementedError, test returned normally  confirmed=True
  DECOMP nn.functional.max_unpool3d           dtype_bool     [exception] ref raised NotImplementedError, test returned normally  confirmed=True
  DECOMP nn.functional.max_unpool3d           dtype_int64    [exception] ref raised NotImplementedError, test returned normally  confirmed=True
  DECOMP nn.functional.max_unpool3d           dtype_bool     [exception] ref raised NotImplementedError, test returned normally  confirmed=True
  DECOMP nn.functional.prelu                  dtype_int64    [exception] ref raised NotImplementedError, test returned normally  confirmed=True
  DECOMP nn.functional.celu                   dtype_int64    [exception] ref raised NotImplementedError, test returned normally  confirmed=True
  DECOMP nn.functional.celu                   dtype_bool     [exception] ref raised NotImplementedError, test returned normally  confirmed=True
[250/595] torch.ops.aten._scaled_dot_product_flash_attention_for_cpu .. mvlgamma
  DECOMP nn.functional.silu                   dtype_int64    [exception] ref raised NotImplementedError, test returned normally  confirmed=True
  DECOMP nn.functional.hardsigmoid            dtype_int64    [exception] ref raised NotImplementedError, test returned normally  confirmed=True
  DECOMP nn.functional.hardsigmoid            dtype_bool     [exception] ref raised NotImplementedError, test returned normally  confirmed=True
  DECOMP nn.functional.logsigmoid             dtype_int64    [exception] ref raised NotImplementedError, test returned normally  confirmed=True
  DECOMP nn.functional.threshold              dtype_bool     [exception] ref raised NotImplementedError, test returned normally  confirmed=True
  DECOMP nn.functional.batch_norm             dtype_int64    [exception] ref raised NotImplementedError, test returned normally  confirmed=True
  DECOMP nn.functional.binary_cross_entropy   dtype_int64    [exception] ref raised NotImplementedError, test returned normally  confirmed=True
  DECOMP nn.functional.binary_cross_entropy   dtype_bool     [exception] ref raised RuntimeError, test returned normally  confirmed=True
  DECOMP nn.functional.binary_cross_entropy   nan_inf        [exception] ref raised RuntimeError, test returned normally  confirmed=True
  DECOMP nn.functional.binary_cross_entropy   huge           [exception] ref raised RuntimeError, test returned normally  confirmed=True
  DECOMP nn.functional.hardshrink             dtype_int64    [exception] ref raised NotImplementedError, test returned normally  confirmed=True
  DECOMP nn.functional.gelu                   dtype_int64    [exception] ref raised NotImplementedError, test returned normally  confirmed=True
  DECOMP nn.functional.gelu                   dtype_bool     [exception] ref raised NotImplementedError, test returned normally  confirmed=True
  DECOMP mvlgamma                             dtype_bool     [exception] ref raised RuntimeError, test returned normally  confirmed=True
  DECOMP mvlgamma                             dtype_bool     [exception] ref raised RuntimeError, test returned normally  confirmed=True
  DECOMP mvlgamma                             dtype_bool     [exception] ref raised RuntimeError, test returned normally  confirmed=True
[275/595] mvlgamma .. sinh
  DECOMP mvlgamma                             dtype_bool     [exception] ref raised RuntimeError, test returned normally  confirmed=True
  DECOMP mvlgamma                             dtype_bool     [exception] ref raised RuntimeError, test returned normally  confirmed=True
  DECOMP mvlgamma                             dtype_bool     [exception] ref raised RuntimeError, test returned normally  confirmed=True
  DECOMP round                                dtype_int64    [exception] ref raised NotImplementedError, test returned normally  confirmed=True
  DECOMP round                                dtype_bool     [exception] ref raised NotImplementedError, test returned normally  confirmed=True
  DECOMP round                                dtype_int64    [exception] ref raised NotImplementedError, test returned normally  confirmed=True
  DECOMP round                                dtype_bool     [exception] ref raised NotImplementedError, test returned normally  confirmed=True
  DECOMP round                                dtype_int64    [exception] ref raised NotImplementedError, test returned normally  confirmed=True
  DECOMP round                                dtype_bool     [exception] ref raised NotImplementedError, test returned normally  confirmed=True
[300/595] sign .. reciprocal
  META   tensor_split                         base           fake-tensor path raised RuntimeError: The tensor has a non-zero number of elemen
  META   tensor_split                         empty_dim0     fake-tensor path raised RuntimeError: The tensor has a non-zero number of elemen
  META   tensor_split                         size1_dim0     fake-tensor path raised RuntimeError: The tensor has a non-zero number of elemen
  META   tensor_split                         empty_last     fake-tensor path raised RuntimeError: The tensor has a non-zero number of elemen
  META   tensor_split                         size1_last     fake-tensor path raised RuntimeError: The tensor has a non-zero number of elemen
  META   tensor_split                         prime_dim0     fake-tensor path raised RuntimeError: The tensor has a non-zero number of elemen
  META   tensor_split                         noncontig      fake-tensor path raised RuntimeError: The tensor has a non-zero number of elemen
  META   tensor_split                         prime_all      fake-tensor path raised RuntimeError: The tensor has a non-zero number of elemen
  META   tensor_split                         dtype_int64    fake-tensor path raised RuntimeError: The tensor has a non-zero number of elemen
  META   tensor_split                         dtype_bool     fake-tensor path raised RuntimeError: The tensor has a non-zero number of elemen
  META   tensor_split                         nan_inf        fake-tensor path raised RuntimeError: The tensor has a non-zero number of elemen
  META   tensor_split                         huge           fake-tensor path raised RuntimeError: The tensor has a non-zero number of elemen
  META   tensor_split                         tiny           fake-tensor path raised RuntimeError: The tensor has a non-zero number of elemen
  META   tensor_split                         dtype_float16  fake-tensor path raised RuntimeError: The tensor has a non-zero number of elemen
  META   tensor_split                         dtype_bfloat16 fake-tensor path raised RuntimeError: The tensor has a non-zero number of elemen
[325/595] rsqrt .. view
  DECOMP lerp                                 dtype_int64    [exception] ref raised NotImplementedError, test returned normally  confirmed=True
[350/595] view_as .. bfloat16
  DECOMP index_add                            zero_dim       [exception] ref raised RuntimeError, test returned normally  confirmed=True
[375/595] bool .. stack
[400/595] hstack .. take_along_dim
[425/595] tile .. digamma
  DECOMP trace                                dtype_bool     [exception] ref raised NotImplementedError, test returned normally  confirmed=True
[450/595] erf .. native_dropout_backward
  DECOMP nn.functional.smooth_l1_loss         dtype_int64    [exception] ref raised NotImplementedError, test returned normally  confirmed=True
  DECOMP log_softmax                          dtype_int64    [exception] ref raised NotImplementedError, test returned normally  confirmed=True
[475/595] nn.functional.dropout2d .. prod
  DECOMP nn.functional.softplus               dtype_int64    [exception] ref raised NotImplementedError, test returned normally  confirmed=True
  DECOMP nn.functional.grid_sample            dtype_int64    [exception] ref raised NotImplementedError, test returned normally  confirmed=True
  DECOMP nn.functional.grid_sample            dtype_bool     [exception] ref raised NotImplementedError, test returned normally  confirmed=True
  DECOMP grid_sampler_2d                      dtype_int64    [exception] ref raised NotImplementedError, test returned normally  confirmed=True
  DECOMP grid_sampler_2d                      dtype_bool     [exception] ref raised NotImplementedError, test returned normally  confirmed=True
  DECOMP std                                  huge           [value] output[0]: NaN/Inf pattern differs from the float64 truth  confirmed=True
  DECOMP std                                  huge           [value] output[0]: NaN/Inf pattern differs from the float64 truth  confirmed=True
[500/595] sum .. fft.fft
  DECOMP nn.functional.nll_loss               dtype_int64    [exception] ref raised NotImplementedError, test returned normally  confirmed=True
  DECOMP nn.functional.huber_loss             dtype_int64    [exception] ref raised NotImplementedError, test returned normally  confirmed=True
  DECOMP nn.functional.huber_loss             dtype_bool     [exception] ref raised RuntimeError, test returned normally  confirmed=True
  DECOMP nn.functional.pixel_unshuffle        empty_dim0     [metadata] output[0].shape: (0, 1, 6, 6) vs (0, 9, 2, 2)  confirmed=True
  META   nn.functional.pixel_unshuffle        empty_dim0     output[0] shape (0, 9, 2, 2) vs real (0, 1, 6, 6)
  DECOMP nn.functional.pixel_unshuffle        empty_last     [metadata] output[0].shape: (1, 1, 6, 0) vs (1, 9, 2, 0)  confirmed=True
  META   nn.functional.pixel_unshuffle        empty_last     output[0] shape (1, 9, 2, 0) vs real (1, 1, 6, 0)
  META   nn.functional.channel_shuffle        channels_last  output[0] stride (384, 64, 8, 1) vs real (384, 1, 48, 6)
  META   nn.functional.channel_shuffle        channels_last  output[0] stride (400, 100, 10, 1) vs real (400, 1, 40, 4)
[525/595] fft.fft2 .. linalg.cholesky_ex
  DECOMP linalg.cross                         dtype_bool     [exception] ref raised NotImplementedError, test returned normally  confirmed=True
[550/595] linalg.vecdot .. linalg.lu
[575/595] linalg.lu_solve .. signal.windows.nuttall
  DECOMP linalg.pinv                          dtype_bool     [exception] ref raised NotImplementedError, test returned normally  confirmed=True
[600/595] masked.sum .. bmm
  DECOMP masked.softmax                       dtype_int64    [exception] ref raised NotImplementedError, test returned normally  confirmed=True
  DECOMP masked.log_softmax                   dtype_int64    [exception] ref raised NotImplementedError, test returned normally  confirmed=True
  DECOMP masked.softmin                       dtype_int64    [exception] ref raised NotImplementedError, test returned normally  confirmed=True
  DECOMP masked.logaddexp                     dtype_int64    [exception] ref raised NotImplementedError, test returned normally  confirmed=True
  DECOMP bmm                                  size1_dim0     [exception] ref raised RuntimeError, test returned normally  confirmed=False
  DECOMP bmm                                  dtype_bool     [exception] ref raised NotImplementedError, test returned normally  confirmed=True
  DECOMP bmm                                  dtype_bool     [exception] ref raised RuntimeError, test returned normally  confirmed=False
{"ops": 580, "samples": 1118, "variants": 15545, "decomp_covered": 6334, "decomp_mismatch": 161, "meta_mismatch": 34, "data_dependent": 164, "errors": 0, "wall_s": 677.0, "crashes": 0}
written results\decomp_full_s1\DECOMP_DIFF.md
