torch 2.14.0+cpu; 522 ops to do (1 done); dtype torch.float32
[W922 20:21:27.000000000 model_package_loader.cpp:958] Failed to remove temporary directory C:/Users/clm/AppData/Local/Temp/u7oc.1: Access is denied.
[W922 20:21:36.000000000 model_package_loader.cpp:958] Failed to remove temporary directory C:/Users/clm/AppData/Local/Temp/u7oc.3: Access is denied.
[W922 20:21:46.000000000 model_package_loader.cpp:958] Failed to remove temporary directory C:/Users/clm/AppData/Local/Temp/u7oc.5: Access is denied.
[W922 20:21:58.000000000 model_package_loader.cpp:958] Failed to remove temporary directory C:/Users/clm/AppData/Local/Temp/u7oc.7: Access is denied.
[W922 20:22:08.000000000 model_package_loader.cpp:958] Failed to remove temporary directory C:/Users/clm/AppData/Local/Temp/u7oc.9: Access is denied.
[W922 20:22:18.000000000 model_package_loader.cpp:958] Failed to remove temporary directory C:/Users/clm/AppData/Local/Temp/u7oc.b: Access is denied.
[7/522] mul: DIFF:RAISES (11s, total 77s)  {'i': 0, 'path': 'SL', 'class': 'RAISES', 'detail': 'SpecViolationError'}
[W922 20:22:26.000000000 model_package_loader.cpp:958] Failed to remove temporary directory C:/Users/clm/AppData/Local/Temp/u7oc.d: Access is denied.
[W922 20:22:32.000000000 model_package_loader.cpp:958] Failed to remove temporary directory C:/Users/clm/AppData/Local/Temp/u7oc.f: Access is denied.
[W922 20:22:37.000000000 model_package_loader.cpp:958] Failed to remove temporary directory C:/Users/clm/AppData/Local/Temp/u7oc.h: Access is denied.
[W922 20:22:44.000000000 model_package_loader.cpp:958] Failed to remove temporary directory C:/Users/clm/AppData/Local/Temp/u7oc.j: Access is denied.
[W922 20:22:49.000000000 model_package_loader.cpp:958] Failed to remove temporary directory C:/Users/clm/AppData/Local/Temp/u7oc.l: Access is denied.
[W922 20:22:56.000000000 model_package_loader.cpp:958] Failed to remove temporary directory C:/Users/clm/AppData/Local/Temp/u7oc.n: Access is denied.
[13/522] baddbmm: DIFF:RAISES (7s, total 115s)  {'i': 0, 'path': 'SL', 'class': 'RAISES', 'detail': 'SpecViolationError'}
[W922 20:23:11.000000000 model_package_loader.cpp:958] Failed to remove temporary directory C:/Users/clm/AppData/Local/Temp/u7oc.p: Access is denied.
[W922 20:23:28.000000000 model_package_loader.cpp:958] Failed to remove temporary directory C:/Users/clm/AppData/Local/Temp/u7oc.r: Access is denied.
[W922 20:23:39.000000000 model_package_loader.cpp:958] Failed to remove temporary directory C:/Users/clm/AppData/Local/Temp/u7oc.t: Access is denied.
[W922 20:23:50.000000000 model_package_loader.cpp:958] Failed to remove temporary directory C:/Users/clm/AppData/Local/Temp/u7oc.v: Access is denied.
[W922 20:23:57.000000000 model_package_loader.cpp:958] Failed to remove temporary directory C:/Users/clm/AppData/Local/Temp/u7oc.x: Access is denied.
[W922 20:24:06.000000000 model_package_loader.cpp:958] Failed to remove temporary directory C:/Users/clm/AppData/Local/Temp/u7oc.z: Access is denied.
[W922 20:24:18.000000000 model_package_loader.cpp:958] Failed to remove temporary directory C:/Users/clm/AppData/Local/Temp/u7oc.11: Access is denied.
[W922 20:24:27.000000000 model_package_loader.cpp:958] Failed to remove temporary directory C:/Users/clm/AppData/Local/Temp/u7oc.13: Access is denied.
[W922 20:24:36.000000000 model_package_loader.cpp:958] Failed to remove temporary directory C:/Users/clm/AppData/Local/Temp/u7oc.15: Access is denied.
[W922 20:24:48.000000000 model_package_loader.cpp:958] Failed to remove temporary directory C:/Users/clm/AppData/Local/Temp/u7oc.17: Access is denied.
[W922 20:24:58.000000000 model_package_loader.cpp:958] Failed to remove temporary directory C:/Users/clm/AppData/Local/Temp/u7oc.19: Access is denied.
[W922 20:25:07.000000000 model_package_loader.cpp:958] Failed to remove temporary directory C:/Users/clm/AppData/Local/Temp/u7oc.1b: Access is denied.
[25/522] atanh: DIFF:SIGNZERO (10s, total 246s)  {'i': 0, 'path': 'AO', 'class': 'SIGNZERO', 'detail': 'sign of zero', 'repr': 'SampleInput(input=tensor([[-9.4203e-01, -1.9620e-01, -4.8031e-01, -2.6671e-01, -8.8339e-01,\n          4.0129e-01, -8.9640e-01, -6.3721e-02,  3.4761e-01, -3.3707e-01,\n          5.6741e-01,  1.2613e-01,'}
[W922 20:25:15.000000000 model_package_loader.cpp:958] Failed to remove temporary directory C:/Users/clm/AppData/Local/Temp/u7oc.1d: Access is denied.
[W922 20:25:22.000000000 model_package_loader.cpp:958] Failed to remove temporary directory C:/Users/clm/AppData/Local/Temp/u7oc.1f: Access is denied.
[W922 20:25:32.000000000 model_package_loader.cpp:958] Failed to remove temporary directory C:/Users/clm/AppData/Local/Temp/u7oc.1h: Access is denied.
[W922 20:25:42.000000000 model_package_loader.cpp:958] Failed to remove temporary directory C:/Users/clm/AppData/Local/Temp/u7oc.1j: Access is denied.
[W922 20:25:48.000000000 model_package_loader.cpp:958] Failed to remove temporary directory C:/Users/clm/AppData/Local/Temp/u7oc.1l: Access is denied.
[W922 20:25:53.000000000 model_package_loader.cpp:958] Failed to remove temporary directory C:/Users/clm/AppData/Local/Temp/u7oc.1n: Access is denied.
[W922 20:26:01.000000000 model_package_loader.cpp:958] Failed to remove temporary directory C:/Users/clm/AppData/Local/Temp/u7oc.1p: Access is denied.
[37/522] ceil: DIFF:RAISES (8s, total 300s)  {'i': 0, 'path': 'SL', 'class': 'RAISES', 'detail': 'SpecViolationError'}
[W922 20:26:07.000000000 model_package_loader.cpp:958] Failed to remove temporary directory C:/Users/clm/AppData/Local/Temp/u7oc.1r: Access is denied.
[W922 20:26:14.000000000 model_package_loader.cpp:958] Failed to remove temporary directory C:/Users/clm/AppData/Local/Temp/u7oc.1t: Access is denied.
[39/522] unsafe_chunk: DIFF:RAISES (6s, total 312s)  {'i': 0, 'path': 'SL', 'class': 'RAISES', 'detail': 'SpecViolationError'}
[W922 20:26:22.000000000 model_package_loader.cpp:958] Failed to remove temporary directory C:/Users/clm/AppData/Local/Temp/u7oc.1v: Access is denied.
[W922 20:26:28.000000000 model_package_loader.cpp:958] Failed to remove temporary directory C:/Users/clm/AppData/Local/Temp/u7oc.1x: Access is denied.
[W922 20:26:35.000000000 model_package_loader.cpp:958] Failed to remove temporary directory C:/Users/clm/AppData/Local/Temp/u7oc.1z: Access is denied.
[W922 20:26:45.000000000 model_package_loader.cpp:958] Failed to remove temporary directory C:/Users/clm/AppData/Local/Temp/u7oc.21: Access is denied.
[W922 20:26:51.000000000 model_package_loader.cpp:958] Failed to remove temporary directory C:/Users/clm/AppData/Local/Temp/u7oc.23: Access is denied.
[W922 20:26:57.000000000 model_package_loader.cpp:958] Failed to remove temporary directory C:/Users/clm/AppData/Local/Temp/u7oc.25: Access is denied.
[W922 20:27:03.000000000 model_package_loader.cpp:958] Failed to remove temporary directory C:/Users/clm/AppData/Local/Temp/u7oc.27: Access is denied.
[W922 20:27:08.000000000 model_package_loader.cpp:958] Failed to remove temporary directory C:/Users/clm/AppData/Local/Temp/u7oc.29: Access is denied.
C:\Users\clm\AppData\Local\Python\pythoncore-3.14-64\Lib\site-packages\torch\_inductor\lowering.py:2774: UserWarning: Torchinductor does not support code generation for complex operators. Performance may be worse than eager.
  warnings.warn(
W0922 20:27:08.583000 9948 site-packages\torch\_inductor\ir.py:9916] aten.complex.default is missing a c-shim implementation, using proxy executor as fallback
[W922 20:27:14.000000000 model_package_loader.cpp:958] Failed to remove temporary directory C:/Users/clm/AppData/Local/Temp/u7oc.2b: Access is denied.
[W922 20:27:22.000000000 model_package_loader.cpp:958] Failed to remove temporary directory C:/Users/clm/AppData/Local/Temp/u7oc.2d: Access is denied.
[50/522] copysign: ok (8s, total 381s)
[W922 20:27:31.000000000 model_package_loader.cpp:958] Failed to remove temporary directory C:/Users/clm/AppData/Local/Temp/u7oc.2f: Access is denied.
[W922 20:27:40.000000000 model_package_loader.cpp:958] Failed to remove temporary directory C:/Users/clm/AppData/Local/Temp/u7oc.2h: Access is denied.
[53/522] cosh: DIFF:RAISES (9s, total 399s)  {'i': 0, 'path': 'SL', 'class': 'RAISES', 'detail': 'SpecViolationError'}
D:\wsl\personal\dr\paper\toxic_compile\plan\scripts\export_roundtrip_edge.py:125: UserWarning: Using torch.cross without specifying the dim arg is deprecated.
Please either pass the dim explicitly or simply use torch.linalg.cross.
The default value of dim will change to agree with that of linalg.cross in a future release. (Triggered internally at C:\actions-runner\_work\pytorch\pytorch\aten\src\ATen\native\Cross.cpp:67.)
  eager = fn(inp, *args, **kwargs); eager_err = None
[W922 20:27:51.000000000 model_package_loader.cpp:958] Failed to remove temporary directory C:/Users/clm/AppData/Local/Temp/u7oc.2j: Access is denied.
[W922 20:27:58.000000000 model_package_loader.cpp:958] Failed to remove temporary directory C:/Users/clm/AppData/Local/Temp/u7oc.2l: Access is denied.
[W922 20:28:05.000000000 model_package_loader.cpp:958] Failed to remove temporary directory C:/Users/clm/AppData/Local/Temp/u7oc.2n: Access is denied.
[58/522] cummax: DIFF:RAISES (0s, total 423s)  {'i': 0, 'path': 'SL', 'class': 'RAISES', 'detail': 'NotImplementedError'}
[59/522] cummin: DIFF:RAISES (0s, total 423s)  {'i': 0, 'path': 'SL', 'class': 'RAISES', 'detail': 'NotImplementedError'}
[W922 20:28:15.000000000 model_package_loader.cpp:958] Failed to remove temporary directory C:/Users/clm/AppData/Local/Temp/u7oc.2p: Access is denied.
[W922 20:28:24.000000000 model_package_loader.cpp:958] Failed to remove temporary directory C:/Users/clm/AppData/Local/Temp/u7oc.2r: Access is denied.
[W922 20:28:34.000000000 model_package_loader.cpp:958] Failed to remove temporary directory C:/Users/clm/AppData/Local/Temp/u7oc.2t: Access is denied.
[W922 20:28:44.000000000 model_package_loader.cpp:958] Failed to remove temporary directory C:/Users/clm/AppData/Local/Temp/u7oc.2v: Access is denied.
[W922 20:28:53.000000000 model_package_loader.cpp:958] Failed to remove temporary directory C:/Users/clm/AppData/Local/Temp/u7oc.2x: Access is denied.
[W922 20:29:02.000000000 model_package_loader.cpp:958] Failed to remove temporary directory C:/Users/clm/AppData/Local/Temp/u7oc.2z: Access is denied.
[W922 20:29:09.000000000 model_package_loader.cpp:958] Failed to remove temporary directory C:/Users/clm/AppData/Local/Temp/u7oc.31: Access is denied.
[W922 20:29:15.000000000 model_package_loader.cpp:958] Failed to remove temporary directory C:/Users/clm/AppData/Local/Temp/u7oc.33: Access is denied.
Exception ignored while closing generator <generator object sample_inputs_expand_as at 0x0000019382895F20>:
Traceback (most recent call last):
  File "C:\Users\clm\AppData\Local\Python\pythoncore-3.14-64\Lib\site-packages\torch\utils\_contextlib.py", line 49, in generator_context
    with ctx_factory():
  File "C:\Users\clm\AppData\Local\Python\pythoncore-3.14-64\Lib\site-packages\torch\autograd\grad_mode.py", line 83, in __enter__
    torch.set_grad_enabled(False)
  File "C:\Users\clm\AppData\Local\Python\pythoncore-3.14-64\Lib\site-packages\torch\autograd\grad_mode.py", line 188, in __init__
    torch._C._set_grad_enabled(mode)
  File "C:\Users\clm\AppData\Local\Python\pythoncore-3.14-64\Lib\site-packages\torch\fx\experimental\proxy_tensor.py", line 2014, in __torch_function__
    return func(*args, **kwargs)
  File "C:\Users\clm\AppData\Local\Python\pythoncore-3.14-64\Lib\site-packages\torch\fx\experimental\proxy_tensor.py", line 2049, in __torch_function__
    node = self.tracer.create_node("call_function", func, args, {})  # type: ignore[arg-type]
  File "C:\Users\clm\AppData\Local\Python\pythoncore-3.14-64\Lib\site-packages\torch\fx\experimental\proxy_tensor.py", line 2808, in create_node
    node = super().create_node(*args, **kwargs)  # type: ignore[arg-type]
  File "C:\Users\clm\AppData\Local\Python\pythoncore-3.14-64\Lib\site-packages\torch\fx\experimental\proxy_tensor.py", line 1736, in create_node
    node = super().create_node(kind, target, args, kwargs, name, type_expr)  # type: ignore[arg-type]
  File "C:\Users\clm\AppData\Local\Python\pythoncore-3.14-64\Lib\site-packages\torch\fx\proxy.py", line 236, in create_node
    node = self.graph.create_node(kind, target, args, kwargs, name, type_expr)
AttributeError: '_ModuleStackTracer' object has no attribute 'graph'
[W922 20:29:21.000000000 model_package_loader.cpp:958] Failed to remove temporary directory C:/Users/clm/AppData/Local/Temp/u7oc.35: Access is denied.
[W922 20:29:32.000000000 model_package_loader.cpp:958] Failed to remove temporary directory C:/Users/clm/AppData/Local/Temp/u7oc.37: Access is denied.
[W922 20:29:43.000000000 model_package_loader.cpp:958] Failed to remove temporary directory C:/Users/clm/AppData/Local/Temp/u7oc.39: Access is denied.
[W922 20:29:54.000000000 model_package_loader.cpp:958] Failed to remove temporary directory C:/Users/clm/AppData/Local/Temp/u7oc.3b: Access is denied.
C:\Users\clm\AppData\Local\Python\pythoncore-3.14-64\Lib\site-packages\torch\_inductor\lowering.py:2487: FutureWarning: `torch._prims_common.check` is deprecated and will be removed in the future. Please use `torch._check*` functions instead.
  check(
[W922 20:30:02.000000000 model_package_loader.cpp:958] Failed to remove temporary directory C:/Users/clm/AppData/Local/Temp/u7oc.3d: Access is denied.
C:\Users\clm\AppData\Local\Python\pythoncore-3.14-64\Lib\site-packages\torch\_inductor\lowering.py:2487: FutureWarning: `torch._prims_common.check` is deprecated and will be removed in the future. Please use `torch._check*` functions instead.
  check(
[W922 20:30:13.000000000 model_package_loader.cpp:958] Failed to remove temporary directory C:/Users/clm/AppData/Local/Temp/u7oc.3f: Access is denied.
C:\Users\clm\AppData\Local\Python\pythoncore-3.14-64\Lib\site-packages\torch\_inductor\lowering.py:2487: FutureWarning: `torch._prims_common.check` is deprecated and will be removed in the future. Please use `torch._check*` functions instead.
  check(
[W922 20:30:25.000000000 model_package_loader.cpp:958] Failed to remove temporary directory C:/Users/clm/AppData/Local/Temp/u7oc.3h: Access is denied.
[75/522] diagonal_scatter: ok (12s, total 564s)
[W922 20:30:36.000000000 model_package_loader.cpp:958] Failed to remove temporary directory C:/Users/clm/AppData/Local/Temp/u7oc.3j: Access is denied.
[76/522] alias_copy: DIFF:RAISES (11s, total 575s)  {'i': 0, 'path': 'SL', 'class': 'RAISES', 'detail': 'SpecViolationError'}
[W922 20:30:47.000000000 model_package_loader.cpp:958] Failed to remove temporary directory C:/Users/clm/AppData/Local/Temp/u7oc.3l: Access is denied.
[77/522] eq: DIFF:RAISES (11s, total 586s)  {'i': 0, 'path': 'SL', 'class': 'RAISES', 'detail': 'SpecViolationError'}
[W922 20:30:59.000000000 model_package_loader.cpp:958] Failed to remove temporary directory C:/Users/clm/AppData/Local/Temp/u7oc.3n: Access is denied.
[W922 20:31:10.000000000 model_package_loader.cpp:958] Failed to remove temporary directory C:/Users/clm/AppData/Local/Temp/u7oc.3p: Access is denied.
[W922 20:31:20.000000000 model_package_loader.cpp:958] Failed to remove temporary directory C:/Users/clm/AppData/Local/Temp/u7oc.3r: Access is denied.
[W922 20:31:31.000000000 model_package_loader.cpp:958] Failed to remove temporary directory C:/Users/clm/AppData/Local/Temp/u7oc.3t: Access is denied.
[W922 20:31:41.000000000 model_package_loader.cpp:958] Failed to remove temporary directory C:/Users/clm/AppData/Local/Temp/u7oc.3v: Access is denied.
[82/522] frac: DIFF:RAISES (11s, total 640s)  {'i': 0, 'path': 'SL', 'class': 'RAISES', 'detail': 'SpecViolationError'}
[W922 20:31:53.000000000 model_package_loader.cpp:958] Failed to remove temporary directory C:/Users/clm/AppData/Local/Temp/u7oc.3x: Access is denied.
[W922 20:32:04.000000000 model_package_loader.cpp:958] Failed to remove temporary directory C:/Users/clm/AppData/Local/Temp/u7oc.3z: Access is denied.
[W922 20:32:17.000000000 model_package_loader.cpp:958] Failed to remove temporary directory C:/Users/clm/AppData/Local/Temp/u7oc.41: Access is denied.
[W922 20:32:29.000000000 model_package_loader.cpp:958] Failed to remove temporary directory C:/Users/clm/AppData/Local/Temp/u7oc.43: Access is denied.
[W922 20:32:41.000000000 model_package_loader.cpp:958] Failed to remove temporary directory C:/Users/clm/AppData/Local/Temp/u7oc.45: Access is denied.
[W922 20:32:52.000000000 model_package_loader.cpp:958] Failed to remove temporary directory C:/Users/clm/AppData/Local/Temp/u7oc.47: Access is denied.
[89/522] frexp: DIFF:RAISES (0s, total 711s)  {'i': 0, 'path': 'SL', 'class': 'RAISES', 'detail': 'NotImplementedError'}
[W922 20:33:03.000000000 model_package_loader.cpp:958] Failed to remove temporary directory C:/Users/clm/AppData/Local/Temp/u7oc.49: Access is denied.
[W922 20:33:15.000000000 model_package_loader.cpp:958] Failed to remove temporary directory C:/Users/clm/AppData/Local/Temp/u7oc.4b: Access is denied.
[W922 20:33:25.000000000 model_package_loader.cpp:958] Failed to remove temporary directory C:/Users/clm/AppData/Local/Temp/u7oc.4d: Access is denied.
[W922 20:33:36.000000000 model_package_loader.cpp:958] Failed to remove temporary directory C:/Users/clm/AppData/Local/Temp/u7oc.4f: Access is denied.
[W922 20:33:47.000000000 model_package_loader.cpp:958] Failed to remove temporary directory C:/Users/clm/AppData/Local/Temp/u7oc.4h: Access is denied.
[W922 20:33:56.000000000 model_package_loader.cpp:958] Failed to remove temporary directory C:/Users/clm/AppData/Local/Temp/u7oc.4j: Access is denied.
[W922 20:34:03.000000000 model_package_loader.cpp:958] Failed to remove temporary directory C:/Users/clm/AppData/Local/Temp/u7oc.4l: Access is denied.
[W922 20:34:09.000000000 model_package_loader.cpp:958] Failed to remove temporary directory C:/Users/clm/AppData/Local/Temp/u7oc.4n: Access is denied.
[100/522] logspace: ok (7s, total 788s)
[W922 20:34:22.000000000 model_package_loader.cpp:958] Failed to remove temporary directory C:/Users/clm/AppData/Local/Temp/u7oc.4p: Access is denied.
[101/522] log: DIFF:RAISES (12s, total 801s)  {'i': 0, 'path': 'SL', 'class': 'RAISES', 'detail': 'SpecViolationError'}
[W922 20:34:32.000000000 model_package_loader.cpp:958] Failed to remove temporary directory C:/Users/clm/AppData/Local/Temp/u7oc.4r: Access is denied.
[W922 20:34:42.000000000 model_package_loader.cpp:958] Failed to remove temporary directory C:/Users/clm/AppData/Local/Temp/u7oc.4t: Access is denied.
[W922 20:34:52.000000000 model_package_loader.cpp:958] Failed to remove temporary directory C:/Users/clm/AppData/Local/Temp/u7oc.4v: Access is denied.
[W922 20:35:03.000000000 model_package_loader.cpp:958] Failed to remove temporary directory C:/Users/clm/AppData/Local/Temp/u7oc.4x: Access is denied.
[W922 20:35:14.000000000 model_package_loader.cpp:958] Failed to remove temporary directory C:/Users/clm/AppData/Local/Temp/u7oc.4z: Access is denied.
[W922 20:35:24.000000000 model_package_loader.cpp:958] Failed to remove temporary directory C:/Users/clm/AppData/Local/Temp/u7oc.51: Access is denied.
[W922 20:35:35.000000000 model_package_loader.cpp:958] Failed to remove temporary directory C:/Users/clm/AppData/Local/Temp/u7oc.53: Access is denied.
[W922 20:35:45.000000000 model_package_loader.cpp:958] Failed to remove temporary directory C:/Users/clm/AppData/Local/Temp/u7oc.55: Access is denied.
[W922 20:35:53.000000000 model_package_loader.cpp:958] Failed to remove temporary directory C:/Users/clm/AppData/Local/Temp/u7oc.57: Access is denied.
W0922 20:35:53.660000 9948 site-packages\torch\_inductor\ir.py:9916] aten.linalg_matrix_exp.default is missing a c-shim implementation, using proxy executor as fallback
[W922 20:36:01.000000000 model_package_loader.cpp:958] Failed to remove temporary directory C:/Users/clm/AppData/Local/Temp/u7oc.59: Access is denied.
[111/522] matrix_exp: DIFF:RAISES (8s, total 899s)  {'i': 0, 'path': 'SL', 'class': 'RAISES', 'detail': 'SpecViolationError'}
[W922 20:36:11.000000000 model_package_loader.cpp:958] Failed to remove temporary directory C:/Users/clm/AppData/Local/Temp/u7oc.5b: Access is denied.
[113/522] max: DIFF:RAISES (0s, total 910s)  {'i': 0, 'path': 'SL', 'class': 'RAISES', 'detail': 'NotImplementedError'}
[W922 20:36:22.000000000 model_package_loader.cpp:958] Failed to remove temporary directory C:/Users/clm/AppData/Local/Temp/u7oc.5d: Access is denied.
[W922 20:36:32.000000000 model_package_loader.cpp:958] Failed to remove temporary directory C:/Users/clm/AppData/Local/Temp/u7oc.5f: Access is denied.
[W922 20:36:42.000000000 model_package_loader.cpp:958] Failed to remove temporary directory C:/Users/clm/AppData/Local/Temp/u7oc.5h: Access is denied.
[W922 20:36:53.000000000 model_package_loader.cpp:958] Failed to remove temporary directory C:/Users/clm/AppData/Local/Temp/u7oc.5j: Access is denied.
[W922 20:37:03.000000000 model_package_loader.cpp:958] Failed to remove temporary directory C:/Users/clm/AppData/Local/Temp/u7oc.5l: Access is denied.
[W922 20:37:11.000000000 model_package_loader.cpp:958] Failed to remove temporary directory C:/Users/clm/AppData/Local/Temp/u7oc.5n: Access is denied.
[119/522] meshgrid: DIFF:RAISES (8s, total 970s)  {'i': 0, 'path': 'SL', 'class': 'RAISES', 'detail': 'SpecViolationError'}
[121/522] min: DIFF:RAISES (0s, total 970s)  {'i': 0, 'path': 'SL', 'class': 'RAISES', 'detail': 'NotImplementedError'}
[W922 20:37:22.000000000 model_package_loader.cpp:958] Failed to remove temporary directory C:/Users/clm/AppData/Local/Temp/u7oc.5p: Access is denied.
[W922 20:37:33.000000000 model_package_loader.cpp:958] Failed to remove temporary directory C:/Users/clm/AppData/Local/Temp/u7oc.5r: Access is denied.
[W922 20:37:43.000000000 model_package_loader.cpp:958] Failed to remove temporary directory C:/Users/clm/AppData/Local/Temp/u7oc.5t: Access is denied.
[W922 20:37:53.000000000 model_package_loader.cpp:958] Failed to remove temporary directory C:/Users/clm/AppData/Local/Temp/u7oc.5v: Access is denied.
[125/522] max: DIFF:RAISES (10s, total 1012s)  {'i': 0, 'path': 'SL', 'class': 'RAISES', 'detail': 'SpecViolationError'}
[W922 20:38:03.000000000 model_package_loader.cpp:958] Failed to remove temporary directory C:/Users/clm/AppData/Local/Temp/u7oc.5x: Access is denied.
[W922 20:38:12.000000000 model_package_loader.cpp:958] Failed to remove temporary directory C:/Users/clm/AppData/Local/Temp/u7oc.5z: Access is denied.
[W922 20:38:21.000000000 model_package_loader.cpp:958] Failed to remove temporary directory C:/Users/clm/AppData/Local/Temp/u7oc.61: Access is denied.
[W922 20:38:31.000000000 model_package_loader.cpp:958] Failed to remove temporary directory C:/Users/clm/AppData/Local/Temp/u7oc.63: Access is denied.
[W922 20:38:42.000000000 model_package_loader.cpp:958] Failed to remove temporary directory C:/Users/clm/AppData/Local/Temp/u7oc.65: Access is denied.
[W922 20:38:52.000000000 model_package_loader.cpp:958] Failed to remove temporary directory C:/Users/clm/AppData/Local/Temp/u7oc.67: Access is denied.
[W922 20:39:00.000000000 model_package_loader.cpp:958] Failed to remove temporary directory C:/Users/clm/AppData/Local/Temp/u7oc.69: Access is denied.
[W922 20:39:11.000000000 model_package_loader.cpp:958] Failed to remove temporary directory C:/Users/clm/AppData/Local/Temp/u7oc.6b: Access is denied.
[W922 20:39:20.000000000 model_package_loader.cpp:958] Failed to remove temporary directory C:/Users/clm/AppData/Local/Temp/u7oc.6d: Access is denied.
[W922 20:39:31.000000000 model_package_loader.cpp:958] Failed to remove temporary directory C:/Users/clm/AppData/Local/Temp/u7oc.6f: Access is denied.
[W922 20:39:40.000000000 model_package_loader.cpp:958] Failed to remove temporary directory C:/Users/clm/AppData/Local/Temp/u7oc.6h: Access is denied.
[141/522] _softmax_backward_data: DIFF:SIGNZERO (10s, total 1119s)  {'i': 0, 'path': 'AO', 'class': 'SIGNZERO', 'detail': 'sign of zero', 'repr': "SampleInput(input=tensor([ 3.6116, -8.0676, -0.5735,  3.1285, -3.0337]), args=(tensor([0.0008, 0.6208, 0.0481, 0.3291, 0.0013]), 0, torch.float32), kwargs={}, broadcasts_input=False, name='')"}
[W922 20:39:50.000000000 model_package_loader.cpp:958] Failed to remove temporary directory C:/Users/clm/AppData/Local/Temp/u7oc.6j: Access is denied.
[W922 20:39:59.000000000 model_package_loader.cpp:958] Failed to remove temporary directory C:/Users/clm/AppData/Local/Temp/u7oc.6l: Access is denied.
[W922 20:40:09.000000000 model_package_loader.cpp:958] Failed to remove temporary directory C:/Users/clm/AppData/Local/Temp/u7oc.6n: Access is denied.
[W922 20:40:19.000000000 model_package_loader.cpp:958] Failed to remove temporary directory C:/Users/clm/AppData/Local/Temp/u7oc.6p: Access is denied.
[W922 20:40:27.000000000 model_package_loader.cpp:958] Failed to remove temporary directory C:/Users/clm/AppData/Local/Temp/u7oc.6r: Access is denied.
[W922 20:40:34.000000000 model_package_loader.cpp:958] Failed to remove temporary directory C:/Users/clm/AppData/Local/Temp/u7oc.6t: Access is denied.
Exception ignored while closing generator <generator object sample_inputs_aminmax at 0x00000193849C82A0>:
Traceback (most recent call last):
  File "C:\Users\clm\AppData\Local\Python\pythoncore-3.14-64\Lib\site-packages\torch\utils\_contextlib.py", line 49, in generator_context
    with ctx_factory():
  File "C:\Users\clm\AppData\Local\Python\pythoncore-3.14-64\Lib\site-packages\torch\autograd\grad_mode.py", line 83, in __enter__
    torch.set_grad_enabled(False)
  File "C:\Users\clm\AppData\Local\Python\pythoncore-3.14-64\Lib\site-packages\torch\autograd\grad_mode.py", line 188, in __init__
    torch._C._set_grad_enabled(mode)
  File "C:\Users\clm\AppData\Local\Python\pythoncore-3.14-64\Lib\site-packages\torch\fx\experimental\proxy_tensor.py", line 2014, in __torch_function__
    return func(*args, **kwargs)
  File "C:\Users\clm\AppData\Local\Python\pythoncore-3.14-64\Lib\site-packages\torch\fx\experimental\proxy_tensor.py", line 2049, in __torch_function__
    node = self.tracer.create_node("call_function", func, args, {})  # type: ignore[arg-type]
  File "C:\Users\clm\AppData\Local\Python\pythoncore-3.14-64\Lib\site-packages\torch\fx\experimental\proxy_tensor.py", line 2808, in create_node
    node = super().create_node(*args, **kwargs)  # type: ignore[arg-type]
  File "C:\Users\clm\AppData\Local\Python\pythoncore-3.14-64\Lib\site-packages\torch\fx\experimental\proxy_tensor.py", line 1736, in create_node
    node = super().create_node(kind, target, args, kwargs, name, type_expr)  # type: ignore[arg-type]
  File "C:\Users\clm\AppData\Local\Python\pythoncore-3.14-64\Lib\site-packages\torch\fx\proxy.py", line 236, in create_node
    node = self.graph.create_node(kind, target, args, kwargs, name, type_expr)
AttributeError: '_ModuleStackTracer' object has no attribute 'graph'
[148/522] aminmax: DIFF:RAISES (0s, total 1173s)  {'i': 0, 'path': 'SL', 'class': 'RAISES', 'detail': 'NotImplementedError'}
[W922 20:40:40.000000000 model_package_loader.cpp:958] Failed to remove temporary directory C:/Users/clm/AppData/Local/Temp/u7oc.6v: Access is denied.
[W922 20:40:47.000000000 model_package_loader.cpp:958] Failed to remove temporary directory C:/Users/clm/AppData/Local/Temp/u7oc.6x: Access is denied.
[150/522] as_strided: ok (7s, total 1186s)
[W922 20:40:57.000000000 model_package_loader.cpp:958] Failed to remove temporary directory C:/Users/clm/AppData/Local/Temp/u7oc.6z: Access is denied.
[W922 20:41:06.000000000 model_package_loader.cpp:958] Failed to remove temporary directory C:/Users/clm/AppData/Local/Temp/u7oc.71: Access is denied.
[W922 20:41:15.000000000 model_package_loader.cpp:958] Failed to remove temporary directory C:/Users/clm/AppData/Local/Temp/u7oc.73: Access is denied.
[153/522] native_group_norm: DIFF:VALUE (9s, total 1214s)  {'i': 0, 'path': 'AO', 'class': 'VALUE', 'detail': 'nan pattern at [0, 0]: eager nan compiled inf', 'repr': 'SampleInput(input=tensor([[[ 4.9473,  5.7744, -3.9730],\n         [ 3.2708, -3.8939,  2.8211],\n         [-4.7024,  4.1631,  1.8220],\n         [-3.5221, -4.4145,  2.3285],\n         [ 8.3972,  4.3191, -0'}
[W922 20:41:25.000000000 model_package_loader.cpp:958] Failed to remove temporary directory C:/Users/clm/AppData/Local/Temp/u7oc.75: Access is denied.
[W922 20:41:34.000000000 model_package_loader.cpp:958] Failed to remove temporary directory C:/Users/clm/AppData/Local/Temp/u7oc.77: Access is denied.
[W922 20:41:44.000000000 model_package_loader.cpp:958] Failed to remove temporary directory C:/Users/clm/AppData/Local/Temp/u7oc.79: Access is denied.
[W922 20:41:53.000000000 model_package_loader.cpp:958] Failed to remove temporary directory C:/Users/clm/AppData/Local/Temp/u7oc.7b: Access is denied.
[W922 20:42:03.000000000 model_package_loader.cpp:958] Failed to remove temporary directory C:/Users/clm/AppData/Local/Temp/u7oc.7d: Access is denied.
[W922 20:42:09.000000000 model_package_loader.cpp:958] Failed to remove temporary directory C:/Users/clm/AppData/Local/Temp/u7oc.7f: Access is denied.
[W922 20:42:19.000000000 model_package_loader.cpp:958] Failed to remove temporary directory C:/Users/clm/AppData/Local/Temp/u7oc.7h: Access is denied.
[W922 20:42:26.000000000 model_package_loader.cpp:958] Failed to remove temporary directory C:/Users/clm/AppData/Local/Temp/u7oc.7j: Access is denied.
[W922 20:42:35.000000000 model_package_loader.cpp:958] Failed to remove temporary directory C:/Users/clm/AppData/Local/Temp/u7oc.7l: Access is denied.
[162/522] nn.functional.adaptive_max_pool1d: DIFF:VALUE (9s, total 1294s)  {'i': 0, 'path': 'AO', 'class': 'VALUE', 'detail': 'value at [0, 2, 1]: eager 2 compiled 1', 'repr': 'SampleInput(input=tensor([[[-8.4784, -1.7658, -4.3228, -2.4005],\n         [-7.9506,  3.6116, -8.0676, -0.5735],\n         [ 3.1285, -3.0337,  5.1067,  1.1351],\n         [ 4.9473,  5.7744, -3.9730,  3.2'}
[W922 20:42:45.000000000 model_package_loader.cpp:958] Failed to remove temporary directory C:/Users/clm/AppData/Local/Temp/u7oc.7n: Access is denied.
[163/522] nn.functional.adaptive_max_pool2d: DIFF:VALUE (10s, total 1304s)  {'i': 0, 'path': 'AO', 'class': 'VALUE', 'detail': 'value at [0, 0, 1, 1]: eager 10 compiled 9', 'repr': 'SampleInput(input=tensor([[[[-8.4784, -1.7658, -4.3228, -2.4005],\n          [-7.9506,  3.6116, -8.0676, -0.5735],\n          [ 3.1285, -3.0337,  5.1067,  1.1351],\n          [ 4.9473,  5.7744, -3.9730, '}
[W922 20:42:53.000000000 model_package_loader.cpp:958] Failed to remove temporary directory C:/Users/clm/AppData/Local/Temp/u7oc.7p: Access is denied.
torch 2.14.0+cpu; 367 ops to do (138 done); dtype torch.float32
[W922 20:44:06.000000000 model_package_loader.cpp:958] Failed to remove temporary directory C:/Users/clm/AppData/Local/Temp/udcg.1: Access is denied.
[W922 20:44:12.000000000 model_package_loader.cpp:958] Failed to remove temporary directory C:/Users/clm/AppData/Local/Temp/udcg.3: Access is denied.
[W922 20:44:19.000000000 model_package_loader.cpp:958] Failed to remove temporary directory C:/Users/clm/AppData/Local/Temp/udcg.5: Access is denied.
[W922 20:44:25.000000000 model_package_loader.cpp:958] Failed to remove temporary directory C:/Users/clm/AppData/Local/Temp/udcg.7: Access is denied.
[W922 20:44:32.000000000 model_package_loader.cpp:958] Failed to remove temporary directory C:/Users/clm/AppData/Local/Temp/udcg.9: Access is denied.
[W922 20:44:39.000000000 model_package_loader.cpp:958] Failed to remove temporary directory C:/Users/clm/AppData/Local/Temp/udcg.b: Access is denied.
[W922 20:44:47.000000000 model_package_loader.cpp:958] Failed to remove temporary directory C:/Users/clm/AppData/Local/Temp/udcg.d: Access is denied.
[7/367] eq: DIFF:RAISES (7s, total 65s)  {'i': 0, 'path': 'SL', 'class': 'RAISES', 'detail': 'SpecViolationError: Node.meta wrap_with_set_grad_enabled is missing val field.'}
[W922 20:44:55.000000000 model_package_loader.cpp:958] Failed to remove temporary directory C:/Users/clm/AppData/Local/Temp/udcg.f: Access is denied.
[W922 20:45:02.000000000 model_package_loader.cpp:958] Failed to remove temporary directory C:/Users/clm/AppData/Local/Temp/udcg.h: Access is denied.
W0922 20:45:02.443000 17296 site-packages\torch\_inductor\ir.py:9916] aten.linalg_matrix_exp.default is missing a c-shim implementation, using proxy executor as fallback
[W922 20:45:07.000000000 model_package_loader.cpp:958] Failed to remove temporary directory C:/Users/clm/AppData/Local/Temp/udcg.j: Access is denied.
[W922 20:45:15.000000000 model_package_loader.cpp:958] Failed to remove temporary directory C:/Users/clm/AppData/Local/Temp/udcg.l: Access is denied.
[W922 20:45:24.000000000 model_package_loader.cpp:958] Failed to remove temporary directory C:/Users/clm/AppData/Local/Temp/udcg.n: Access is denied.
[12/367] nn.functional.avg_pool3d: DIFF:RAISES (8s, total 102s)  {'i': 0, 'path': 'SL', 'class': 'RAISES', 'detail': 'SpecViolationError: Node.meta wrap_with_set_grad_enabled is missing val field.'}
[W922 20:45:31.000000000 model_package_loader.cpp:958] Failed to remove temporary directory C:/Users/clm/AppData/Local/Temp/udcg.p: Access is denied.
[13/367] nn.functional.binary_cross_entropy_with_logits: DIFF:RAISES (8s, total 109s)  {'i': 0, 'path': 'SL', 'class': 'RAISES', 'detail': 'SpecViolationError: Node.meta wrap_with_set_grad_enabled is missing val field.'}
[W922 20:45:37.000000000 model_package_loader.cpp:958] Failed to remove temporary directory C:/Users/clm/AppData/Local/Temp/udcg.r: Access is denied.
[W922 20:45:45.000000000 model_package_loader.cpp:958] Failed to remove temporary directory C:/Users/clm/AppData/Local/Temp/udcg.t: Access is denied.
[W922 20:45:50.000000000 model_package_loader.cpp:958] Failed to remove temporary directory C:/Users/clm/AppData/Local/Temp/udcg.v: Access is denied.
[W922 20:45:55.000000000 model_package_loader.cpp:958] Failed to remove temporary directory C:/Users/clm/AppData/Local/Temp/udcg.x: Access is denied.
[W922 20:46:03.000000000 model_package_loader.cpp:958] Failed to remove temporary directory C:/Users/clm/AppData/Local/Temp/udcg.z: Access is denied.
[W922 20:46:08.000000000 model_package_loader.cpp:958] Failed to remove temporary directory C:/Users/clm/AppData/Local/Temp/udcg.11: Access is denied.
[19/367] nn.functional.conv3d: DIFF:RAISES (5s, total 147s)  {'i': 0, 'path': 'SL', 'class': 'RAISES', 'detail': 'SpecViolationError: Node.meta wrap_with_set_grad_enabled is missing val field.'}
[W922 20:46:16.000000000 model_package_loader.cpp:958] Failed to remove temporary directory C:/Users/clm/AppData/Local/Temp/udcg.13: Access is denied.
[21/367] nn.functional.instance_norm: DIFF:RAISES (0s, total 155s)  {'i': 0, 'path': 'AO', 'class': 'RAISES', 'detail': 'RuntimeError: false INTERNAL ASSERT FAILED at "C:\\\\actions-runner\\\\_work\\\\pytorch\\\\pytorch\\\\build\\\\aten\\\\src\\\\ATen\\\\RegisterFunctionalization_2.cpp":8058, please report a bug to PyTorch. mutating a non-functional t'}
[W922 20:46:25.000000000 model_package_loader.cpp:958] Failed to remove temporary directory C:/Users/clm/AppData/Local/Temp/udcg.15: Access is denied.
[W922 20:46:32.000000000 model_package_loader.cpp:958] Failed to remove temporary directory C:/Users/clm/AppData/Local/Temp/udcg.17: Access is denied.
[W922 20:46:40.000000000 model_package_loader.cpp:958] Failed to remove temporary directory C:/Users/clm/AppData/Local/Temp/udcg.19: Access is denied.
[W922 20:46:47.000000000 model_package_loader.cpp:958] Failed to remove temporary directory C:/Users/clm/AppData/Local/Temp/udcg.1b: Access is denied.
[25/367] constant_pad_nd: ok (7s, total 185s)
[W922 20:46:55.000000000 model_package_loader.cpp:958] Failed to remove temporary directory C:/Users/clm/AppData/Local/Temp/udcg.1d: Access is denied.
[W922 20:47:03.000000000 model_package_loader.cpp:958] Failed to remove temporary directory C:/Users/clm/AppData/Local/Temp/udcg.1f: Access is denied.
[W922 20:47:10.000000000 model_package_loader.cpp:958] Failed to remove temporary directory C:/Users/clm/AppData/Local/Temp/udcg.1h: Access is denied.
[W922 20:47:18.000000000 model_package_loader.cpp:958] Failed to remove temporary directory C:/Users/clm/AppData/Local/Temp/udcg.1j: Access is denied.
[W922 20:47:23.000000000 model_package_loader.cpp:958] Failed to remove temporary directory C:/Users/clm/AppData/Local/Temp/udcg.1l: Access is denied.
[W922 20:47:31.000000000 model_package_loader.cpp:958] Failed to remove temporary directory C:/Users/clm/AppData/Local/Temp/udcg.1n: Access is denied.
[W922 20:47:36.000000000 model_package_loader.cpp:958] Failed to remove temporary directory C:/Users/clm/AppData/Local/Temp/udcg.1p: Access is denied.
W0922 20:47:36.991000 17296 site-packages\torch\_inductor\ir.py:9916] aten._upsample_bilinear2d_aa.default is missing a c-shim implementation, using proxy executor as fallback
[W922 20:47:42.000000000 model_package_loader.cpp:958] Failed to remove temporary directory C:/Users/clm/AppData/Local/Temp/udcg.1r: Access is denied.
[W922 20:47:49.000000000 model_package_loader.cpp:958] Failed to remove temporary directory C:/Users/clm/AppData/Local/Temp/udcg.1t: Access is denied.
[W922 20:47:56.000000000 model_package_loader.cpp:958] Failed to remove temporary directory C:/Users/clm/AppData/Local/Temp/udcg.1v: Access is denied.
[W922 20:48:04.000000000 model_package_loader.cpp:958] Failed to remove temporary directory C:/Users/clm/AppData/Local/Temp/udcg.1x: Access is denied.
[W922 20:48:11.000000000 model_package_loader.cpp:958] Failed to remove temporary directory C:/Users/clm/AppData/Local/Temp/udcg.1z: Access is denied.
[W922 20:48:19.000000000 model_package_loader.cpp:958] Failed to remove temporary directory C:/Users/clm/AppData/Local/Temp/udcg.21: Access is denied.
[W922 20:48:27.000000000 model_package_loader.cpp:958] Failed to remove temporary directory C:/Users/clm/AppData/Local/Temp/udcg.23: Access is denied.
[W922 20:48:35.000000000 model_package_loader.cpp:958] Failed to remove temporary directory C:/Users/clm/AppData/Local/Temp/udcg.25: Access is denied.
[W922 20:49:00.000000000 model_package_loader.cpp:958] Failed to remove temporary directory C:/Users/clm/AppData/Local/Temp/udcg.27: Access is denied.
[W922 20:49:08.000000000 model_package_loader.cpp:958] Failed to remove temporary directory C:/Users/clm/AppData/Local/Temp/udcg.29: Access is denied.
Exception ignored while closing generator <generator object sample_inputs_max_pool at 0x00000197A98C9B90>:
Traceback (most recent call last):
  File "C:\Users\clm\AppData\Local\Python\pythoncore-3.14-64\Lib\site-packages\torch\utils\_contextlib.py", line 49, in generator_context
    with ctx_factory():
  File "C:\Users\clm\AppData\Local\Python\pythoncore-3.14-64\Lib\site-packages\torch\autograd\grad_mode.py", line 83, in __enter__
    torch.set_grad_enabled(False)
  File "C:\Users\clm\AppData\Local\Python\pythoncore-3.14-64\Lib\site-packages\torch\autograd\grad_mode.py", line 188, in __init__
    torch._C._set_grad_enabled(mode)
  File "C:\Users\clm\AppData\Local\Python\pythoncore-3.14-64\Lib\site-packages\torch\fx\experimental\proxy_tensor.py", line 2014, in __torch_function__
    return func(*args, **kwargs)
  File "C:\Users\clm\AppData\Local\Python\pythoncore-3.14-64\Lib\site-packages\torch\fx\experimental\proxy_tensor.py", line 2049, in __torch_function__
    node = self.tracer.create_node("call_function", func, args, {})  # type: ignore[arg-type]
  File "C:\Users\clm\AppData\Local\Python\pythoncore-3.14-64\Lib\site-packages\torch\fx\experimental\proxy_tensor.py", line 2808, in create_node
    node = super().create_node(*args, **kwargs)  # type: ignore[arg-type]
  File "C:\Users\clm\AppData\Local\Python\pythoncore-3.14-64\Lib\site-packages\torch\fx\experimental\proxy_tensor.py", line 1736, in create_node
    node = super().create_node(kind, target, args, kwargs, name, type_expr)  # type: ignore[arg-type]
  File "C:\Users\clm\AppData\Local\Python\pythoncore-3.14-64\Lib\site-packages\torch\fx\proxy.py", line 236, in create_node
    node = self.graph.create_node(kind, target, args, kwargs, name, type_expr)
AttributeError: '_ModuleStackTracer' object has no attribute 'graph'
[W922 20:49:16.000000000 model_package_loader.cpp:958] Failed to remove temporary directory C:/Users/clm/AppData/Local/Temp/udcg.2b: Access is denied.
[43/367] nn.functional.max_pool3d: DIFF:VALUE (8s, total 335s)  {'i': 0, 'path': 'AO', 'class': 'VALUE', 'detail': 'value at [0, 0, 0, 1, 0]: eager 50 compiled 10', 'repr': 'SampleInput(input=tensor([[[[[-8.4784, -1.7658, -4.3228, -2.4005, -7.9506],\n           [ 3.6116, -8.0676, -0.5735,  3.1285, -3.0337],\n           [ 5.1067,  1.1351,  4.9473,  5.7744, -3.9730],\n        '}
[W922 20:49:24.000000000 model_package_loader.cpp:958] Failed to remove temporary directory C:/Users/clm/AppData/Local/Temp/udcg.2d: Access is denied.
[W922 20:49:32.000000000 model_package_loader.cpp:958] Failed to remove temporary directory C:/Users/clm/AppData/Local/Temp/udcg.2f: Access is denied.
[W922 20:49:40.000000000 model_package_loader.cpp:958] Failed to remove temporary directory C:/Users/clm/AppData/Local/Temp/udcg.2h: Access is denied.
[W922 20:49:45.000000000 model_package_loader.cpp:958] Failed to remove temporary directory C:/Users/clm/AppData/Local/Temp/udcg.2j: Access is denied.
[50/367] torch.ops.aten._flash_attention_forward: NO_SAMPLES:dtype (0s, total 363s)
[W922 20:49:51.000000000 model_package_loader.cpp:958] Failed to remove temporary directory C:/Users/clm/AppData/Local/Temp/udcg.2l: Access is denied.
[W922 20:49:58.000000000 model_package_loader.cpp:958] Failed to remove temporary directory C:/Users/clm/AppData/Local/Temp/udcg.2n: Access is denied.
[W922 20:50:05.000000000 model_package_loader.cpp:958] Failed to remove temporary directory C:/Users/clm/AppData/Local/Temp/udcg.2p: Access is denied.
[W922 20:50:12.000000000 model_package_loader.cpp:958] Failed to remove temporary directory C:/Users/clm/AppData/Local/Temp/udcg.2r: Access is denied.
[W922 20:50:20.000000000 model_package_loader.cpp:958] Failed to remove temporary directory C:/Users/clm/AppData/Local/Temp/udcg.2t: Access is denied.
[W922 20:50:28.000000000 model_package_loader.cpp:958] Failed to remove temporary directory C:/Users/clm/AppData/Local/Temp/udcg.2v: Access is denied.
[W922 20:50:35.000000000 model_package_loader.cpp:958] Failed to remove temporary directory C:/Users/clm/AppData/Local/Temp/udcg.2x: Access is denied.
[W922 20:50:43.000000000 model_package_loader.cpp:958] Failed to remove temporary directory C:/Users/clm/AppData/Local/Temp/udcg.2z: Access is denied.
[W922 20:50:50.000000000 model_package_loader.cpp:958] Failed to remove temporary directory C:/Users/clm/AppData/Local/Temp/udcg.31: Access is denied.
[W922 20:50:58.000000000 model_package_loader.cpp:958] Failed to remove temporary directory C:/Users/clm/AppData/Local/Temp/udcg.33: Access is denied.
[W922 20:51:06.000000000 model_package_loader.cpp:958] Failed to remove temporary directory C:/Users/clm/AppData/Local/Temp/udcg.35: Access is denied.
[W922 20:51:13.000000000 model_package_loader.cpp:958] Failed to remove temporary directory C:/Users/clm/AppData/Local/Temp/udcg.37: Access is denied.
[W922 20:51:21.000000000 model_package_loader.cpp:958] Failed to remove temporary directory C:/Users/clm/AppData/Local/Temp/udcg.39: Access is denied.
[W922 20:51:28.000000000 model_package_loader.cpp:958] Failed to remove temporary directory C:/Users/clm/AppData/Local/Temp/udcg.3b: Access is denied.
[W922 20:51:36.000000000 model_package_loader.cpp:958] Failed to remove temporary directory C:/Users/clm/AppData/Local/Temp/udcg.3d: Access is denied.
[W922 20:51:44.000000000 model_package_loader.cpp:958] Failed to remove temporary directory C:/Users/clm/AppData/Local/Temp/udcg.3f: Access is denied.
[68/367] nn.functional.softshrink: DIFF:SIGNZERO (8s, total 482s)  {'i': 0, 'path': 'AO', 'class': 'SIGNZERO', 'detail': 'sign of zero', 'repr': 'SampleInput(input=tensor([[-8.4784, -1.7658, -4.3228, -2.4005, -7.9506],\n        [ 3.6116, -8.0676, -0.5735,  3.1285, -3.0337],\n        [ 5.1067,  1.1351,  4.9473,  5.7744, -3.9730],\n        [ 3.2708,'}
[W922 20:51:52.000000000 model_package_loader.cpp:958] Failed to remove temporary directory C:/Users/clm/AppData/Local/Temp/udcg.3h: Access is denied.
[W922 20:51:59.000000000 model_package_loader.cpp:958] Failed to remove temporary directory C:/Users/clm/AppData/Local/Temp/udcg.3j: Access is denied.
[W922 20:52:04.000000000 model_package_loader.cpp:958] Failed to remove temporary directory C:/Users/clm/AppData/Local/Temp/udcg.3l: Access is denied.
[W922 20:52:12.000000000 model_package_loader.cpp:958] Failed to remove temporary directory C:/Users/clm/AppData/Local/Temp/udcg.3n: Access is denied.
[W922 20:52:20.000000000 model_package_loader.cpp:958] Failed to remove temporary directory C:/Users/clm/AppData/Local/Temp/udcg.3p: Access is denied.
[W922 20:52:27.000000000 model_package_loader.cpp:958] Failed to remove temporary directory C:/Users/clm/AppData/Local/Temp/udcg.3r: Access is denied.
[W922 20:52:35.000000000 model_package_loader.cpp:958] Failed to remove temporary directory C:/Users/clm/AppData/Local/Temp/udcg.3t: Access is denied.
[75/367] ne: ok (7s, total 533s)
[W922 20:52:40.000000000 model_package_loader.cpp:958] Failed to remove temporary directory C:/Users/clm/AppData/Local/Temp/udcg.3v: Access is denied.
[W922 20:52:47.000000000 model_package_loader.cpp:958] Failed to remove temporary directory C:/Users/clm/AppData/Local/Temp/udcg.3x: Access is denied.
[W922 20:52:55.000000000 model_package_loader.cpp:958] Failed to remove temporary directory C:/Users/clm/AppData/Local/Temp/udcg.3z: Access is denied.
[W922 20:53:02.000000000 model_package_loader.cpp:958] Failed to remove temporary directory C:/Users/clm/AppData/Local/Temp/udcg.41: Access is denied.
[W922 20:53:11.000000000 model_package_loader.cpp:958] Failed to remove temporary directory C:/Users/clm/AppData/Local/Temp/udcg.43: Access is denied.
[W922 20:53:18.000000000 model_package_loader.cpp:958] Failed to remove temporary directory C:/Users/clm/AppData/Local/Temp/udcg.45: Access is denied.
[W922 20:53:23.000000000 model_package_loader.cpp:958] Failed to remove temporary directory C:/Users/clm/AppData/Local/Temp/udcg.47: Access is denied.
[W922 20:53:31.000000000 model_package_loader.cpp:958] Failed to remove temporary directory C:/Users/clm/AppData/Local/Temp/udcg.49: Access is denied.
[W922 20:53:38.000000000 model_package_loader.cpp:958] Failed to remove temporary directory C:/Users/clm/AppData/Local/Temp/udcg.4b: Access is denied.
[W922 20:53:45.000000000 model_package_loader.cpp:958] Failed to remove temporary directory C:/Users/clm/AppData/Local/Temp/udcg.4d: Access is denied.
[W922 20:53:53.000000000 model_package_loader.cpp:958] Failed to remove temporary directory C:/Users/clm/AppData/Local/Temp/udcg.4f: Access is denied.
[W922 20:53:58.000000000 model_package_loader.cpp:958] Failed to remove temporary directory C:/Users/clm/AppData/Local/Temp/udcg.4h: Access is denied.
[W922 20:54:03.000000000 model_package_loader.cpp:958] Failed to remove temporary directory C:/Users/clm/AppData/Local/Temp/udcg.4j: Access is denied.
[W922 20:54:11.000000000 model_package_loader.cpp:958] Failed to remove temporary directory C:/Users/clm/AppData/Local/Temp/udcg.4l: Access is denied.
[W922 20:54:18.000000000 model_package_loader.cpp:958] Failed to remove temporary directory C:/Users/clm/AppData/Local/Temp/udcg.4n: Access is denied.
[W922 20:54:24.000000000 model_package_loader.cpp:958] Failed to remove temporary directory C:/Users/clm/AppData/Local/Temp/udcg.4p: Access is denied.
[W922 20:54:31.000000000 model_package_loader.cpp:958] Failed to remove temporary directory C:/Users/clm/AppData/Local/Temp/udcg.4r: Access is denied.
[W922 20:54:38.000000000 model_package_loader.cpp:958] Failed to remove temporary directory C:/Users/clm/AppData/Local/Temp/udcg.4t: Access is denied.
[W922 20:54:44.000000000 model_package_loader.cpp:958] Failed to remove temporary directory C:/Users/clm/AppData/Local/Temp/udcg.4v: Access is denied.
[W922 20:54:51.000000000 model_package_loader.cpp:958] Failed to remove temporary directory C:/Users/clm/AppData/Local/Temp/udcg.4x: Access is denied.
[W922 20:54:59.000000000 model_package_loader.cpp:958] Failed to remove temporary directory C:/Users/clm/AppData/Local/Temp/udcg.4z: Access is denied.
[W922 20:55:07.000000000 model_package_loader.cpp:958] Failed to remove temporary directory C:/Users/clm/AppData/Local/Temp/udcg.51: Access is denied.
[W922 20:55:15.000000000 model_package_loader.cpp:958] Failed to remove temporary directory C:/Users/clm/AppData/Local/Temp/udcg.53: Access is denied.
[W922 20:55:21.000000000 model_package_loader.cpp:958] Failed to remove temporary directory C:/Users/clm/AppData/Local/Temp/udcg.55: Access is denied.
[W922 20:55:27.000000000 model_package_loader.cpp:958] Failed to remove temporary directory C:/Users/clm/AppData/Local/Temp/udcg.57: Access is denied.
[100/367] split: ok (6s, total 706s)
[W922 20:55:33.000000000 model_package_loader.cpp:958] Failed to remove temporary directory C:/Users/clm/AppData/Local/Temp/udcg.59: Access is denied.
[W922 20:55:39.000000000 model_package_loader.cpp:958] Failed to remove temporary directory C:/Users/clm/AppData/Local/Temp/udcg.5b: Access is denied.
Exception ignored while closing generator <generator object sample_inputs_split_with_sizes at 0x00000197B6343CD0>:
Traceback (most recent call last):
  File "C:\Users\clm\AppData\Local\Python\pythoncore-3.14-64\Lib\site-packages\torch\utils\_contextlib.py", line 49, in generator_context
    with ctx_factory():
  File "C:\Users\clm\AppData\Local\Python\pythoncore-3.14-64\Lib\site-packages\torch\autograd\grad_mode.py", line 83, in __enter__
    torch.set_grad_enabled(False)
  File "C:\Users\clm\AppData\Local\Python\pythoncore-3.14-64\Lib\site-packages\torch\autograd\grad_mode.py", line 188, in __init__
    torch._C._set_grad_enabled(mode)
  File "C:\Users\clm\AppData\Local\Python\pythoncore-3.14-64\Lib\site-packages\torch\fx\experimental\proxy_tensor.py", line 2014, in __torch_function__
    return func(*args, **kwargs)
  File "C:\Users\clm\AppData\Local\Python\pythoncore-3.14-64\Lib\site-packages\torch\fx\experimental\proxy_tensor.py", line 2049, in __torch_function__
    node = self.tracer.create_node("call_function", func, args, {})  # type: ignore[arg-type]
  File "C:\Users\clm\AppData\Local\Python\pythoncore-3.14-64\Lib\site-packages\torch\fx\experimental\proxy_tensor.py", line 2808, in create_node
    node = super().create_node(*args, **kwargs)  # type: ignore[arg-type]
  File "C:\Users\clm\AppData\Local\Python\pythoncore-3.14-64\Lib\site-packages\torch\fx\experimental\proxy_tensor.py", line 1736, in create_node
    node = super().create_node(kind, target, args, kwargs, name, type_expr)  # type: ignore[arg-type]
  File "C:\Users\clm\AppData\Local\Python\pythoncore-3.14-64\Lib\site-packages\torch\fx\proxy.py", line 236, in create_node
    node = self.graph.create_node(kind, target, args, kwargs, name, type_expr)
AttributeError: '_ModuleStackTracer' object has no attribute 'graph'
[W922 20:55:49.000000000 model_package_loader.cpp:958] Failed to remove temporary directory C:/Users/clm/AppData/Local/Temp/udcg.5d: Access is denied.
[W922 20:55:58.000000000 model_package_loader.cpp:958] Failed to remove temporary directory C:/Users/clm/AppData/Local/Temp/udcg.5f: Access is denied.
[W922 20:56:08.000000000 model_package_loader.cpp:958] Failed to remove temporary directory C:/Users/clm/AppData/Local/Temp/udcg.5h: Access is denied.
[W922 20:56:17.000000000 model_package_loader.cpp:958] Failed to remove temporary directory C:/Users/clm/AppData/Local/Temp/udcg.5j: Access is denied.
[W922 20:56:26.000000000 model_package_loader.cpp:958] Failed to remove temporary directory C:/Users/clm/AppData/Local/Temp/udcg.5l: Access is denied.
[W922 20:56:35.000000000 model_package_loader.cpp:958] Failed to remove temporary directory C:/Users/clm/AppData/Local/Temp/udcg.5n: Access is denied.
[W922 20:56:45.000000000 model_package_loader.cpp:958] Failed to remove temporary directory C:/Users/clm/AppData/Local/Temp/udcg.5p: Access is denied.
[W922 20:56:55.000000000 model_package_loader.cpp:958] Failed to remove temporary directory C:/Users/clm/AppData/Local/Temp/udcg.5r: Access is denied.
[112/367] __rsub__: DIFF:RAISES (10s, total 793s)  {'i': 0, 'path': 'SL', 'class': 'RAISES', 'detail': 'SpecViolationError: Node.meta wrap_with_set_grad_enabled is missing val field.'}
[W922 20:57:05.000000000 model_package_loader.cpp:958] Failed to remove temporary directory C:/Users/clm/AppData/Local/Temp/udcg.5t: Access is denied.
[W922 20:57:10.000000000 model_package_loader.cpp:958] Failed to remove temporary directory C:/Users/clm/AppData/Local/Temp/udcg.5v: Access is denied.
[W922 20:57:18.000000000 model_package_loader.cpp:958] Failed to remove temporary directory C:/Users/clm/AppData/Local/Temp/udcg.5x: Access is denied.
[W922 20:57:25.000000000 model_package_loader.cpp:958] Failed to remove temporary directory C:/Users/clm/AppData/Local/Temp/udcg.5z: Access is denied.
[W922 20:57:34.000000000 model_package_loader.cpp:958] Failed to remove temporary directory C:/Users/clm/AppData/Local/Temp/udcg.61: Access is denied.
torch 2.14.0+cpu; 251 ops to do (243 done); dtype torch.float32
[W922 20:58:09.000000000 model_package_loader.cpp:958] Failed to remove temporary directory C:/Users/clm/AppData/Local/Temp/uo14.1: Access is denied.
torch 2.14.0+cpu; 251 ops to do (243 done); dtype torch.float32
[W922 20:58:44.000000000 model_package_loader.cpp:958] Failed to remove temporary directory C:/Users/clm/AppData/Local/Temp/u8qk.1: Access is denied.
torch 2.14.0+cpu; 251 ops to do (243 done); dtype torch.float32
[W922 20:59:18.000000000 model_package_loader.cpp:958] Failed to remove temporary directory C:/Users/clm/AppData/Local/Temp/uptg.1: Access is denied.
torch 2.14.0+cpu; 251 ops to do (243 done); dtype torch.float32
[W922 20:59:54.000000000 model_package_loader.cpp:958] Failed to remove temporary directory C:/Users/clm/AppData/Local/Temp/ujok.1: Access is denied.
torch 2.14.0+cpu; 251 ops to do (243 done); dtype torch.float32
torch 2.14.0+cpu; 256 ops to do (238 done); dtype torch.float32
torch 2.14.0+cpu; 256 ops to do (238 done); dtype torch.float32
[W922 21:02:25.000000000 model_package_loader.cpp:958] Failed to remove temporary directory C:/Users/clm/AppData/Local/Temp/u7og.1: Access is denied.
[W922 21:02:34.000000000 model_package_loader.cpp:958] Failed to remove temporary directory C:/Users/clm/AppData/Local/Temp/u7og.3: Access is denied.
[W922 21:02:42.000000000 model_package_loader.cpp:958] Failed to remove temporary directory C:/Users/clm/AppData/Local/Temp/u7og.5: Access is denied.
[W922 21:02:48.000000000 model_package_loader.cpp:958] Failed to remove temporary directory C:/Users/clm/AppData/Local/Temp/u7og.7: Access is denied.
[W922 21:02:55.000000000 model_package_loader.cpp:958] Failed to remove temporary directory C:/Users/clm/AppData/Local/Temp/u7og.9: Access is denied.
[W922 21:03:04.000000000 model_package_loader.cpp:958] Failed to remove temporary directory C:/Users/clm/AppData/Local/Temp/u7og.b: Access is denied.
torch 2.14.0+cpu; 251 ops to do (243 done); dtype torch.float32
[W922 21:03:37.000000000 model_package_loader.cpp:958] Failed to remove temporary directory C:/Users/clm/AppData/Local/Temp/un3g.1: Access is denied.
torch 2.14.0+cpu; 251 ops to do (243 done); dtype torch.float32
[W922 21:04:08.000000000 model_package_loader.cpp:958] Failed to remove temporary directory C:/Users/clm/AppData/Local/Temp/umpw.1: Access is denied.
torch 2.14.0+cpu; 251 ops to do (243 done); dtype torch.float32
[W922 21:04:40.000000000 model_package_loader.cpp:958] Failed to remove temporary directory C:/Users/clm/AppData/Local/Temp/uki0.1: Access is denied.
torch 2.14.0+cpu; 251 ops to do (243 done); dtype torch.float32
[W922 21:05:11.000000000 model_package_loader.cpp:958] Failed to remove temporary directory C:/Users/clm/AppData/Local/Temp/ujmc.1: Access is denied.
torch 2.14.0+cpu; 251 ops to do (243 done); dtype torch.float32
[W922 21:05:43.000000000 model_package_loader.cpp:958] Failed to remove temporary directory C:/Users/clm/AppData/Local/Temp/ub84.1: Access is denied.
previous process crashed inside slice_scatter: recorded as CRASH, skipping
torch 2.14.0+cpu; 250 ops to do (244 done); dtype torch.float32
[W922 21:08:48.000000000 model_package_loader.cpp:958] Failed to remove temporary directory C:/Users/clm/AppData/Local/Temp/upvw.1: Access is denied.
[W922 21:08:56.000000000 model_package_loader.cpp:958] Failed to remove temporary directory C:/Users/clm/AppData/Local/Temp/upvw.3: Access is denied.
[W922 21:09:05.000000000 model_package_loader.cpp:958] Failed to remove temporary directory C:/Users/clm/AppData/Local/Temp/upvw.5: Access is denied.
W0922 21:09:06.510000 33548 site-packages\torch\_export\serde\serialize.py:3574] Symbol u0 did not appear in the graph that was deserialized
W0922 21:09:06.511000 33548 site-packages\torch\_export\serde\serialize.py:3574] Symbol u1 did not appear in the graph that was deserialized
W0922 21:09:06.511000 33548 site-packages\torch\_export\serde\serialize.py:3574] Symbol u2 did not appear in the graph that was deserialized
[W922 21:09:12.000000000 model_package_loader.cpp:958] Failed to remove temporary directory C:/Users/clm/AppData/Local/Temp/upvw.7: Access is denied.
[W922 21:09:17.000000000 model_package_loader.cpp:958] Failed to remove temporary directory C:/Users/clm/AppData/Local/Temp/upvw.9: Access is denied.
[W922 21:09:23.000000000 model_package_loader.cpp:958] Failed to remove temporary directory C:/Users/clm/AppData/Local/Temp/upvw.b: Access is denied.
[W922 21:09:29.000000000 model_package_loader.cpp:958] Failed to remove temporary directory C:/Users/clm/AppData/Local/Temp/upvw.d: Access is denied.
[W922 21:09:37.000000000 model_package_loader.cpp:958] Failed to remove temporary directory C:/Users/clm/AppData/Local/Temp/upvw.f: Access is denied.
[W922 21:09:46.000000000 model_package_loader.cpp:958] Failed to remove temporary directory C:/Users/clm/AppData/Local/Temp/upvw.h: Access is denied.
[W922 21:09:54.000000000 model_package_loader.cpp:958] Failed to remove temporary directory C:/Users/clm/AppData/Local/Temp/upvw.j: Access is denied.
[W922 21:10:03.000000000 model_package_loader.cpp:958] Failed to remove temporary directory C:/Users/clm/AppData/Local/Temp/upvw.l: Access is denied.
[W922 21:10:11.000000000 model_package_loader.cpp:958] Failed to remove temporary directory C:/Users/clm/AppData/Local/Temp/upvw.n: Access is denied.
[W922 21:10:20.000000000 model_package_loader.cpp:958] Failed to remove temporary directory C:/Users/clm/AppData/Local/Temp/upvw.p: Access is denied.
[W922 21:10:28.000000000 model_package_loader.cpp:958] Failed to remove temporary directory C:/Users/clm/AppData/Local/Temp/upvw.r: Access is denied.
[W922 21:10:35.000000000 model_package_loader.cpp:958] Failed to remove temporary directory C:/Users/clm/AppData/Local/Temp/upvw.t: Access is denied.
[W922 21:10:42.000000000 model_package_loader.cpp:958] Failed to remove temporary directory C:/Users/clm/AppData/Local/Temp/upvw.v: Access is denied.
[W922 21:10:49.000000000 model_package_loader.cpp:958] Failed to remove temporary directory C:/Users/clm/AppData/Local/Temp/upvw.x: Access is denied.
[W922 21:10:57.000000000 model_package_loader.cpp:958] Failed to remove temporary directory C:/Users/clm/AppData/Local/Temp/upvw.z: Access is denied.
[W922 21:11:06.000000000 model_package_loader.cpp:958] Failed to remove temporary directory C:/Users/clm/AppData/Local/Temp/upvw.11: Access is denied.
[W922 21:11:15.000000000 model_package_loader.cpp:958] Failed to remove temporary directory C:/Users/clm/AppData/Local/Temp/upvw.13: Access is denied.
[W922 21:11:24.000000000 model_package_loader.cpp:958] Failed to remove temporary directory C:/Users/clm/AppData/Local/Temp/upvw.15: Access is denied.
W0922 21:11:25.281000 33548 site-packages\torch\_inductor\ir.py:9916] aten.linalg_qr.default is missing a c-shim implementation, using proxy executor as fallback
W0922 21:11:25.283000 33548 site-packages\torch\_inductor\ir.py:9916] aten.linalg_qr.default is missing a c-shim implementation, using proxy executor as fallback
W0922 21:11:25.284000 33548 site-packages\torch\_inductor\ir.py:9916] aten.linalg_qr.default is missing a c-shim implementation, using proxy executor as fallback
W0922 21:11:25.286000 33548 site-packages\torch\_inductor\ir.py:9916] aten.linalg_qr.default is missing a c-shim implementation, using proxy executor as fallback
W0922 21:11:25.287000 33548 site-packages\torch\_inductor\ir.py:9916] aten.linalg_qr.default is missing a c-shim implementation, using proxy executor as fallback
W0922 21:11:25.289000 33548 site-packages\torch\_inductor\ir.py:9916] aten._linalg_svd.default is missing a c-shim implementation, using proxy executor as fallback
[W922 21:11:30.000000000 model_package_loader.cpp:958] Failed to remove temporary directory C:/Users/clm/AppData/Local/Temp/upvw.17: Access is denied.
C:\Users\clm\AppData\Local\Python\pythoncore-3.14-64\Lib\site-packages\torch\_inductor\lowering.py:2774: UserWarning: Torchinductor does not support code generation for complex operators. Performance may be worse than eager.
  warnings.warn(
[W922 21:11:36.000000000 model_package_loader.cpp:958] Failed to remove temporary directory C:/Users/clm/AppData/Local/Temp/upvw.19: Access is denied.
[W922 21:11:45.000000000 model_package_loader.cpp:958] Failed to remove temporary directory C:/Users/clm/AppData/Local/Temp/upvw.1b: Access is denied.
[25/250] polygamma: ok (9s, total 202s)
[W922 21:11:53.000000000 model_package_loader.cpp:958] Failed to remove temporary directory C:/Users/clm/AppData/Local/Temp/upvw.1d: Access is denied.
[W922 21:12:02.000000000 model_package_loader.cpp:958] Failed to remove temporary directory C:/Users/clm/AppData/Local/Temp/upvw.1f: Access is denied.
[W922 21:12:11.000000000 model_package_loader.cpp:958] Failed to remove temporary directory C:/Users/clm/AppData/Local/Temp/upvw.1h: Access is denied.
[W922 21:12:20.000000000 model_package_loader.cpp:958] Failed to remove temporary directory C:/Users/clm/AppData/Local/Temp/upvw.1j: Access is denied.
[W922 21:12:25.000000000 model_package_loader.cpp:958] Failed to remove temporary directory C:/Users/clm/AppData/Local/Temp/upvw.1l: Access is denied.
[W922 21:12:31.000000000 model_package_loader.cpp:958] Failed to remove temporary directory C:/Users/clm/AppData/Local/Temp/upvw.1n: Access is denied.
[W922 21:12:37.000000000 model_package_loader.cpp:958] Failed to remove temporary directory C:/Users/clm/AppData/Local/Temp/upvw.1p: Access is denied.
[W922 21:12:42.000000000 model_package_loader.cpp:958] Failed to remove temporary directory C:/Users/clm/AppData/Local/Temp/upvw.1r: Access is denied.
[W922 21:12:48.000000000 model_package_loader.cpp:958] Failed to remove temporary directory C:/Users/clm/AppData/Local/Temp/upvw.1t: Access is denied.
[W922 21:12:54.000000000 model_package_loader.cpp:958] Failed to remove temporary directory C:/Users/clm/AppData/Local/Temp/upvw.1v: Access is denied.
[W922 21:13:00.000000000 model_package_loader.cpp:958] Failed to remove temporary directory C:/Users/clm/AppData/Local/Temp/upvw.1x: Access is denied.
[W922 21:13:05.000000000 model_package_loader.cpp:958] Failed to remove temporary directory C:/Users/clm/AppData/Local/Temp/upvw.1z: Access is denied.
[W922 21:13:11.000000000 model_package_loader.cpp:958] Failed to remove temporary directory C:/Users/clm/AppData/Local/Temp/upvw.21: Access is denied.
[W922 21:13:17.000000000 model_package_loader.cpp:958] Failed to remove temporary directory C:/Users/clm/AppData/Local/Temp/upvw.23: Access is denied.
[W922 21:13:26.000000000 model_package_loader.cpp:958] Failed to remove temporary directory C:/Users/clm/AppData/Local/Temp/upvw.25: Access is denied.
[W922 21:13:34.000000000 model_package_loader.cpp:958] Failed to remove temporary directory C:/Users/clm/AppData/Local/Temp/upvw.27: Access is denied.
[W922 21:13:41.000000000 model_package_loader.cpp:958] Failed to remove temporary directory C:/Users/clm/AppData/Local/Temp/upvw.29: Access is denied.
[W922 21:13:47.000000000 model_package_loader.cpp:958] Failed to remove temporary directory C:/Users/clm/AppData/Local/Temp/upvw.2b: Access is denied.
[W922 21:13:54.000000000 model_package_loader.cpp:958] Failed to remove temporary directory C:/Users/clm/AppData/Local/Temp/upvw.2d: Access is denied.
[W922 21:14:01.000000000 model_package_loader.cpp:958] Failed to remove temporary directory C:/Users/clm/AppData/Local/Temp/upvw.2f: Access is denied.
[W922 21:14:08.000000000 model_package_loader.cpp:958] Failed to remove temporary directory C:/Users/clm/AppData/Local/Temp/upvw.2h: Access is denied.
[W922 21:14:15.000000000 model_package_loader.cpp:958] Failed to remove temporary directory C:/Users/clm/AppData/Local/Temp/upvw.2j: Access is denied.
[W922 21:14:22.000000000 model_package_loader.cpp:958] Failed to remove temporary directory C:/Users/clm/AppData/Local/Temp/upvw.2l: Access is denied.
[W922 21:14:29.000000000 model_package_loader.cpp:958] Failed to remove temporary directory C:/Users/clm/AppData/Local/Temp/upvw.2n: Access is denied.
[50/250] bfloat16: ok (7s, total 367s)
[W922 21:14:38.000000000 model_package_loader.cpp:958] Failed to remove temporary directory C:/Users/clm/AppData/Local/Temp/upvw.2p: Access is denied.
[W922 21:14:47.000000000 model_package_loader.cpp:958] Failed to remove temporary directory C:/Users/clm/AppData/Local/Temp/upvw.2r: Access is denied.
[W922 21:14:55.000000000 model_package_loader.cpp:958] Failed to remove temporary directory C:/Users/clm/AppData/Local/Temp/upvw.2t: Access is denied.
[W922 21:15:04.000000000 model_package_loader.cpp:958] Failed to remove temporary directory C:/Users/clm/AppData/Local/Temp/upvw.2v: Access is denied.
[W922 21:15:09.000000000 model_package_loader.cpp:958] Failed to remove temporary directory C:/Users/clm/AppData/Local/Temp/upvw.2x: Access is denied.
[W922 21:15:17.000000000 model_package_loader.cpp:958] Failed to remove temporary directory C:/Users/clm/AppData/Local/Temp/upvw.2z: Access is denied.
[W922 21:15:24.000000000 model_package_loader.cpp:958] Failed to remove temporary directory C:/Users/clm/AppData/Local/Temp/upvw.31: Access is denied.
[W922 21:15:31.000000000 model_package_loader.cpp:958] Failed to remove temporary directory C:/Users/clm/AppData/Local/Temp/upvw.33: Access is denied.
[W922 21:15:38.000000000 model_package_loader.cpp:958] Failed to remove temporary directory C:/Users/clm/AppData/Local/Temp/upvw.35: Access is denied.
[W922 21:15:43.000000000 model_package_loader.cpp:958] Failed to remove temporary directory C:/Users/clm/AppData/Local/Temp/upvw.37: Access is denied.
[W922 21:15:47.000000000 model_package_loader.cpp:958] Failed to remove temporary directory C:/Users/clm/AppData/Local/Temp/upvw.39: Access is denied.
C:\Users\clm\AppData\Local\Python\pythoncore-3.14-64\Lib\site-packages\torch\testing\_internal\common_methods_invocations.py:19760: UserWarning: ComplexHalf support is experimental and many operators don't support it yet. (Triggered internally at C:\actions-runner\_work\pytorch\pytorch\aten\src\ATen\EmptyTensor.cpp:55.)
  op=lambda x, *args, **kwargs: x.chalf(*args, **kwargs),
[W922 21:15:52.000000000 model_package_loader.cpp:958] Failed to remove temporary directory C:/Users/clm/AppData/Local/Temp/upvw.3b: Access is denied.
[W922 21:15:59.000000000 model_package_loader.cpp:958] Failed to remove temporary directory C:/Users/clm/AppData/Local/Temp/upvw.3d: Access is denied.
[W922 21:16:08.000000000 model_package_loader.cpp:958] Failed to remove temporary directory C:/Users/clm/AppData/Local/Temp/upvw.3f: Access is denied.
[W922 21:16:16.000000000 model_package_loader.cpp:958] Failed to remove temporary directory C:/Users/clm/AppData/Local/Temp/upvw.3h: Access is denied.
[W922 21:16:25.000000000 model_package_loader.cpp:958] Failed to remove temporary directory C:/Users/clm/AppData/Local/Temp/upvw.3j: Access is denied.
[W922 21:16:33.000000000 model_package_loader.cpp:958] Failed to remove temporary directory C:/Users/clm/AppData/Local/Temp/upvw.3l: Access is denied.
[W922 21:16:43.000000000 model_package_loader.cpp:958] Failed to remove temporary directory C:/Users/clm/AppData/Local/Temp/upvw.3n: Access is denied.
[W922 21:16:51.000000000 model_package_loader.cpp:958] Failed to remove temporary directory C:/Users/clm/AppData/Local/Temp/upvw.3p: Access is denied.
[75/250] stack: ok (0s, total 509s)
[W922 21:17:00.000000000 model_package_loader.cpp:958] Failed to remove temporary directory C:/Users/clm/AppData/Local/Temp/upvw.3r: Access is denied.
[W922 21:17:06.000000000 model_package_loader.cpp:958] Failed to remove temporary directory C:/Users/clm/AppData/Local/Temp/upvw.3t: Access is denied.
[W922 21:17:12.000000000 model_package_loader.cpp:958] Failed to remove temporary directory C:/Users/clm/AppData/Local/Temp/upvw.3v: Access is denied.
[W922 21:17:21.000000000 model_package_loader.cpp:958] Failed to remove temporary directory C:/Users/clm/AppData/Local/Temp/upvw.3x: Access is denied.
[W922 21:17:26.000000000 model_package_loader.cpp:958] Failed to remove temporary directory C:/Users/clm/AppData/Local/Temp/upvw.3z: Access is denied.
[W922 21:17:35.000000000 model_package_loader.cpp:958] Failed to remove temporary directory C:/Users/clm/AppData/Local/Temp/upvw.41: Access is denied.
[W922 21:17:40.000000000 model_package_loader.cpp:958] Failed to remove temporary directory C:/Users/clm/AppData/Local/Temp/upvw.43: Access is denied.
[W922 21:17:49.000000000 model_package_loader.cpp:958] Failed to remove temporary directory C:/Users/clm/AppData/Local/Temp/upvw.45: Access is denied.
[W922 21:17:58.000000000 model_package_loader.cpp:958] Failed to remove temporary directory C:/Users/clm/AppData/Local/Temp/upvw.47: Access is denied.
[W922 21:18:03.000000000 model_package_loader.cpp:958] Failed to remove temporary directory C:/Users/clm/AppData/Local/Temp/upvw.49: Access is denied.
[W922 21:18:09.000000000 model_package_loader.cpp:958] Failed to remove temporary directory C:/Users/clm/AppData/Local/Temp/upvw.4b: Access is denied.
[W922 21:18:17.000000000 model_package_loader.cpp:958] Failed to remove temporary directory C:/Users/clm/AppData/Local/Temp/upvw.4d: Access is denied.
[W922 21:18:26.000000000 model_package_loader.cpp:958] Failed to remove temporary directory C:/Users/clm/AppData/Local/Temp/upvw.4f: Access is denied.
[W922 21:18:34.000000000 model_package_loader.cpp:958] Failed to remove temporary directory C:/Users/clm/AppData/Local/Temp/upvw.4h: Access is denied.
[W922 21:18:43.000000000 model_package_loader.cpp:958] Failed to remove temporary directory C:/Users/clm/AppData/Local/Temp/upvw.4j: Access is denied.
[W922 21:18:52.000000000 model_package_loader.cpp:958] Failed to remove temporary directory C:/Users/clm/AppData/Local/Temp/upvw.4l: Access is denied.
[W922 21:18:59.000000000 model_package_loader.cpp:958] Failed to remove temporary directory C:/Users/clm/AppData/Local/Temp/upvw.4n: Access is denied.
[W922 21:19:07.000000000 model_package_loader.cpp:958] Failed to remove temporary directory C:/Users/clm/AppData/Local/Temp/upvw.4p: Access is denied.
[W922 21:19:12.000000000 model_package_loader.cpp:958] Failed to remove temporary directory C:/Users/clm/AppData/Local/Temp/upvw.4r: Access is denied.
[W922 21:19:19.000000000 model_package_loader.cpp:958] Failed to remove temporary directory C:/Users/clm/AppData/Local/Temp/upvw.4t: Access is denied.
[100/250] unsqueeze_copy: ok (7s, total 657s)
[W922 21:19:26.000000000 model_package_loader.cpp:958] Failed to remove temporary directory C:/Users/clm/AppData/Local/Temp/upvw.4v: Access is denied.
[W922 21:19:34.000000000 model_package_loader.cpp:958] Failed to remove temporary directory C:/Users/clm/AppData/Local/Temp/upvw.4x: Access is denied.
[W922 21:19:42.000000000 model_package_loader.cpp:958] Failed to remove temporary directory C:/Users/clm/AppData/Local/Temp/upvw.4z: Access is denied.
C:\Users\clm\AppData\Local\Python\pythoncore-3.14-64\Lib\site-packages\torch\_inductor\lowering.py:2487: FutureWarning: `torch._prims_common.check` is deprecated and will be removed in the future. Please use `torch._check*` functions instead.
  check(
[W922 21:19:51.000000000 model_package_loader.cpp:958] Failed to remove temporary directory C:/Users/clm/AppData/Local/Temp/upvw.51: Access is denied.
[W922 21:19:57.000000000 model_package_loader.cpp:958] Failed to remove temporary directory C:/Users/clm/AppData/Local/Temp/upvw.53: Access is denied.
[W922 21:20:06.000000000 model_package_loader.cpp:958] Failed to remove temporary directory C:/Users/clm/AppData/Local/Temp/upvw.55: Access is denied.
[W922 21:20:11.000000000 model_package_loader.cpp:958] Failed to remove temporary directory C:/Users/clm/AppData/Local/Temp/upvw.57: Access is denied.
[W922 21:20:17.000000000 model_package_loader.cpp:958] Failed to remove temporary directory C:/Users/clm/AppData/Local/Temp/upvw.59: Access is denied.
[W922 21:20:23.000000000 model_package_loader.cpp:958] Failed to remove temporary directory C:/Users/clm/AppData/Local/Temp/upvw.5b: Access is denied.
[W922 21:20:29.000000000 model_package_loader.cpp:958] Failed to remove temporary directory C:/Users/clm/AppData/Local/Temp/upvw.5d: Access is denied.
[W922 21:20:37.000000000 model_package_loader.cpp:958] Failed to remove temporary directory C:/Users/clm/AppData/Local/Temp/upvw.5f: Access is denied.
[W922 21:20:47.000000000 model_package_loader.cpp:958] Failed to remove temporary directory C:/Users/clm/AppData/Local/Temp/upvw.5h: Access is denied.
[W922 21:20:55.000000000 model_package_loader.cpp:958] Failed to remove temporary directory C:/Users/clm/AppData/Local/Temp/upvw.5j: Access is denied.
previous process crashed inside kron: recorded as CRASH, skipping
torch 2.14.0+cpu; 135 ops to do (354 done); dtype torch.float32
[W922 21:21:33.000000000 model_package_loader.cpp:958] Failed to remove temporary directory C:/Users/clm/AppData/Local/Temp/uk18.1: Access is denied.
[W922 21:21:39.000000000 model_package_loader.cpp:958] Failed to remove temporary directory C:/Users/clm/AppData/Local/Temp/uk18.3: Access is denied.
[W922 21:21:44.000000000 model_package_loader.cpp:958] Failed to remove temporary directory C:/Users/clm/AppData/Local/Temp/uk18.5: Access is denied.
[W922 21:21:53.000000000 model_package_loader.cpp:958] Failed to remove temporary directory C:/Users/clm/AppData/Local/Temp/uk18.7: Access is denied.
[W922 21:22:01.000000000 model_package_loader.cpp:958] Failed to remove temporary directory C:/Users/clm/AppData/Local/Temp/uk18.9: Access is denied.
[W922 21:22:10.000000000 model_package_loader.cpp:958] Failed to remove temporary directory C:/Users/clm/AppData/Local/Temp/uk18.b: Access is denied.
[W922 21:22:18.000000000 model_package_loader.cpp:958] Failed to remove temporary directory C:/Users/clm/AppData/Local/Temp/uk18.d: Access is denied.
[W922 21:22:27.000000000 model_package_loader.cpp:958] Failed to remove temporary directory C:/Users/clm/AppData/Local/Temp/uk18.f: Access is denied.
[8/135] erfinv: DIFF:VALUE (9s, total 84s)  {'i': 0, 'path': 'AO', 'class': 'VALUE', 'detail': 'value rel 0.00379: eager 3.8325068950653076 compiled 3.8035836219787598', 'repr': 'SampleInput(input=tensor([[-9.4203e-01, -1.9620e-01, -4.8031e-01, -2.6671e-01, -8.8339e-01,\n          4.0129e-01, -8.9640e-01, -6.3721e-02,  3.4761e-01, -3.3707e-01,\n          5.6741e-01,  1.2613e-01,'}
[W922 21:22:36.000000000 model_package_loader.cpp:958] Failed to remove temporary directory C:/Users/clm/AppData/Local/Temp/uk18.h: Access is denied.
[W922 21:22:44.000000000 model_package_loader.cpp:958] Failed to remove temporary directory C:/Users/clm/AppData/Local/Temp/uk18.j: Access is denied.
[W922 21:22:53.000000000 model_package_loader.cpp:958] Failed to remove temporary directory C:/Users/clm/AppData/Local/Temp/uk18.l: Access is denied.
[W922 21:23:02.000000000 model_package_loader.cpp:958] Failed to remove temporary directory C:/Users/clm/AppData/Local/Temp/uk18.n: Access is denied.
[W922 21:23:11.000000000 model_package_loader.cpp:958] Failed to remove temporary directory C:/Users/clm/AppData/Local/Temp/uk18.p: Access is denied.
[W922 21:23:20.000000000 model_package_loader.cpp:958] Failed to remove temporary directory C:/Users/clm/AppData/Local/Temp/uk18.r: Access is denied.
[W922 21:23:28.000000000 model_package_loader.cpp:958] Failed to remove temporary directory C:/Users/clm/AppData/Local/Temp/uk18.t: Access is denied.
[W922 21:23:39.000000000 model_package_loader.cpp:958] Failed to remove temporary directory C:/Users/clm/AppData/Local/Temp/uk18.v: Access is denied.
W0922 21:23:39.418000 25964 site-packages\torch\_inductor\ir.py:9916] aten._linalg_svd.default is missing a c-shim implementation, using proxy executor as fallback
Error: aoti_torch_proxy_executor_call_function(proxy_executor, 0, 0, std::array<int64_t, 0>{}.data(), 4, std::array<AtenTensorHandle, 4>{RAIIAtenTensorHandle(tmp_arg0_1_0), buf1, buf2, buf3}.data()) API call failed at C:/Users/clm/AppData/Local/Temp/tcc_rt_bhjaftgf/cu5ljrcydhwst3fmzqjrx43pzheddmbjkcadllsrsp63rnz5mo42/cjppbwox4wl2m3lkovsw63edrrxkcqbzbz3gyahmeozssw3loyge.wrapper.cpp, line 884
[W922 21:23:48.000000000 model_package_loader.cpp:958] Failed to remove temporary directory C:/Users/clm/AppData/Local/Temp/uk18.x: Access is denied.
[W922 21:23:56.000000000 model_package_loader.cpp:958] Failed to remove temporary directory C:/Users/clm/AppData/Local/Temp/uk18.z: Access is denied.
[W922 21:24:04.000000000 model_package_loader.cpp:958] Failed to remove temporary directory C:/Users/clm/AppData/Local/Temp/uk18.11: Access is denied.
[W922 21:24:08.000000000 model_package_loader.cpp:958] Failed to remove temporary directory C:/Users/clm/AppData/Local/Temp/uk18.13: Access is denied.
[25/135] t: ok (5s, total 185s)
[W922 21:24:16.000000000 model_package_loader.cpp:958] Failed to remove temporary directory C:/Users/clm/AppData/Local/Temp/uk18.15: Access is denied.
[W922 21:24:24.000000000 model_package_loader.cpp:958] Failed to remove temporary directory C:/Users/clm/AppData/Local/Temp/uk18.17: Access is denied.
[W922 21:24:33.000000000 model_package_loader.cpp:958] Failed to remove temporary directory C:/Users/clm/AppData/Local/Temp/uk18.19: Access is denied.
[W922 21:24:42.000000000 model_package_loader.cpp:958] Failed to remove temporary directory C:/Users/clm/AppData/Local/Temp/uk18.1b: Access is denied.
[W922 21:24:51.000000000 model_package_loader.cpp:958] Failed to remove temporary directory C:/Users/clm/AppData/Local/Temp/uk18.1d: Access is denied.
[31/135] grid_sampler_2d: DIFF:VALUE (10s, total 228s)  {'i': 0, 'path': 'AO', 'class': 'VALUE', 'detail': 'nan pattern at [0, 0, 0, 4]: eager nan compiled 0.0', 'repr': 'SampleInput(input=tensor([[[[-1.8841e+00, -3.9241e-01, -9.6062e-01, -5.3343e-01, -1.7668e+00,\n            8.0258e-01, -1.7928e+00, -1.2744e-01,  6.9522e-01, -6.7415e-01,\n            1.1348e+00,  2.522'}
[W922 21:24:57.000000000 model_package_loader.cpp:958] Failed to remove temporary directory C:/Users/clm/AppData/Local/Temp/uk18.1f: Access is denied.
[W922 21:25:06.000000000 model_package_loader.cpp:958] Failed to remove temporary directory C:/Users/clm/AppData/Local/Temp/uk18.1h: Access is denied.
[W922 21:25:15.000000000 model_package_loader.cpp:958] Failed to remove temporary directory C:/Users/clm/AppData/Local/Temp/uk18.1j: Access is denied.
[W922 21:25:23.000000000 model_package_loader.cpp:958] Failed to remove temporary directory C:/Users/clm/AppData/Local/Temp/uk18.1l: Access is denied.
[W922 21:25:32.000000000 model_package_loader.cpp:958] Failed to remove temporary directory C:/Users/clm/AppData/Local/Temp/uk18.1n: Access is denied.
[W922 21:25:40.000000000 model_package_loader.cpp:958] Failed to remove temporary directory C:/Users/clm/AppData/Local/Temp/uk18.1p: Access is denied.
[W922 21:25:49.000000000 model_package_loader.cpp:958] Failed to remove temporary directory C:/Users/clm/AppData/Local/Temp/uk18.1r: Access is denied.
[W922 21:25:57.000000000 model_package_loader.cpp:958] Failed to remove temporary directory C:/Users/clm/AppData/Local/Temp/uk18.1t: Access is denied.
[W922 21:26:06.000000000 model_package_loader.cpp:958] Failed to remove temporary directory C:/Users/clm/AppData/Local/Temp/uk18.1v: Access is denied.
[W922 21:26:12.000000000 model_package_loader.cpp:958] Failed to remove temporary directory C:/Users/clm/AppData/Local/Temp/uk18.1x: Access is denied.
[W922 21:26:19.000000000 model_package_loader.cpp:958] Failed to remove temporary directory C:/Users/clm/AppData/Local/Temp/uk18.1z: Access is denied.
[W922 21:26:25.000000000 model_package_loader.cpp:958] Failed to remove temporary directory C:/Users/clm/AppData/Local/Temp/uk18.21: Access is denied.
[W922 21:26:32.000000000 model_package_loader.cpp:958] Failed to remove temporary directory C:/Users/clm/AppData/Local/Temp/uk18.23: Access is denied.
[W922 21:26:38.000000000 model_package_loader.cpp:958] Failed to remove temporary directory C:/Users/clm/AppData/Local/Temp/uk18.25: Access is denied.
[W922 21:26:44.000000000 model_package_loader.cpp:958] Failed to remove temporary directory C:/Users/clm/AppData/Local/Temp/uk18.27: Access is denied.
[W922 21:26:51.000000000 model_package_loader.cpp:958] Failed to remove temporary directory C:/Users/clm/AppData/Local/Temp/uk18.29: Access is denied.
W0922 21:26:51.531000 25964 site-packages\torch\_inductor\ir.py:9916] aten.hash_tensor.default is missing a c-shim implementation, using proxy executor as fallback
Error: aoti_torch_proxy_executor_call_function(proxy_executor, 0, 1, std::array<int64_t, 1>{0}.data(), 2, std::array<AtenTensorHandle, 2>{arg0_1, buf0}.data()) API call failed at C:/Users/clm/AppData/Local/Temp/tcc_rt_bhjaftgf/cnfyxcdpbcjmoimrpmjdnddo6aoncmlcbytydprvcmuvu4nkqi5k/cit2l7amccq33k4len5ysfdyrjtn7uqwdr3paq4cyzqgha6wyt72.wrapper.cpp, line 840
[W922 21:26:56.000000000 model_package_loader.cpp:958] Failed to remove temporary directory C:/Users/clm/AppData/Local/Temp/uk18.2b: Access is denied.
[48/135] hash_tensor: DIFF:RAISES (5s, total 352s)  {'i': 0, 'path': 'AO', 'class': 'RAISES', 'detail': 'RuntimeError: Mismatch between ints consumed and num_ints, got int_id = 0, num_ints = 1'}
[W922 21:27:04.000000000 model_package_loader.cpp:958] Failed to remove temporary directory C:/Users/clm/AppData/Local/Temp/uk18.2d: Access is denied.
[W922 21:27:12.000000000 model_package_loader.cpp:958] Failed to remove temporary directory C:/Users/clm/AppData/Local/Temp/uk18.2f: Access is denied.
[50/135] nn.functional.nll_loss: ok (8s, total 368s)
W0922 21:27:12.662000 25964 site-packages\torch\fx\experimental\symbolic_shapes.py:9273] Unable to find user code corresponding to {u0}



def forward(self, arg0_1: "f32[5]", arg1_1: "f32[5]", arg2_1: "f32[5]"):
    # File: D:\wsl\personal\dr\paper\toxic_compile\plan\scripts\export_roundtrip_edge.py:64 in forward, code: return self.fn(*args, **self.kw)
    lt: "b8[5]" = torch.ops.aten.lt.Scalar(arg2_1, 0);  arg2_1 = None
    any_1: "b8[]" = torch.ops.aten.any.default(lt);  lt = None
    ne: "b8[]" = torch.ops.aten.ne.Scalar(any_1, 0);  any_1 = None
    item: "Sym(Eq(u0, 1))" = torch.ops.aten.item.default(ne);  ne = item = None
    



def forward(self, arg0_1: "f32[5]", arg1_1: "f32[5]", arg2_1: "f32[5]"):
    # File: D:\wsl\personal\dr\paper\toxic_compile\plan\scripts\export_roundtrip_edge.py:64 in forward, code: return self.fn(*args, **self.kw)
    lt: "b8[5]" = torch.ops.aten.lt.Scalar(arg2_1, 0);  arg2_1 = None
    any_1: "b8[]" = torch.ops.aten.any.default(lt);  lt = None
    ne: "b8[]" = torch.ops.aten.ne.Scalar(any_1, 0);  any_1 = None
    item: "Sym(Eq(u0, 1))" = torch.ops.aten.item.default(ne);  ne = item = None
    
[W922 21:27:20.000000000 model_package_loader.cpp:958] Failed to remove temporary directory C:/Users/clm/AppData/Local/Temp/uk18.2h: Access is denied.
[W922 21:27:27.000000000 model_package_loader.cpp:958] Failed to remove temporary directory C:/Users/clm/AppData/Local/Temp/uk18.2j: Access is denied.
[W922 21:27:32.000000000 model_package_loader.cpp:958] Failed to remove temporary directory C:/Users/clm/AppData/Local/Temp/uk18.2l: Access is denied.
[W922 21:27:40.000000000 model_package_loader.cpp:958] Failed to remove temporary directory C:/Users/clm/AppData/Local/Temp/uk18.2n: Access is denied.
[W922 21:27:47.000000000 model_package_loader.cpp:958] Failed to remove temporary directory C:/Users/clm/AppData/Local/Temp/uk18.2p: Access is denied.
[W922 21:27:55.000000000 model_package_loader.cpp:958] Failed to remove temporary directory C:/Users/clm/AppData/Local/Temp/uk18.2r: Access is denied.
[W922 21:28:02.000000000 model_package_loader.cpp:958] Failed to remove temporary directory C:/Users/clm/AppData/Local/Temp/uk18.2t: Access is denied.
[W922 21:28:09.000000000 model_package_loader.cpp:958] Failed to remove temporary directory C:/Users/clm/AppData/Local/Temp/uk18.2v: Access is denied.
[W922 21:28:17.000000000 model_package_loader.cpp:958] Failed to remove temporary directory C:/Users/clm/AppData/Local/Temp/uk18.2x: Access is denied.
[W922 21:28:25.000000000 model_package_loader.cpp:958] Failed to remove temporary directory C:/Users/clm/AppData/Local/Temp/uk18.2z: Access is denied.
[W922 21:28:33.000000000 model_package_loader.cpp:958] Failed to remove temporary directory C:/Users/clm/AppData/Local/Temp/uk18.31: Access is denied.
[W922 21:28:40.000000000 model_package_loader.cpp:958] Failed to remove temporary directory C:/Users/clm/AppData/Local/Temp/uk18.33: Access is denied.
[W922 21:28:46.000000000 model_package_loader.cpp:958] Failed to remove temporary directory C:/Users/clm/AppData/Local/Temp/uk18.35: Access is denied.
[W922 21:28:52.000000000 model_package_loader.cpp:958] Failed to remove temporary directory C:/Users/clm/AppData/Local/Temp/uk18.37: Access is denied.
[W922 21:28:58.000000000 model_package_loader.cpp:958] Failed to remove temporary directory C:/Users/clm/AppData/Local/Temp/uk18.39: Access is denied.
[W922 21:29:05.000000000 model_package_loader.cpp:958] Failed to remove temporary directory C:/Users/clm/AppData/Local/Temp/uk18.3b: Access is denied.
C:\Users\clm\AppData\Local\Python\pythoncore-3.14-64\Lib\site-packages\torch\_inductor\lowering.py:2487: FutureWarning: `torch._prims_common.check` is deprecated and will be removed in the future. Please use `torch._check*` functions instead.
  check(
[W922 21:29:09.000000000 model_package_loader.cpp:958] Failed to remove temporary directory C:/Users/clm/AppData/Local/Temp/uk18.3d: Access is denied.
[W922 21:29:16.000000000 model_package_loader.cpp:958] Failed to remove temporary directory C:/Users/clm/AppData/Local/Temp/uk18.3f: Access is denied.
W0922 21:29:16.520000 25964 site-packages\torch\_inductor\ir.py:9916] aten._linalg_svd.default is missing a c-shim implementation, using proxy executor as fallback
Error: aoti_torch_proxy_executor_call_function(proxy_executor, 0, 0, std::array<int64_t, 0>{}.data(), 4, std::array<AtenTensorHandle, 4>{arg0_1, buf1, buf2, buf3}.data()) API call failed at C:/Users/clm/AppData/Local/Temp/tcc_rt_bhjaftgf/cnyoyw2xn5zg2edy4zimhem2yew5ke35r4xxb65qcpyvbhm6nnbm/cfjxkpkiquudvu44uoeadqo6nbwdcvaiqpwcc4potfyvkm74zewz.wrapper.cpp, line 882
[W922 21:29:22.000000000 model_package_loader.cpp:958] Failed to remove temporary directory C:/Users/clm/AppData/Local/Temp/uk18.3h: Access is denied.
W0922 21:29:22.823000 25964 site-packages\torch\_inductor\ir.py:9916] aten.linalg_householder_product.default is missing a c-shim implementation, using proxy executor as fallback
[W922 21:29:27.000000000 model_package_loader.cpp:958] Failed to remove temporary directory C:/Users/clm/AppData/Local/Temp/uk18.3j: Access is denied.
[73/135] linalg.ldl_factor_ex: DIFF:RAISES (0s, total 504s)  {'i': 0, 'path': 'SL', 'class': 'RAISES', 'detail': "NotImplementedError: No registered serialization name for <class 'torch.return_types.linalg_ldl_factor_ex'> found. Please update your _register_pytree_node call with a `serialized_type_name` kwarg."}
[W922 21:29:34.000000000 model_package_loader.cpp:958] Failed to remove temporary directory C:/Users/clm/AppData/Local/Temp/uk18.3l: Access is denied.
[75/135] linalg.multi_dot: ok (0s, total 511s)
[W922 21:29:40.000000000 model_package_loader.cpp:958] Failed to remove temporary directory C:/Users/clm/AppData/Local/Temp/uk18.3n: Access is denied.
[W922 21:29:47.000000000 model_package_loader.cpp:958] Failed to remove temporary directory C:/Users/clm/AppData/Local/Temp/uk18.3p: Access is denied.
[W922 21:29:53.000000000 model_package_loader.cpp:958] Failed to remove temporary directory C:/Users/clm/AppData/Local/Temp/uk18.3r: Access is denied.
[W922 21:29:59.000000000 model_package_loader.cpp:958] Failed to remove temporary directory C:/Users/clm/AppData/Local/Temp/uk18.3t: Access is denied.
[W922 21:30:05.000000000 model_package_loader.cpp:958] Failed to remove temporary directory C:/Users/clm/AppData/Local/Temp/uk18.3v: Access is denied.
W0922 21:30:06.324000 25964 site-packages\torch\_inductor\ir.py:9916] aten.linalg_inv_ex.default is missing a c-shim implementation, using proxy executor as fallback
W0922 21:30:06.325000 25964 site-packages\torch\_inductor\ir.py:9916] aten._linalg_check_errors.default is missing a c-shim implementation, using proxy executor as fallback
[W922 21:30:11.000000000 model_package_loader.cpp:958] Failed to remove temporary directory C:/Users/clm/AppData/Local/Temp/uk18.3x: Access is denied.
[83/135] linalg.inv_ex: DIFF:RAISES (0s, total 547s)  {'i': 0, 'path': 'SL', 'class': 'RAISES', 'detail': "NotImplementedError: No registered serialization name for <class 'torch.return_types.linalg_inv_ex'> found. Please update your _register_pytree_node call with a `serialized_type_name` kwarg."}
W0922 21:30:11.852000 25964 site-packages\torch\_inductor\ir.py:9916] aten.linalg_inv_ex.default is missing a c-shim implementation, using proxy executor as fallback
W0922 21:30:11.853000 25964 site-packages\torch\_inductor\ir.py:9916] aten._linalg_check_errors.default is missing a c-shim implementation, using proxy executor as fallback
[W922 21:30:15.000000000 model_package_loader.cpp:958] Failed to remove temporary directory C:/Users/clm/AppData/Local/Temp/uk18.3z: Access is denied.
[W922 21:30:22.000000000 model_package_loader.cpp:958] Failed to remove temporary directory C:/Users/clm/AppData/Local/Temp/uk18.41: Access is denied.
[W922 21:30:28.000000000 model_package_loader.cpp:958] Failed to remove temporary directory C:/Users/clm/AppData/Local/Temp/uk18.43: Access is denied.
[W922 21:30:34.000000000 model_package_loader.cpp:958] Failed to remove temporary directory C:/Users/clm/AppData/Local/Temp/uk18.45: Access is denied.
[W922 21:30:40.000000000 model_package_loader.cpp:958] Failed to remove temporary directory C:/Users/clm/AppData/Local/Temp/uk18.47: Access is denied.
[W922 21:30:46.000000000 model_package_loader.cpp:958] Failed to remove temporary directory C:/Users/clm/AppData/Local/Temp/uk18.49: Access is denied.
[W922 21:30:53.000000000 model_package_loader.cpp:958] Failed to remove temporary directory C:/Users/clm/AppData/Local/Temp/uk18.4b: Access is denied.
[W922 21:31:00.000000000 model_package_loader.cpp:958] Failed to remove temporary directory C:/Users/clm/AppData/Local/Temp/uk18.4d: Access is denied.
[W922 21:31:07.000000000 model_package_loader.cpp:958] Failed to remove temporary directory C:/Users/clm/AppData/Local/Temp/uk18.4f: Access is denied.
[W922 21:31:15.000000000 model_package_loader.cpp:958] Failed to remove temporary directory C:/Users/clm/AppData/Local/Temp/uk18.4h: Access is denied.
[W922 21:31:22.000000000 model_package_loader.cpp:958] Failed to remove temporary directory C:/Users/clm/AppData/Local/Temp/uk18.4j: Access is denied.
[W922 21:31:29.000000000 model_package_loader.cpp:958] Failed to remove temporary directory C:/Users/clm/AppData/Local/Temp/uk18.4l: Access is denied.
[W922 21:31:36.000000000 model_package_loader.cpp:958] Failed to remove temporary directory C:/Users/clm/AppData/Local/Temp/uk18.4n: Access is denied.
[W922 21:31:43.000000000 model_package_loader.cpp:958] Failed to remove temporary directory C:/Users/clm/AppData/Local/Temp/uk18.4p: Access is denied.
[W922 21:31:50.000000000 model_package_loader.cpp:958] Failed to remove temporary directory C:/Users/clm/AppData/Local/Temp/uk18.4r: Access is denied.
[W922 21:31:58.000000000 model_package_loader.cpp:958] Failed to remove temporary directory C:/Users/clm/AppData/Local/Temp/uk18.4t: Access is denied.
[W922 21:32:05.000000000 model_package_loader.cpp:958] Failed to remove temporary directory C:/Users/clm/AppData/Local/Temp/uk18.4v: Access is denied.
[100/135] special.chebyshev_polynomial_t: ok (7s, total 661s)
[W922 21:32:12.000000000 model_package_loader.cpp:958] Failed to remove temporary directory C:/Users/clm/AppData/Local/Temp/uk18.4x: Access is denied.
[W922 21:32:19.000000000 model_package_loader.cpp:958] Failed to remove temporary directory C:/Users/clm/AppData/Local/Temp/uk18.4z: Access is denied.
[W922 21:32:26.000000000 model_package_loader.cpp:958] Failed to remove temporary directory C:/Users/clm/AppData/Local/Temp/uk18.51: Access is denied.
[W922 21:32:33.000000000 model_package_loader.cpp:958] Failed to remove temporary directory C:/Users/clm/AppData/Local/Temp/uk18.53: Access is denied.
[W922 21:32:40.000000000 model_package_loader.cpp:958] Failed to remove temporary directory C:/Users/clm/AppData/Local/Temp/uk18.55: Access is denied.
[W922 21:32:48.000000000 model_package_loader.cpp:958] Failed to remove temporary directory C:/Users/clm/AppData/Local/Temp/uk18.57: Access is denied.
[W922 21:32:55.000000000 model_package_loader.cpp:958] Failed to remove temporary directory C:/Users/clm/AppData/Local/Temp/uk18.59: Access is denied.
[W922 21:33:01.000000000 model_package_loader.cpp:958] Failed to remove temporary directory C:/Users/clm/AppData/Local/Temp/uk18.5b: Access is denied.
[W922 21:33:09.000000000 model_package_loader.cpp:958] Failed to remove temporary directory C:/Users/clm/AppData/Local/Temp/uk18.5d: Access is denied.
[W922 21:33:16.000000000 model_package_loader.cpp:958] Failed to remove temporary directory C:/Users/clm/AppData/Local/Temp/uk18.5f: Access is denied.
[W922 21:33:24.000000000 model_package_loader.cpp:958] Failed to remove temporary directory C:/Users/clm/AppData/Local/Temp/uk18.5h: Access is denied.
[W922 21:33:32.000000000 model_package_loader.cpp:958] Failed to remove temporary directory C:/Users/clm/AppData/Local/Temp/uk18.5j: Access is denied.
[W922 21:33:39.000000000 model_package_loader.cpp:958] Failed to remove temporary directory C:/Users/clm/AppData/Local/Temp/uk18.5l: Access is denied.
[W922 21:33:46.000000000 model_package_loader.cpp:958] Failed to remove temporary directory C:/Users/clm/AppData/Local/Temp/uk18.5n: Access is denied.
[W922 21:33:53.000000000 model_package_loader.cpp:958] Failed to remove temporary directory C:/Users/clm/AppData/Local/Temp/uk18.5p: Access is denied.
[W922 21:34:00.000000000 model_package_loader.cpp:958] Failed to remove temporary directory C:/Users/clm/AppData/Local/Temp/uk18.5r: Access is denied.
[W922 21:34:07.000000000 model_package_loader.cpp:958] Failed to remove temporary directory C:/Users/clm/AppData/Local/Temp/uk18.5t: Access is denied.
[W922 21:34:15.000000000 model_package_loader.cpp:958] Failed to remove temporary directory C:/Users/clm/AppData/Local/Temp/uk18.5v: Access is denied.
[W922 21:34:22.000000000 model_package_loader.cpp:958] Failed to remove temporary directory C:/Users/clm/AppData/Local/Temp/uk18.5x: Access is denied.
[W922 21:34:27.000000000 model_package_loader.cpp:958] Failed to remove temporary directory C:/Users/clm/AppData/Local/Temp/uk18.5z: Access is denied.
[W922 21:34:34.000000000 model_package_loader.cpp:958] Failed to remove temporary directory C:/Users/clm/AppData/Local/Temp/uk18.61: Access is denied.
[W922 21:34:41.000000000 model_package_loader.cpp:958] Failed to remove temporary directory C:/Users/clm/AppData/Local/Temp/uk18.63: Access is denied.
[W922 21:34:48.000000000 model_package_loader.cpp:958] Failed to remove temporary directory C:/Users/clm/AppData/Local/Temp/uk18.65: Access is denied.
[W922 21:34:55.000000000 model_package_loader.cpp:958] Failed to remove temporary directory C:/Users/clm/AppData/Local/Temp/uk18.67: Access is denied.
[W922 21:35:03.000000000 model_package_loader.cpp:958] Failed to remove temporary directory C:/Users/clm/AppData/Local/Temp/uk18.69: Access is denied.
[125/135] masked.argmax: ok (7s, total 839s)
[W922 21:35:10.000000000 model_package_loader.cpp:958] Failed to remove temporary directory C:/Users/clm/AppData/Local/Temp/uk18.6b: Access is denied.
[W922 21:35:17.000000000 model_package_loader.cpp:958] Failed to remove temporary directory C:/Users/clm/AppData/Local/Temp/uk18.6d: Access is denied.
[W922 21:35:24.000000000 model_package_loader.cpp:958] Failed to remove temporary directory C:/Users/clm/AppData/Local/Temp/uk18.6f: Access is denied.
[W922 21:35:31.000000000 model_package_loader.cpp:958] Failed to remove temporary directory C:/Users/clm/AppData/Local/Temp/uk18.6h: Access is denied.
[W922 21:35:38.000000000 model_package_loader.cpp:958] Failed to remove temporary directory C:/Users/clm/AppData/Local/Temp/uk18.6j: Access is denied.
[W922 21:35:45.000000000 model_package_loader.cpp:958] Failed to remove temporary directory C:/Users/clm/AppData/Local/Temp/uk18.6l: Access is denied.
[W922 21:35:52.000000000 model_package_loader.cpp:958] Failed to remove temporary directory C:/Users/clm/AppData/Local/Temp/uk18.6n: Access is denied.
[W922 21:35:59.000000000 model_package_loader.cpp:958] Failed to remove temporary directory C:/Users/clm/AppData/Local/Temp/uk18.6p: Access is denied.
[W922 21:36:07.000000000 model_package_loader.cpp:958] Failed to remove temporary directory C:/Users/clm/AppData/Local/Temp/uk18.6r: Access is denied.
[W922 21:36:14.000000000 model_package_loader.cpp:958] Failed to remove temporary directory C:/Users/clm/AppData/Local/Temp/uk18.6t: Access is denied.
SWEEP DONE
