torch 2.14.0+cpu | 317 ops with forward AD (complex64) | backend aot_eager
  > abs
  > acos
  > acosh
  > add
  > mul
  > sub
  > addmm
  > addmm
  > addmv
  > addbmm
  > baddbmm
  > dot
  > vdot
  > bmm
  > mv
  > addr
  FLAG addr                               compiled raised: RuntimeError: InferenceMode::is_enabled() && primal.is_inference() && tangent.is_inference() INTERNAL ASSERT FAILED at "C:\\actions-ru
  > addcmul
  > addcdiv
  > asin
  > asinh
  > atan
  > atanh
  > broadcast_to
  > broadcast_tensors
  > block_diag
  > combinations
  > cartesian_prod
  > cholesky_inverse
  > cholesky_solve
  > chunk
  > unsafe_chunk
  > clone
  > contiguous
  > sum_to_size
  > positive
  > conj
  > conj_physical
  > resolve_conj
  > resolve_neg
  > view_as_real
  > corrcoef
  > cos
  > cosh
  > cov
  > cross
  > cumsum
  > cumprod
  > diff
  > div
  > true_divide
  ... 50/317 (8s, 1 flagged)
  > exp
  > expand
  > expand_as
  > expand_copy
  > diag
  > diag_embed
  > diagonal
  > diagonal_copy
  > diagonal_scatter
  > alias_copy
  > stft
  > istft
  > flip
  > fliplr
  > flipud
  > log1p
  > imag
  > gradient
  > log
  > log10
  > log2
  > logaddexp
  > lu_unpack
  > lu
  > lu_solve
  > masked_fill
  > masked_scatter
  > masked_select
  > matrix_exp
  > matmul
  > var_mean
  > var_mean
  > std_mean
  > std_mean
  > meshgrid
  > meshgrid
  > softmax
  > nn.functional.softmin
  > nn.functional.normalize
  > as_strided
  > as_strided
  > as_strided_copy
  > as_strided_scatter
  > nn.functional.conv_transpose1d
  > nn.functional.conv_transpose2d
  > nn.functional.conv_transpose3d
  > nn.functional.conv1d
  > nn.functional.conv2d
  > nn.functional.conv3d
  > nn.functional.rms_norm
  > constant_pad_nd
  > nn.functional.pad
  > nn.functional.pad
  > nn.functional.pad
  > nn.functional.pad
  > nn.functional.pad
  > nn.functional.unfold
  > nn.functional.linear
  > nn.functional.softsign
  > nn.functional.tanhshrink
  > nn.functional.triplet_margin_loss
  > nn.functional.triplet_margin_with_distance_loss
  > to
  > mm
  > narrow
  > narrow_copy
  > view_copy
  > neg
  > dist
  > outer
  > permute
  > permute_copy
  > pow
  > float_power
  > real
  > roll
  > rot90
  > sin
  > sinc
  > sinh
  > sgn
  > split
  > split
  > unsafe_split
  > split_with_sizes
  > split_with_sizes_copy
  > __radd__
  > __rdiv__
  > __rmul__
  > __rmatmul__
  > __rpow__
  > __rsub__
  > rsub
  > select
  > slice
  > tan
  > tanh
  > tensor_split
  > hsplit
  > vsplit
  > dsplit
  > triangular_solve
  > exp2
  > expm1
  > reciprocal
  > rsqrt
  > sqrt
  > square
  > lerp
  > angle
  > einsum
  > svd
  > svd_lowrank
  > pca_lowrank
  > ravel
  > reshape
  > reshape_as
  > view
  > view_as
  > atleast_1d
  > atleast_2d
  > atleast_3d
  > flatten
  > unflatten
  > column_stack
  > pinverse
  > gather
  > index_fill
  > index_copy
  > index_select
  > index_add
  > _unsafe_masked_index
  > _unsafe_masked_index_put_accumulate
  > __getitem__
  > index_put
  > put
  > take
  > scatter
  > double
  > cdouble
  > scatter_add
  > stack
  > hstack
  > cat
  > unbind
  > unbind_copy
  > vstack
  > dstack
  > unfold
  > unfold_copy
  > movedim
  > renorm
  > repeat
  > squeeze
  > squeeze
  > squeeze_copy
  > fill
  > take_along_dim
  > tile
  > trapz
  > trapezoid
  > cumulative_trapezoid
  > unsqueeze
  > unsqueeze_copy
  > zero_
  > logsumexp
  > trace
  > transpose
  > transpose_copy
  > T
  > H
  > mT
  > mH
  > tril
  > triu
  > kron
  > inner
  > tensordot
  > logcumsumexp
  > sigmoid
  > nn.functional.l1_loss
  > logdet
  > log_softmax
  > where
  > norm
  > norm
  > norm
  > norm
  > t
  > t_copy
  > nn.functional.feature_alpha_dropout
  > mean
  > std
  > std
  > var
  > var
  > prod
  > sum
  > repeat_interleave
  > nn.functional.pairwise_distance
  > nn.functional.pixel_shuffle
  > nn.functional.pixel_unshuffle
  > nn.functional.channel_shuffle
  > diagflat
  > fft.fft
  > fft.fft2
  > fft.fftn
  > fft.hfft
  > fft.hfft2
  > fft.hfftn
  > fft.ifft
  > fft.ifft2
  > fft.ifftn
  > fft.irfft
  > fft.irfft2
  > fft.irfftn
  > fft.fftshift
  > fft.ifftshift
  > linalg.cross
  > linalg.det
  > linalg.diagonal
  > linalg.matrix_sqrth
  > linalg.cholesky
  > linalg.cholesky_ex
  > linalg.vecdot
  > linalg.cond
  > linalg.eig
  > linalg.eigvals
  > linalg.eigh
  > linalg.eigvalsh
  > linalg.householder_product
  > linalg.lstsq
  > linalg.matrix_power
  > linalg.multi_dot
  > linalg.norm
  > linalg.norm
  > linalg.matrix_norm
  > linalg.qr
  > linalg.polar
  > linalg.slogdet
  > linalg.vander
  > linalg.vector_norm
  > linalg.lu_factor
  > linalg.lu_factor_ex
  > linalg.lu
  > linalg.lu_solve
  > linalg.inv
  > linalg.inv_ex
  > linalg.solve
  > linalg.solve_ex
  > linalg.solve_triangular
  > linalg.pinv
  > linalg.pinv
  > linalg.pinv
  > linalg.svd
  > linalg.svdvals
  > linalg.tensorinv
  > linalg.tensorsolve
  > masked.sum
  > masked.prod
  > masked.cumsum
  > masked.cumprod
  > masked.mean
  > masked.var
  > masked.std
  > masked.normalize
  > masked.logsumexp
{"ops": 317, "flagged": 1, "wall_s": 13.8}
