C:\Users\clm\AppData\Local\Python\pythoncore-3.14-64\Lib\site-packages\torch\jit\_script.py:1485: FutureWarning: `torch.jit.script` is not supported in Python 3.14+ and may break. Please switch to `torch.compile` or `torch.export`.
  warnings.warn(
D:\wsl\personal\dr\paper\toxic_compile\plan\scripts\forward_ad_sweep.py:36: UserWarning: Using torch.cross without specifying the dim arg is deprecated.
Please either pass the dim explicitly or simply use torch.linalg.cross.
The default value of dim will change to agree with that of linalg.cross in a future release. (Triggered internally at C:\actions-runner\_work\pytorch\pytorch\aten\src\ATen\native\Cross.cpp:67.)
  out = fn(x, *args, **kwargs)
C:\Users\clm\AppData\Local\Python\pythoncore-3.14-64\Lib\site-packages\torch\functional.py:680: UserWarning: A window was not provided. A rectangular window will be applied,which is known to cause spectral leakage. Other windows such as torch.hann_window or torch.hamming_window are recommended to reduce spectral leakage.To suppress this warning and use a rectangular window, explicitly set `window=torch.ones(n_fft, device=<device>)`. (Triggered internally at C:\actions-runner\_work\pytorch\pytorch\aten\src\ATen\native\SpectralOps.cpp:860.)
  return _VF.stft(  # type: ignore[attr-defined]
C:\Users\clm\AppData\Local\Python\pythoncore-3.14-64\Lib\site-packages\torch\functional.py:2208: UserWarning: torch.lu is deprecated in favor of torch.linalg.lu_factor / torch.linalg.lu_factor_ex and will be removed in a future PyTorch release.
LU, pivots = torch.lu(A, compute_pivots)
should be replaced with
LU, pivots = torch.linalg.lu_factor(A, compute_pivots)
and
LU, pivots, info = torch.lu(A, compute_pivots, get_infos=True)
should be replaced with
LU, pivots, info = torch.linalg.lu_factor_ex(A, compute_pivots) (Triggered internally at C:\actions-runner\_work\pytorch\pytorch\aten\src\ATen\native\BatchLinearAlgebra.cpp:2066.)
  return torch._lu_with_info(A, pivot=pivot, check_errors=(not get_infos))
D:\wsl\personal\dr\paper\toxic_compile\plan\scripts\forward_ad_sweep.py:36: UserWarning: torch.lu_solve is deprecated in favor of torch.linalg.lu_solveand will be removed in a future PyTorch release.
Note that torch.linalg.lu_solve has its arguments reversed.
X = torch.lu_solve(B, LU, pivots)
should be replaced with
X = torch.linalg.lu_solve(LU, pivots, B) (Triggered internally at C:\actions-runner\_work\pytorch\pytorch\aten\src\ATen\native\BatchLinearAlgebra.cpp:2220.)
  out = fn(x, *args, **kwargs)
E0913 13:15:57.309000 23160 site-packages\torch\_subclasses\fake_tensor.py:3212] [0/0] failed while attempting to run meta for aten.lerp_.Tensor
E0913 13:15:57.309000 23160 site-packages\torch\_subclasses\fake_tensor.py:3212] [0/0] Traceback (most recent call last):
E0913 13:15:57.309000 23160 site-packages\torch\_subclasses\fake_tensor.py:3212] [0/0]   File "C:\Users\clm\AppData\Local\Python\pythoncore-3.14-64\Lib\site-packages\torch\_subclasses\fake_tensor.py", line 3208, in _dispatch_impl
E0913 13:15:57.309000 23160 site-packages\torch\_subclasses\fake_tensor.py:3212] [0/0]     r = func(*args, **kwargs)
E0913 13:15:57.309000 23160 site-packages\torch\_subclasses\fake_tensor.py:3212] [0/0]   File "C:\Users\clm\AppData\Local\Python\pythoncore-3.14-64\Lib\site-packages\torch\_ops.py", line 916, in __call__
E0913 13:15:57.309000 23160 site-packages\torch\_subclasses\fake_tensor.py:3212] [0/0]     return self._op(*args, **kwargs)
E0913 13:15:57.309000 23160 site-packages\torch\_subclasses\fake_tensor.py:3212] [0/0]            ~~~~~~~~^^^^^^^^^^^^^^^^^
E0913 13:15:57.309000 23160 site-packages\torch\_subclasses\fake_tensor.py:3212] [0/0]   File "C:\Users\clm\AppData\Local\Python\pythoncore-3.14-64\Lib\site-packages\torch\_meta_registrations.py", line 9028, in _fn
E0913 13:15:57.309000 23160 site-packages\torch\_subclasses\fake_tensor.py:3212] [0/0]     out = fn(self, *args, **kwargs)
E0913 13:15:57.309000 23160 site-packages\torch\_subclasses\fake_tensor.py:3212] [0/0]   File "C:\Users\clm\AppData\Local\Python\pythoncore-3.14-64\Lib\site-packages\torch\_ops.py", line 1350, in __call__
E0913 13:15:57.309000 23160 site-packages\torch\_subclasses\fake_tensor.py:3212] [0/0]     return self._op(*args, **kwargs)
E0913 13:15:57.309000 23160 site-packages\torch\_subclasses\fake_tensor.py:3212] [0/0]            ~~~~~~~~^^^^^^^^^^^^^^^^^
E0913 13:15:57.309000 23160 site-packages\torch\_subclasses\fake_tensor.py:3212] [0/0]   File "C:\Users\clm\AppData\Local\Python\pythoncore-3.14-64\Lib\site-packages\torch\_tensor.py", line 564, in __repr__
E0913 13:15:57.309000 23160 site-packages\torch\_subclasses\fake_tensor.py:3212] [0/0]     return torch._tensor_str._str(self, tensor_contents=tensor_contents)
E0913 13:15:57.309000 23160 site-packages\torch\_subclasses\fake_tensor.py:3212] [0/0]            ~~~~~~~~~~~~~~~~~~~~~~^^^^^^^^^^^^^^^^^^^^^^^^^^^^^^^^^^^^^^^
E0913 13:15:57.309000 23160 site-packages\torch\_subclasses\fake_tensor.py:3212] [0/0]   File "C:\Users\clm\AppData\Local\Python\pythoncore-3.14-64\Lib\site-packages\torch\_tensor_str.py", line 715, in _str
E0913 13:15:57.309000 23160 site-packages\torch\_subclasses\fake_tensor.py:3212] [0/0]     return _str_intern(self, tensor_contents=tensor_contents)
E0913 13:15:57.309000 23160 site-packages\torch\_subclasses\fake_tensor.py:3212] [0/0]   File "C:\Users\clm\AppData\Local\Python\pythoncore-3.14-64\Lib\site-packages\torch\_tensor_str.py", line 427, in _str_intern
E0913 13:15:57.309000 23160 site-packages\torch\_subclasses\fake_tensor.py:3212] [0/0]     self, tangent = torch.autograd.forward_ad.unpack_dual(inp)
E0913 13:15:57.309000 23160 site-packages\torch\_subclasses\fake_tensor.py:3212] [0/0]                     ~~~~~~~~~~~~~~~~~~~~~~~~~~~~~~~~~~~~~^^^^^
E0913 13:15:57.309000 23160 site-packages\torch\_subclasses\fake_tensor.py:3212] [0/0]   File "C:\Users\clm\AppData\Local\Python\pythoncore-3.14-64\Lib\site-packages\torch\autograd\forward_ad.py", line 180, in unpack_dual
E0913 13:15:57.309000 23160 site-packages\torch\_subclasses\fake_tensor.py:3212] [0/0]     primal, dual = _predispatch_unpack_dual(tensor, level=level)
E0913 13:15:57.309000 23160 site-packages\torch\_subclasses\fake_tensor.py:3212] [0/0]                    ~~~~~~~~~~~~~~~~~~~~~~~~^^^^^^^^^^^^^^^^^^^^^
E0913 13:15:57.309000 23160 site-packages\torch\_subclasses\fake_tensor.py:3212] [0/0]   File "C:\Users\clm\AppData\Local\Python\pythoncore-3.14-64\Lib\site-packages\torch\_functorch\predispatch.py", line 218, in _unpack_dual
E0913 13:15:57.309000 23160 site-packages\torch\_subclasses\fake_tensor.py:3212] [0/0]     return _unpack_dual_impl(tensor, level=level)
E0913 13:15:57.309000 23160 site-packages\torch\_subclasses\fake_tensor.py:3212] [0/0] RuntimeError: InferenceMode::is_enabled() && self.is_inference() INTERNAL ASSERT FAILED at "C:\\actions-runner\\_work\\pytorch\\pytorch\\aten\\src\\ATen\\native\\VariableMethodStubs.cpp":71, please report a bug to PyTorch. Expected this method to only be reached in inference mode and when all the inputs are inference tensors. You should NOT call this method directly as native::_fw_primal. Please use the dispatcher, i.e., at::_fw_primal. Please file an issue if you come across this error otherwise.
E0913 13:15:57.428000 23160 site-packages\torch\_subclasses\fake_tensor.py:3212] [0/0] failed while attempting to run meta for aten.lerp_.Tensor
E0913 13:15:57.428000 23160 site-packages\torch\_subclasses\fake_tensor.py:3212] [0/0] Traceback (most recent call last):
E0913 13:15:57.428000 23160 site-packages\torch\_subclasses\fake_tensor.py:3212] [0/0]   File "C:\Users\clm\AppData\Local\Python\pythoncore-3.14-64\Lib\site-packages\torch\_subclasses\fake_tensor.py", line 3208, in _dispatch_impl
E0913 13:15:57.428000 23160 site-packages\torch\_subclasses\fake_tensor.py:3212] [0/0]     r = func(*args, **kwargs)
E0913 13:15:57.428000 23160 site-packages\torch\_subclasses\fake_tensor.py:3212] [0/0]   File "C:\Users\clm\AppData\Local\Python\pythoncore-3.14-64\Lib\site-packages\torch\_ops.py", line 916, in __call__
E0913 13:15:57.428000 23160 site-packages\torch\_subclasses\fake_tensor.py:3212] [0/0]     return self._op(*args, **kwargs)
E0913 13:15:57.428000 23160 site-packages\torch\_subclasses\fake_tensor.py:3212] [0/0]            ~~~~~~~~^^^^^^^^^^^^^^^^^
E0913 13:15:57.428000 23160 site-packages\torch\_subclasses\fake_tensor.py:3212] [0/0]   File "C:\Users\clm\AppData\Local\Python\pythoncore-3.14-64\Lib\site-packages\torch\_meta_registrations.py", line 9028, in _fn
E0913 13:15:57.428000 23160 site-packages\torch\_subclasses\fake_tensor.py:3212] [0/0]     out = fn(self, *args, **kwargs)
E0913 13:15:57.428000 23160 site-packages\torch\_subclasses\fake_tensor.py:3212] [0/0]   File "C:\Users\clm\AppData\Local\Python\pythoncore-3.14-64\Lib\site-packages\torch\_ops.py", line 1350, in __call__
E0913 13:15:57.428000 23160 site-packages\torch\_subclasses\fake_tensor.py:3212] [0/0]     return self._op(*args, **kwargs)
E0913 13:15:57.428000 23160 site-packages\torch\_subclasses\fake_tensor.py:3212] [0/0]            ~~~~~~~~^^^^^^^^^^^^^^^^^
E0913 13:15:57.428000 23160 site-packages\torch\_subclasses\fake_tensor.py:3212] [0/0]   File "C:\Users\clm\AppData\Local\Python\pythoncore-3.14-64\Lib\site-packages\torch\_tensor.py", line 564, in __repr__
E0913 13:15:57.428000 23160 site-packages\torch\_subclasses\fake_tensor.py:3212] [0/0]     return torch._tensor_str._str(self, tensor_contents=tensor_contents)
E0913 13:15:57.428000 23160 site-packages\torch\_subclasses\fake_tensor.py:3212] [0/0]            ~~~~~~~~~~~~~~~~~~~~~~^^^^^^^^^^^^^^^^^^^^^^^^^^^^^^^^^^^^^^^
E0913 13:15:57.428000 23160 site-packages\torch\_subclasses\fake_tensor.py:3212] [0/0]   File "C:\Users\clm\AppData\Local\Python\pythoncore-3.14-64\Lib\site-packages\torch\_tensor_str.py", line 715, in _str
E0913 13:15:57.428000 23160 site-packages\torch\_subclasses\fake_tensor.py:3212] [0/0]     return _str_intern(self, tensor_contents=tensor_contents)
E0913 13:15:57.428000 23160 site-packages\torch\_subclasses\fake_tensor.py:3212] [0/0]   File "C:\Users\clm\AppData\Local\Python\pythoncore-3.14-64\Lib\site-packages\torch\_tensor_str.py", line 427, in _str_intern
E0913 13:15:57.428000 23160 site-packages\torch\_subclasses\fake_tensor.py:3212] [0/0]     self, tangent = torch.autograd.forward_ad.unpack_dual(inp)
E0913 13:15:57.428000 23160 site-packages\torch\_subclasses\fake_tensor.py:3212] [0/0]                     ~~~~~~~~~~~~~~~~~~~~~~~~~~~~~~~~~~~~~^^^^^
E0913 13:15:57.428000 23160 site-packages\torch\_subclasses\fake_tensor.py:3212] [0/0]   File "C:\Users\clm\AppData\Local\Python\pythoncore-3.14-64\Lib\site-packages\torch\autograd\forward_ad.py", line 180, in unpack_dual
E0913 13:15:57.428000 23160 site-packages\torch\_subclasses\fake_tensor.py:3212] [0/0]     primal, dual = _predispatch_unpack_dual(tensor, level=level)
E0913 13:15:57.428000 23160 site-packages\torch\_subclasses\fake_tensor.py:3212] [0/0]                    ~~~~~~~~~~~~~~~~~~~~~~~~^^^^^^^^^^^^^^^^^^^^^
E0913 13:15:57.428000 23160 site-packages\torch\_subclasses\fake_tensor.py:3212] [0/0]   File "C:\Users\clm\AppData\Local\Python\pythoncore-3.14-64\Lib\site-packages\torch\_functorch\predispatch.py", line 218, in _unpack_dual
E0913 13:15:57.428000 23160 site-packages\torch\_subclasses\fake_tensor.py:3212] [0/0]     return _unpack_dual_impl(tensor, level=level)
E0913 13:15:57.428000 23160 site-packages\torch\_subclasses\fake_tensor.py:3212] [0/0] RuntimeError: InferenceMode::is_enabled() && self.is_inference() INTERNAL ASSERT FAILED at "C:\\actions-runner\\_work\\pytorch\\pytorch\\aten\\src\\ATen\\native\\VariableMethodStubs.cpp":71, please report a bug to PyTorch. Expected this method to only be reached in inference mode and when all the inputs are inference tensors. You should NOT call this method directly as native::_fw_primal. Please use the dispatcher, i.e., at::_fw_primal. Please file an issue if you come across this error otherwise.
