torch 2.14.0+cpu | 506 ops with forward AD (float32) | backend aot_eager
  > abs
  > acos
  > acosh
  > add
  > clamp_max
  > clamp_min
  > mul
  > sub
  > addmm
  > addmm
  > addmv
  > addbmm
  > baddbmm
  > dot
  > vdot
  > bmm
  > mv
  > addr
  FLAG addr                               compiled raised: RuntimeError: InferenceMode::is_enabled() && primal.is_inference() && tangent.is_inference() INTERNAL ASSERT FAILED at "C:\\actions-ru
  > addcmul
  > addcdiv
  > asin
  > asinh
  > atan
  > atan2
  > atanh
  > broadcast_to
  > broadcast_tensors
  > block_diag
  > combinations
  > cartesian_prod
  > ceil
  > cholesky_inverse
  > cholesky_solve
  > chunk
  > unsafe_chunk
  > clone
  > contiguous
  > sum_to_size
  > clamp
  > positive
  > conj
  > conj_physical
  > resolve_conj
  > resolve_neg
  > view_as_complex
  > complex
  > copysign
  > corrcoef
  > cos
  > cosh
  ... 50/506 (9s, 1 flagged)
  > cov
  > cross
  > cumsum
  > cumprod
  > cummax
  > cummin
  > deg2rad
  > diff
  > div
  > div
  > div
  > true_divide
  > exp
  > expand
  > expand_as
  > expand_copy
  > diag
  > diag_embed
  > diagonal
  > diagonal_copy
  > diagonal_scatter
  > alias_copy
  > fmax
  > fmin
  > fmod
  > remainder
  > frac
  > stft
  > floor
  > flip
  > fliplr
  > flipud
  > i0
  > frexp
  > log1p
  > gradient
  > kthvalue
  > log
  > log10
  > log2
  > logaddexp
  > logaddexp2
  > lu_unpack
  > lu
  > lu_solve
  > masked_fill
  > masked_scatter
  > masked_select
  > matrix_exp
  > matmul
  ... 100/506 (17s, 1 flagged)
  > max
  > max
  > median
  > nanmedian
  > var_mean
  > var_mean
  > std_mean
  > std_mean
  > meshgrid
  > meshgrid
  > min
  > min
  > quantile
  FLAG quantile                           compiled raised: RuntimeError: InferenceMode::is_enabled() && primal.is_inference() && tangent.is_inference() INTERNAL ASSERT FAILED at "C:\\actions-ru
  > nanquantile
  FLAG nanquantile                        compiled raised: RuntimeError: InferenceMode::is_enabled() && primal.is_inference() && tangent.is_inference() INTERNAL ASSERT FAILED at "C:\\actions-ru
  > max
  > maximum
  > min
  > minimum
  > softmax
  > softmax
  > _softmax_backward_data
  > nn.functional.softmin
  > nn.functional.softmin
  > nn.functional.cross_entropy
  > nn.functional.linear_cross_entropy
  > nn.functional.normalize
  > aminmax
  > as_strided
  > as_strided
  > as_strided_copy
  > as_strided_scatter
  > native_group_norm
  > native_batch_norm
  > _native_batch_norm_legit
  > _batch_norm_with_update
  > nn.functional.cosine_similarity
  > nn.functional.adaptive_avg_pool1d
  > nn.functional.adaptive_avg_pool2d
  > nn.functional.adaptive_avg_pool3d
  > nn.functional.adaptive_max_pool1d
  > nn.functional.adaptive_max_pool2d
  > nn.functional.adaptive_max_pool3d
  > nn.functional.avg_pool1d
  > nn.functional.avg_pool3d
  > nn.functional.binary_cross_entropy_with_logits
  > nn.functional.relu
  > nn.functional.conv_transpose1d
  > nn.functional.conv_transpose2d
  > nn.functional.conv_transpose3d
  > nn.functional.conv1d
  > nn.functional.conv2d
  > nn.functional.conv3d
  > nn.functional.group_norm
  > nn.functional.instance_norm
  > nn.functional.layer_norm
  > nn.functional.rms_norm
  > nn.functional.local_response_norm
  > constant_pad_nd
  > nn.functional.pad
  > nn.functional.pad
  > nn.functional.pad
  > nn.functional.pad
  > nn.functional.pad
  > nn.functional.hardswish
  > nn.functional.unfold
  > nn.functional.interpolate
  > nn.functional.interpolate
  > nn.functional.interpolate
  > nn.functional.interpolate
  > nn.functional.interpolate
  > nn.functional.interpolate
  > nn.functional.interpolate
  > nn.functional.upsample_bilinear
  > _upsample_bilinear2d_aa
  > nn.functional.soft_margin_loss
  > nn.functional.upsample_nearest
  > nn.functional.margin_ranking_loss
  > nn.functional.leaky_relu
  > nn.functional.multilabel_soft_margin_loss
  > nn.functional.avg_pool2d
  > nn.functional.fractional_max_pool2d
  > nn.functional.fractional_max_pool3d
  > nn.functional.max_pool1d
  > nn.functional.max_pool2d
  > max_pool2d_with_indices_backward
  > nn.functional.max_pool3d
  > nn.functional.max_unpool1d
  > nn.functional.max_unpool1d
  > nn.functional.max_unpool2d
  > nn.functional.max_unpool2d
  > nn.functional.max_unpool3d
  > nn.functional.max_unpool3d
  > nn.functional.linear
  > nn.functional.bilinear
  > nn.functional.glu
  > nn.functional.elu
  > nn.functional.prelu
  > nn.functional.celu
  > nn.functional.rrelu
  > nn.functional.selu
  > torch.ops.aten._safe_softmax.default
  > nn.functional.silu
  > nn.functional.hardsigmoid
  > nn.functional.logsigmoid
  > nn.functional.mish
  > nn.functional.softsign
  > nn.functional.tanhshrink
  > nn.functional.threshold
  > nn.functional.triplet_margin_loss
  > nn.functional.triplet_margin_with_distance_loss
  > nextafter
  > to
  > topk
  > nn.functional.batch_norm
  > nn.functional.binary_cross_entropy
  > nn.functional.softshrink
  > nn.functional.hardshrink
  > nn.functional.hardtanh
  > nn.functional.gelu
  > nn.functional.relu6
  > mm
  > mode
  > mvlgamma
  > mvlgamma
  > mvlgamma
  > narrow
  > narrow_copy
  > view_copy
  > neg
  > dist
  > outer
  > permute
  > permute_copy
  > pow
  > float_power
  > rad2deg
  > real
  > roll
  > rot90
  > round
  > round
  > round
  > round
  > sin
  > sinc
  > sinh
  > sign
  > sgn
  > split
  > split
  > unsafe_split
  > split_with_sizes
  > split_with_sizes_copy
  > __radd__
  > __rdiv__
  > __rmul__
  > __rmatmul__
  > __rmod__
  > __rpow__
  > __rsub__
  > rsub
  > select
  > select_scatter
  > slice
  > slice_scatter
  > tan
  > tanh
  > tensor_split
  > hsplit
  > vsplit
  > dsplit
  > triangular_solve
  > trunc
  > exp2
  > expm1
  > nan_to_num
  > reciprocal
  > rsqrt
  > sqrt
  > square
  > lerp
  > angle
  > einsum
  > svd
  > svd_lowrank
  > pca_lowrank
  > polar
  > polygamma
  > polygamma
  > polygamma
  > polygamma
  > polygamma
  > ravel
  > reshape
  > reshape_as
  > view
  > view_as
  > atleast_1d
  > atleast_2d
  > atleast_3d
  > flatten
  > unflatten
  > column_stack
  > pinverse
  > gather
  > index_fill
  > index_copy
  > index_select
  > index_add
  > _unsafe_masked_index
  > _unsafe_masked_index_put_accumulate
  > __getitem__
  > index_put
  > sort
  > put
  > take
  > scatter
  > double
  > cdouble
  > bernoulli
  > scatter_add
  > stack
  > hstack
  > hypot
  > cat
  > unbind
  > unbind_copy
  > vstack
  > dstack
  > unfold
  > unfold_copy
  > msort
  > movedim
  > renorm
  > repeat
  > squeeze
  > squeeze
  > squeeze_copy
  > fill
  > take_along_dim
  > tile
  > trapz
  > trapezoid
  > cumulative_trapezoid
  > unsqueeze
  > unsqueeze_copy
  > xlogy
  > zero_
  > logsumexp
  > trace
  > transpose
  > transpose_copy
  > T
  > H
  > mT
  > mH
  > tril
  > triu
  > kron
  > inner
  > tensordot
  > logcumsumexp
  > sigmoid
  > digamma
  > erf
  > erfc
  > erfinv
  > nn.functional.smooth_l1_loss
  > nn.functional.l1_loss
  > lgamma
  > logdet
  > log_softmax
  > log_softmax
  > logit
  > where
  > norm
  > norm
  > norm
  > norm
  > t
  > t_copy
  > nn.functional.dropout
  > nn.functional.dropout2d
  > nn.functional.dropout3d
  > nn.functional.alpha_dropout
  > nn.functional.feature_alpha_dropout
  > nn.functional.feature_alpha_dropout
  > nn.functional.embedding
  > nn.functional.multi_head_attention_forward
  > nn.functional.softplus
  > nn.functional.mse_loss
  > amax
  > amin
  > mean
  > nanmean
  > std
  > std
  > var
  > var
  > prod
  > sum
  > nansum
  > nn.functional.cosine_embedding_loss
  > nn.functional.nll_loss
  > nn.functional.gaussian_nll_loss
  > nn.functional.hinge_embedding_loss
  > nn.functional.huber_loss
  > nn.functional.poisson_nll_loss
  > repeat_interleave
  > nn.functional.pairwise_distance
  > nn.functional.pixel_shuffle
  > nn.functional.pixel_unshuffle
  > nn.functional.channel_shuffle
  > nn.functional.kl_div
  > diagflat
  > scatter_reduce
  > scatter_reduce
  > scatter_reduce
  > scatter_reduce
  > fft.fft
  > fft.fft2
  > fft.fftn
  > fft.hfft
  > fft.hfft2
  > fft.hfftn
  > fft.rfft
  > fft.rfft2
  > fft.rfftn
  > fft.ifft
  > fft.ifft2
  > fft.ifftn
  > fft.ihfft
  > fft.ihfft2
  > fft.ihfftn
  > fft.irfft
  > fft.irfft2
  > fft.irfftn
  > fft.fftshift
  > fft.ifftshift
  > linalg.cross
  > linalg.det
  > linalg.diagonal
  > linalg.matrix_sqrth
  > linalg.cholesky
  > linalg.cholesky_ex
  > linalg.vecdot
  > linalg.cond
  > linalg.eig
  > linalg.eigvals
  > linalg.eigh
  > linalg.eigvalsh
  > linalg.householder_product
  > linalg.lstsq
  > linalg.matrix_power
  > linalg.multi_dot
  > linalg.norm
  > linalg.norm
  > linalg.matrix_norm
  > linalg.qr
  > linalg.polar
  > linalg.slogdet
  > linalg.vander
  > linalg.vector_norm
  > linalg.lu_factor
  > linalg.lu_factor_ex
  > linalg.lu
  > linalg.lu_solve
  > linalg.inv
  > linalg.inv_ex
  > linalg.solve
  > linalg.solve_ex
  > linalg.solve_triangular
  > linalg.pinv
  > linalg.pinv
  > linalg.pinv
  > linalg.svd
  > linalg.svdvals
  > linalg.tensorinv
  > linalg.tensorsolve
  > special.i0e
  > special.i1
  > special.i1e
  > special.ndtr
  > special.polygamma
  > special.xlog1py
  > special.entr
  > special.ndtri
  > special.log_ndtr
  > special.erfcx
  > masked.sum
  > masked.prod
  > masked.cumsum
  > masked.cumprod
  > masked.amax
  > masked.amin
  > masked.mean
  > masked.median
  > masked.norm
  > masked.var
  > masked.std
  > masked.softmax
  > masked.log_softmax
  > masked.softmin
  > masked.normalize
  > masked.logaddexp
  > masked.logsumexp
{"ops": 506, "flagged": 3, "wall_s": 22.9}
