W0912 22:09:28.432000 3784 site-packages\torch\_dynamo\convert_frame.py:2008] [6/8] torch._dynamo hit config.recompile_limit (8)
W0912 22:09:28.432000 3784 site-packages\torch\_dynamo\convert_frame.py:2008] [6/8]    function: 'numeric_valid' (C:\Users\clm\AppData\Local\Python\pythoncore-3.14-64\Lib\site-packages\nnsmith\materialize\torch\numeric.py:7)
W0912 22:09:28.432000 3784 site-packages\torch\_dynamo\convert_frame.py:2008] [6/8]    last reason: 6/7: tensor 'outputs[0]' rank mismatch. expected 2, actual 1
W0912 22:09:28.432000 3784 site-packages\torch\_dynamo\convert_frame.py:2008] [6/8] To log all recompilation reasons, use TORCH_LOGS="recompiles".
W0912 22:09:28.432000 3784 site-packages\torch\_dynamo\convert_frame.py:2008] [6/8] To diagnose recompilation issues, see https://docs.pytorch.org/docs/main/user_guide/torch_compiler/compile/programming_model.recompilation.html
W0912 22:09:29.883000 3784 site-packages\torch\_dynamo\convert_frame.py:2008] [6/8] torch._dynamo hit config.recompile_limit (8)
W0912 22:09:29.883000 3784 site-packages\torch\_dynamo\convert_frame.py:2008] [6/8]    function: 'numeric_valid' (C:\Users\clm\AppData\Local\Python\pythoncore-3.14-64\Lib\site-packages\nnsmith\materialize\torch\numeric.py:7)
W0912 22:09:29.883000 3784 site-packages\torch\_dynamo\convert_frame.py:2008] [6/8]    last reason: 6/7: tensor 'outputs[0]' rank mismatch. expected 2, actual 1
W0912 22:09:29.883000 3784 site-packages\torch\_dynamo\convert_frame.py:2008] [6/8] To log all recompilation reasons, use TORCH_LOGS="recompiles".
W0912 22:09:29.883000 3784 site-packages\torch\_dynamo\convert_frame.py:2008] [6/8] To diagnose recompilation issues, see https://docs.pytorch.org/docs/main/user_guide/torch_compiler/compile/programming_model.recompilation.html
W0912 22:09:30.741000 3784 site-packages\torch\_dynamo\convert_frame.py:2008] [6/8] torch._dynamo hit config.recompile_limit (8)
W0912 22:09:30.741000 3784 site-packages\torch\_dynamo\convert_frame.py:2008] [6/8]    function: 'numeric_valid' (C:\Users\clm\AppData\Local\Python\pythoncore-3.14-64\Lib\site-packages\nnsmith\materialize\torch\numeric.py:7)
W0912 22:09:30.741000 3784 site-packages\torch\_dynamo\convert_frame.py:2008] [6/8]    last reason: 6/7: tensor 'outputs[0]' rank mismatch. expected 2, actual 1
W0912 22:09:30.741000 3784 site-packages\torch\_dynamo\convert_frame.py:2008] [6/8] To log all recompilation reasons, use TORCH_LOGS="recompiles".
W0912 22:09:30.741000 3784 site-packages\torch\_dynamo\convert_frame.py:2008] [6/8] To diagnose recompilation issues, see https://docs.pytorch.org/docs/main/user_guide/torch_compiler/compile/programming_model.recompilation.html
W0912 22:09:32.151000 3784 site-packages\torch\_dynamo\convert_frame.py:2008] [6/8] torch._dynamo hit config.recompile_limit (8)
W0912 22:09:32.151000 3784 site-packages\torch\_dynamo\convert_frame.py:2008] [6/8]    function: 'numeric_valid' (C:\Users\clm\AppData\Local\Python\pythoncore-3.14-64\Lib\site-packages\nnsmith\materialize\torch\numeric.py:7)
W0912 22:09:32.151000 3784 site-packages\torch\_dynamo\convert_frame.py:2008] [6/8]    last reason: 6/7: tensor 'outputs[0]' rank mismatch. expected 2, actual 1
W0912 22:09:32.151000 3784 site-packages\torch\_dynamo\convert_frame.py:2008] [6/8] To log all recompilation reasons, use TORCH_LOGS="recompiles".
W0912 22:09:32.151000 3784 site-packages\torch\_dynamo\convert_frame.py:2008] [6/8] To diagnose recompilation issues, see https://docs.pytorch.org/docs/main/user_guide/torch_compiler/compile/programming_model.recompilation.html
W0912 22:09:33.595000 3784 site-packages\torch\_dynamo\convert_frame.py:2008] [6/8] torch._dynamo hit config.recompile_limit (8)
W0912 22:09:33.595000 3784 site-packages\torch\_dynamo\convert_frame.py:2008] [6/8]    function: 'numeric_valid' (C:\Users\clm\AppData\Local\Python\pythoncore-3.14-64\Lib\site-packages\nnsmith\materialize\torch\numeric.py:7)
W0912 22:09:33.595000 3784 site-packages\torch\_dynamo\convert_frame.py:2008] [6/8]    last reason: 6/7: tensor 'outputs[0]' rank mismatch. expected 2, actual 1
W0912 22:09:33.595000 3784 site-packages\torch\_dynamo\convert_frame.py:2008] [6/8] To log all recompilation reasons, use TORCH_LOGS="recompiles".
W0912 22:09:33.595000 3784 site-packages\torch\_dynamo\convert_frame.py:2008] [6/8] To diagnose recompilation issues, see https://docs.pytorch.org/docs/main/user_guide/torch_compiler/compile/programming_model.recompilation.html
W0912 22:09:35.107000 3784 site-packages\torch\_dynamo\convert_frame.py:2008] [6/8] torch._dynamo hit config.recompile_limit (8)
W0912 22:09:35.107000 3784 site-packages\torch\_dynamo\convert_frame.py:2008] [6/8]    function: 'numeric_valid' (C:\Users\clm\AppData\Local\Python\pythoncore-3.14-64\Lib\site-packages\nnsmith\materialize\torch\numeric.py:7)
W0912 22:09:35.107000 3784 site-packages\torch\_dynamo\convert_frame.py:2008] [6/8]    last reason: 6/7: tensor 'outputs[0]' rank mismatch. expected 2, actual 1
W0912 22:09:35.107000 3784 site-packages\torch\_dynamo\convert_frame.py:2008] [6/8] To log all recompilation reasons, use TORCH_LOGS="recompiles".
W0912 22:09:35.107000 3784 site-packages\torch\_dynamo\convert_frame.py:2008] [6/8] To diagnose recompilation issues, see https://docs.pytorch.org/docs/main/user_guide/torch_compiler/compile/programming_model.recompilation.html
W0912 22:09:36.588000 3784 site-packages\torch\_dynamo\convert_frame.py:2008] [6/8] torch._dynamo hit config.recompile_limit (8)
W0912 22:09:36.588000 3784 site-packages\torch\_dynamo\convert_frame.py:2008] [6/8]    function: 'numeric_valid' (C:\Users\clm\AppData\Local\Python\pythoncore-3.14-64\Lib\site-packages\nnsmith\materialize\torch\numeric.py:7)
W0912 22:09:36.588000 3784 site-packages\torch\_dynamo\convert_frame.py:2008] [6/8]    last reason: 6/7: tensor 'outputs[0]' rank mismatch. expected 2, actual 1
W0912 22:09:36.588000 3784 site-packages\torch\_dynamo\convert_frame.py:2008] [6/8] To log all recompilation reasons, use TORCH_LOGS="recompiles".
W0912 22:09:36.588000 3784 site-packages\torch\_dynamo\convert_frame.py:2008] [6/8] To diagnose recompilation issues, see https://docs.pytorch.org/docs/main/user_guide/torch_compiler/compile/programming_model.recompilation.html
W0912 22:09:38.064000 3784 site-packages\torch\_dynamo\convert_frame.py:2008] [6/8] torch._dynamo hit config.recompile_limit (8)
W0912 22:09:38.064000 3784 site-packages\torch\_dynamo\convert_frame.py:2008] [6/8]    function: 'numeric_valid' (C:\Users\clm\AppData\Local\Python\pythoncore-3.14-64\Lib\site-packages\nnsmith\materialize\torch\numeric.py:7)
W0912 22:09:38.064000 3784 site-packages\torch\_dynamo\convert_frame.py:2008] [6/8]    last reason: 6/7: tensor 'outputs[0]' rank mismatch. expected 2, actual 1
W0912 22:09:38.064000 3784 site-packages\torch\_dynamo\convert_frame.py:2008] [6/8] To log all recompilation reasons, use TORCH_LOGS="recompiles".
W0912 22:09:38.064000 3784 site-packages\torch\_dynamo\convert_frame.py:2008] [6/8] To diagnose recompilation issues, see https://docs.pytorch.org/docs/main/user_guide/torch_compiler/compile/programming_model.recompilation.html
W0912 22:09:39.524000 3784 site-packages\torch\_dynamo\convert_frame.py:2008] [6/8] torch._dynamo hit config.recompile_limit (8)
W0912 22:09:39.524000 3784 site-packages\torch\_dynamo\convert_frame.py:2008] [6/8]    function: 'numeric_valid' (C:\Users\clm\AppData\Local\Python\pythoncore-3.14-64\Lib\site-packages\nnsmith\materialize\torch\numeric.py:7)
W0912 22:09:39.524000 3784 site-packages\torch\_dynamo\convert_frame.py:2008] [6/8]    last reason: 6/7: tensor 'outputs[0]' rank mismatch. expected 2, actual 1
W0912 22:09:39.524000 3784 site-packages\torch\_dynamo\convert_frame.py:2008] [6/8] To log all recompilation reasons, use TORCH_LOGS="recompiles".
W0912 22:09:39.524000 3784 site-packages\torch\_dynamo\convert_frame.py:2008] [6/8] To diagnose recompilation issues, see https://docs.pytorch.org/docs/main/user_guide/torch_compiler/compile/programming_model.recompilation.html
W0912 22:09:40.996000 3784 site-packages\torch\_dynamo\convert_frame.py:2008] [6/8] torch._dynamo hit config.recompile_limit (8)
W0912 22:09:40.996000 3784 site-packages\torch\_dynamo\convert_frame.py:2008] [6/8]    function: 'numeric_valid' (C:\Users\clm\AppData\Local\Python\pythoncore-3.14-64\Lib\site-packages\nnsmith\materialize\torch\numeric.py:7)
W0912 22:09:40.996000 3784 site-packages\torch\_dynamo\convert_frame.py:2008] [6/8]    last reason: 6/7: tensor 'outputs[0]' rank mismatch. expected 2, actual 1
W0912 22:09:40.996000 3784 site-packages\torch\_dynamo\convert_frame.py:2008] [6/8] To log all recompilation reasons, use TORCH_LOGS="recompiles".
W0912 22:09:40.996000 3784 site-packages\torch\_dynamo\convert_frame.py:2008] [6/8] To diagnose recompilation issues, see https://docs.pytorch.org/docs/main/user_guide/torch_compiler/compile/programming_model.recompilation.html
W0912 22:09:42.463000 3784 site-packages\torch\_dynamo\convert_frame.py:2008] [6/8] torch._dynamo hit config.recompile_limit (8)
W0912 22:09:42.463000 3784 site-packages\torch\_dynamo\convert_frame.py:2008] [6/8]    function: 'numeric_valid' (C:\Users\clm\AppData\Local\Python\pythoncore-3.14-64\Lib\site-packages\nnsmith\materialize\torch\numeric.py:7)
W0912 22:09:42.463000 3784 site-packages\torch\_dynamo\convert_frame.py:2008] [6/8]    last reason: 6/7: tensor 'outputs[0]' rank mismatch. expected 2, actual 1
W0912 22:09:42.463000 3784 site-packages\torch\_dynamo\convert_frame.py:2008] [6/8] To log all recompilation reasons, use TORCH_LOGS="recompiles".
W0912 22:09:42.463000 3784 site-packages\torch\_dynamo\convert_frame.py:2008] [6/8] To diagnose recompilation issues, see https://docs.pytorch.org/docs/main/user_guide/torch_compiler/compile/programming_model.recompilation.html
W0912 22:09:45.138000 3784 site-packages\torch\_dynamo\convert_frame.py:2008] [6/8] torch._dynamo hit config.recompile_limit (8)
W0912 22:09:45.138000 3784 site-packages\torch\_dynamo\convert_frame.py:2008] [6/8]    function: 'numeric_valid' (C:\Users\clm\AppData\Local\Python\pythoncore-3.14-64\Lib\site-packages\nnsmith\materialize\torch\numeric.py:7)
W0912 22:09:45.138000 3784 site-packages\torch\_dynamo\convert_frame.py:2008] [6/8]    last reason: 6/7: tensor 'outputs[0]' rank mismatch. expected 2, actual 1
W0912 22:09:45.138000 3784 site-packages\torch\_dynamo\convert_frame.py:2008] [6/8] To log all recompilation reasons, use TORCH_LOGS="recompiles".
W0912 22:09:45.138000 3784 site-packages\torch\_dynamo\convert_frame.py:2008] [6/8] To diagnose recompilation issues, see https://docs.pytorch.org/docs/main/user_guide/torch_compiler/compile/programming_model.recompilation.html
W0912 22:09:46.585000 3784 site-packages\torch\_dynamo\convert_frame.py:2008] [6/8] torch._dynamo hit config.recompile_limit (8)
W0912 22:09:46.585000 3784 site-packages\torch\_dynamo\convert_frame.py:2008] [6/8]    function: 'numeric_valid' (C:\Users\clm\AppData\Local\Python\pythoncore-3.14-64\Lib\site-packages\nnsmith\materialize\torch\numeric.py:7)
W0912 22:09:46.585000 3784 site-packages\torch\_dynamo\convert_frame.py:2008] [6/8]    last reason: 6/7: tensor 'outputs[0]' rank mismatch. expected 2, actual 1
W0912 22:09:46.585000 3784 site-packages\torch\_dynamo\convert_frame.py:2008] [6/8] To log all recompilation reasons, use TORCH_LOGS="recompiles".
W0912 22:09:46.585000 3784 site-packages\torch\_dynamo\convert_frame.py:2008] [6/8] To diagnose recompilation issues, see https://docs.pytorch.org/docs/main/user_guide/torch_compiler/compile/programming_model.recompilation.html
W0912 22:10:11.858000 3784 site-packages\torch\_dynamo\convert_frame.py:2008] [6/8] torch._dynamo hit config.recompile_limit (8)
W0912 22:10:11.858000 3784 site-packages\torch\_dynamo\convert_frame.py:2008] [6/8]    function: 'numeric_valid' (C:\Users\clm\AppData\Local\Python\pythoncore-3.14-64\Lib\site-packages\nnsmith\materialize\torch\numeric.py:7)
W0912 22:10:11.858000 3784 site-packages\torch\_dynamo\convert_frame.py:2008] [6/8]    last reason: 6/7: tensor 'outputs[0]' rank mismatch. expected 2, actual 1
W0912 22:10:11.858000 3784 site-packages\torch\_dynamo\convert_frame.py:2008] [6/8] To log all recompilation reasons, use TORCH_LOGS="recompiles".
W0912 22:10:11.858000 3784 site-packages\torch\_dynamo\convert_frame.py:2008] [6/8] To diagnose recompilation issues, see https://docs.pytorch.org/docs/main/user_guide/torch_compiler/compile/programming_model.recompilation.html
W0912 22:10:15.341000 3784 site-packages\torch\_dynamo\convert_frame.py:2008] [6/8] torch._dynamo hit config.recompile_limit (8)
W0912 22:10:15.341000 3784 site-packages\torch\_dynamo\convert_frame.py:2008] [6/8]    function: 'numeric_valid' (C:\Users\clm\AppData\Local\Python\pythoncore-3.14-64\Lib\site-packages\nnsmith\materialize\torch\numeric.py:7)
W0912 22:10:15.341000 3784 site-packages\torch\_dynamo\convert_frame.py:2008] [6/8]    last reason: 6/7: tensor 'outputs[0]' rank mismatch. expected 2, actual 1
W0912 22:10:15.341000 3784 site-packages\torch\_dynamo\convert_frame.py:2008] [6/8] To log all recompilation reasons, use TORCH_LOGS="recompiles".
W0912 22:10:15.341000 3784 site-packages\torch\_dynamo\convert_frame.py:2008] [6/8] To diagnose recompilation issues, see https://docs.pytorch.org/docs/main/user_guide/torch_compiler/compile/programming_model.recompilation.html
W0912 22:11:33.358000 3784 site-packages\torch\_dynamo\convert_frame.py:2008] [6/8] torch._dynamo hit config.recompile_limit (8)
W0912 22:11:33.358000 3784 site-packages\torch\_dynamo\convert_frame.py:2008] [6/8]    function: 'numeric_valid' (C:\Users\clm\AppData\Local\Python\pythoncore-3.14-64\Lib\site-packages\nnsmith\materialize\torch\numeric.py:7)
W0912 22:11:33.358000 3784 site-packages\torch\_dynamo\convert_frame.py:2008] [6/8]    last reason: 6/7: tensor 'outputs[0]' rank mismatch. expected 3, actual 1
W0912 22:11:33.358000 3784 site-packages\torch\_dynamo\convert_frame.py:2008] [6/8] To log all recompilation reasons, use TORCH_LOGS="recompiles".
W0912 22:11:33.358000 3784 site-packages\torch\_dynamo\convert_frame.py:2008] [6/8] To diagnose recompilation issues, see https://docs.pytorch.org/docs/main/user_guide/torch_compiler/compile/programming_model.recompilation.html
W0912 22:11:35.360000 3784 site-packages\torch\_dynamo\convert_frame.py:2008] [6/8] torch._dynamo hit config.recompile_limit (8)
W0912 22:11:35.360000 3784 site-packages\torch\_dynamo\convert_frame.py:2008] [6/8]    function: 'numeric_valid' (C:\Users\clm\AppData\Local\Python\pythoncore-3.14-64\Lib\site-packages\nnsmith\materialize\torch\numeric.py:7)
W0912 22:11:35.360000 3784 site-packages\torch\_dynamo\convert_frame.py:2008] [6/8]    last reason: 6/7: tensor 'outputs[0]' rank mismatch. expected 3, actual 1
W0912 22:11:35.360000 3784 site-packages\torch\_dynamo\convert_frame.py:2008] [6/8] To log all recompilation reasons, use TORCH_LOGS="recompiles".
W0912 22:11:35.360000 3784 site-packages\torch\_dynamo\convert_frame.py:2008] [6/8] To diagnose recompilation issues, see https://docs.pytorch.org/docs/main/user_guide/torch_compiler/compile/programming_model.recompilation.html
W0912 22:11:36.572000 3784 site-packages\torch\_dynamo\convert_frame.py:2008] [6/8] torch._dynamo hit config.recompile_limit (8)
W0912 22:11:36.572000 3784 site-packages\torch\_dynamo\convert_frame.py:2008] [6/8]    function: 'numeric_valid' (C:\Users\clm\AppData\Local\Python\pythoncore-3.14-64\Lib\site-packages\nnsmith\materialize\torch\numeric.py:7)
W0912 22:11:36.572000 3784 site-packages\torch\_dynamo\convert_frame.py:2008] [6/8]    last reason: 6/7: tensor 'outputs[0]' rank mismatch. expected 3, actual 1
W0912 22:11:36.572000 3784 site-packages\torch\_dynamo\convert_frame.py:2008] [6/8] To log all recompilation reasons, use TORCH_LOGS="recompiles".
W0912 22:11:36.572000 3784 site-packages\torch\_dynamo\convert_frame.py:2008] [6/8] To diagnose recompilation issues, see https://docs.pytorch.org/docs/main/user_guide/torch_compiler/compile/programming_model.recompilation.html
W0912 22:11:38.385000 3784 site-packages\torch\_dynamo\convert_frame.py:2008] [6/8] torch._dynamo hit config.recompile_limit (8)
W0912 22:11:38.385000 3784 site-packages\torch\_dynamo\convert_frame.py:2008] [6/8]    function: 'numeric_valid' (C:\Users\clm\AppData\Local\Python\pythoncore-3.14-64\Lib\site-packages\nnsmith\materialize\torch\numeric.py:7)
W0912 22:11:38.385000 3784 site-packages\torch\_dynamo\convert_frame.py:2008] [6/8]    last reason: 6/7: tensor 'outputs[0]' rank mismatch. expected 3, actual 1
W0912 22:11:38.385000 3784 site-packages\torch\_dynamo\convert_frame.py:2008] [6/8] To log all recompilation reasons, use TORCH_LOGS="recompiles".
W0912 22:11:38.385000 3784 site-packages\torch\_dynamo\convert_frame.py:2008] [6/8] To diagnose recompilation issues, see https://docs.pytorch.org/docs/main/user_guide/torch_compiler/compile/programming_model.recompilation.html
W0912 22:11:41.569000 3784 site-packages\torch\_dynamo\convert_frame.py:2008] [6/8] torch._dynamo hit config.recompile_limit (8)
W0912 22:11:41.569000 3784 site-packages\torch\_dynamo\convert_frame.py:2008] [6/8]    function: 'numeric_valid' (C:\Users\clm\AppData\Local\Python\pythoncore-3.14-64\Lib\site-packages\nnsmith\materialize\torch\numeric.py:7)
W0912 22:11:41.569000 3784 site-packages\torch\_dynamo\convert_frame.py:2008] [6/8]    last reason: 6/7: tensor 'outputs[0]' rank mismatch. expected 3, actual 1
W0912 22:11:41.569000 3784 site-packages\torch\_dynamo\convert_frame.py:2008] [6/8] To log all recompilation reasons, use TORCH_LOGS="recompiles".
W0912 22:11:41.569000 3784 site-packages\torch\_dynamo\convert_frame.py:2008] [6/8] To diagnose recompilation issues, see https://docs.pytorch.org/docs/main/user_guide/torch_compiler/compile/programming_model.recompilation.html
W0912 22:11:43.641000 3784 site-packages\torch\_dynamo\convert_frame.py:2008] [6/8] torch._dynamo hit config.recompile_limit (8)
W0912 22:11:43.641000 3784 site-packages\torch\_dynamo\convert_frame.py:2008] [6/8]    function: 'numeric_valid' (C:\Users\clm\AppData\Local\Python\pythoncore-3.14-64\Lib\site-packages\nnsmith\materialize\torch\numeric.py:7)
W0912 22:11:43.641000 3784 site-packages\torch\_dynamo\convert_frame.py:2008] [6/8]    last reason: 6/7: tensor 'outputs[0]' rank mismatch. expected 3, actual 1
W0912 22:11:43.641000 3784 site-packages\torch\_dynamo\convert_frame.py:2008] [6/8] To log all recompilation reasons, use TORCH_LOGS="recompiles".
W0912 22:11:43.641000 3784 site-packages\torch\_dynamo\convert_frame.py:2008] [6/8] To diagnose recompilation issues, see https://docs.pytorch.org/docs/main/user_guide/torch_compiler/compile/programming_model.recompilation.html
W0912 22:11:45.646000 3784 site-packages\torch\_dynamo\convert_frame.py:2008] [6/8] torch._dynamo hit config.recompile_limit (8)
W0912 22:11:45.646000 3784 site-packages\torch\_dynamo\convert_frame.py:2008] [6/8]    function: 'numeric_valid' (C:\Users\clm\AppData\Local\Python\pythoncore-3.14-64\Lib\site-packages\nnsmith\materialize\torch\numeric.py:7)
W0912 22:11:45.646000 3784 site-packages\torch\_dynamo\convert_frame.py:2008] [6/8]    last reason: 6/7: tensor 'outputs[0]' rank mismatch. expected 3, actual 1
W0912 22:11:45.646000 3784 site-packages\torch\_dynamo\convert_frame.py:2008] [6/8] To log all recompilation reasons, use TORCH_LOGS="recompiles".
W0912 22:11:45.646000 3784 site-packages\torch\_dynamo\convert_frame.py:2008] [6/8] To diagnose recompilation issues, see https://docs.pytorch.org/docs/main/user_guide/torch_compiler/compile/programming_model.recompilation.html
W0912 22:12:02.656000 3784 site-packages\torch\_dynamo\convert_frame.py:2008] [6/8] torch._dynamo hit config.recompile_limit (8)
W0912 22:12:02.656000 3784 site-packages\torch\_dynamo\convert_frame.py:2008] [6/8]    function: 'numeric_valid' (C:\Users\clm\AppData\Local\Python\pythoncore-3.14-64\Lib\site-packages\nnsmith\materialize\torch\numeric.py:7)
W0912 22:12:02.656000 3784 site-packages\torch\_dynamo\convert_frame.py:2008] [6/8]    last reason: 6/7: tensor 'outputs[0]' rank mismatch. expected 3, actual 1
W0912 22:12:02.656000 3784 site-packages\torch\_dynamo\convert_frame.py:2008] [6/8] To log all recompilation reasons, use TORCH_LOGS="recompiles".
W0912 22:12:02.656000 3784 site-packages\torch\_dynamo\convert_frame.py:2008] [6/8] To diagnose recompilation issues, see https://docs.pytorch.org/docs/main/user_guide/torch_compiler/compile/programming_model.recompilation.html
W0912 22:12:10.940000 3784 site-packages\torch\_dynamo\convert_frame.py:2008] [6/8] torch._dynamo hit config.recompile_limit (8)
W0912 22:12:10.940000 3784 site-packages\torch\_dynamo\convert_frame.py:2008] [6/8]    function: 'numeric_valid' (C:\Users\clm\AppData\Local\Python\pythoncore-3.14-64\Lib\site-packages\nnsmith\materialize\torch\numeric.py:7)
W0912 22:12:10.940000 3784 site-packages\torch\_dynamo\convert_frame.py:2008] [6/8]    last reason: 6/7: tensor 'outputs[0]' rank mismatch. expected 3, actual 1
W0912 22:12:10.940000 3784 site-packages\torch\_dynamo\convert_frame.py:2008] [6/8] To log all recompilation reasons, use TORCH_LOGS="recompiles".
W0912 22:12:10.940000 3784 site-packages\torch\_dynamo\convert_frame.py:2008] [6/8] To diagnose recompilation issues, see https://docs.pytorch.org/docs/main/user_guide/torch_compiler/compile/programming_model.recompilation.html
W0912 22:12:25.599000 3784 site-packages\torch\_dynamo\convert_frame.py:2008] [6/8] torch._dynamo hit config.recompile_limit (8)
W0912 22:12:25.599000 3784 site-packages\torch\_dynamo\convert_frame.py:2008] [6/8]    function: 'numeric_valid' (C:\Users\clm\AppData\Local\Python\pythoncore-3.14-64\Lib\site-packages\nnsmith\materialize\torch\numeric.py:7)
W0912 22:12:25.599000 3784 site-packages\torch\_dynamo\convert_frame.py:2008] [6/8]    last reason: 6/7: tensor 'outputs[0]' rank mismatch. expected 3, actual 1
W0912 22:12:25.599000 3784 site-packages\torch\_dynamo\convert_frame.py:2008] [6/8] To log all recompilation reasons, use TORCH_LOGS="recompiles".
W0912 22:12:25.599000 3784 site-packages\torch\_dynamo\convert_frame.py:2008] [6/8] To diagnose recompilation issues, see https://docs.pytorch.org/docs/main/user_guide/torch_compiler/compile/programming_model.recompilation.html
W0912 22:12:31.890000 3784 site-packages\torch\_dynamo\convert_frame.py:2008] [6/8] torch._dynamo hit config.recompile_limit (8)
W0912 22:12:31.890000 3784 site-packages\torch\_dynamo\convert_frame.py:2008] [6/8]    function: 'numeric_valid' (C:\Users\clm\AppData\Local\Python\pythoncore-3.14-64\Lib\site-packages\nnsmith\materialize\torch\numeric.py:7)
W0912 22:12:31.890000 3784 site-packages\torch\_dynamo\convert_frame.py:2008] [6/8]    last reason: 6/7: tensor 'outputs[0]' rank mismatch. expected 3, actual 1
W0912 22:12:31.890000 3784 site-packages\torch\_dynamo\convert_frame.py:2008] [6/8] To log all recompilation reasons, use TORCH_LOGS="recompiles".
W0912 22:12:31.890000 3784 site-packages\torch\_dynamo\convert_frame.py:2008] [6/8] To diagnose recompilation issues, see https://docs.pytorch.org/docs/main/user_guide/torch_compiler/compile/programming_model.recompilation.html
W0912 22:12:33.877000 3784 site-packages\torch\_dynamo\convert_frame.py:2008] [6/8] torch._dynamo hit config.recompile_limit (8)
W0912 22:12:33.877000 3784 site-packages\torch\_dynamo\convert_frame.py:2008] [6/8]    function: 'numeric_valid' (C:\Users\clm\AppData\Local\Python\pythoncore-3.14-64\Lib\site-packages\nnsmith\materialize\torch\numeric.py:7)
W0912 22:12:33.877000 3784 site-packages\torch\_dynamo\convert_frame.py:2008] [6/8]    last reason: 6/7: tensor 'outputs[0]' rank mismatch. expected 3, actual 1
W0912 22:12:33.877000 3784 site-packages\torch\_dynamo\convert_frame.py:2008] [6/8] To log all recompilation reasons, use TORCH_LOGS="recompiles".
W0912 22:12:33.877000 3784 site-packages\torch\_dynamo\convert_frame.py:2008] [6/8] To diagnose recompilation issues, see https://docs.pytorch.org/docs/main/user_guide/torch_compiler/compile/programming_model.recompilation.html
W0912 22:12:35.918000 3784 site-packages\torch\_dynamo\convert_frame.py:2008] [6/8] torch._dynamo hit config.recompile_limit (8)
W0912 22:12:35.918000 3784 site-packages\torch\_dynamo\convert_frame.py:2008] [6/8]    function: 'numeric_valid' (C:\Users\clm\AppData\Local\Python\pythoncore-3.14-64\Lib\site-packages\nnsmith\materialize\torch\numeric.py:7)
W0912 22:12:35.918000 3784 site-packages\torch\_dynamo\convert_frame.py:2008] [6/8]    last reason: 6/7: tensor 'outputs[0]' rank mismatch. expected 3, actual 1
W0912 22:12:35.918000 3784 site-packages\torch\_dynamo\convert_frame.py:2008] [6/8] To log all recompilation reasons, use TORCH_LOGS="recompiles".
W0912 22:12:35.918000 3784 site-packages\torch\_dynamo\convert_frame.py:2008] [6/8] To diagnose recompilation issues, see https://docs.pytorch.org/docs/main/user_guide/torch_compiler/compile/programming_model.recompilation.html
W0912 22:12:59.699000 3784 site-packages\torch\_dynamo\convert_frame.py:2008] [6/8] torch._dynamo hit config.recompile_limit (8)
W0912 22:12:59.699000 3784 site-packages\torch\_dynamo\convert_frame.py:2008] [6/8]    function: 'numeric_valid' (C:\Users\clm\AppData\Local\Python\pythoncore-3.14-64\Lib\site-packages\nnsmith\materialize\torch\numeric.py:7)
W0912 22:12:59.699000 3784 site-packages\torch\_dynamo\convert_frame.py:2008] [6/8]    last reason: 6/7: tensor 'outputs[0]' rank mismatch. expected 3, actual 1
W0912 22:12:59.699000 3784 site-packages\torch\_dynamo\convert_frame.py:2008] [6/8] To log all recompilation reasons, use TORCH_LOGS="recompiles".
W0912 22:12:59.699000 3784 site-packages\torch\_dynamo\convert_frame.py:2008] [6/8] To diagnose recompilation issues, see https://docs.pytorch.org/docs/main/user_guide/torch_compiler/compile/programming_model.recompilation.html
W0912 22:13:05.675000 3784 site-packages\torch\_dynamo\convert_frame.py:2008] [6/8] torch._dynamo hit config.recompile_limit (8)
W0912 22:13:05.675000 3784 site-packages\torch\_dynamo\convert_frame.py:2008] [6/8]    function: 'numeric_valid' (C:\Users\clm\AppData\Local\Python\pythoncore-3.14-64\Lib\site-packages\nnsmith\materialize\torch\numeric.py:7)
W0912 22:13:05.675000 3784 site-packages\torch\_dynamo\convert_frame.py:2008] [6/8]    last reason: 6/7: tensor 'outputs[0]' rank mismatch. expected 3, actual 1
W0912 22:13:05.675000 3784 site-packages\torch\_dynamo\convert_frame.py:2008] [6/8] To log all recompilation reasons, use TORCH_LOGS="recompiles".
W0912 22:13:05.675000 3784 site-packages\torch\_dynamo\convert_frame.py:2008] [6/8] To diagnose recompilation issues, see https://docs.pytorch.org/docs/main/user_guide/torch_compiler/compile/programming_model.recompilation.html
W0912 22:20:23.300000 3784 site-packages\torch\_dynamo\convert_frame.py:2008] [6/8] torch._dynamo hit config.recompile_limit (8)
W0912 22:20:23.300000 3784 site-packages\torch\_dynamo\convert_frame.py:2008] [6/8]    function: 'numeric_valid' (C:\Users\clm\AppData\Local\Python\pythoncore-3.14-64\Lib\site-packages\nnsmith\materialize\torch\numeric.py:7)
W0912 22:20:23.300000 3784 site-packages\torch\_dynamo\convert_frame.py:2008] [6/8]    last reason: 6/7: tensor 'outputs[0]' requires_grad mismatch. expected requires_grad=1
W0912 22:20:23.300000 3784 site-packages\torch\_dynamo\convert_frame.py:2008] [6/8] To log all recompilation reasons, use TORCH_LOGS="recompiles".
W0912 22:20:23.300000 3784 site-packages\torch\_dynamo\convert_frame.py:2008] [6/8] To diagnose recompilation issues, see https://docs.pytorch.org/docs/main/user_guide/torch_compiler/compile/programming_model.recompilation.html
W0912 22:20:25.702000 3784 site-packages\torch\_dynamo\convert_frame.py:2008] [6/8] torch._dynamo hit config.recompile_limit (8)
W0912 22:20:25.702000 3784 site-packages\torch\_dynamo\convert_frame.py:2008] [6/8]    function: 'numeric_valid' (C:\Users\clm\AppData\Local\Python\pythoncore-3.14-64\Lib\site-packages\nnsmith\materialize\torch\numeric.py:7)
W0912 22:20:25.702000 3784 site-packages\torch\_dynamo\convert_frame.py:2008] [6/8]    last reason: 6/7: tensor 'outputs[0]' requires_grad mismatch. expected requires_grad=1
W0912 22:20:25.702000 3784 site-packages\torch\_dynamo\convert_frame.py:2008] [6/8] To log all recompilation reasons, use TORCH_LOGS="recompiles".
W0912 22:20:25.702000 3784 site-packages\torch\_dynamo\convert_frame.py:2008] [6/8] To diagnose recompilation issues, see https://docs.pytorch.org/docs/main/user_guide/torch_compiler/compile/programming_model.recompilation.html
W0912 22:20:27.203000 3784 site-packages\torch\_dynamo\convert_frame.py:2008] [6/8] torch._dynamo hit config.recompile_limit (8)
W0912 22:20:27.203000 3784 site-packages\torch\_dynamo\convert_frame.py:2008] [6/8]    function: 'numeric_valid' (C:\Users\clm\AppData\Local\Python\pythoncore-3.14-64\Lib\site-packages\nnsmith\materialize\torch\numeric.py:7)
W0912 22:20:27.203000 3784 site-packages\torch\_dynamo\convert_frame.py:2008] [6/8]    last reason: 6/7: tensor 'outputs[0]' requires_grad mismatch. expected requires_grad=1
W0912 22:20:27.203000 3784 site-packages\torch\_dynamo\convert_frame.py:2008] [6/8] To log all recompilation reasons, use TORCH_LOGS="recompiles".
W0912 22:20:27.203000 3784 site-packages\torch\_dynamo\convert_frame.py:2008] [6/8] To diagnose recompilation issues, see https://docs.pytorch.org/docs/main/user_guide/torch_compiler/compile/programming_model.recompilation.html
W0912 22:20:29.445000 3784 site-packages\torch\_dynamo\convert_frame.py:2008] [6/8] torch._dynamo hit config.recompile_limit (8)
W0912 22:20:29.445000 3784 site-packages\torch\_dynamo\convert_frame.py:2008] [6/8]    function: 'numeric_valid' (C:\Users\clm\AppData\Local\Python\pythoncore-3.14-64\Lib\site-packages\nnsmith\materialize\torch\numeric.py:7)
W0912 22:20:29.445000 3784 site-packages\torch\_dynamo\convert_frame.py:2008] [6/8]    last reason: 6/7: tensor 'outputs[0]' requires_grad mismatch. expected requires_grad=1
W0912 22:20:29.445000 3784 site-packages\torch\_dynamo\convert_frame.py:2008] [6/8] To log all recompilation reasons, use TORCH_LOGS="recompiles".
W0912 22:20:29.445000 3784 site-packages\torch\_dynamo\convert_frame.py:2008] [6/8] To diagnose recompilation issues, see https://docs.pytorch.org/docs/main/user_guide/torch_compiler/compile/programming_model.recompilation.html
W0912 22:20:31.769000 3784 site-packages\torch\_dynamo\convert_frame.py:2008] [6/8] torch._dynamo hit config.recompile_limit (8)
W0912 22:20:31.769000 3784 site-packages\torch\_dynamo\convert_frame.py:2008] [6/8]    function: 'numeric_valid' (C:\Users\clm\AppData\Local\Python\pythoncore-3.14-64\Lib\site-packages\nnsmith\materialize\torch\numeric.py:7)
W0912 22:20:31.769000 3784 site-packages\torch\_dynamo\convert_frame.py:2008] [6/8]    last reason: 6/7: tensor 'outputs[0]' requires_grad mismatch. expected requires_grad=1
W0912 22:20:31.769000 3784 site-packages\torch\_dynamo\convert_frame.py:2008] [6/8] To log all recompilation reasons, use TORCH_LOGS="recompiles".
W0912 22:20:31.769000 3784 site-packages\torch\_dynamo\convert_frame.py:2008] [6/8] To diagnose recompilation issues, see https://docs.pytorch.org/docs/main/user_guide/torch_compiler/compile/programming_model.recompilation.html
W0912 22:20:37.401000 3784 site-packages\torch\_dynamo\convert_frame.py:2008] [6/8] torch._dynamo hit config.recompile_limit (8)
W0912 22:20:37.401000 3784 site-packages\torch\_dynamo\convert_frame.py:2008] [6/8]    function: 'numeric_valid' (C:\Users\clm\AppData\Local\Python\pythoncore-3.14-64\Lib\site-packages\nnsmith\materialize\torch\numeric.py:7)
W0912 22:20:37.401000 3784 site-packages\torch\_dynamo\convert_frame.py:2008] [6/8]    last reason: 6/7: tensor 'outputs[0]' requires_grad mismatch. expected requires_grad=1
W0912 22:20:37.401000 3784 site-packages\torch\_dynamo\convert_frame.py:2008] [6/8] To log all recompilation reasons, use TORCH_LOGS="recompiles".
W0912 22:20:37.401000 3784 site-packages\torch\_dynamo\convert_frame.py:2008] [6/8] To diagnose recompilation issues, see https://docs.pytorch.org/docs/main/user_guide/torch_compiler/compile/programming_model.recompilation.html
W0912 22:20:39.741000 3784 site-packages\torch\_dynamo\convert_frame.py:2008] [6/8] torch._dynamo hit config.recompile_limit (8)
W0912 22:20:39.741000 3784 site-packages\torch\_dynamo\convert_frame.py:2008] [6/8]    function: 'numeric_valid' (C:\Users\clm\AppData\Local\Python\pythoncore-3.14-64\Lib\site-packages\nnsmith\materialize\torch\numeric.py:7)
W0912 22:20:39.741000 3784 site-packages\torch\_dynamo\convert_frame.py:2008] [6/8]    last reason: 6/7: tensor 'outputs[0]' requires_grad mismatch. expected requires_grad=1
W0912 22:20:39.741000 3784 site-packages\torch\_dynamo\convert_frame.py:2008] [6/8] To log all recompilation reasons, use TORCH_LOGS="recompiles".
W0912 22:20:39.741000 3784 site-packages\torch\_dynamo\convert_frame.py:2008] [6/8] To diagnose recompilation issues, see https://docs.pytorch.org/docs/main/user_guide/torch_compiler/compile/programming_model.recompilation.html
W0912 22:20:53.330000 3784 site-packages\torch\_dynamo\convert_frame.py:2008] [6/8] torch._dynamo hit config.recompile_limit (8)
W0912 22:20:53.330000 3784 site-packages\torch\_dynamo\convert_frame.py:2008] [6/8]    function: 'numeric_valid' (C:\Users\clm\AppData\Local\Python\pythoncore-3.14-64\Lib\site-packages\nnsmith\materialize\torch\numeric.py:7)
W0912 22:20:53.330000 3784 site-packages\torch\_dynamo\convert_frame.py:2008] [6/8]    last reason: 6/7: tensor 'outputs[0]' requires_grad mismatch. expected requires_grad=1
W0912 22:20:53.330000 3784 site-packages\torch\_dynamo\convert_frame.py:2008] [6/8] To log all recompilation reasons, use TORCH_LOGS="recompiles".
W0912 22:20:53.330000 3784 site-packages\torch\_dynamo\convert_frame.py:2008] [6/8] To diagnose recompilation issues, see https://docs.pytorch.org/docs/main/user_guide/torch_compiler/compile/programming_model.recompilation.html
W0912 22:21:01.899000 3784 site-packages\torch\_dynamo\convert_frame.py:2008] [6/8] torch._dynamo hit config.recompile_limit (8)
W0912 22:21:01.899000 3784 site-packages\torch\_dynamo\convert_frame.py:2008] [6/8]    function: 'numeric_valid' (C:\Users\clm\AppData\Local\Python\pythoncore-3.14-64\Lib\site-packages\nnsmith\materialize\torch\numeric.py:7)
W0912 22:21:01.899000 3784 site-packages\torch\_dynamo\convert_frame.py:2008] [6/8]    last reason: 6/7: tensor 'outputs[0]' requires_grad mismatch. expected requires_grad=1
W0912 22:21:01.899000 3784 site-packages\torch\_dynamo\convert_frame.py:2008] [6/8] To log all recompilation reasons, use TORCH_LOGS="recompiles".
W0912 22:21:01.899000 3784 site-packages\torch\_dynamo\convert_frame.py:2008] [6/8] To diagnose recompilation issues, see https://docs.pytorch.org/docs/main/user_guide/torch_compiler/compile/programming_model.recompilation.html
W0912 22:21:14.748000 3784 site-packages\torch\_dynamo\convert_frame.py:2008] [6/8] torch._dynamo hit config.recompile_limit (8)
W0912 22:21:14.748000 3784 site-packages\torch\_dynamo\convert_frame.py:2008] [6/8]    function: 'numeric_valid' (C:\Users\clm\AppData\Local\Python\pythoncore-3.14-64\Lib\site-packages\nnsmith\materialize\torch\numeric.py:7)
W0912 22:21:14.748000 3784 site-packages\torch\_dynamo\convert_frame.py:2008] [6/8]    last reason: 6/7: tensor 'outputs[0]' requires_grad mismatch. expected requires_grad=1
W0912 22:21:14.748000 3784 site-packages\torch\_dynamo\convert_frame.py:2008] [6/8] To log all recompilation reasons, use TORCH_LOGS="recompiles".
W0912 22:21:14.748000 3784 site-packages\torch\_dynamo\convert_frame.py:2008] [6/8] To diagnose recompilation issues, see https://docs.pytorch.org/docs/main/user_guide/torch_compiler/compile/programming_model.recompilation.html
W0912 22:21:19.224000 3784 site-packages\torch\_dynamo\convert_frame.py:2008] [6/8] torch._dynamo hit config.recompile_limit (8)
W0912 22:21:19.224000 3784 site-packages\torch\_dynamo\convert_frame.py:2008] [6/8]    function: 'numeric_valid' (C:\Users\clm\AppData\Local\Python\pythoncore-3.14-64\Lib\site-packages\nnsmith\materialize\torch\numeric.py:7)
W0912 22:21:19.224000 3784 site-packages\torch\_dynamo\convert_frame.py:2008] [6/8]    last reason: 6/7: tensor 'outputs[0]' requires_grad mismatch. expected requires_grad=1
W0912 22:21:19.224000 3784 site-packages\torch\_dynamo\convert_frame.py:2008] [6/8] To log all recompilation reasons, use TORCH_LOGS="recompiles".
W0912 22:21:19.224000 3784 site-packages\torch\_dynamo\convert_frame.py:2008] [6/8] To diagnose recompilation issues, see https://docs.pytorch.org/docs/main/user_guide/torch_compiler/compile/programming_model.recompilation.html
W0912 22:21:21.524000 3784 site-packages\torch\_dynamo\convert_frame.py:2008] [6/8] torch._dynamo hit config.recompile_limit (8)
W0912 22:21:21.524000 3784 site-packages\torch\_dynamo\convert_frame.py:2008] [6/8]    function: 'numeric_valid' (C:\Users\clm\AppData\Local\Python\pythoncore-3.14-64\Lib\site-packages\nnsmith\materialize\torch\numeric.py:7)
W0912 22:21:21.524000 3784 site-packages\torch\_dynamo\convert_frame.py:2008] [6/8]    last reason: 6/7: tensor 'outputs[0]' requires_grad mismatch. expected requires_grad=1
W0912 22:21:21.524000 3784 site-packages\torch\_dynamo\convert_frame.py:2008] [6/8] To log all recompilation reasons, use TORCH_LOGS="recompiles".
W0912 22:21:21.524000 3784 site-packages\torch\_dynamo\convert_frame.py:2008] [6/8] To diagnose recompilation issues, see https://docs.pytorch.org/docs/main/user_guide/torch_compiler/compile/programming_model.recompilation.html
W0912 22:21:23.820000 3784 site-packages\torch\_dynamo\convert_frame.py:2008] [6/8] torch._dynamo hit config.recompile_limit (8)
W0912 22:21:23.820000 3784 site-packages\torch\_dynamo\convert_frame.py:2008] [6/8]    function: 'numeric_valid' (C:\Users\clm\AppData\Local\Python\pythoncore-3.14-64\Lib\site-packages\nnsmith\materialize\torch\numeric.py:7)
W0912 22:21:23.820000 3784 site-packages\torch\_dynamo\convert_frame.py:2008] [6/8]    last reason: 6/7: tensor 'outputs[0]' requires_grad mismatch. expected requires_grad=1
W0912 22:21:23.820000 3784 site-packages\torch\_dynamo\convert_frame.py:2008] [6/8] To log all recompilation reasons, use TORCH_LOGS="recompiles".
W0912 22:21:23.820000 3784 site-packages\torch\_dynamo\convert_frame.py:2008] [6/8] To diagnose recompilation issues, see https://docs.pytorch.org/docs/main/user_guide/torch_compiler/compile/programming_model.recompilation.html
W0912 22:21:46.410000 3784 site-packages\torch\_dynamo\convert_frame.py:2008] [6/8] torch._dynamo hit config.recompile_limit (8)
W0912 22:21:46.410000 3784 site-packages\torch\_dynamo\convert_frame.py:2008] [6/8]    function: 'numeric_valid' (C:\Users\clm\AppData\Local\Python\pythoncore-3.14-64\Lib\site-packages\nnsmith\materialize\torch\numeric.py:7)
W0912 22:21:46.410000 3784 site-packages\torch\_dynamo\convert_frame.py:2008] [6/8]    last reason: 6/7: tensor 'outputs[0]' requires_grad mismatch. expected requires_grad=1
W0912 22:21:46.410000 3784 site-packages\torch\_dynamo\convert_frame.py:2008] [6/8] To log all recompilation reasons, use TORCH_LOGS="recompiles".
W0912 22:21:46.410000 3784 site-packages\torch\_dynamo\convert_frame.py:2008] [6/8] To diagnose recompilation issues, see https://docs.pytorch.org/docs/main/user_guide/torch_compiler/compile/programming_model.recompilation.html
W0912 22:21:52.675000 3784 site-packages\torch\_dynamo\convert_frame.py:2008] [6/8] torch._dynamo hit config.recompile_limit (8)
W0912 22:21:52.675000 3784 site-packages\torch\_dynamo\convert_frame.py:2008] [6/8]    function: 'numeric_valid' (C:\Users\clm\AppData\Local\Python\pythoncore-3.14-64\Lib\site-packages\nnsmith\materialize\torch\numeric.py:7)
W0912 22:21:52.675000 3784 site-packages\torch\_dynamo\convert_frame.py:2008] [6/8]    last reason: 6/7: tensor 'outputs[0]' requires_grad mismatch. expected requires_grad=1
W0912 22:21:52.675000 3784 site-packages\torch\_dynamo\convert_frame.py:2008] [6/8] To log all recompilation reasons, use TORCH_LOGS="recompiles".
W0912 22:21:52.675000 3784 site-packages\torch\_dynamo\convert_frame.py:2008] [6/8] To diagnose recompilation issues, see https://docs.pytorch.org/docs/main/user_guide/torch_compiler/compile/programming_model.recompilation.html
