W0910 12:21:36.585000 21672 site-packages\torch\_dynamo\convert_frame.py:2008] [6/8] torch._dynamo hit config.recompile_limit (8)
W0910 12:21:36.585000 21672 site-packages\torch\_dynamo\convert_frame.py:2008] [6/8]    function: 'numeric_valid' (C:\Users\clm\AppData\Local\Python\pythoncore-3.14-64\Lib\site-packages\nnsmith\materialize\torch\numeric.py:7)
W0910 12:21:36.585000 21672 site-packages\torch\_dynamo\convert_frame.py:2008] [6/8]    last reason: 6/7: tensor 'outputs[0]' rank mismatch. expected 2, actual 1
W0910 12:21:36.585000 21672 site-packages\torch\_dynamo\convert_frame.py:2008] [6/8] To log all recompilation reasons, use TORCH_LOGS="recompiles".
W0910 12:21:36.585000 21672 site-packages\torch\_dynamo\convert_frame.py:2008] [6/8] To diagnose recompilation issues, see https://docs.pytorch.org/docs/main/user_guide/torch_compiler/compile/programming_model.recompilation.html
W0910 12:21:39.793000 21672 site-packages\torch\_dynamo\convert_frame.py:2008] [6/8] torch._dynamo hit config.recompile_limit (8)
W0910 12:21:39.793000 21672 site-packages\torch\_dynamo\convert_frame.py:2008] [6/8]    function: 'numeric_valid' (C:\Users\clm\AppData\Local\Python\pythoncore-3.14-64\Lib\site-packages\nnsmith\materialize\torch\numeric.py:7)
W0910 12:21:39.793000 21672 site-packages\torch\_dynamo\convert_frame.py:2008] [6/8]    last reason: 6/7: tensor 'outputs[0]' rank mismatch. expected 2, actual 1
W0910 12:21:39.793000 21672 site-packages\torch\_dynamo\convert_frame.py:2008] [6/8] To log all recompilation reasons, use TORCH_LOGS="recompiles".
W0910 12:21:39.793000 21672 site-packages\torch\_dynamo\convert_frame.py:2008] [6/8] To diagnose recompilation issues, see https://docs.pytorch.org/docs/main/user_guide/torch_compiler/compile/programming_model.recompilation.html
W0910 12:21:42.660000 21672 site-packages\torch\_dynamo\convert_frame.py:2008] [6/8] torch._dynamo hit config.recompile_limit (8)
W0910 12:21:42.660000 21672 site-packages\torch\_dynamo\convert_frame.py:2008] [6/8]    function: 'numeric_valid' (C:\Users\clm\AppData\Local\Python\pythoncore-3.14-64\Lib\site-packages\nnsmith\materialize\torch\numeric.py:7)
W0910 12:21:42.660000 21672 site-packages\torch\_dynamo\convert_frame.py:2008] [6/8]    last reason: 6/7: tensor 'outputs[0]' rank mismatch. expected 2, actual 1
W0910 12:21:42.660000 21672 site-packages\torch\_dynamo\convert_frame.py:2008] [6/8] To log all recompilation reasons, use TORCH_LOGS="recompiles".
W0910 12:21:42.660000 21672 site-packages\torch\_dynamo\convert_frame.py:2008] [6/8] To diagnose recompilation issues, see https://docs.pytorch.org/docs/main/user_guide/torch_compiler/compile/programming_model.recompilation.html
W0910 12:21:49.286000 21672 site-packages\torch\_dynamo\convert_frame.py:2008] [6/8] torch._dynamo hit config.recompile_limit (8)
W0910 12:21:49.286000 21672 site-packages\torch\_dynamo\convert_frame.py:2008] [6/8]    function: 'numeric_valid' (C:\Users\clm\AppData\Local\Python\pythoncore-3.14-64\Lib\site-packages\nnsmith\materialize\torch\numeric.py:7)
W0910 12:21:49.286000 21672 site-packages\torch\_dynamo\convert_frame.py:2008] [6/8]    last reason: 6/7: tensor 'outputs[0]' rank mismatch. expected 2, actual 1
W0910 12:21:49.286000 21672 site-packages\torch\_dynamo\convert_frame.py:2008] [6/8] To log all recompilation reasons, use TORCH_LOGS="recompiles".
W0910 12:21:49.286000 21672 site-packages\torch\_dynamo\convert_frame.py:2008] [6/8] To diagnose recompilation issues, see https://docs.pytorch.org/docs/main/user_guide/torch_compiler/compile/programming_model.recompilation.html
W0910 12:22:04.427000 21672 site-packages\torch\_dynamo\convert_frame.py:2008] [6/8] torch._dynamo hit config.recompile_limit (8)
W0910 12:22:04.427000 21672 site-packages\torch\_dynamo\convert_frame.py:2008] [6/8]    function: 'numeric_valid' (C:\Users\clm\AppData\Local\Python\pythoncore-3.14-64\Lib\site-packages\nnsmith\materialize\torch\numeric.py:7)
W0910 12:22:04.427000 21672 site-packages\torch\_dynamo\convert_frame.py:2008] [6/8]    last reason: 6/7: tensor 'outputs[0]' rank mismatch. expected 2, actual 1
W0910 12:22:04.427000 21672 site-packages\torch\_dynamo\convert_frame.py:2008] [6/8] To log all recompilation reasons, use TORCH_LOGS="recompiles".
W0910 12:22:04.427000 21672 site-packages\torch\_dynamo\convert_frame.py:2008] [6/8] To diagnose recompilation issues, see https://docs.pytorch.org/docs/main/user_guide/torch_compiler/compile/programming_model.recompilation.html
W0910 12:22:09.847000 21672 site-packages\torch\_dynamo\convert_frame.py:2008] [6/8] torch._dynamo hit config.recompile_limit (8)
W0910 12:22:09.847000 21672 site-packages\torch\_dynamo\convert_frame.py:2008] [6/8]    function: 'numeric_valid' (C:\Users\clm\AppData\Local\Python\pythoncore-3.14-64\Lib\site-packages\nnsmith\materialize\torch\numeric.py:7)
W0910 12:22:09.847000 21672 site-packages\torch\_dynamo\convert_frame.py:2008] [6/8]    last reason: 6/7: tensor 'outputs[0]' rank mismatch. expected 2, actual 1
W0910 12:22:09.847000 21672 site-packages\torch\_dynamo\convert_frame.py:2008] [6/8] To log all recompilation reasons, use TORCH_LOGS="recompiles".
W0910 12:22:09.847000 21672 site-packages\torch\_dynamo\convert_frame.py:2008] [6/8] To diagnose recompilation issues, see https://docs.pytorch.org/docs/main/user_guide/torch_compiler/compile/programming_model.recompilation.html
W0910 12:24:55.931000 21672 site-packages\torch\_dynamo\convert_frame.py:2008] [6/8] torch._dynamo hit config.recompile_limit (8)
W0910 12:24:55.931000 21672 site-packages\torch\_dynamo\convert_frame.py:2008] [6/8]    function: 'numeric_valid' (C:\Users\clm\AppData\Local\Python\pythoncore-3.14-64\Lib\site-packages\nnsmith\materialize\torch\numeric.py:7)
W0910 12:24:55.931000 21672 site-packages\torch\_dynamo\convert_frame.py:2008] [6/8]    last reason: 6/7: tensor 'outputs[0]' rank mismatch. expected 3, actual 1
W0910 12:24:55.931000 21672 site-packages\torch\_dynamo\convert_frame.py:2008] [6/8] To log all recompilation reasons, use TORCH_LOGS="recompiles".
W0910 12:24:55.931000 21672 site-packages\torch\_dynamo\convert_frame.py:2008] [6/8] To diagnose recompilation issues, see https://docs.pytorch.org/docs/main/user_guide/torch_compiler/compile/programming_model.recompilation.html
W0910 12:25:03.421000 21672 site-packages\torch\_dynamo\convert_frame.py:2008] [6/8] torch._dynamo hit config.recompile_limit (8)
W0910 12:25:03.421000 21672 site-packages\torch\_dynamo\convert_frame.py:2008] [6/8]    function: 'numeric_valid' (C:\Users\clm\AppData\Local\Python\pythoncore-3.14-64\Lib\site-packages\nnsmith\materialize\torch\numeric.py:7)
W0910 12:25:03.421000 21672 site-packages\torch\_dynamo\convert_frame.py:2008] [6/8]    last reason: 6/7: tensor 'outputs[0]' rank mismatch. expected 3, actual 1
W0910 12:25:03.421000 21672 site-packages\torch\_dynamo\convert_frame.py:2008] [6/8] To log all recompilation reasons, use TORCH_LOGS="recompiles".
W0910 12:25:03.421000 21672 site-packages\torch\_dynamo\convert_frame.py:2008] [6/8] To diagnose recompilation issues, see https://docs.pytorch.org/docs/main/user_guide/torch_compiler/compile/programming_model.recompilation.html
W0910 12:25:14.846000 21672 site-packages\torch\_dynamo\convert_frame.py:2008] [6/8] torch._dynamo hit config.recompile_limit (8)
W0910 12:25:14.846000 21672 site-packages\torch\_dynamo\convert_frame.py:2008] [6/8]    function: 'numeric_valid' (C:\Users\clm\AppData\Local\Python\pythoncore-3.14-64\Lib\site-packages\nnsmith\materialize\torch\numeric.py:7)
W0910 12:25:14.846000 21672 site-packages\torch\_dynamo\convert_frame.py:2008] [6/8]    last reason: 6/7: tensor 'outputs[0]' rank mismatch. expected 3, actual 1
W0910 12:25:14.846000 21672 site-packages\torch\_dynamo\convert_frame.py:2008] [6/8] To log all recompilation reasons, use TORCH_LOGS="recompiles".
W0910 12:25:14.846000 21672 site-packages\torch\_dynamo\convert_frame.py:2008] [6/8] To diagnose recompilation issues, see https://docs.pytorch.org/docs/main/user_guide/torch_compiler/compile/programming_model.recompilation.html
W0910 12:25:28.933000 21672 site-packages\torch\_dynamo\convert_frame.py:2008] [6/8] torch._dynamo hit config.recompile_limit (8)
W0910 12:25:28.933000 21672 site-packages\torch\_dynamo\convert_frame.py:2008] [6/8]    function: 'numeric_valid' (C:\Users\clm\AppData\Local\Python\pythoncore-3.14-64\Lib\site-packages\nnsmith\materialize\torch\numeric.py:7)
W0910 12:25:28.933000 21672 site-packages\torch\_dynamo\convert_frame.py:2008] [6/8]    last reason: 6/7: tensor 'outputs[0]' rank mismatch. expected 3, actual 1
W0910 12:25:28.933000 21672 site-packages\torch\_dynamo\convert_frame.py:2008] [6/8] To log all recompilation reasons, use TORCH_LOGS="recompiles".
W0910 12:25:28.933000 21672 site-packages\torch\_dynamo\convert_frame.py:2008] [6/8] To diagnose recompilation issues, see https://docs.pytorch.org/docs/main/user_guide/torch_compiler/compile/programming_model.recompilation.html
W0910 12:25:58.228000 21672 site-packages\torch\_dynamo\convert_frame.py:2008] [6/8] torch._dynamo hit config.recompile_limit (8)
W0910 12:25:58.228000 21672 site-packages\torch\_dynamo\convert_frame.py:2008] [6/8]    function: 'numeric_valid' (C:\Users\clm\AppData\Local\Python\pythoncore-3.14-64\Lib\site-packages\nnsmith\materialize\torch\numeric.py:7)
W0910 12:25:58.228000 21672 site-packages\torch\_dynamo\convert_frame.py:2008] [6/8]    last reason: 6/7: tensor 'outputs[0]' rank mismatch. expected 3, actual 1
W0910 12:25:58.228000 21672 site-packages\torch\_dynamo\convert_frame.py:2008] [6/8] To log all recompilation reasons, use TORCH_LOGS="recompiles".
W0910 12:25:58.228000 21672 site-packages\torch\_dynamo\convert_frame.py:2008] [6/8] To diagnose recompilation issues, see https://docs.pytorch.org/docs/main/user_guide/torch_compiler/compile/programming_model.recompilation.html
W0910 12:26:06.276000 21672 site-packages\torch\_dynamo\convert_frame.py:2008] [6/8] torch._dynamo hit config.recompile_limit (8)
W0910 12:26:06.276000 21672 site-packages\torch\_dynamo\convert_frame.py:2008] [6/8]    function: 'numeric_valid' (C:\Users\clm\AppData\Local\Python\pythoncore-3.14-64\Lib\site-packages\nnsmith\materialize\torch\numeric.py:7)
W0910 12:26:06.276000 21672 site-packages\torch\_dynamo\convert_frame.py:2008] [6/8]    last reason: 6/7: tensor 'outputs[0]' rank mismatch. expected 3, actual 1
W0910 12:26:06.276000 21672 site-packages\torch\_dynamo\convert_frame.py:2008] [6/8] To log all recompilation reasons, use TORCH_LOGS="recompiles".
W0910 12:26:06.276000 21672 site-packages\torch\_dynamo\convert_frame.py:2008] [6/8] To diagnose recompilation issues, see https://docs.pytorch.org/docs/main/user_guide/torch_compiler/compile/programming_model.recompilation.html
