  Efficiency (plan section 27)
    python_loc            : 111
    functions_analyzed    : 29
    compilation_sites     : 29
    ir_nodes              : 111
    ir_deps               : 133
    semantic_factors      : 14
    scalar_factors        : 8
    boundaries            : 9
    index_relations       : 2
    facts                 : 14
    test_obligations      : 114
    contexts              : 295
    sequences             : 1860
    static_analysis_ms    : 42.912
    test_generation_ms    : 77.511
    execution_s           : 0.107
    compile_count         : 0
    tests_executed        : 0
    peak_memory_mb        : 0.372
