isolated campaign: 63 reproducer(s) pending in reproducers_models
[1/63] --file model_efficientnet_b0_bf16_autocast.py      exit 0 [410s]
      model_efficientnet_b0_bf16_autocast 0 candidate(s), 0 submittable, 3 tests, 10 compiles  [397.8s]
    0 candidate(s); summary at reports_models\SUMMARY.md
[2/63] --file model_efficientnet_b0_channels_last.py      exit 0 [896s]
      model_efficientnet_b0_channels_last 0 candidate(s), 0 submittable, 2 tests, 8 compiles  [878.4s]
    0 candidate(s); summary at reports_models\SUMMARY.md
[3/63] --file model_efficientnet_b0_dynamic.py            exit 0 [645s]
      model_efficientnet_b0_dynamic 0 candidate(s), 0 submittable, 2 tests, 8 compiles  [628.7s]
    0 candidate(s); summary at reports_models\SUMMARY.md
[4/63] --file model_efficientnet_b0_fp32.py               exit 0 [380s]
      model_efficientnet_b0_fp32 0 candidate(s), 0 submittable, 2 tests, 8 compiles  [367.7s]
    0 candidate(s); summary at reports_models\SUMMARY.md
[5/63] --file model_efficientnet_b0_train.py              exit 0 [405s]
      model_efficientnet_b0_train 0 candidate(s), 0 submittable, 2 tests, 8 compiles  [391.7s]
    0 candidate(s); summary at reports_models\SUMMARY.md
[6/63] --file model_fcn_resnet18_like_bf16_autocast.py    exit 0 [781s]
      model_fcn_resnet18_like_bf16_autocast 1 candidate(s), 1 submittable, 5 tests, 17 compiles  [769.8s]
        * high   inductor_codegen       requires_grad        61eda009bc8f
    1 candidate(s); summary at reports_models\SUMMARY.md
[7/63] --file model_fcn_resnet18_like_channels_last.py    exit 0 [202s]
      model_fcn_resnet18_like_channels_last 0 candidate(s), 0 submittable, 5 tests, 19 compiles  [191.0s]
    0 candidate(s); summary at reports_models\SUMMARY.md
[8/63] --file model_fcn_resnet18_like_dynamic.py          exit 0 [206s]
      model_fcn_resnet18_like_dynamic 0 candidate(s), 0 submittable, 5 tests, 19 compiles  [195.8s]
    0 candidate(s); summary at reports_models\SUMMARY.md
[9/63] --file model_fcn_resnet18_like_fp32.py             exit 0 [195s]
      model_fcn_resnet18_like_fp32 0 candidate(s), 0 submittable, 5 tests, 19 compiles  [183.9s]
    0 candidate(s); summary at reports_models\SUMMARY.md
[10/63] --file model_fcn_resnet18_like_train.py            exit 0 [189s]
      model_fcn_resnet18_like_train 0 candidate(s), 0 submittable, 5 tests, 19 compiles  [178.8s]
    0 candidate(s); summary at reports_models\SUMMARY.md
[11/63] --file model_googlenet_bf16_autocast.py            exit 0 [374s]
      model_googlenet_bf16_autocast 0 candidate(s), 0 submittable, 2 tests, 6 compiles  [363.6s]
    0 candidate(s); summary at reports_models\SUMMARY.md
[12/63] --file model_googlenet_channels_last.py            timeout [900s]
[13/63] --file model_googlenet_dynamic.py                  timeout [900s]
[14/63] --file model_googlenet_fp32.py                     timeout [900s]
[15/63] --file model_googlenet_train.py                    timeout [900s]
[16/63] --file model_mnasnet0_5_bf16_autocast.py           exit 0 [323s]
      model_mnasnet0_5_bf16_autocast 0 candidate(s), 0 submittable, 4 tests, 14 compiles  [312.7s]
    0 candidate(s); summary at reports_models\SUMMARY.md
[17/63] --file model_mnasnet0_5_channels_last.py           exit 0 [415s]
      model_mnasnet0_5_channels_last 0 candidate(s), 0 submittable, 2 tests, 8 compiles  [405.7s]
    0 candidate(s); summary at reports_models\SUMMARY.md
[18/63] --file model_mnasnet0_5_dynamic.py                 exit 0 [286s]
      model_mnasnet0_5_dynamic 0 candidate(s), 0 submittable, 3 tests, 11 compiles  [276.2s]
    0 candidate(s); summary at reports_models\SUMMARY.md
[19/63] --file model_mnasnet0_5_fp32.py                    exit 0 [300s]
      model_mnasnet0_5_fp32    0 candidate(s), 0 submittable, 3 tests, 11 compiles  [289.5s]
    0 candidate(s); summary at reports_models\SUMMARY.md
[20/63] --file model_mnasnet0_5_train.py                   exit 0 [258s]
      model_mnasnet0_5_train   0 candidate(s), 0 submittable, 3 tests, 11 compiles  [247.9s]
    0 candidate(s); summary at reports_models\SUMMARY.md
[21/63] --file model_mobilenet_v2_bf16_autocast.py         exit 0 [375s]
      model_mobilenet_v2_bf16_autocast 0 candidate(s), 0 submittable, 5 tests, 17 compiles  [365.0s]
    0 candidate(s); summary at reports_models\SUMMARY.md
[22/63] --file model_mobilenet_v2_channels_last.py         exit 0 [359s]
      model_mobilenet_v2_channels_last 0 candidate(s), 0 submittable, 2 tests, 8 compiles  [348.6s]
    0 candidate(s); summary at reports_models\SUMMARY.md
[23/63] --file model_mobilenet_v2_dynamic.py               exit 0 [370s]
      model_mobilenet_v2_dynamic 0 candidate(s), 0 submittable, 2 tests, 8 compiles  [360.4s]
    0 candidate(s); summary at reports_models\SUMMARY.md
[24/63] --file model_mobilenet_v2_fp32.py                  exit 0 [298s]
      model_mobilenet_v2_fp32  0 candidate(s), 0 submittable, 3 tests, 11 compiles  [288.3s]
    0 candidate(s); summary at reports_models\SUMMARY.md
[25/63] --file model_mobilenet_v2_train.py                 exit 0 [352s]
      model_mobilenet_v2_train 0 candidate(s), 0 submittable, 2 tests, 8 compiles  [340.6s]
    0 candidate(s); summary at reports_models\SUMMARY.md
[26/63] --file model_mobilenet_v3_small_bf16_autocast.py   exit 0 [566s]
      model_mobilenet_v3_small_bf16_autocast 0 candidate(s), 0 submittable, 5 tests, 17 compiles  [555.2s]
    0 candidate(s); summary at reports_models\SUMMARY.md
[27/63] --file model_mobilenet_v3_small_channels_last.py   exit 0 [576s]
      model_mobilenet_v3_small_channels_last 0 candidate(s), 0 submittable, 2 tests, 8 compiles  [557.4s]
    0 candidate(s); summary at reports_models\SUMMARY.md
[28/63] --file model_mobilenet_v3_small_dynamic.py         exit 0 [356s]
      model_mobilenet_v3_small_dynamic 0 candidate(s), 0 submittable, 2 tests, 8 compiles  [345.9s]
    0 candidate(s); summary at reports_models\SUMMARY.md
[29/63] --file model_mobilenet_v3_small_fp32.py            exit 0 [305s]
      model_mobilenet_v3_small_fp32 0 candidate(s), 0 submittable, 3 tests, 11 compiles  [291.3s]
    0 candidate(s); summary at reports_models\SUMMARY.md
[30/63] --file model_mobilenet_v3_small_train.py           exit 0 [237s]
      model_mobilenet_v3_small_train 0 candidate(s), 0 submittable, 3 tests, 11 compiles  [224.7s]
    0 candidate(s); summary at reports_models\SUMMARY.md
[31/63] --file model_regnet_y_400mf_bf16_autocast.py       exit 0 [478s]
      model_regnet_y_400mf_bf16_autocast 0 candidate(s), 0 submittable, 2 tests, 6 compiles  [466.2s]
    0 candidate(s); summary at reports_models\SUMMARY.md
[32/63] --file model_regnet_y_400mf_channels_last.py       exit 0 [459s]
      model_regnet_y_400mf_channels_last 0 candidate(s), 0 submittable, 2 tests, 8 compiles  [444.7s]
    0 candidate(s); summary at reports_models\SUMMARY.md
[33/63] --file model_regnet_y_400mf_dynamic.py             exit 0 [300s]
      model_regnet_y_400mf_dynamic 0 candidate(s), 0 submittable, 3 tests, 11 compiles  [289.6s]
    0 candidate(s); summary at reports_models\SUMMARY.md
[34/63] --file model_regnet_y_400mf_fp32.py                exit 0 [337s]
      model_regnet_y_400mf_fp32 0 candidate(s), 0 submittable, 2 tests, 8 compiles  [325.0s]
    0 candidate(s); summary at reports_models\SUMMARY.md
[35/63] --file model_regnet_y_400mf_train.py               exit 0 [685s]
      model_regnet_y_400mf_train 0 candidate(s), 0 submittable, 2 tests, 8 compiles  [671.4s]
    0 candidate(s); summary at reports_models\SUMMARY.md
[36/63] --file model_resnet18_bf16_autocast.py             timeout [900s]
[37/63] --file model_resnet18_channels_last.py             exit 0 [201s]
      model_resnet18_channels_last 0 candidate(s), 0 submittable, 3 tests, 11 compiles  [188.1s]
    0 candidate(s); summary at reports_models\SUMMARY.md
[38/63] --file model_resnet18_dynamic.py                   exit 0 [146s]
      model_resnet18_dynamic   0 candidate(s), 0 submittable, 3 tests, 11 compiles  [134.5s]
    0 candidate(s); summary at reports_models\SUMMARY.md
[39/63] --file model_resnet18_fp32.py                      exit 0 [163s]
      model_resnet18_fp32      0 candidate(s), 0 submittable, 3 tests, 11 compiles  [150.3s]
    0 candidate(s); summary at reports_models\SUMMARY.md
[40/63] --file model_resnet18_train.py                     exit 0 [348s]
      model_resnet18_train     0 candidate(s), 0 submittable, 2 tests, 8 compiles  [336.0s]
    0 candidate(s); summary at reports_models\SUMMARY.md
[41/63] --file model_shufflenet_v2_x0_5_bf16_autocast.py   exit 0 [376s]
      model_shufflenet_v2_x0_5_bf16_autocast 0 candidate(s), 0 submittable, 4 tests, 14 compiles  [365.7s]
    0 candidate(s); summary at reports_models\SUMMARY.md
[42/63] --file model_shufflenet_v2_x0_5_channels_last.py   exit 0 [241s]
      model_shufflenet_v2_x0_5_channels_last 0 candidate(s), 0 submittable, 3 tests, 11 compiles  [231.9s]
    0 candidate(s); summary at reports_models\SUMMARY.md
[43/63] --file model_shufflenet_v2_x0_5_dynamic.py         exit 0 [132s]
      model_shufflenet_v2_x0_5_dynamic 0 candidate(s), 0 submittable, 3 tests, 11 compiles  [123.8s]
    0 candidate(s); summary at reports_models\SUMMARY.md
[44/63] --file model_shufflenet_v2_x0_5_fp32.py            exit 0 [100s]
      model_shufflenet_v2_x0_5_fp32 0 candidate(s), 0 submittable, 3 tests, 11 compiles  [91.5s]
    0 candidate(s); summary at reports_models\SUMMARY.md
[45/63] --file model_shufflenet_v2_x0_5_train.py           exit 0 [190s]
      model_shufflenet_v2_x0_5_train 0 candidate(s), 0 submittable, 3 tests, 11 compiles  [180.3s]
    0 candidate(s); summary at reports_models\SUMMARY.md
[46/63] --file model_squeezenet1_0_bf16_autocast.py        exit 0 [719s]
      model_squeezenet1_0_bf16_autocast 0 candidate(s), 0 submittable, 5 tests, 17 compiles  [708.7s]
    0 candidate(s); summary at reports_models\SUMMARY.md
[47/63] --file model_squeezenet1_0_channels_last.py        exit 0 [387s]
      model_squeezenet1_0_channels_last 0 candidate(s), 0 submittable, 2 tests, 8 compiles  [376.9s]
    0 candidate(s); summary at reports_models\SUMMARY.md
[48/63] --file model_squeezenet1_0_dynamic.py              exit 0 [367s]
      model_squeezenet1_0_dynamic 0 candidate(s), 0 submittable, 2 tests, 8 compiles  [358.1s]
    0 candidate(s); summary at reports_models\SUMMARY.md
[49/63] --file model_squeezenet1_0_fp32.py                 exit 0 [180s]
      model_squeezenet1_0_fp32 0 candidate(s), 0 submittable, 3 tests, 11 compiles  [170.2s]
    0 candidate(s); summary at reports_models\SUMMARY.md
[50/63] --file model_squeezenet1_0_train.py                exit 0 [287s]
      model_squeezenet1_0_train 0 candidate(s), 0 submittable, 3 tests, 11 compiles  [277.0s]
    0 candidate(s); summary at reports_models\SUMMARY.md
[51/63] --file model_swin_small_bf16_autocast.py           exit 0 [436s]
      model_swin_small_bf16_autocast 0 candidate(s), 0 submittable, 3 tests, 10 compiles  [426.9s]
    0 candidate(s); summary at reports_models\SUMMARY.md
[52/63] --file model_swin_small_dynamic.py                 timeout [900s]
[53/63] --file model_swin_small_fp32.py                    timeout [900s]
[54/63] --file model_swin_small_train.py                   timeout [900s]
[55/63] --file model_vit_small_bf16_autocast.py            exit 0 [179s]
      model_vit_small_bf16_autocast 0 candidate(s), 0 submittable, 6 tests, 21 compiles  [169.9s]
    0 candidate(s); summary at reports_models\SUMMARY.md
[56/63] --file model_vit_small_dynamic.py                  exit 0 [128s]
      model_vit_small_dynamic  0 candidate(s), 0 submittable, 3 tests, 11 compiles  [118.3s]
    0 candidate(s); summary at reports_models\SUMMARY.md
[57/63] --file model_vit_small_fp32.py                     exit 0 [69s]
      model_vit_small_fp32     0 candidate(s), 0 submittable, 3 tests, 11 compiles  [59.8s]
    0 candidate(s); summary at reports_models\SUMMARY.md
[58/63] --file model_vit_small_train.py                    exit 0 [68s]
      model_vit_small_train    0 candidate(s), 0 submittable, 3 tests, 11 compiles  [59.1s]
    0 candidate(s); summary at reports_models\SUMMARY.md
[59/63] --file ops_box_iou.py                              exit 0 [47s]
      ops_box_iou              0 candidate(s), 0 submittable, 6 tests, 21 compiles  [38.9s]
    0 candidate(s); summary at reports_models\SUMMARY.md
[60/63] --file ops_deform_conv2d.py                        exit 0 [14s]
      ops_deform_conv2d        0 candidate(s), 0 submittable, 6 tests, 21 compiles  [6.5s]
    0 candidate(s); summary at reports_models\SUMMARY.md
[61/63] --file ops_nms.py                                  exit 0 [20s]
      ops_nms                  0 candidate(s), 0 submittable, 5 tests, 36 compiles  [12.5s]
    0 candidate(s); summary at reports_models\SUMMARY.md
[62/63] --file ops_roi_align.py                            exit 0 [11s]
      ops_roi_align            0 candidate(s), 0 submittable, 6 tests, 21 compiles  [3.3s]
    0 candidate(s); summary at reports_models\SUMMARY.md
[63/63] --file ops_stochastic_depth_eval.py                exit 0 [25s]
      ops_stochastic_depth_eval 0 candidate(s), 0 submittable, 6 tests, 21 compiles  [17.6s]
    0 candidate(s); summary at reports_models\SUMMARY.md
isolated campaign finished: 63 unit(s), 8 failed child(ren); log reports_models\isolated_children.log
reports_models\CAMPAIGN.md
