D:\wsl\personal\dr\paper\toxic_compile\venv_nightly\Lib\site-packages\torch\_dynamo\pgo.py:605: UserWarning: dynamo_pgo force disabled by torch.compiler.config.force_disable_caches
  warn_once(
D:\wsl\personal\dr\paper\toxic_compile\venv_nightly\Lib\site-packages\torch\_dynamo\pgo.py:605: UserWarning: dynamo_pgo force disabled by torch.compiler.config.force_disable_caches
  warn_once(
D:\wsl\personal\dr\paper\toxic_compile\venv_nightly\Lib\site-packages\torch\_dynamo\pgo.py:605: UserWarning: dynamo_pgo force disabled by torch.compiler.config.force_disable_caches
  warn_once(
D:\wsl\personal\dr\paper\toxic_compile\venv_nightly\Lib\site-packages\torch\_dynamo\pgo.py:605: UserWarning: dynamo_pgo force disabled by torch.compiler.config.force_disable_caches
  warn_once(
D:\wsl\personal\dr\paper\toxic_compile\venv_nightly\Lib\site-packages\torch\_dynamo\pgo.py:605: UserWarning: dynamo_pgo force disabled by torch.compiler.config.force_disable_caches
  warn_once(
D:\wsl\personal\dr\paper\toxic_compile\venv_nightly\Lib\site-packages\torch\_dynamo\pgo.py:605: UserWarning: dynamo_pgo force disabled by torch.compiler.config.force_disable_caches
  warn_once(
D:\wsl\personal\dr\paper\toxic_compile\venv_nightly\Lib\site-packages\torch\_dynamo\pgo.py:605: UserWarning: dynamo_pgo force disabled by torch.compiler.config.force_disable_caches
  warn_once(
D:\wsl\personal\dr\paper\toxic_compile\venv_nightly\Lib\site-packages\torch\_dynamo\pgo.py:605: UserWarning: dynamo_pgo force disabled by torch.compiler.config.force_disable_caches
  warn_once(
D:\wsl\personal\dr\paper\toxic_compile\venv_nightly\Lib\site-packages\torch\_dynamo\pgo.py:605: UserWarning: dynamo_pgo force disabled by torch.compiler.config.force_disable_caches
  warn_once(
D:\wsl\personal\dr\paper\toxic_compile\venv_nightly\Lib\site-packages\torch\_dynamo\pgo.py:605: UserWarning: dynamo_pgo force disabled by torch.compiler.config.force_disable_caches
  warn_once(
D:\wsl\personal\dr\paper\toxic_compile\venv_nightly\Lib\site-packages\torch\_dynamo\pgo.py:605: UserWarning: dynamo_pgo force disabled by torch.compiler.config.force_disable_caches
  warn_once(
D:\wsl\personal\dr\paper\toxic_compile\venv_nightly\Lib\site-packages\torch\_dynamo\pgo.py:605: UserWarning: dynamo_pgo force disabled by torch.compiler.config.force_disable_caches
  warn_once(
D:\wsl\personal\dr\paper\toxic_compile\venv_nightly\Lib\site-packages\torch\_dynamo\pgo.py:605: UserWarning: dynamo_pgo force disabled by torch.compiler.config.force_disable_caches
  warn_once(
D:\wsl\personal\dr\paper\toxic_compile\venv_nightly\Lib\site-packages\torch\_dynamo\pgo.py:605: UserWarning: dynamo_pgo force disabled by torch.compiler.config.force_disable_caches
  warn_once(
D:\wsl\personal\dr\paper\toxic_compile\venv_nightly\Lib\site-packages\torch\_dynamo\pgo.py:605: UserWarning: dynamo_pgo force disabled by torch.compiler.config.force_disable_caches
  warn_once(
D:\wsl\personal\dr\paper\toxic_compile\venv_nightly\Lib\site-packages\torch\_dynamo\pgo.py:605: UserWarning: dynamo_pgo force disabled by torch.compiler.config.force_disable_caches
  warn_once(
D:\wsl\personal\dr\paper\toxic_compile\venv_nightly\Lib\site-packages\torch\_dynamo\pgo.py:605: UserWarning: dynamo_pgo force disabled by torch.compiler.config.force_disable_caches
  warn_once(
D:\wsl\personal\dr\paper\toxic_compile\plan\tcc\metamorphic.py:261: UserWarning: std(): degrees of freedom is <= 0. Correction should be strictly less than the reduction factor (input numel divided by output numel). (Triggered internally at C:\actions-runner\_work\pytorch\pytorch\aten\src\ATen\native\ReduceOps.cpp:1914.)
  return _op(*a, **{**_kw, **kw})
D:\wsl\personal\dr\paper\toxic_compile\venv_nightly\Lib\site-packages\torch\_dynamo\pgo.py:605: UserWarning: dynamo_pgo force disabled by torch.compiler.config.force_disable_caches
  warn_once(
D:\wsl\personal\dr\paper\toxic_compile\venv_nightly\Lib\site-packages\torch\_dynamo\pgo.py:605: UserWarning: dynamo_pgo force disabled by torch.compiler.config.force_disable_caches
  warn_once(
D:\wsl\personal\dr\paper\toxic_compile\plan\tcc\metamorphic.py:261: UserWarning: var(): degrees of freedom is <= 0. Correction should be strictly less than the reduction factor (input numel divided by output numel). (Triggered internally at C:\actions-runner\_work\pytorch\pytorch\aten\src\ATen\native\ReduceOps.cpp:1914.)
  return _op(*a, **{**_kw, **kw})
D:\wsl\personal\dr\paper\toxic_compile\venv_nightly\Lib\site-packages\torch\_dynamo\pgo.py:605: UserWarning: dynamo_pgo force disabled by torch.compiler.config.force_disable_caches
  warn_once(
D:\wsl\personal\dr\paper\toxic_compile\venv_nightly\Lib\site-packages\torch\_dynamo\pgo.py:605: UserWarning: dynamo_pgo force disabled by torch.compiler.config.force_disable_caches
  warn_once(
