[W908 19:03:54.000000000 SparseCsrTensorImpl.cpp:51] Warning: Sparse CSR tensor support is in beta state. If you miss a functionality in the sparse tensor support, please submit a feature request to https://github.com/pytorch/pytorch/issues. (function operator ())
loaded 146 reproducer(s) from reproducers_gh, 51 rejected
    reject issue_109105_inductor_compiled_modules_produce_incorr.py: forbidden pattern 'open('
    reject issue_128202_wrong_result_for_inplace_tensor_update_o.py: does not run: ModuleNotFoundError: No module named 'habana_frameworks'
    reject issue_145372_xpu_torch_nn_functional_pad_brings_wrong.py: does not run: AssertionError: Torch not compiled with XPU enabled
    reject issue_158626_freezing_layers_for_fine_tuning_leaves_t.py: does not run: AttributeError: 'function' object has no attribute 'param'
    reject issue_159408_int64_mps_repeat_interleave_is_incorrect.py: does not run: RuntimeError: PyTorch is not linked with support for mps devices
    reject issue_160873_torch_compile_inductor_fails_on_mkl_dnn.py: forbidden pattern 'eval('
    reject issue_161905_mps_torch_compile_resnet_18_model_fails.py: does not run: ModuleNotFoundError: No module named 'torchvision'
    reject issue_167629_compile_error_torchdynamo_fails_to_compi.py: forbidden pattern 'eval('
    reject issue_167636_torchdynamo_compilation_error_invalid_st.py: forbidden pattern 'eval('
    reject issue_167641_torch_compile_fails_with_stride_mismatch.py: forbidden pattern 'eval('
    reject issue_172207_torch_compile_changes_random_mask_genera.py: forbidden pattern 'eval('
    reject issue_172711_torch_compile_produces_wrong_output_chan.py: forbidden pattern 'eval('
    reject issue_175604_torch_compile_produces_stale_read_with_g.py: does not run: NameError: name 'nn' is not defined
    reject issue_175903_inductor_incorrect_results_in_index_put.py: forbidden pattern 'eval('
    reject issue_177372_add_torch_narrow_scatter_operator_to_com.py: does not run: AttributeError: module 'torch' has no attribute 'narrow_scatter'
    reject issue_178259_inductor_c_compilation_error_when_conver.py: forbidden pattern 'eval('
    reject issue_178262_inductor_incorrect_stride_calculation_in.py: forbidden pattern 'eval('
    reject issue_180841_inductor_importerror_file_too_short_when.py: forbidden pattern 'eval('
    reject issue_180848_torch_compile_produces_wrong_results_whe.py: does not run: NameError: name 'torch' is not defined
    reject issue_181175_aot_autograd_runtimeerror_cannot_call_nu.py: forbidden pattern 'eval('

146 program(s)
  issue_108432_wrong_result_of_first_run_with_torch_com tags=reproducer,module                    loaded from reproducers_gh\issue_108432_wrong_result_of_firs
  issue_113641_compiling_double_inplace_clamp_on_stride tags=reproducer                           loaded from reproducers_gh\issue_113641_compiling_double_inp
  issue_114415_aotautograd_should_detect_aliasing_of_in tags=reproducer                           loaded from reproducers_gh\issue_114415_aotautograd_should_d
  issue_124357_torch_compile_produces_wrong_result_for tags=reproducer,module                    loaded from reproducers_gh\issue_124357_torch_compile_produc
  issue_126848_torch_compile_generates_wrong_code_on_cp tags=reproducer                           loaded from reproducers_gh\issue_126848_torch_compile_genera
  issue_135432_torch_compile_cannot_handle_torch_tensor tags=reproducer                           loaded from reproducers_gh\issue_135432_torch_compile_cannot
  issue_136662_composition_of_torch_compile_and_torch_f tags=reproducer                           loaded from reproducers_gh\issue_136662_composition_of_torch
  issue_139257_error_compiling_the_torch_library_custom tags=reproducer,module                    loaded from reproducers_gh\issue_139257_error_compiling_the_
  issue_145466_torch_sin_cos_tan_torch_floor_round_may tags=reproducer,module                    loaded from reproducers_gh\issue_145466_torch_sin_cos_tan_to
  issue_158561_torch_compile_in_place_operation_raises tags=reproducer,module                    loaded from reproducers_gh\issue_158561_torch_compile_in_pla
  issue_160840_torch_nn_functional_interpolate_generate tags=reproducer                           loaded from reproducers_gh\issue_160840_torch_nn_functional_
  issue_161150_multiplication_and_softmax_throws_incorr tags=reproducer,module                    loaded from reproducers_gh\issue_161150_multiplication_and_s
  issue_161763_neg_add_computation_including_uint_tenso tags=reproducer                           loaded from reproducers_gh\issue_161763_neg_add_computation_
  issue_166514_inductor_fails_with_stride_mismatch_for tags=reproducer,module                    loaded from reproducers_gh\issue_166514_inductor_fails_with_
  issue_167780_inductor_combo_kernel_fails_with_cppsche tags=reproducer                           loaded from reproducers_gh\issue_167780_inductor_combo_kerne
  issue_170666_inductor_fails_to_compile_models_contain tags=reproducer,module                    loaded from reproducers_gh\issue_170666_inductor_fails_to_co
  issue_170937_inductor_f_lp_pool_1_2_3_d_fail_with_ove tags=reproducer                           loaded from reproducers_gh\issue_170937_inductor_f_lp_pool_1
  issue_170939_inductor_f_pdist_fails_with_runtimeerror tags=reproducer                           loaded from reproducers_gh\issue_170939_inductor_f_pdist_fai
  issue_171979_inductor_fails_to_compile_models_using_t tags=reproducer,module                    loaded from reproducers_gh\issue_171979_inductor_fails_to_co
  issue_174386_torch_compile_ignores_torch_use_determin tags=reproducer                           loaded from reproducers_gh\issue_174386_torch_compile_ignore
  issue_174549_inconsistency_torch_nn_fractionalmaxpool tags=reproducer                           loaded from reproducers_gh\issue_174549_inconsistency_torch_
  issue_174719_pallas_argmax_with_keepdim_true_on_middl tags=reproducer                           loaded from reproducers_gh\issue_174719_pallas_argmax_with_k
  issue_174969_torch_compile_outputs_incorrect_results tags=reproducer                           loaded from reproducers_gh\issue_174969_torch_compile_output
  issue_175156_inductor_multiple_randint_calls_cause_in tags=reproducer                           loaded from reproducers_gh\issue_175156_inductor_multiple_ra
  issue_175496_inductor_model_with_torch_compile_output tags=reproducer                           loaded from reproducers_gh\issue_175496_inductor_model_with_
  issue_175632_inductor_torch_compile_produces_inconsis tags=reproducer                           loaded from reproducers_gh\issue_175632_inductor_torch_compi
  issue_175791_inductor_incorrect_output_when_compiling tags=reproducer                           loaded from reproducers_gh\issue_175791_inductor_incorrect_o
  issue_175919_inductor_out_of_bounds_memory_read_via_r tags=reproducer                           loaded from reproducers_gh\issue_175919_inductor_out_of_boun
  issue_176596_torch_compile_does_not_correctly_invoke tags=reproducer                           loaded from reproducers_gh\issue_176596_torch_compile_does_n
  issue_176599_torch_compile_bypasses_property_setter_a tags=reproducer                           loaded from reproducers_gh\issue_176599_torch_compile_bypass
  issue_176679_torch_compile_produces_incorrect_results tags=reproducer                           loaded from reproducers_gh\issue_176679_torch_compile_produc
  issue_176686_tensor_subclass_using_torch_function_pro tags=reproducer                           loaded from reproducers_gh\issue_176686_tensor_subclass_usin
  issue_176854_torch_compile_does_not_correctly_propaga tags=reproducer                           loaded from reproducers_gh\issue_176854_torch_compile_does_n
  issue_177252_inductor_assertionerror_wrong_number_of tags=reproducer                           loaded from reproducers_gh\issue_177252_inductor_assertioner
  issue_177451_torch_compile_fails_on_conv2d_with_kerne tags=reproducer                           loaded from reproducers_gh\issue_177451_torch_compile_fails_
  issue_177629_torch_compile_backend_inductor_silently tags=reproducer                           loaded from reproducers_gh\issue_177629_torch_compile_backen
  issue_177631_inductor_torch_compile_produces_incorrec tags=reproducer                           loaded from reproducers_gh\issue_177631_inductor_torch_compi
  issue_177652_inductor_torch_compile_s_rng_state_is_in tags=reproducer                           loaded from reproducers_gh\issue_177652_inductor_torch_compi
  issue_177821_inductor_torch_compile_ignores_a_complex tags=reproducer                           loaded from reproducers_gh\issue_177821_inductor_torch_compi
  issue_177839_inductor_torch_compile_on_cpu_produces_i tags=reproducer                           loaded from reproducers_gh\issue_177839_inductor_torch_compi
  issue_178125_conv_transpose1d_meta_implementation_all tags=reproducer                           loaded from reproducers_gh\issue_178125_conv_transpose1d_met
  issue_178128_conv_transpose3d_meta_execution_produces tags=reproducer                           loaded from reproducers_gh\issue_178128_conv_transpose3d_met
  issue_178382_torch_compile_data_dependent_guard_fails tags=reproducer                           loaded from reproducers_gh\issue_178382_torch_compile_data_d
  issue_178482_torch_compile_dynamic_true_ignores_incom tags=reproducer                           loaded from reproducers_gh\issue_178482_torch_compile_dynami
  issue_178869_eager_then_compile_crashes_with_indexerr tags=reproducer                           loaded from reproducers_gh\issue_178869_eager_then_compile_c
  issue_178964_inductor_max_returns_incorrect_indices_w tags=reproducer                           loaded from reproducers_gh\issue_178964_inductor_max_returns
  issue_179026_torch_compile_guard_evaluation_crash_eva tags=reproducer                           loaded from reproducers_gh\issue_179026_torch_compile_guard_
  issue_179383_torch_quantile_and_torch_nanquantile_fai tags=reproducer                           loaded from reproducers_gh\issue_179383_torch_quantile_and_t
  issue_179534_torch_compile_fails_on_aten_sparse_csr_t tags=reproducer,module                    loaded from reproducers_gh\issue_179534_torch_compile_fails_
  issue_179807_torch_compile_inductor_crash_f_pad_follo tags=reproducer,module                    loaded from reproducers_gh\issue_179807_torch_compile_induct
  issue_181115_inductor_torch_compile_dynamic_true_cras tags=reproducer                           loaded from reproducers_gh\issue_181115_inductor_torch_compi
  issue_181428_torch_compile_torch_func_grad_superlinea tags=reproducer                           loaded from reproducers_gh\issue_181428_torch_compile_torch_
  issue_181568_torch_compile_mismatch_for_matmul_follow tags=reproducer                           loaded from reproducers_gh\issue_181568_torch_compile_mismat
  issue_181693_nn_hardswish_produces_wrong_output_under tags=reproducer                           loaded from reproducers_gh\issue_181693_nn_hardswish_produce
  issue_181695_torch_where_with_broadcast_shapes_produc tags=reproducer                           loaded from reproducers_gh\issue_181695_torch_where_with_bro
  issue_181851_register_fake_to_throw_error_if_signatur tags=reproducer                           loaded from reproducers_gh\issue_181851_register_fake_to_thr
  issue_181870_torch_compile_dynamic_true_fails_on_f_cr tags=reproducer                           loaded from reproducers_gh\issue_181870_torch_compile_dynami
  issue_182131_torch_compile_inductor_produces_differen tags=reproducer                           loaded from reproducers_gh\issue_182131_torch_compile_induct
  issue_182225_torch_compile_mismatch_for_bfloat16_rope tags=reproducer                           loaded from reproducers_gh\issue_182225_torch_compile_mismat
  issue_182317_dynamo_leaks_torchfunctionmode_onto_stac tags=reproducer                           loaded from reproducers_gh\issue_182317_dynamo_leaks_torchfu
  issue_182318_dynamo_codegen_leaks_torch_function_enab tags=reproducer                           loaded from reproducers_gh\issue_182318_dynamo_codegen_leaks
  issue_182399_torch_compile_dynamic_true_fails_on_f_cr tags=reproducer                           loaded from reproducers_gh\issue_182399_torch_compile_dynami
  issue_182965_torch_compile_silently_returns_a_result tags=reproducer                           loaded from reproducers_gh\issue_182965_torch_compile_silent
  issue_183082_inductor_cpu_returns_wrong_argmax_after tags=reproducer                           loaded from reproducers_gh\issue_183082_inductor_cpu_returns
  issue_183121_torch_compile_returns_wrong_shape_for_to tags=reproducer,module                    loaded from reproducers_gh\issue_183121_torch_compile_return
  issue_183601_torch_compile_inductor_produces_wrong_ou tags=reproducer                           loaded from reproducers_gh\issue_183601_torch_compile_induct
  issue_183605_torch_compile_changes_fp16_nan_behavior tags=reproducer                           loaded from reproducers_gh\issue_183605_torch_compile_change
  issue_183606_torch_compile_changes_signed_zero_behavi tags=reproducer                           loaded from reproducers_gh\issue_183606_torch_compile_change
  issue_183607_torch_compile_changes_fp16_overflow_beha tags=reproducer                           loaded from reproducers_gh\issue_183607_torch_compile_change
  issue_183763_torch_compile_overflows_torch_sinh_near tags=reproducer                           loaded from reproducers_gh\issue_183763_torch_compile_overfl
  issue_183765_torch_compile_overflows_torch_cosh_near tags=reproducer                           loaded from reproducers_gh\issue_183765_torch_compile_overfl
  issue_183767_torch_compile_returns_inf_for_torch_asin tags=reproducer                           loaded from reproducers_gh\issue_183767_torch_compile_return
  issue_183768_torch_compile_returns_inf_for_torch_acos tags=reproducer                           loaded from reproducers_gh\issue_183768_torch_compile_return
  issue_184405_torch_compile_backend_inductor_returns_s tags=reproducer                           loaded from reproducers_gh\issue_184405_torch_compile_backen
  issue_185246_torch_compile_silently_accepts_invalid_b tags=reproducer                           loaded from reproducers_gh\issue_185246_torch_compile_silent
  issue_185248_torch_compile_silently_accepts_negative tags=reproducer                           loaded from reproducers_gh\issue_185248_torch_compile_silent
  issue_185330_inductor_torch_index_select_on_uint16_in tags=reproducer                           loaded from reproducers_gh\issue_185330_inductor_torch_index
  issue_185405_inductor_assertionerror_len_index_len_st tags=reproducer                           loaded from reproducers_gh\issue_185405_inductor_assertioner
  issue_185481_inductor_argmax_over_comparison_mask_is tags=reproducer                           loaded from reproducers_gh\issue_185481_inductor_argmax_over
  issue_185488_dynamo_lazybatchnorm2d_fails_under_torch tags=reproducer,module                    loaded from reproducers_gh\issue_185488_dynamo_lazybatchnorm
  issue_185494_dynamo_lazybatchnorm2d_fails_under_torch tags=reproducer,module                    loaded from reproducers_gh\issue_185494_dynamo_lazybatchnorm
  issue_185515_inductor_tensor_view_dtype_after_transpo tags=reproducer                           loaded from reproducers_gh\issue_185515_inductor_tensor_view
  issue_185575_inductor_upsample_mode_area_fails_under tags=reproducer,module                    loaded from reproducers_gh\issue_185575_inductor_upsample_mo
  issue_185587_inductor_numerical_inconsistency_polygam tags=reproducer,module                    loaded from reproducers_gh\issue_185587_inductor_numerical_i
  issue_185589_inductor_severe_numerical_inconsistency tags=reproducer,module                    loaded from reproducers_gh\issue_185589_inductor_severe_nume
  issue_186671_dynamo_set_subclass_overriding_iter_give tags=reproducer                           loaded from reproducers_gh\issue_186671_dynamo_set_subclass_
  issue_186875_inductor_fmod_remainder_with_python_floa tags=reproducer                           loaded from reproducers_gh\issue_186875_inductor_fmod_remain
  issue_187018_abs_on_uint8_silently_miscompiled_via_st tags=reproducer                           loaded from reproducers_gh\issue_187018_abs_on_uint8_silentl
  issue_187027_flip_after_repeat_interleave_generates_n tags=reproducer                           loaded from reproducers_gh\issue_187027_flip_after_repeat_in
  issue_187547_dynamo_graph_breaks_on_raw_unbacked_symi tags=reproducer                           loaded from reproducers_gh\issue_187547_dynamo_graph_breaks_
  issue_187953_torch_compile_out_variants_of_compositei tags=reproducer                           loaded from reproducers_gh\issue_187953_torch_compile_out_va
  issue_189271_inductor_keyerror_in_scheduler_compute_a tags=reproducer                           loaded from reproducers_gh\issue_189271_inductor_keyerror_in
  issue_189518_inductor_s_pointless_cumsum_replacement tags=reproducer                           loaded from reproducers_gh\issue_189518_inductor_s_pointless
  issue_189528_cond_inductor_nameerror_on_inner_dim_bra tags=reproducer                           loaded from reproducers_gh\issue_189528_cond_inductor_nameer
  issue_189787_inductor_constant_folds_sum_softmax_to_e tags=reproducer,module                    loaded from reproducers_gh\issue_189787_inductor_constant_fo
  issue_189808_inductor_sqrt_produces_negative_nan_0xff tags=reproducer,module                    loaded from reproducers_gh\issue_189808_inductor_sqrt_produc
  issue_189925_dynamo_io_text_encoding_causes_a_graph_b tags=reproducer                           loaded from reproducers_gh\issue_189925_dynamo_io_text_encod
  issue_190755_some_dynamo_descriptors_tp_descr_get_imp tags=reproducer                           loaded from reproducers_gh\issue_190755_some_dynamo_descript
  issue_190758_memory_budget_partitioner_recomputes_rng tags=reproducer                           loaded from reproducers_gh\issue_190758_memory_budget_partit
  issue_190855_inductor_wrong_hessian_torch_compile_tor tags=reproducer                           loaded from reproducers_gh\issue_190855_inductor_wrong_hessi
  issue_191136_inductor_torch_view_copy_fails_on_expand tags=reproducer                           loaded from reproducers_gh\issue_191136_inductor_torch_view_
  issue_191499_inductor_cpu_torch_compile_returns_0_for tags=reproducer                           loaded from reproducers_gh\issue_191499_inductor_cpu_torch_c
  issue_191833_constraintviolationerror_is_not_raised_w tags=reproducer                           loaded from reproducers_gh\issue_191833_constraintviolatione
  issue_192872_dynamo_mutation_to_a_load_build_class_cr tags=reproducer                           loaded from reproducers_gh\issue_192872_dynamo_mutation_to_a
  issue_192905_nested_nested_compile_region_silently_re tags=reproducer                           loaded from reproducers_gh\issue_192905_nested_nested_compil
  issue_192906_reuse_hash_fn_leaves_a_subscripted_captu tags=reproducer                           loaded from reproducers_gh\issue_192906_reuse_hash_fn_leaves
  issue_192985_dynamo_silently_drops_custom_jvp_of_auto tags=reproducer                           loaded from reproducers_gh\issue_192985_dynamo_silently_drop
  issue_193279_dynamo_silently_drops_custom_backward_of tags=reproducer                           loaded from reproducers_gh\issue_193279_dynamo_silently_drop
  issue_193661_inductor_wrong_argmax_after_fused_traili tags=reproducer                           loaded from reproducers_gh\issue_193661_inductor_wrong_argma
  issue_193710_inductor_fallback_node_due_to_unsupporte tags=reproducer                           loaded from reproducers_gh\issue_193710_inductor_fallback_no
  issue_193757_inductor_cpu_torch_compile_silently_acce tags=reproducer                           loaded from reproducers_gh\issue_193757_inductor_cpu_torch_c
  issue_193809_torch_compile_torch_func_vjp_raises_inte tags=reproducer                           loaded from reproducers_gh\issue_193809_torch_compile_torch_
  issue_193811_torch_compile_silently_accepts_int32_inp tags=reproducer                           loaded from reproducers_gh\issue_193811_torch_compile_silent
  issue_193876_inductor_compiling_two_torch_full_cumsum tags=reproducer                           loaded from reproducers_gh\issue_193876_inductor_compiling_t
  issue_194005_graphs_containing_linalg_cholesky_inv_so tags=reproducer                           loaded from reproducers_gh\issue_194005_graphs_containing_li
  issue_194062_inductor_silent_incorrectness_torch_full tags=reproducer                           loaded from reproducers_gh\issue_194062_inductor_silent_inco
  issue_194103_torch_compile_dynamic_true_fails_for_sca tags=reproducer                           loaded from reproducers_gh\issue_194103_torch_compile_dynami
  issue_194444_inductor_sdpa_fusion_silently_lost_when tags=reproducer                           loaded from reproducers_gh\issue_194444_inductor_sdpa_fusion
  issue_194501_torch_compile_inductor_smooth_l1_loss_wi tags=reproducer                           loaded from reproducers_gh\issue_194501_torch_compile_induct
  issue_194503_torch_compile_gaussian_nll_loss_fails_wi tags=reproducer                           loaded from reproducers_gh\issue_194503_torch_compile_gaussi
  issue_194504_torch_compile_batchnorm1d_momentum_none tags=reproducer,module                    loaded from reproducers_gh\issue_194504_torch_compile_batchn
  issue_194547_torch_compile_silently_promotes_dtype_fo tags=reproducer                           loaded from reproducers_gh\issue_194547_torch_compile_silent
  issue_194593_torch_compile_kl_divergence_binomial_bin tags=reproducer                           loaded from reproducers_gh\issue_194593_torch_compile_kl_div
  issue_194596_torch_compile_wishart_mean_with_tensor_v tags=reproducer                           loaded from reproducers_gh\issue_194596_torch_compile_wishar
  issue_194765_torch_compile_adaptivelogsoftmaxwithloss tags=reproducer,module                    loaded from reproducers_gh\issue_194765_torch_compile_adapti
  issue_194766_torch_compile_torch_masked_median_fails tags=reproducer                           loaded from reproducers_gh\issue_194766_torch_compile_torch_
  issue_195402_inductor_out_of_bounds_index_aborts_the tags=reproducer                           loaded from reproducers_gh\issue_195402_inductor_out_of_boun
  issue_195418_dynamo_canonicalize_output_graph_node_or tags=reproducer                           loaded from reproducers_gh\issue_195418_dynamo_canonicalize_
  issue_195422_inductor_torch_compile_silently_drops_an tags=reproducer                           loaded from reproducers_gh\issue_195422_inductor_torch_compi
  issue_195488_dynamo_autocast_context_manager_is_lower tags=reproducer                           loaded from reproducers_gh\issue_195488_dynamo_autocast_cont
  issue_195579_meta_decomps_torch_compile_skips_addmm_s tags=reproducer                           loaded from reproducers_gh\issue_195579_meta_decomps_torch_c
  issue_195665_inductor_torch_compile_skips_as_strided tags=reproducer                           loaded from reproducers_gh\issue_195665_inductor_torch_compi
  issue_195673_torch_compile_accepts_rand_like_on_an_in tags=reproducer                           loaded from reproducers_gh\issue_195673_torch_compile_accept
  issue_195674_torch_compile_evaluates_subtraction_on_a tags=reproducer                           loaded from reproducers_gh\issue_195674_torch_compile_evalua
  issue_195675_torch_clamp_with_a_bound_unrepresentable tags=reproducer                           loaded from reproducers_gh\issue_195675_torch_clamp_with_a_b
  issue_195969_torch_compile_isinstance_x_protoa_protob tags=reproducer                           loaded from reproducers_gh\issue_195969_torch_compile_isinst
  issue_195977_scan_inductor_refuses_a_tanh_sigmoid_rec tags=reproducer                           loaded from reproducers_gh\issue_195977_scan_inductor_refuse
  issue_196173_torch_compile_produces_incorrect_results tags=reproducer                           loaded from reproducers_gh\issue_196173_torch_compile_produc
  issue_196198_fullgraph_true_does_not_enforce_graph_br tags=reproducer                           loaded from reproducers_gh\issue_196198_fullgraph_true_does_
  issue_196221_torch_compile_crashes_with_an_internal_f tags=reproducer                           loaded from reproducers_gh\issue_196221_torch_compile_crashe
  issue_196285_torch_compile_dynamic_true_fails_to_hand tags=reproducer                           loaded from reproducers_gh\issue_196285_torch_compile_dynami
  issue_93357_pt2_compiled_model_with_cat_and_expand_g tags=reproducer                           loaded from reproducers_gh\issue_93357_pt2_compiled_model_wi
  issue_93365_pt2_compiled_function_with_cat_and_mul_g tags=reproducer                           loaded from reproducers_gh\issue_93365_pt2_compiled_function
  issue_95161_aotautograd_based_torch_compile_doesn_t tags=reproducer                           loaded from reproducers_gh\issue_95161_aotautograd_based_tor
  issue_95695_torch_ge_produces_wrong_results_in_compi tags=reproducer                           loaded from reproducers_gh\issue_95695_torch_ge_produces_wro
  issue_96728_redundant_statement_leads_to_wrong_outpu tags=reproducer                           loaded from reproducers_gh\issue_96728_redundant_statement_l
