D:\wsl\personal\dr\paper\toxic_compile\plan\scripts\reuse_env_diff.py:69: UserWarning: var(): degrees of freedom is <= 0. Correction should be strictly less than the reduction factor (input numel divided by output numel). (Triggered internally at C:\actions-runner\_work\pytorch\pytorch\aten\src\ATen\native\ReduceOps.cpp:1913.)
  "var_unbiased": lambda x: x.var(0),
D:\wsl\personal\dr\paper\toxic_compile\plan\scripts\reuse_env_diff.py:69: UserWarning: var(): degrees of freedom is <= 0. Correction should be strictly less than the reduction factor (input numel divided by output numel). (Triggered internally at C:\actions-runner\_work\pytorch\pytorch\aten\src\ATen\native\ReduceOps.cpp:1913.)
  "var_unbiased": lambda x: x.var(0),
D:\wsl\personal\dr\paper\toxic_compile\plan\scripts\reuse_env_diff.py:69: UserWarning: var(): degrees of freedom is <= 0. Correction should be strictly less than the reduction factor (input numel divided by output numel). (Triggered internally at C:\actions-runner\_work\pytorch\pytorch\aten\src\ATen\native\ReduceOps.cpp:1913.)
  "var_unbiased": lambda x: x.var(0),
D:\wsl\personal\dr\paper\toxic_compile\plan\scripts\reuse_env_diff.py:69: UserWarning: var(): degrees of freedom is <= 0. Correction should be strictly less than the reduction factor (input numel divided by output numel). (Triggered internally at C:\actions-runner\_work\pytorch\pytorch\aten\src\ATen\native\ReduceOps.cpp:1913.)
  "var_unbiased": lambda x: x.var(0),
D:\wsl\personal\dr\paper\toxic_compile\plan\scripts\reuse_env_diff.py:69: UserWarning: var(): degrees of freedom is <= 0. Correction should be strictly less than the reduction factor (input numel divided by output numel). (Triggered internally at C:\actions-runner\_work\pytorch\pytorch\aten\src\ATen\native\ReduceOps.cpp:1913.)
  "var_unbiased": lambda x: x.var(0),
D:\wsl\personal\dr\paper\toxic_compile\plan\scripts\reuse_env_diff.py:72: UserWarning: std_mean(): degrees of freedom is <= 0. Correction should be strictly less than the reduction factor (input numel divided by output numel). (Triggered internally at C:\actions-runner\_work\pytorch\pytorch\aten\src\ATen\native\ReduceOps.cpp:1913.)
  "std_mean": lambda x: torch.std_mean(x, 0),
D:\wsl\personal\dr\paper\toxic_compile\plan\scripts\reuse_env_diff.py:72: UserWarning: std_mean(): degrees of freedom is <= 0. Correction should be strictly less than the reduction factor (input numel divided by output numel). (Triggered internally at C:\actions-runner\_work\pytorch\pytorch\aten\src\ATen\native\ReduceOps.cpp:1913.)
  "std_mean": lambda x: torch.std_mean(x, 0),
D:\wsl\personal\dr\paper\toxic_compile\plan\scripts\reuse_env_diff.py:72: UserWarning: std_mean(): degrees of freedom is <= 0. Correction should be strictly less than the reduction factor (input numel divided by output numel). (Triggered internally at C:\actions-runner\_work\pytorch\pytorch\aten\src\ATen\native\ReduceOps.cpp:1913.)
  "std_mean": lambda x: torch.std_mean(x, 0),
D:\wsl\personal\dr\paper\toxic_compile\plan\scripts\reuse_env_diff.py:72: UserWarning: std_mean(): degrees of freedom is <= 0. Correction should be strictly less than the reduction factor (input numel divided by output numel). (Triggered internally at C:\actions-runner\_work\pytorch\pytorch\aten\src\ATen\native\ReduceOps.cpp:1913.)
  "std_mean": lambda x: torch.std_mean(x, 0),
D:\wsl\personal\dr\paper\toxic_compile\plan\scripts\reuse_env_diff.py:72: UserWarning: std_mean(): degrees of freedom is <= 0. Correction should be strictly less than the reduction factor (input numel divided by output numel). (Triggered internally at C:\actions-runner\_work\pytorch\pytorch\aten\src\ATen\native\ReduceOps.cpp:1913.)
  "std_mean": lambda x: torch.std_mean(x, 0),
W0912 21:28:52.127000 17524 site-packages\torch\_dynamo\variables\tensor.py:1841] [0/0] Graph break from `Tensor.item()`, consider setting:
W0912 21:28:52.127000 17524 site-packages\torch\_dynamo\variables\tensor.py:1841] [0/0]     torch._dynamo.config.capture_scalar_outputs = True
W0912 21:28:52.127000 17524 site-packages\torch\_dynamo\variables\tensor.py:1841] [0/0] or:
W0912 21:28:52.127000 17524 site-packages\torch\_dynamo\variables\tensor.py:1841] [0/0]     env TORCHDYNAMO_CAPTURE_SCALAR_OUTPUTS=1
W0912 21:28:52.127000 17524 site-packages\torch\_dynamo\variables\tensor.py:1841] [0/0] to include these operations in the captured graph.
W0912 21:28:52.127000 17524 site-packages\torch\_dynamo\variables\tensor.py:1841] [0/0] 
W0912 21:28:52.127000 17524 site-packages\torch\_dynamo\variables\tensor.py:1841] [0/0] Graph break: from user code at:
W0912 21:28:52.127000 17524 site-packages\torch\_dynamo\variables\tensor.py:1841] [0/0]   File "D:\wsl\personal\dr\paper\toxic_compile\plan\scripts\reuse_env_diff.py", line 75, in <lambda>
W0912 21:28:52.127000 17524 site-packages\torch\_dynamo\variables\tensor.py:1841] [0/0]     "nonzero_count": lambda x: (x > 0).sum().item() if x.numel() else 0,
W0912 21:28:52.127000 17524 site-packages\torch\_dynamo\variables\tensor.py:1841] [0/0]                                ~~~~~~~~~~~~~~~~~~^^
W0912 21:28:52.127000 17524 site-packages\torch\_dynamo\variables\tensor.py:1841] [0/0] 
W0912 21:28:52.127000 17524 site-packages\torch\_dynamo\variables\tensor.py:1841] [0/0] 
