
tcc self-check
========================================================================
  [PASS] 6.3: x.shape[0] >= 32 -> 31/32/33                                   [[32, 31, 33]]
  [PASS] 6.3: n % 16 == 0 -> 15/16/17/31/32/33                               [[16, 17, 15, 32, 33, 31]]
  [PASS] 6.2: use_fast -> flag {True, False}                                 [{'param': 'use_fast', 'role': 'flag', 'values': [True, False], 'line': 2, 'reason': 'used directly as a branch condition'}]
  [PASS] 7: x.shape[0] -> n -> i -> x[i]                                     [['x.shape[0]', 'i', 'x[i]']]
  [PASS] 8: view + in-place -> mutation_visible/partial_write facts          facts=['mutation_visible', 'partial_write'] groups=[['x', 'y']]
  [PASS] 9/10: SCS -> obligations -> single-factor contexts                  4 obligations, 10 contexts
  [PASS] 5.2: IR kinds Assign/Branch/Mutation/Return + deps                  ['Assign', 'Branch', 'Mutation', 'Return'] ['alias', 'control', 'data']
  [PASS] 5.1: compilation sites (decorator, call, triton.jit)                [('decorator', 'g', 'torch.compile'), ('decorator', 'k', 'triton.jit'), ('call', 'h', 'torch.compile')]
  [PASS] 18.5: signature stable under whitespace, separates factors          292d73a5910d 0c9eb16bb29f
  [PASS] 18.5: dedup suppresses repeats                                      {'unique': 1, 'total': 2}
  [PASS] torch importable                                                    torch 2.14.0+cpu cuda None device cpu
  [PASS] backend 'eager' resolvable                                          
  [PASS] backend 'aot_eager' resolvable                                      
  [PASS] backend 'inductor' resolvable                                       
  [PASS] compile counter: cold=1, repeat=0, dtype switch>=1                  [1, 0, 1]
  [PASS] O1 value fires on injected codegen fault                            output[0]: compiled err vs fp64 = 1.000e+00 exceeds 4.0x eager err 3.116e-05
  [PASS] O1 no false positive on aot_eager                                   clean
  [PASS] fp64 reference builds                                               
  [PASS] O4 mutation fires on dropped in-place write                         
  [PASS] O5 alias fires on view materialised as copy                         
  [PASS] O4/O5 no false positive on aot_eager                                clean
  [PASS] O3 exception fires when compiled swallows a raise                   eager=ValueError compiled_ok=True
  [PASS] O6 gradient fires on 2x backward                                    
  [PASS] O6 no false positive on aot_eager                                   
  [PASS] O7 cache: stale dtype reuse -> specialization_cache (no recompile)  specialization_cache recompiled=False
  [PASS] O7 cache: A->B->A stale -> cache_invalidation                       cache_invalidation
  [PASS] O7 no false positive on aot_eager                                   cold and warm agree
  [PASS] 16: staged localization -> inductor_codegen                         inductor_codegen
  [PASS] inductor cold run executes                                          1.9s

  29/29 checks passed
