torch 2.14.0+cpu; 75 cases; backend aot_eager
  no-breaks  forward_hook_called_and_modifies_output      breaks=0  eager=[{"T": "torch.float32", "shape": [2, 2], "v": [0.83143, -0.46245, -0.74816, -0.94]}, {"T":  gb=[{"T": "torch.float32", "shape": [2, 2], "v": [0.83143, -0.46245, -0.74816, -0.94]}, {"T": "torch.float32", "s
  no-breaks  forward_pre_hook_modifies_input              breaks=0  eager=[{"T": "torch.float32", "shape": [2, 2], "v": [-1.42714, -0.78837, -2.21694, -1.02714]}, [  gb=[{"T": "torch.float32", "shape": [2, 2], "v": [-1.42714, -0.78837, -2.21694, -1.02714]}, [[2, 3]]]
  DIFF(both) forward_hook_registered_after_compile        breaks=0  eager=[{"T": "torch.float32", "shape": [2, 2], "v": [0.41571, -0.23122, -0.37408, -0.47]}, {"T":  gb=[{"T": "torch.float32", "shape": [2, 2], "v": [0.41571, -0.23122, -0.37408, -0.47]}, {"T": "torch.float32", "s
  no-breaks  forward_hook_removed_after_compile           breaks=0  eager=[{"T": "torch.float32", "shape": [2, 2], "v": [100.41571, 99.76878, 99.62592, 99.53]}, {"T  gb=[{"T": "torch.float32", "shape": [2, 2], "v": [100.41571, 99.76878, 99.62592, 99.53]}, {"T": "torch.float32", 
W0922 20:24:56.516000 15684 site-packages\torch\_dynamo\variables\tensor.py:1841] [0/0] Graph break from `Tensor.item()`, consider setting:
W0922 20:24:56.516000 15684 site-packages\torch\_dynamo\variables\tensor.py:1841] [0/0]     torch._dynamo.config.capture_scalar_outputs = True
W0922 20:24:56.516000 15684 site-packages\torch\_dynamo\variables\tensor.py:1841] [0/0] or:
W0922 20:24:56.516000 15684 site-packages\torch\_dynamo\variables\tensor.py:1841] [0/0]     env TORCHDYNAMO_CAPTURE_SCALAR_OUTPUTS=1
W0922 20:24:56.516000 15684 site-packages\torch\_dynamo\variables\tensor.py:1841] [0/0] to include these operations in the captured graph.
W0922 20:24:56.516000 15684 site-packages\torch\_dynamo\variables\tensor.py:1841] [0/0] 
W0922 20:24:56.516000 15684 site-packages\torch\_dynamo\variables\tensor.py:1841] [0/0] Graph break: from user code at:
W0922 20:24:56.516000 15684 site-packages\torch\_dynamo\variables\tensor.py:1841] [0/0]   File "C:\Users\clm\AppData\Local\Python\pythoncore-3.14-64\Lib\site-packages\torch\_dynamo\external_utils.py", line 69, in inner
W0922 20:24:56.516000 15684 site-packages\torch\_dynamo\variables\tensor.py:1841] [0/0]     return fn(*args, **kwargs)
W0922 20:24:56.516000 15684 site-packages\torch\_dynamo\variables\tensor.py:1841] [0/0]   File "C:\Users\clm\AppData\Local\Python\pythoncore-3.14-64\Lib\site-packages\torch\nn\modules\container.py", line 259, in forward
W0922 20:24:56.516000 15684 site-packages\torch\_dynamo\variables\tensor.py:1841] [0/0]     input = module(input)
W0922 20:24:56.516000 15684 site-packages\torch\_dynamo\variables\tensor.py:1841] [0/0]   File "C:\Users\clm\AppData\Local\Python\pythoncore-3.14-64\Lib\site-packages\torch\nn\modules\module.py", line 1783, in _wrapped_call_impl
W0922 20:24:56.516000 15684 site-packages\torch\_dynamo\variables\tensor.py:1841] [0/0]     return self._call_impl(*args, **kwargs)
W0922 20:24:56.516000 15684 site-packages\torch\_dynamo\variables\tensor.py:1841] [0/0]            ~~~~~~~~~~~~~~~^^^^^^^^^^^^^^^^^
W0922 20:24:56.516000 15684 site-packages\torch\_dynamo\variables\tensor.py:1841] [0/0]   File "C:\Users\clm\AppData\Local\Python\pythoncore-3.14-64\Lib\site-packages\torch\nn\modules\module.py", line 1886, in _call_impl
W0922 20:24:56.516000 15684 site-packages\torch\_dynamo\variables\tensor.py:1841] [0/0]     return inner()
W0922 20:24:56.516000 15684 site-packages\torch\_dynamo\variables\tensor.py:1841] [0/0]   File "C:\Users\clm\AppData\Local\Python\pythoncore-3.14-64\Lib\site-packages\torch\nn\modules\module.py", line 1850, in inner
W0922 20:24:56.516000 15684 site-packages\torch\_dynamo\variables\tensor.py:1841] [0/0]     hook_result = hook(self, args, result)
W0922 20:24:56.516000 15684 site-packages\torch\_dynamo\variables\tensor.py:1841] [0/0]   File "D:\wsl\personal\dr\paper\toxic_compile\plan\scripts\side_effect_diff.py", line 82, in <lambda>
W0922 20:24:56.516000 15684 site-packages\torch\_dynamo\variables\tensor.py:1841] [0/0]     m[0].register_forward_hook(lambda mod, inp, out: log.append(round(out.sum().item(), 4)))
W0922 20:24:56.516000 15684 site-packages\torch\_dynamo\variables\tensor.py:1841] [0/0]                                                                       ~~~~~~~~~~~~~~^^
W0922 20:24:56.516000 15684 site-packages\torch\_dynamo\variables\tensor.py:1841] [0/0] 
W0922 20:24:56.516000 15684 site-packages\torch\_dynamo\variables\tensor.py:1841] [0/0] 
  no-breaks  submodule_forward_hook                       breaks=0  eager=[{"T": "torch.float32", "shape": [2, 2], "v": [-1.0719, -0.75088, -0.75714, -0.61429]}, {"  gb=[{"T": "torch.float32", "shape": [2, 2], "v": [-1.0719, -0.75088, -0.75714, -0.61429]}, {"T": "torch.float32",
  no-breaks  forward_hook_with_kwargs                     breaks=0  eager=[{"T": "torch.float32", "shape": [2, 2], "v": [-0.58429, -1.23122, -1.37408, -1.47]}, [[]]  gb=[{"T": "torch.float32", "shape": [2, 2], "v": [-0.58429, -1.23122, -1.37408, -1.47]}, [[]]]
  no-breaks  full_backward_hook_scales_grad               breaks=0  eager=[{"T": "torch.float32", "shape": [2, 3], "v": [-3.25714, -2.4, -1.54286, -3.25714, -2.4, -  gb=[{"T": "torch.float32", "shape": [2, 3], "v": [-3.25714, -2.4, -1.54286, -3.25714, -2.4, -1.54286]}, {"T": "to
  no-breaks  full_backward_pre_hook                       breaks=0  eager=[{"T": "torch.float32", "shape": [2, 3], "v": [-0.54286, -0.4, -0.25714, -0.54286, -0.4, -  gb=[{"T": "torch.float32", "shape": [2, 3], "v": [-0.54286, -0.4, -0.25714, -0.54286, -0.4, -0.25714]}, {"T": "to
  no-breaks  tensor_hook_on_input_before_compile          breaks=0  eager=[{"T": "torch.float32", "shape": [3], "v": [-0.51429, -0.22857, 0.05714]}, ["hook"]]  gb=[{"T": "torch.float32", "shape": [3], "v": [-0.51429, -0.22857, 0.05714]}, ["hook"]]
  no-breaks  tensor_hook_on_output_after_compile          breaks=0  eager=[{"T": "torch.float32", "shape": [3], "v": [15.0, 15.0, 15.0]}]  gb=[{"T": "torch.float32", "shape": [3], "v": [15.0, 15.0, 15.0]}]
  no-breaks  post_accumulate_grad_hook                    breaks=0  eager=[[-4.8], {"T": "torch.float32", "shape": [2, 3], "v": [-1.08571, -0.8, -0.51429, -1.08571,  gb=[[-4.8], {"T": "torch.float32", "shape": [2, 3], "v": [-1.08571, -0.8, -0.51429, -1.08571, -0.8, -0.51429]}]
  no-breaks  state_dict_hook_unaffected                   breaks=0  eager=[["bias", "weight"]]  gb=[["bias", "weight"]]
  no-breaks  custom_fn_double_grad                        breaks=0  eager=[{"T": "torch.float32", "shape": [4], "v": [-0.68685, -0.57637, -0.45416, -0.32269]}, {"T"  gb=[{"T": "torch.float32", "shape": [4], "v": [-0.68685, -0.57637, -0.45416, -0.32269]}, {"T": "torch.float32", "
  no-breaks  custom_fn_straight_through                   breaks=0  eager=[{"T": "torch.float32", "shape": [4], "v": [1.51429, 1.22857, 0.47143, 0.32857]}, {"T": "t  gb=[{"T": "torch.float32", "shape": [4], "v": [1.51429, 1.22857, 0.47143, 0.32857]}, {"T": "torch.float32", "shap
  no-breaks  custom_fn_non_differentiable_output          breaks=0  eager=[{"T": "torch.float32", "shape": [2, 3], "v": [-1.51429, -1.22857, -0.94286, -0.65714, -0.  gb=[{"T": "torch.float32", "shape": [2, 3], "v": [-1.51429, -1.22857, -0.94286, -0.65714, -0.37143, -0.08571]}, {
  no-breaks  custom_fn_mark_dirty                         breaks=0  eager=[{"T": "torch.float32", "shape": [4], "v": [-0.51429, -0.22857, 0.05714, 0.34286]}, {"T":   gb=[{"T": "torch.float32", "shape": [4], "v": [-0.51429, -0.22857, 0.05714, 0.34286]}, {"T": "torch.float32", "sh
  no-breaks  custom_fn_needs_input_grad                   breaks=0  eager=[{"T": "torch.float32", "shape": [3], "v": [11.0, 11.0, 11.0]}]  gb=[{"T": "torch.float32", "shape": [3], "v": [11.0, 11.0, 11.0]}]
  no-breaks  custom_fn_ctx_attribute                      breaks=0  eager=[{"T": "torch.float32", "shape": [4], "v": [-2.27143, -1.84286, -1.41429, -0.98571]}, {"T"  gb=[{"T": "torch.float32", "shape": [4], "v": [-2.27143, -1.84286, -1.41429, -0.98571]}, {"T": "torch.float32", "
  no-breaks  custom_fn_setup_context                      breaks=0  eager=[{"T": "torch.float32", "shape": [4], "v": [-1.51429, -1.22857, -0.94286, -0.65714]}, {"T"  gb=[{"T": "torch.float32", "shape": [4], "v": [-1.51429, -1.22857, -0.94286, -0.65714]}, {"T": "torch.float32", "
  no-breaks  custom_fn_once_differentiable                breaks=0  eager=[{"T": "torch.float32", "shape": [4], "v": [-0.6447, -0.26872, 0.15587, 0.55227]}, {"T": "  gb=[{"T": "torch.float32", "shape": [4], "v": [-0.6447, -0.26872, 0.15587, 0.55227]}, {"T": "torch.float32", "sha
  no-breaks  custom_fn_in_module_twice                    breaks=0  eager=[{"T": "torch.float32", "shape": [4], "v": [0.57327, 0.37735, 0.22224, 0.10796]}, {"T": "t  gb=[{"T": "torch.float32", "shape": [4], "v": [0.57327, 0.37735, 0.22224, 0.10796]}, {"T": "torch.float32", "shap
  no-breaks  detach_in_graph                              breaks=0  eager=[{"T": "torch.float32", "shape": [4], "v": [-0.11358, -0.19903, -0.23191, -0.21473]}, {"T"  gb=[{"T": "torch.float32", "shape": [4], "v": [-0.11358, -0.19903, -0.23191, -0.21473]}, {"T": "torch.float32", "
  no-breaks  mutate_input                                 breaks=0  eager=[{"T": "torch.float32", "shape": [4], "v": [0.48571, 0.77143, 1.05714, 1.34286]}, {"T": "t  gb=[{"T": "torch.float32", "shape": [4], "v": [0.48571, 0.77143, 1.05714, 1.34286]}, {"T": "torch.float32", "shap
  no-breaks  mutate_input_view                            breaks=0  eager=[{"T": "torch.float32", "shape": [2, 3], "v": [0.0, 0.0, 0.0, -0.32857, -0.18571, -0.04286  gb=[{"T": "torch.float32", "shape": [2, 3], "v": [0.0, 0.0, 0.0, -0.32857, -0.18571, -0.04286]}]
  no-breaks  mutate_view_passed_in                        breaks=0  eager=[{"T": "torch.float32", "shape": [6], "v": [9.24286, -0.61429, 9.52857, -0.32857, 9.81429,  gb=[{"T": "torch.float32", "shape": [6], "v": [9.24286, -0.61429, 9.52857, -0.32857, 9.81429, -0.04286]}, {"T": "
  no-breaks  mutate_transposed_view                       breaks=0  eager=[{"T": "torch.float32", "shape": [2, 3], "v": [-0.0, -0.0, -0.0, -0.32857, -0.18571, -0.04  gb=[{"T": "torch.float32", "shape": [2, 3], "v": [-0.0, -0.0, -0.0, -0.32857, -0.18571, -0.04286]}]
  no-breaks  mutate_buffer_in_module                      breaks=0  eager=[{"T": "torch.float32", "shape": [3], "v": [-0.75714, -0.61429, -0.47143]}, {"T": "torch.f  gb=[{"T": "torch.float32", "shape": [3], "v": [-0.75714, -0.61429, -0.47143]}, {"T": "torch.float32", "shape": [3
  no-breaks  mutate_python_attribute                      breaks=0  eager=[{"T": "torch.float32", "shape": [3], "v": [-0.75714, -0.61429, -0.47143]}, {"T": "torch.f  gb=[{"T": "torch.float32", "shape": [3], "v": [-0.75714, -0.61429, -0.47143]}, {"T": "torch.float32", "shape": [3
  no-breaks  copy_into_input_slice                        breaks=0  eager=[{"T": "torch.float32", "shape": [2, 4], "v": [-0.75714, 1.0, 1.0, -0.32857, -0.18571, 1.0  gb=[{"T": "torch.float32", "shape": [2, 4], "v": [-0.75714, 1.0, 1.0, -0.32857, -0.18571, 1.0, 1.0, 0.24286]}]
  no-breaks  index_put_inplace_duplicate_indices          breaks=0  eager=[{"T": "torch.float32", "shape": [4], "v": [0.0, 2.0, 0.0, 1.0]}]  gb=[{"T": "torch.float32", "shape": [4], "v": [0.0, 2.0, 0.0, 1.0]}]
  no-breaks  out_kwarg_writes_caller_tensor               breaks=0  eager=[{"T": "torch.float32", "shape": [3], "v": [0.24286, 0.38571, 0.52857]}, true]  gb=[{"T": "torch.float32", "shape": [3], "v": [0.24286, 0.38571, 0.52857]}, true]
  no-breaks  returned_view_aliases_input                  breaks=0  eager=[{"T": "torch.float32", "shape": [4], "v": [-0.75714, 99.38571, 99.52857, -0.32857]}]  gb=[{"T": "torch.float32", "shape": [4], "v": [-0.75714, 99.38571, 99.52857, -0.32857]}]
  no-breaks  returned_input_identity                      breaks=0  eager=[true]  gb=[true]
  no-breaks  data_ptr_stable_across_calls                 breaks=0  eager=[{"T": "torch.float32", "shape": [4], "v": [-3.02857, -2.45714, -1.88571, -1.31429]}]  gb=[{"T": "torch.float32", "shape": [4], "v": [-3.02857, -2.45714, -1.88571, -1.31429]}]
  no-breaks  version_counter_after_mutation               breaks=0  eager=[true]  gb=[true]
E0922 20:25:23.039000 15684 site-packages\torch\_subclasses\fake_tensor.py:3212] [0/0] failed while attempting to run meta for aten.dot.default
E0922 20:25:23.039000 15684 site-packages\torch\_subclasses\fake_tensor.py:3212] [0/0] Traceback (most recent call last):
E0922 20:25:23.039000 15684 site-packages\torch\_subclasses\fake_tensor.py:3212] [0/0]   File "C:\Users\clm\AppData\Local\Python\pythoncore-3.14-64\Lib\site-packages\torch\_subclasses\fake_tensor.py", line 3208, in _dispatch_impl
E0922 20:25:23.039000 15684 site-packages\torch\_subclasses\fake_tensor.py:3212] [0/0]     r = func(*args, **kwargs)
E0922 20:25:23.039000 15684 site-packages\torch\_subclasses\fake_tensor.py:3212] [0/0]   File "C:\Users\clm\AppData\Local\Python\pythoncore-3.14-64\Lib\site-packages\torch\_ops.py", line 916, in __call__
E0922 20:25:23.039000 15684 site-packages\torch\_subclasses\fake_tensor.py:3212] [0/0]     return self._op(*args, **kwargs)
E0922 20:25:23.039000 15684 site-packages\torch\_subclasses\fake_tensor.py:3212] [0/0]            ~~~~~~~~^^^^^^^^^^^^^^^^^
E0922 20:25:23.039000 15684 site-packages\torch\_subclasses\fake_tensor.py:3212] [0/0]   File "C:\Users\clm\AppData\Local\Python\pythoncore-3.14-64\Lib\site-packages\torch\_prims_common\wrappers.py", line 313, in _fn
E0922 20:25:23.039000 15684 site-packages\torch\_subclasses\fake_tensor.py:3212] [0/0]     result = fn(*args, **kwargs)
E0922 20:25:23.039000 15684 site-packages\torch\_subclasses\fake_tensor.py:3212] [0/0]   File "C:\Users\clm\AppData\Local\Python\pythoncore-3.14-64\Lib\site-packages\torch\_refs\__init__.py", line 6808, in wrapper
E0922 20:25:23.039000 15684 site-packages\torch\_subclasses\fake_tensor.py:3212] [0/0]     _dot_check(self, other)
E0922 20:25:23.039000 15684 site-packages\torch\_subclasses\fake_tensor.py:3212] [0/0]     ~~~~~~~~~~^^^^^^^^^^^^^
E0922 20:25:23.039000 15684 site-packages\torch\_subclasses\fake_tensor.py:3212] [0/0]   File "C:\Users\clm\AppData\Local\Python\pythoncore-3.14-64\Lib\site-packages\torch\_refs\__init__.py", line 6802, in _dot_check
E0922 20:25:23.039000 15684 site-packages\torch\_subclasses\fake_tensor.py:3212] [0/0]     torch._check(self.numel() == other.numel(), numel_error)
E0922 20:25:23.039000 15684 site-packages\torch\_subclasses\fake_tensor.py:3212] [0/0]     ~~~~~~~~~~~~^^^^^^^^^^^^^^^^^^^^^^^^^^^^^^^^^^^^^^^^^^^^
E0922 20:25:23.039000 15684 site-packages\torch\_subclasses\fake_tensor.py:3212] [0/0]   File "C:\Users\clm\AppData\Local\Python\pythoncore-3.14-64\Lib\site-packages\torch\__init__.py", line 2140, in _check
E0922 20:25:23.039000 15684 site-packages\torch\_subclasses\fake_tensor.py:3212] [0/0]     _check_with(RuntimeError, cond, message)
E0922 20:25:23.039000 15684 site-packages\torch\_subclasses\fake_tensor.py:3212] [0/0]     ~~~~~~~~~~~^^^^^^^^^^^^^^^^^^^^^^^^^^^^^
E0922 20:25:23.039000 15684 site-packages\torch\_subclasses\fake_tensor.py:3212] [0/0]   File "C:\Users\clm\AppData\Local\Python\pythoncore-3.14-64\Lib\site-packages\torch\__init__.py", line 2118, in _check_with
E0922 20:25:23.039000 15684 site-packages\torch\_subclasses\fake_tensor.py:3212] [0/0]     raise error_type(message_evaluated)
E0922 20:25:23.039000 15684 site-packages\torch\_subclasses\fake_tensor.py:3212] [0/0] RuntimeError: inconsistent tensor size, expected tensor [3] and src [5] to have thesame number of elements, but got 3 and 5 elements respectively
E0922 20:25:23.231000 15684 site-packages\torch\_subclasses\fake_tensor.py:3212] [1/0] failed while attempting to run meta for aten.dot.default
E0922 20:25:23.231000 15684 site-packages\torch\_subclasses\fake_tensor.py:3212] [1/0] Traceback (most recent call last):
E0922 20:25:23.231000 15684 site-packages\torch\_subclasses\fake_tensor.py:3212] [1/0]   File "C:\Users\clm\AppData\Local\Python\pythoncore-3.14-64\Lib\site-packages\torch\_subclasses\fake_tensor.py", line 3208, in _dispatch_impl
E0922 20:25:23.231000 15684 site-packages\torch\_subclasses\fake_tensor.py:3212] [1/0]     r = func(*args, **kwargs)
E0922 20:25:23.231000 15684 site-packages\torch\_subclasses\fake_tensor.py:3212] [1/0]   File "C:\Users\clm\AppData\Local\Python\pythoncore-3.14-64\Lib\site-packages\torch\_ops.py", line 916, in __call__
E0922 20:25:23.231000 15684 site-packages\torch\_subclasses\fake_tensor.py:3212] [1/0]     return self._op(*args, **kwargs)
E0922 20:25:23.231000 15684 site-packages\torch\_subclasses\fake_tensor.py:3212] [1/0]            ~~~~~~~~^^^^^^^^^^^^^^^^^
E0922 20:25:23.231000 15684 site-packages\torch\_subclasses\fake_tensor.py:3212] [1/0]   File "C:\Users\clm\AppData\Local\Python\pythoncore-3.14-64\Lib\site-packages\torch\_prims_common\wrappers.py", line 313, in _fn
E0922 20:25:23.231000 15684 site-packages\torch\_subclasses\fake_tensor.py:3212] [1/0]     result = fn(*args, **kwargs)
E0922 20:25:23.231000 15684 site-packages\torch\_subclasses\fake_tensor.py:3212] [1/0]   File "C:\Users\clm\AppData\Local\Python\pythoncore-3.14-64\Lib\site-packages\torch\_refs\__init__.py", line 6808, in wrapper
E0922 20:25:23.231000 15684 site-packages\torch\_subclasses\fake_tensor.py:3212] [1/0]     _dot_check(self, other)
E0922 20:25:23.231000 15684 site-packages\torch\_subclasses\fake_tensor.py:3212] [1/0]     ~~~~~~~~~~^^^^^^^^^^^^^
E0922 20:25:23.231000 15684 site-packages\torch\_subclasses\fake_tensor.py:3212] [1/0]   File "C:\Users\clm\AppData\Local\Python\pythoncore-3.14-64\Lib\site-packages\torch\_refs\__init__.py", line 6802, in _dot_check
E0922 20:25:23.231000 15684 site-packages\torch\_subclasses\fake_tensor.py:3212] [1/0]     torch._check(self.numel() == other.numel(), numel_error)
E0922 20:25:23.231000 15684 site-packages\torch\_subclasses\fake_tensor.py:3212] [1/0]     ~~~~~~~~~~~~^^^^^^^^^^^^^^^^^^^^^^^^^^^^^^^^^^^^^^^^^^^^
E0922 20:25:23.231000 15684 site-packages\torch\_subclasses\fake_tensor.py:3212] [1/0]   File "C:\Users\clm\AppData\Local\Python\pythoncore-3.14-64\Lib\site-packages\torch\__init__.py", line 2140, in _check
E0922 20:25:23.231000 15684 site-packages\torch\_subclasses\fake_tensor.py:3212] [1/0]     _check_with(RuntimeError, cond, message)
E0922 20:25:23.231000 15684 site-packages\torch\_subclasses\fake_tensor.py:3212] [1/0]     ~~~~~~~~~~~^^^^^^^^^^^^^^^^^^^^^^^^^^^^^
E0922 20:25:23.231000 15684 site-packages\torch\_subclasses\fake_tensor.py:3212] [1/0]   File "C:\Users\clm\AppData\Local\Python\pythoncore-3.14-64\Lib\site-packages\torch\__init__.py", line 2118, in _check_with
E0922 20:25:23.231000 15684 site-packages\torch\_subclasses\fake_tensor.py:3212] [1/0]     raise error_type(message_evaluated)
E0922 20:25:23.231000 15684 site-packages\torch\_subclasses\fake_tensor.py:3212] [1/0] RuntimeError: inconsistent tensor size, expected tensor [3] and src [5] to have thesame number of elements, but got 3 and 5 elements respectively
  DIFF(both) context_manager_exit_runs                    breaks=1  eager=[{"T": "torch.float32", "shape": [2], "v": [0.48571, 0.77143]}, {"T": "torch.float32", "sh  gb=[{"T": "torch.float32", "shape": [2], "v": [0.48571, 0.77143]}, {"T": "torch.float32", "shape": [2], "v": [0.4
  no-breaks  generator_side_effects                       breaks=0  eager=[{"T": "torch.float32", "shape": [2], "v": [2.24286, 2.38571]}, [0, 1, 2]]  gb=[{"T": "torch.float32", "shape": [2], "v": [2.24286, 2.38571]}, [0, 1, 2]]
  no-breaks  seq_dtype_changes                            breaks=0  eager=[{"T": "torch.float32", "shape": [4], "v": [-2.42381, -2.37619, -2.32857, -2.28095]}, {"T"  gb=[{"T": "torch.float32", "shape": [4], "v": [-2.42381, -2.37619, -2.32857, -2.28095]}, {"T": "torch.float64", "
  no-breaks  seq_layout_changes                           breaks=0  eager=[{"T": "torch.float32", "shape": [2, 3], "v": [-1.51429, -2.74286, -3.68571, -0.65714, -1.  gb=[{"T": "torch.float32", "shape": [2, 3], "v": [-1.51429, -2.74286, -3.68571, -0.65714, -1.02857, -1.11429]}, {
  no-breaks  seq_requires_grad_changes                    breaks=0  eager=[{"T": "torch.float32", "shape": [], "v": [1.17286]}, {"T": "torch.float32", "shape": [3],  gb=[{"T": "torch.float32", "shape": [], "v": [1.17286]}, {"T": "torch.float32", "shape": [3], "v": [-1.51429, -1.
  no-breaks  seq_optional_none_to_tensor                  breaks=0  eager=[{"T": "torch.float32", "shape": [3], "v": [-1.51429, -1.22857, -0.94286]}, {"T": "torch.f  gb=[{"T": "torch.float32", "shape": [3], "v": [-1.51429, -1.22857, -0.94286]}, {"T": "torch.float32", "shape": [3
  no-breaks  seq_python_scalar_0_1_2                      breaks=0  eager=[{"T": "torch.float32", "shape": [3], "v": [0.48571, 0.77143, 1.05714]}, {"T": "torch.floa  gb=[{"T": "torch.float32", "shape": [3], "v": [0.48571, 0.77143, 1.05714]}, {"T": "torch.float32", "shape": [3], 
  no-breaks  seq_train_eval                               breaks=0  eager=[{"T": "torch.float32", "shape": [4, 3], "v": [1.34163, 1.34155, -1.34159, 0.44721, 0.4471  gb=[{"T": "torch.float32", "shape": [4, 3], "v": [1.34163, 1.34155, -1.34159, 0.44721, 0.44718, -0.4472, -0.44721
  no-breaks  seq_module_attribute_changed                 breaks=0  eager=[{"T": "torch.float32", "shape": [3], "v": [-1.51429, -1.22857, -0.94286]}, {"T": "torch.f  gb=[{"T": "torch.float32", "shape": [3], "v": [-1.51429, -1.22857, -0.94286]}, {"T": "torch.float32", "shape": [3
  no-breaks  seq_parameter_replaced                       breaks=0  eager=[{"T": "torch.float32", "shape": [2, 2], "v": [0.41571, -0.23122, -0.37408, -0.47]}, {"T":  gb=[{"T": "torch.float32", "shape": [2, 2], "v": [0.41571, -0.23122, -0.37408, -0.47]}, {"T": "torch.float32", "s
  no-breaks  seq_list_length_changes                      breaks=0  eager=[{"T": "torch.float32", "shape": [2], "v": [-0.75714, -0.61429]}, {"T": "torch.float32", "  gb=[{"T": "torch.float32", "shape": [2], "v": [-0.75714, -0.61429]}, {"T": "torch.float32", "shape": [2], "v": [-
  no-breaks  seq_dict_keys_change                         breaks=0  eager=[{"T": "torch.float32", "shape": [2], "v": [-0.75714, -0.61429]}, {"T": "torch.float32", "  gb=[{"T": "torch.float32", "shape": [2], "v": [-0.75714, -0.61429]}, {"T": "torch.float32", "shape": [2], "v": [-
  no-breaks  seq_global_flag                              breaks=0  eager=[{"T": "torch.float32", "shape": [2], "v": [0.24286, 0.38571]}, {"T": "torch.float32", "sh  gb=[{"T": "torch.float32", "shape": [2], "v": [0.24286, 0.38571]}, {"T": "torch.float32", "shape": [2], "v": [-1.
  no-breaks  seq_default_dtype_switch                     breaks=0  eager=[{"T": "torch.float64", "shape": [2], "v": [2.5, 2.5]}, {"T": "torch.float64", "shape": [2  gb=[{"T": "torch.float64", "shape": [2], "v": [2.5, 2.5]}, {"T": "torch.float64", "shape": [2], "v": [2.5, 2.5]},
  no-breaks  seq_shape_0_1_many                           breaks=0  eager=[[{"T": "torch.float32", "shape": [2], "v": [-0.47143, -0.32857]}, {"T": "torch.float32",   gb=[[{"T": "torch.float32", "shape": [2], "v": [-0.47143, -0.32857]}, {"T": "torch.float32", "shape": [], "v": [-
  no-breaks  seq_inference_mode_then_grad                 breaks=0  eager=[{"T": "torch.float32", "shape": [], "v": [1.63414]}, {"T": "torch.float32", "shape": [],   gb=[{"T": "torch.float32", "shape": [], "v": [1.63414]}, {"T": "torch.float32", "shape": [], "v": [1.63414]}, {"T
  no-breaks  seq_autocast_on_off                          breaks=0  eager=[{"T": "torch.float32", "shape": [2, 2], "v": [0.86286, 0.66694, 0.51184, 0.39755]}, {"T":  gb=[{"T": "torch.float32", "shape": [2, 2], "v": [0.86286, 0.66694, 0.51184, 0.39755]}, {"T": "torch.bfloat16", "
DONE: 0 cases newly diverge with graph breaks
