torch 2.14.0+cpu | 126 unary ops | modes ['plain', 'autocast', 'out'] | backend inductor
  DTYPE abs                      complex64 out=float64    eager=float64(3, 4) inductor=raise:TorchRuntimeError
  DTYPE abs                      complex64 out=bfloat16   eager=bfloat16(3, 4) inductor=raise:TorchRuntimeError
[abs] done (5s, 28 mismatches so far)
[acos] done (21s, 38 mismatches so far)
[acosh] done (38s, 48 mismatches so far)
[asin] done (53s, 58 mismatches so far)
[asinh] done (72s, 68 mismatches so far)
[atan] done (91s, 78 mismatches so far)
[atanh] done (109s, 88 mismatches so far)
  DTYPE bitwise_not              float16   plain          eager=raise:NotImplementedError inductor=float16(3, 4)
  DTYPE bitwise_not              float16   autocast_bf16  eager=raise:NotImplementedError inductor=float16(3, 4)
  DTYPE bitwise_not              bfloat16  plain          eager=raise:NotImplementedError inductor=bfloat16(3, 4)
  DTYPE bitwise_not              bfloat16  autocast_bf16  eager=raise:NotImplementedError inductor=bfloat16(3, 4)
  DTYPE bitwise_not              float32   plain          eager=raise:NotImplementedError inductor=float32(3, 4)
  DTYPE bitwise_not              float32   autocast_bf16  eager=raise:NotImplementedError inductor=float32(3, 4)
  DTYPE bitwise_not              float64   plain          eager=raise:NotImplementedError inductor=float64(3, 4)
  DTYPE bitwise_not              float64   autocast_bf16  eager=raise:NotImplementedError inductor=float64(3, 4)
[bitwise_not] done (129s, 104 mismatches so far)
  DTYPE ceil                     bool      plain          eager=raise:NotImplementedError inductor=bool(3, 4)
[ceil] done (140s, 133 mismatches so far)
[positive] done (141s, 133 mismatches so far)
[conj] done (142s, 133 mismatches so far)
[conj_physical] done (143s, 141 mismatches so far)
[cos] done (161s, 151 mismatches so far)
[cosh] done (180s, 161 mismatches so far)
[deg2rad] done (197s, 172 mismatches so far)
[exp] done (218s, 182 mismatches so far)
  DTYPE frac                     int32     plain          eager=raise:NotImplementedError inductor=int32(3, 4)
  DTYPE frac                     int64     plain          eager=raise:NotImplementedError inductor=int64(3, 4)
[frac] done (234s, 212 mismatches so far)
  DTYPE floor                    bool      plain          eager=raise:NotImplementedError inductor=bool(3, 4)
[floor] done (246s, 241 mismatches so far)
[i0] done (262s, 251 mismatches so far)
[frexp] done (273s, 255 mismatches so far)
[log1p] done (290s, 265 mismatches so far)
[imag] done (291s, 276 mismatches so far)
[log] done (310s, 286 mismatches so far)
[log10] done (326s, 296 mismatches so far)
[log2] done (343s, 306 mismatches so far)
[logical_not] done (357s, 306 mismatches so far)
[nn.functional.relu] done (373s, 307 mismatches so far)
[nn.functional.elu] done (383s, 310 mismatches so far)
[nn.functional.prelu] done (384s, 310 mismatches so far)
  DTYPE nn.functional.celu       bool      plain          eager=raise:NotImplementedError inductor=bool(3, 4)
  DTYPE nn.functional.celu       int32     plain          eager=raise:NotImplementedError inductor=int32(3, 4)
  DTYPE nn.functional.celu       int64     plain          eager=raise:NotImplementedError inductor=int64(3, 4)
[nn.functional.celu] done (392s, 313 mismatches so far)
[nn.functional.rrelu] done (393s, 313 mismatches so far)
[nn.functional.selu] done (404s, 316 mismatches so far)
  DTYPE nn.functional.silu       int32     plain          eager=raise:NotImplementedError inductor=int32(3, 4)
  DTYPE nn.functional.silu       int64     plain          eager=raise:NotImplementedError inductor=int64(3, 4)
[nn.functional.silu] done (417s, 319 mismatches so far)
  DTYPE nn.functional.silu       int32     plain          eager=raise:NotImplementedError inductor=int32(3, 4)
  DTYPE nn.functional.silu       int64     plain          eager=raise:NotImplementedError inductor=int64(3, 4)
[nn.functional.silu] done (418s, 322 mismatches so far)
  DTYPE nn.functional.hardsigmoid bool      plain          eager=raise:NotImplementedError inductor=bool(3, 4)
  DTYPE nn.functional.hardsigmoid int32     plain          eager=raise:NotImplementedError inductor=int32(3, 4)
  DTYPE nn.functional.hardsigmoid int64     plain          eager=raise:NotImplementedError inductor=int64(3, 4)
[nn.functional.hardsigmoid] done (435s, 325 mismatches so far)
  DTYPE nn.functional.logsigmoid int32     plain          eager=raise:NotImplementedError inductor=int32(3, 4)
  DTYPE nn.functional.logsigmoid int64     plain          eager=raise:NotImplementedError inductor=int64(3, 4)
[nn.functional.logsigmoid] done (452s, 336 mismatches so far)
  DTYPE nn.functional.mish       bool      plain          eager=raise:NotImplementedError inductor=bool(3, 4)
  DTYPE nn.functional.mish       int32     plain          eager=raise:NotImplementedError inductor=int32(3, 4)
  DTYPE nn.functional.mish       int64     plain          eager=raise:NotImplementedError inductor=int64(3, 4)
[nn.functional.mish] done (474s, 339 mismatches so far)
[nn.functional.softsign] done (495s, 340 mismatches so far)
  DTYPE nn.functional.tanhshrink bool      plain          eager=raise:NotImplementedError inductor=float32(3, 4)
[nn.functional.tanhshrink] done (517s, 341 mismatches so far)
[nn.functional.threshold] done (517s, 341 mismatches so far)
[nn.functional.softshrink] done (532s, 363 mismatches so far)
  DTYPE nn.functional.hardshrink int32     plain          eager=raise:NotImplementedError inductor=int32(3, 4)
  DTYPE nn.functional.hardshrink int64     plain          eager=raise:NotImplementedError inductor=int64(3, 4)
  DTYPE nn.functional.hardshrink complex64 plain          eager=raise:NotImplementedError inductor=complex64(3, 4)
[nn.functional.hardshrink] done (552s, 375 mismatches so far)
[nn.functional.hardtanh] done (569s, 375 mismatches so far)
[nn.functional.relu6] done (586s, 375 mismatches so far)
[mvlgamma] done (587s, 375 mismatches so far)
[mvlgamma] done (588s, 375 mismatches so far)
[mvlgamma] done (589s, 375 mismatches so far)
[neg] done (603s, 383 mismatches so far)
[rad2deg] done (619s, 394 mismatches so far)
[real] done (621s, 394 mismatches so far)
  DTYPE round                    bool      plain          eager=raise:NotImplementedError inductor=bool(3, 4)
[round] done (622s, 403 mismatches so far)
  DTYPE round                    bool      plain          eager=raise:NotImplementedError inductor=bool(3, 4)
[round] done (623s, 412 mismatches so far)
  DTYPE round                    bool      plain          eager=raise:NotImplementedError inductor=bool(3, 4)
[round] done (624s, 421 mismatches so far)
  DTYPE round                    bool      plain          eager=raise:NotImplementedError inductor=bool(3, 4)
[round] done (625s, 430 mismatches so far)
[sin] done (645s, 440 mismatches so far)
[sinc] done (661s, 450 mismatches so far)
[sinh] done (680s, 460 mismatches so far)
[sign] done (696s, 488 mismatches so far)
[sgn] done (698s, 516 mismatches so far)
[signbit] done (716s, 544 mismatches so far)
[tan] done (731s, 554 mismatches so far)
[tanh] done (747s, 564 mismatches so far)
  DTYPE trunc                    bool      plain          eager=raise:NotImplementedError inductor=bool(3, 4)
[trunc] done (757s, 593 mismatches so far)
[exp2] done (773s, 603 mismatches so far)
[expm1] done (790s, 613 mismatches so far)
  DTYPE nan_to_num               complex64 plain          eager=complex64(3, 4) inductor=raise:BackendCompilerFailed
[nan_to_num] done (801s, 622 mismatches so far)
[reciprocal] done (818s, 632 mismatches so far)
[rsqrt] done (834s, 642 mismatches so far)
[sqrt] done (849s, 652 mismatches so far)
[square] done (865s, 660 mismatches so far)
[angle] done (885s, 660 mismatches so far)
[isfinite] done (902s, 660 mismatches so far)
[isinf] done (913s, 660 mismatches so far)
[isposinf] done (924s, 689 mismatches so far)
[isneginf] done (935s, 718 mismatches so far)
[isreal] done (939s, 718 mismatches so far)
[isnan] done (949s, 718 mismatches so far)
[polygamma] done (949s, 718 mismatches so far)
[polygamma] done (950s, 718 mismatches so far)
[polygamma] done (950s, 718 mismatches so far)
[polygamma] done (950s, 718 mismatches so far)
[polygamma] done (950s, 718 mismatches so far)
[bfloat16] done (965s, 718 mismatches so far)
[bool] done (981s, 718 mismatches so far)
[byte] done (1001s, 718 mismatches so far)
[char] done (1018s, 718 mismatches so far)
[double] done (1032s, 718 mismatches so far)
[float] done (1046s, 718 mismatches so far)
[half] done (1062s, 718 mismatches so far)
[int] done (1078s, 718 mismatches so far)
[long] done (1093s, 718 mismatches so far)
[short] done (1109s, 718 mismatches so far)
[cdouble] done (1110s, 718 mismatches so far)
[cfloat] done (1112s, 718 mismatches so far)
[chalf] done (1113s, 718 mismatches so far)
[fill] done (1114s, 718 mismatches so far)
[sigmoid] done (1116s, 728 mismatches so far)
[digamma] done (1132s, 738 mismatches so far)
[erf] done (1148s, 748 mismatches so far)
[erfc] done (1164s, 758 mismatches so far)
[erfinv] done (1180s, 768 mismatches so far)
[lgamma] done (1195s, 778 mismatches so far)
[logit] done (1212s, 788 mismatches so far)
[jiterator_unary] done (1213s, 788 mismatches so far)
  DTYPE nn.functional.softplus   bool      plain          eager=raise:NotImplementedError inductor=bool(3, 4)
  DTYPE nn.functional.softplus   int32     plain          eager=raise:NotImplementedError inductor=int32(3, 4)
  DTYPE nn.functional.softplus   int64     plain          eager=raise:NotImplementedError inductor=int64(3, 4)
[nn.functional.softplus] done (1229s, 799 mismatches so far)
[special.i0e] done (1245s, 809 mismatches so far)
[special.i1] done (1260s, 819 mismatches so far)
[special.i1e] done (1275s, 829 mismatches so far)
[special.ndtr] done (1291s, 839 mismatches so far)
[special.polygamma] done (1291s, 839 mismatches so far)
[special.entr] done (1309s, 849 mismatches so far)
  DTYPE special.ndtri            float16   plain          eager=raise:NotImplementedError inductor=float16(3, 4)
  DTYPE special.ndtri            float16   autocast_bf16  eager=raise:NotImplementedError inductor=float16(3, 4)
  DTYPE special.ndtri            bfloat16  plain          eager=raise:NotImplementedError inductor=bfloat16(3, 4)
  DTYPE special.ndtri            bfloat16  autocast_bf16  eager=raise:NotImplementedError inductor=bfloat16(3, 4)
[special.ndtri] done (1326s, 863 mismatches so far)
  DTYPE special.log_ndtr         float16   plain          eager=raise:NotImplementedError inductor=float16(3, 4)
  DTYPE special.log_ndtr         float16   autocast_bf16  eager=raise:NotImplementedError inductor=float16(3, 4)
  DTYPE special.log_ndtr         bfloat16  plain          eager=raise:NotImplementedError inductor=bfloat16(3, 4)
  DTYPE special.log_ndtr         bfloat16  autocast_bf16  eager=raise:NotImplementedError inductor=bfloat16(3, 4)
[special.log_ndtr] done (1343s, 877 mismatches so far)
  DTYPE special.erfcx            float16   plain          eager=raise:NotImplementedError inductor=float16(3, 4)
  DTYPE special.erfcx            float16   autocast_bf16  eager=raise:NotImplementedError inductor=float16(3, 4)
  DTYPE special.erfcx            bfloat16  plain          eager=raise:NotImplementedError inductor=bfloat16(3, 4)
  DTYPE special.erfcx            bfloat16  autocast_bf16  eager=raise:NotImplementedError inductor=bfloat16(3, 4)
[special.erfcx] done (1359s, 891 mismatches so far)
  DTYPE special.airy_ai          float16   plain          eager=raise:NotImplementedError inductor=float16(3, 4)
  DTYPE special.airy_ai          float16   autocast_bf16  eager=raise:NotImplementedError inductor=float16(3, 4)
  DTYPE special.airy_ai          bfloat16  plain          eager=raise:NotImplementedError inductor=bfloat16(3, 4)
  DTYPE special.airy_ai          bfloat16  autocast_bf16  eager=raise:NotImplementedError inductor=bfloat16(3, 4)
[special.airy_ai] done (1375s, 905 mismatches so far)
  DTYPE special.bessel_j0        float16   plain          eager=raise:NotImplementedError inductor=float16(3, 4)
  DTYPE special.bessel_j0        float16   autocast_bf16  eager=raise:NotImplementedError inductor=float16(3, 4)
  DTYPE special.bessel_j0        bfloat16  plain          eager=raise:NotImplementedError inductor=bfloat16(3, 4)
  DTYPE special.bessel_j0        bfloat16  autocast_bf16  eager=raise:NotImplementedError inductor=bfloat16(3, 4)
[special.bessel_j0] done (1390s, 919 mismatches so far)
  DTYPE special.bessel_j1        float16   plain          eager=raise:NotImplementedError inductor=float16(3, 4)
  DTYPE special.bessel_j1        float16   autocast_bf16  eager=raise:NotImplementedError inductor=float16(3, 4)
  DTYPE special.bessel_j1        bfloat16  plain          eager=raise:NotImplementedError inductor=bfloat16(3, 4)
  DTYPE special.bessel_j1        bfloat16  autocast_bf16  eager=raise:NotImplementedError inductor=bfloat16(3, 4)
[special.bessel_j1] done (1405s, 933 mismatches so far)
  DTYPE special.bessel_y0        float16   plain          eager=raise:NotImplementedError inductor=float16(3, 4)
  DTYPE special.bessel_y0        float16   autocast_bf16  eager=raise:NotImplementedError inductor=float16(3, 4)
  DTYPE special.bessel_y0        bfloat16  plain          eager=raise:NotImplementedError inductor=bfloat16(3, 4)
  DTYPE special.bessel_y0        bfloat16  autocast_bf16  eager=raise:NotImplementedError inductor=bfloat16(3, 4)
[special.bessel_y0] done (1421s, 947 mismatches so far)
  DTYPE special.bessel_y1        float16   plain          eager=raise:NotImplementedError inductor=float16(3, 4)
  DTYPE special.bessel_y1        float16   autocast_bf16  eager=raise:NotImplementedError inductor=float16(3, 4)
  DTYPE special.bessel_y1        bfloat16  plain          eager=raise:NotImplementedError inductor=bfloat16(3, 4)
  DTYPE special.bessel_y1        bfloat16  autocast_bf16  eager=raise:NotImplementedError inductor=bfloat16(3, 4)
[special.bessel_y1] done (1437s, 961 mismatches so far)
  DTYPE special.modified_bessel_i0 float16   plain          eager=raise:NotImplementedError inductor=float16(3, 4)
  DTYPE special.modified_bessel_i0 float16   autocast_bf16  eager=raise:NotImplementedError inductor=float16(3, 4)
  DTYPE special.modified_bessel_i0 bfloat16  plain          eager=raise:NotImplementedError inductor=bfloat16(3, 4)
  DTYPE special.modified_bessel_i0 bfloat16  autocast_bf16  eager=raise:NotImplementedError inductor=bfloat16(3, 4)
[special.modified_bessel_i0] done (1452s, 975 mismatches so far)
  DTYPE special.modified_bessel_i1 float16   plain          eager=raise:NotImplementedError inductor=float16(3, 4)
  DTYPE special.modified_bessel_i1 float16   autocast_bf16  eager=raise:NotImplementedError inductor=float16(3, 4)
  DTYPE special.modified_bessel_i1 bfloat16  plain          eager=raise:NotImplementedError inductor=bfloat16(3, 4)
  DTYPE special.modified_bessel_i1 bfloat16  autocast_bf16  eager=raise:NotImplementedError inductor=bfloat16(3, 4)
[special.modified_bessel_i1] done (1467s, 989 mismatches so far)
  DTYPE special.modified_bessel_k0 float16   plain          eager=raise:NotImplementedError inductor=float16(3, 4)
  DTYPE special.modified_bessel_k0 float16   autocast_bf16  eager=raise:NotImplementedError inductor=float16(3, 4)
  DTYPE special.modified_bessel_k0 bfloat16  plain          eager=raise:NotImplementedError inductor=bfloat16(3, 4)
  DTYPE special.modified_bessel_k0 bfloat16  autocast_bf16  eager=raise:NotImplementedError inductor=bfloat16(3, 4)
[special.modified_bessel_k0] done (1483s, 1003 mismatches so far)
  DTYPE special.modified_bessel_k1 float16   plain          eager=raise:NotImplementedError inductor=float16(3, 4)
  DTYPE special.modified_bessel_k1 float16   autocast_bf16  eager=raise:NotImplementedError inductor=float16(3, 4)
  DTYPE special.modified_bessel_k1 bfloat16  plain          eager=raise:NotImplementedError inductor=bfloat16(3, 4)
  DTYPE special.modified_bessel_k1 bfloat16  autocast_bf16  eager=raise:NotImplementedError inductor=bfloat16(3, 4)
[special.modified_bessel_k1] done (1498s, 1017 mismatches so far)
  DTYPE special.scaled_modified_bessel_k0 float16   plain          eager=raise:NotImplementedError inductor=float16(3, 4)
  DTYPE special.scaled_modified_bessel_k0 float16   autocast_bf16  eager=raise:NotImplementedError inductor=float16(3, 4)
  DTYPE special.scaled_modified_bessel_k0 bfloat16  plain          eager=raise:NotImplementedError inductor=bfloat16(3, 4)
  DTYPE special.scaled_modified_bessel_k0 bfloat16  autocast_bf16  eager=raise:NotImplementedError inductor=bfloat16(3, 4)
[special.scaled_modified_bessel_k0] done (1513s, 1031 mismatches so far)
  DTYPE special.scaled_modified_bessel_k1 float16   plain          eager=raise:NotImplementedError inductor=float16(3, 4)
  DTYPE special.scaled_modified_bessel_k1 float16   autocast_bf16  eager=raise:NotImplementedError inductor=float16(3, 4)
  DTYPE special.scaled_modified_bessel_k1 bfloat16  plain          eager=raise:NotImplementedError inductor=bfloat16(3, 4)
  DTYPE special.scaled_modified_bessel_k1 bfloat16  autocast_bf16  eager=raise:NotImplementedError inductor=bfloat16(3, 4)
[special.scaled_modified_bessel_k1] done (1529s, 1045 mismatches so far)
  DTYPE special.spherical_bessel_j0 float16   plain          eager=raise:NotImplementedError inductor=float16(3, 4)
  DTYPE special.spherical_bessel_j0 float16   autocast_bf16  eager=raise:NotImplementedError inductor=float16(3, 4)
  DTYPE special.spherical_bessel_j0 bfloat16  plain          eager=raise:NotImplementedError inductor=bfloat16(3, 4)
  DTYPE special.spherical_bessel_j0 bfloat16  autocast_bf16  eager=raise:NotImplementedError inductor=bfloat16(3, 4)
[special.spherical_bessel_j0] done (1544s, 1059 mismatches so far)
{"cases": 5040, "mismatches": 1059, "kinds": {"raise_type": 957, "raise": 102}, "wall_s": 1544.4}
