torch 2.15.0.dev20260911+cpu | python 3.14.7
[01 pinv/matrix_sqrth complex grad (AOTAutograd)] REPRODUCED pinv err eager=1.3e-05 dynamo-only=1.3e-05 aot_eager=1.7e+01; gradcheck eager=True compiled=False; matrix_sqrth eager=1.8e-06 aot_eager=7.7e-01  (17s)
[02 random.shuffle/sample frozen] REPRODUCED shuffle eager=[[5, 1, 4, 2, 3], [3, 4, 2, 5, 1], [4, 3, 1, 2, 5]] compiled=[[5, 1, 4, 2, 3], [5, 1, 4, 2, 3], [5, 1, 4, 2, 3]]; sample compiled=[[41, 19], [41, 19], [41, 19]]  (6s)
[03 jvp(ldexp) under aot_eager crashes process] REPRODUCED aot_eager child exit=0xc0000005; backend=eager child exit=0; eager jvp ok=True  (24s)
[04 argmin ** in C++ (dynamic=True, CPU)] REPRODUCED static ok, aot_eager dynamic ok, inductor dynamic -> InductorError: CppCompileError  (37s)
[05 cudagraphs new_zeros device (needs CUDA)] SKIP needs CUDA; verified on Kaggle Tesla T4: torch 2.10.0+cu128 and 2.14.0+cu130 (kaggle_out/gpuverify, nightlygpu G1/G1b)  (4s)
[06 std/var fp32 accumulation] REPRODUCED std(1e-30): eager=1.44e-30 compiled=0.0; grad eager nonzero=True compiled zero=True; var(N(1e5,1)) rel err eager=5.2e-08 compiled=3.0e-03  (11s)
[07 jvp _make_dual INTERNAL ASSERT (quantile q tensor)] NOT_REPRODUCED eager ok=True; compiled: {'eager': 'ok', 'aot_eager': 'ASSERT', 'inductor': 'ok'}  (10s)
[08 ldexp output dtype] REPRODUCED {'bool x fp16': (torch.float16, torch.float16, torch.float32), 'fp16 x fp32': (torch.float32, torch.float32, torch.float16)}  (11s)
[09 compiled_autograd interpolate isIntList] REPRODUCED {'bilinear': 'isIntList', 'nearest': 'ok'}  (9s)
[10 f-string format spec under dynamic=True] REPRODUCED eager='3' static='3' dynamic=InternalTorchDynamoError:format code  (8s)
[11 compile(SGD.step) foreach + complex] REPRODUCED {'eager': 'ok', 'aot_eager': 'ok', 'inductor': 'OpOverload-assert', 'inductor foreach=False': 'ok'}  (9s)
[12 interpolate zero-size -> NaN] REPRODUCED eager=RuntimeError inductor=shape=(2, 3, 3) nan=18  (11s)
[13 export lifted constant: silent drop / run_decompositions error / AOTI INTERNAL ASSERT] NOT_REPRODUCED eager updates=True export updates=True run_decompositions=mutated-constant error aoti=INTERNAL ASSERT  (8s)
[14 vector_norm ord=inf dim=-1 empty batch] REPRODUCED eager shape=(0,) compiled dim=-1 -> empty-dim error; dim=1 -> shape (0,)  (6s)
[15 bce weight dtype / huber mixed] REPRODUCED bce=(torch.float16, torch.float16, torch.float32) huber=(torch.float16, torch.float16, torch.float32)  (9s)
[16 pdist backward zero rows crashes process] REPRODUCED 0 rows: exit=0xc0000094 stdout='fwd (0,)'; 1 row: exit=0  (11s)
[17 random.seed inside: first call differs] REPRODUCED eager=(0.7579544029403025, 53) compiled calls=[(0.9654648863619172, 62), (0.7579544029403025, 53), (0.7579544029403025, 53)]  (6s)
[18 namedtuple == RecursionError (dynamic=True, Py3.14)] REPRODUCED python=(3, 14) eager=True dynamic=True -> RecursionError (expected only on Python 3.14; Linux Py3.11 agrees with eager)  (7s)
[19 bmm max_autotune on Windows] REPRODUCED bmm -> cpp_CppMicroGemmFP32Vec not found; mm -> ok  (10s)
[20 AOTI packaging of return_types] REPRODUCED export ok=True; aoti -> NotImplementedError: serialization name  (7s)
[21 lerp(bool, bool, 0-d weight)] REPRODUCED eager=torch.float32 aot_eager=torch.float32 inductor=bool-subtraction NotImplementedError  (8s)
[22 sum(half, dtype=bool) / prod(dtype=bool)] REPRODUCED eager sum=torch.bool prod=torch.bool; inductor sum -> CppCompileError, prod -> reduction_type assert  (10s)
[23 addmm 0-d bias + max_autotune] REPRODUCED eager ok, default compile ok, max_autotune -> IndexError list index  (8s)
[24 var_mean empty -> mean 0] REPRODUCED mean: eager=nan aot_eager=nan inductor=0.0  (8s)
[25 channel_shuffle channels_last stride] REPRODUCED eager=(384, 1, 48, 6) aot_eager=(384, 1, 48, 6) inductor=(384, 64, 8, 1)  (9s)
[26 str(KeyError) in traced code] REPRODUCED eager="'k'" compiled='k'  (7s)
[27 abs(complex, out=float64)] REPRODUCED eager abs out=float64 -> torch.float64; compiled -> fake-tensor dtype error; angle out=float64 compiled -> torch.float64  (7s)
SUMMARY {'REPRODUCED': 24, 'SKIP': 1, 'NOT_REPRODUCED': 2}
