torch 2.14.0+cpu | 678 ops | backend aot_eager
  > abs
  > acos
  > acosh
  > add
  > item
  > arange
  > cauchy
  > exponential
  > geometric
  > log_normal
  > normal
  > uniform
  > clamp_max
  > clamp_min
  > mul
  > sub
  > addmm
  > addmm
  > addmv
  > addbmm
  > baddbmm
  > dot
  > vdot
  > bmm
  > mv
  > addr
  > addcmul
  > addcdiv
  > asin
  > asinh
  > atan
  > atan2
  > atanh
  > allclose
  > broadcast_to
  > broadcast_shapes
  > broadcast_tensors
  > block_diag
  > combinations
  > cartesian_prod
  > cdist
  > ceil
  > cholesky_inverse
  > cholesky_solve
  > chunk
  > unsafe_chunk
  > clone
  > contiguous
  > sum_to_size
  > clamp
  ... 50/678 (7s, 0 flagged)
  > positive
  > conj
  > conj_physical
  > resolve_conj
  > resolve_neg
  > view_as_complex
  > complex
  > copysign
  > corrcoef
  > cos
  > cosh
  > cov
  > cross
  > cumsum
  > cumprod
  > cummax
  > cummin
  > deg2rad
  > diff
  > div
  > div
  > div
  > true_divide
  > equal
  > exp
  > expand
  > expand_as
  > expand_copy
  > diag
  > diag_embed
  > diagonal
  > diagonal_copy
  > diagonal_scatter
  > alias_copy
  > eq
  > fmax
  > fmin
  > fmod
  > remainder
  > frac
  > stft
  > floor
  > flip
  > fliplr
  > flipud
  > sparse.sampled_addmm
  > sparse.mm
  > i0
  > floor_divide
  > frexp
  ... 100/678 (11s, 0 flagged)
  > log1p
  > ge
  > geqrf
  > gt
  > gradient
  > isin
  > kthvalue
  > le
  > linspace
  > linspace
  > logspace
  > logspace
  > log
  > log10
  > log2
  > ldexp
  > logaddexp
  > logaddexp2
  > logical_not
  > lt
  > lu_unpack
  > lu
  > lu_solve
  > masked_fill
  > masked_scatter
  > masked_select
  > matrix_exp
  > matmul
  > max
  > max
  > median
  > nanmedian
  > var_mean
  > var_mean
  > std_mean
  > std_mean
  > meshgrid
  > meshgrid
  > min
  > min
  > quantile
  > nanquantile
  > max
  > maximum
  > min
  > minimum
  > logical_and
  > logical_or
  > logical_xor
  > heaviside
  > isclose
  > softmax
  > softmax
  > _softmax_backward_data
  > nn.functional.softmin
  > nn.functional.softmin
  > nn.functional.cross_entropy
  > nn.functional.linear_cross_entropy
  > nn.functional.linear_cross_entropy
  > nn.functional.linear_cross_entropy
  > nn.functional.normalize
  > aminmax
  > as_strided
  > as_strided
  > as_strided_copy
  > as_strided_scatter
  > native_group_norm
  > native_layer_norm
  > native_batch_norm
  > _native_batch_norm_legit
  > _batch_norm_with_update
  > nn.functional.cosine_similarity
  > nn.functional.adaptive_avg_pool1d
  > nn.functional.adaptive_avg_pool2d
  > nn.functional.adaptive_avg_pool3d
  > nn.functional.adaptive_max_pool1d
  > nn.functional.adaptive_max_pool2d
  > nn.functional.adaptive_max_pool3d
  > nn.functional.avg_pool1d
  > nn.functional.avg_pool3d
  > nn.functional.binary_cross_entropy_with_logits
  > nn.functional.relu
  > nn.functional.conv_transpose1d
  > nn.functional.conv_transpose2d
  > nn.functional.conv_transpose3d
  > nn.functional.conv1d
  > nn.functional.conv2d
  > nn.functional.conv3d
  > nn.functional.group_norm
  > nn.functional.instance_norm
  > nn.functional.layer_norm
  > nn.functional.rms_norm
  > nn.functional.local_response_norm
  > constant_pad_nd
  > nn.functional.pad
  > nn.functional.pad
  > nn.functional.pad
  > nn.functional.pad
  > nn.functional.pad
  > nn.functional.hardswish
  ... 200/678 (23s, 0 flagged)
  > nn.functional.unfold
  > nn.functional.interpolate
  > nn.functional.interpolate
  > nn.functional.interpolate
  > nn.functional.interpolate
  > nn.functional.interpolate
  > nn.functional.interpolate
  > nn.functional.interpolate
  > nn.functional.upsample_bilinear
  > _upsample_bilinear2d_aa
  > nn.functional.soft_margin_loss
  > nn.functional.upsample_nearest
  > nn.functional.margin_ranking_loss
  > nn.functional.multi_margin_loss
  > nn.functional.multilabel_margin_loss
  > nn.functional.leaky_relu
  > nn.functional.multilabel_soft_margin_loss
  > nn.functional.avg_pool2d
  > nn.functional.fractional_max_pool2d
  > nn.functional.fractional_max_pool3d
  > nn.functional.max_pool1d
  > nn.functional.max_pool2d
  > max_pool2d_with_indices_backward
  > nn.functional.max_pool3d
  > nn.functional.max_unpool1d
  > nn.functional.max_unpool1d
  > nn.functional.max_unpool2d
  > nn.functional.max_unpool2d
  > nn.functional.max_unpool3d
  > nn.functional.max_unpool3d
  > nn.functional.linear
  > nn.functional.bilinear
  > nn.functional.glu
  > nn.functional.elu
  > nn.functional.prelu
  > nn.functional.celu
  > nn.functional.rrelu
  > nn.functional.selu
  > torch.ops.aten._safe_softmax.default
  > nn.functional.scaled_dot_product_attention
  > torch.ops.aten._scaled_dot_product_flash_attention_for_cpu
  > nn.functional.silu
  > nn.functional.hardsigmoid
  > nn.functional.logsigmoid
  > nn.functional.mish
  > nn.functional.softsign
  > nn.functional.tanhshrink
  > nn.functional.threshold
  > nn.functional.triplet_margin_loss
  > nn.functional.triplet_margin_with_distance_loss
  ... 250/678 (30s, 0 flagged)
  > nextafter
  > to
  > topk
  > nn.functional.batch_norm
  > nn.functional.binary_cross_entropy
  > igamma
  > igammac
  > nn.functional.softshrink
  > nn.functional.hardshrink
  > nn.functional.hardtanh
  > nn.functional.gelu
  > nn.functional.relu6
  > mm
  > mode
  > mvlgamma
  > mvlgamma
  > mvlgamma
  > ne
  > narrow
  > narrow_copy
  > view_copy
  > neg
  > dist
  > outer
  > ormqr
  > permute
  > permute_copy
  > pow
  > float_power
  > rad2deg
  > real
  > roll
  > rot90
  > round
  > round
  > round
  > round
  > sin
  > sinc
  > sinh
  > sign
  > sgn
  > split
  > split
  > unsafe_split
  > split_with_sizes
  > split_with_sizes_copy
  > __radd__
  > __rdiv__
  > __rmul__
  > __rmatmul__
  > __rmod__
  > __rpow__
  > __rsub__
  > rsub
  > select
  > select_scatter
  > slice
  > slice_scatter
  > signbit
  > tan
  > tanh
  > tensor_split
  > hsplit
  > vsplit
  > dsplit
  > triangular_solve
  > trunc
  > exp2
  > expm1
  > nan_to_num
  > reciprocal
  > rsqrt
  > sqrt
  > square
  > lerp
  > angle
  > isfinite
  > isinf
  > isposinf
  > isneginf
  > isreal
  > isnan
  > einsum
  > svd
  > svd_lowrank
  > pca_lowrank
  > polar
  > polygamma
  > polygamma
  > polygamma
  > polygamma
  > polygamma
  > ravel
  > reshape
  > reshape_as
  > view
  > view_as
  > atleast_1d
  > atleast_2d
  ... 350/678 (41s, 0 flagged)
  > atleast_3d
  > flatten
  > unflatten
  > column_stack
  > pinverse
  > gather
  > index_fill
  > index_copy
  > index_select
  > index_add
  > index_reduce
  > index_reduce
  > index_reduce
  > index_reduce
  > _unsafe_masked_index
  > _unsafe_masked_index_put_accumulate
  > __getitem__
  > index_put
  > sort
  > unique
  > unique_consecutive
  > put
  > take
  > scatter
  > bfloat16
  > bool
  > byte
  > char
  > double
  > float
  > half
  > int
  > long
  > short
  > cdouble
  > cfloat
  > chalf
  > empty_like
  > zeros_like
  > ones_like
  > randn
  > randn_like
  > rand_like
  > randint
  > randint_like
  > full_like
  > new_zeros
  > new_ones
  > ones
  > zeros
  > full
  > new_empty
  > new_empty_strided
  > empty_strided
  > empty
  > eye
  > empty_permuted
  > scalar_tensor
  > new_full
  > multinomial
  > normal
  > normal
  > bernoulli
  > scatter_add
  > stack
  > _chunk_cat
  > hstack
  > hypot
  > histogram
  > histogramdd
  > histc
  > bucketize
  > searchsorted
  > cat
  > unbind
  > unbind_copy
  > vstack
  > dstack
  > unfold
  > unfold_copy
  > msort
  > movedim
  > renorm
  > repeat
  > squeeze
  > squeeze
  > squeeze_copy
  > fill
  > resize_
  > resize_as_
  > take_along_dim
  > tile
  > trapz
  > trapezoid
  > cumulative_trapezoid
  > unsqueeze
  > unsqueeze_copy
  > xlogy
  > zero_
  > logsumexp
  > trace
  > transpose
  > transpose_copy
  > T
  > H
  > mT
  > mH
  > tril
  > triu
  > kron
  > inner
  > tensordot
  > to_sparse
  > logcumsumexp
  > sigmoid
  > digamma
  > erf
  > erfc
  > erfinv
  > nn.functional.smooth_l1_loss
  > nn.functional.l1_loss
  > lgamma
  > logdet
  > log_softmax
  > log_softmax
  > logit
  > where
  > nonzero
  > nonzero_static
  > jiterator_unary
  > jiterator_binary
  > jiterator_4inputs_with_extra_args
  > jiterator_binary_return_by_ref
  > jiterator_2inputs_2outputs
  > norm
  > norm
  > norm
  > norm
  > t
  > t_copy
  > nn.functional.dropout
  > native_dropout_backward
  > nn.functional.dropout2d
  > nn.functional.dropout3d
  > nn.functional.alpha_dropout
  > nn.functional.feature_alpha_dropout
  > nn.functional.feature_alpha_dropout
  > nn.functional.embedding
  > nn.functional.embedding_bag
  > nn.functional.multi_head_attention_forward
  ... 500/678 (51s, 0 flagged)
  > nn.functional.softplus
  > nn.functional.mse_loss
  > nn.functional.grid_sample
  > grid_sampler_2d
  > grid_sampler_3d
  > argwhere
  > all
  > any
  > amax
  > amin
  > argmax
  > argmin
  > count_nonzero
  > mean
  > nanmean
  > std
  > std
  > var
  > var
  > prod
  > sum
  > nansum
  > hash_tensor
  > nn.functional.ctc_loss
  > nn.functional.cosine_embedding_loss
  > nn.functional.nll_loss
  > nn.functional.gaussian_nll_loss
  > nn.functional.hinge_embedding_loss
  > nn.functional.huber_loss
  > nn.functional.pdist
  > nn.functional.poisson_nll_loss
  > argsort
  > repeat_interleave
  > nn.functional.pairwise_distance
  > nn.functional.pixel_shuffle
  > nn.functional.pixel_unshuffle
  > nn.functional.channel_shuffle
  > nn.functional.kl_div
  > diagflat
  > scatter_reduce
  > scatter_reduce
  > scatter_reduce
  > scatter_reduce
  > scatter_reduce
  > _segment_reduce
  > _segment_reduce
  > fft.fft
  > fft.fft2
  > fft.fftn
  > fft.hfft
  ... 550/678 (58s, 0 flagged)
  > fft.hfft2
  > fft.hfftn
  > fft.rfft
  > fft.rfft2
  > fft.rfftn
  > fft.ifft
  > fft.ifft2
  > fft.ifftn
  > fft.ihfft
  > fft.ihfft2
  > fft.ihfftn
  > fft.irfft
  > fft.irfft2
  > fft.irfftn
  > fft.fftshift
  > fft.ifftshift
  > linalg.cross
  > linalg.det
  > linalg.diagonal
  > linalg.matrix_sqrth
  > linalg.cholesky
  > linalg.cholesky_ex
  > linalg.vecdot
  > linalg.cond
  > linalg.eig
  > linalg.eigvals
  > linalg.eigh
  > linalg.eigvalsh
  > linalg.householder_product
  > linalg.ldl_factor
  > linalg.ldl_factor_ex
  > linalg.ldl_solve
  > linalg.lstsq
  > linalg.lstsq
  > linalg.matrix_power
  > linalg.multi_dot
  > linalg.norm
  > linalg.norm
  > linalg.matrix_norm
  > linalg.qr
  > linalg.polar
  > linalg.slogdet
  > linalg.vander
  > linalg.vector_norm
  > linalg.lu_factor
  > linalg.lu_factor_ex
  > linalg.lu
  > linalg.lu_solve
  > linalg.inv
  > linalg.inv_ex
  ... 600/678 (66s, 0 flagged)
  > linalg.solve
  > linalg.solve_ex
  > linalg.solve_triangular
  > linalg.matrix_rank
  > linalg.matrix_rank
  > linalg.pinv
  > linalg.pinv
  > linalg.pinv
  > linalg.svd
  > linalg.svdvals
  > linalg.tensorinv
  > linalg.tensorsolve
  > signal.windows.hamming
  > signal.windows.hann
  > signal.windows.bartlett
  > signal.windows.blackman
  > signal.windows.cosine
  > signal.windows.exponential
  > signal.windows.gaussian
  > signal.windows.kaiser
  > signal.windows.general_cosine
  > signal.windows.general_hamming
  > signal.windows.nuttall
  > special.i0e
  > special.i1
  > special.i1e
  > special.ndtr
  > special.polygamma
  > special.xlog1py
  > special.zeta
  > special.entr
  > special.ndtri
  > special.log_ndtr
  > special.erfcx
  > special.airy_ai
  > special.bessel_j0
  > special.bessel_j1
  > special.bessel_y0
  > special.bessel_y1
  > special.chebyshev_polynomial_t
  > special.chebyshev_polynomial_u
  > special.chebyshev_polynomial_v
  > special.chebyshev_polynomial_w
  > special.hermite_polynomial_h
  > special.hermite_polynomial_he
  > special.laguerre_polynomial_l
  > special.legendre_polynomial_p
  > special.modified_bessel_i0
  > special.modified_bessel_i1
  > special.modified_bessel_k0
  ... 650/678 (70s, 0 flagged)
  > special.modified_bessel_k1
  > special.scaled_modified_bessel_k0
  > special.scaled_modified_bessel_k1
  > special.shifted_chebyshev_polynomial_t
  > special.shifted_chebyshev_polynomial_u
  > special.shifted_chebyshev_polynomial_v
  > special.shifted_chebyshev_polynomial_w
  > special.spherical_bessel_j0
  > masked.sum
  > masked.prod
  > masked.cumsum
  > masked.cumprod
  > masked.amax
  > masked.amin
  > masked.argmax
  > masked.argmin
  > masked.mean
  > masked.median
  > masked.norm
  > masked.var
  > masked.std
  > masked.softmax
  > masked.log_softmax
  > masked.softmin
  > masked.normalize
  > masked.logaddexp
  > masked.logsumexp
  > bmm
{"ops": 678, "flagged": 0, "wall_s": 71.9}
