D:\wsl\personal\dr\paper\toxic_compile\plan\scripts\vmap_sweep.py:42: UserWarning: Using torch.cross without specifying the dim arg is deprecated.
Please either pass the dim explicitly or simply use torch.linalg.cross.
The default value of dim will change to agree with that of linalg.cross in a future release. (Triggered internally at C:\actions-runner\_work\pytorch\pytorch\aten\src\ATen\native\Cross.cpp:67.)
  return tuple(outs_of(fn(a, *args, **kwargs)))
C:\Users\clm\AppData\Local\Python\pythoncore-3.14-64\Lib\site-packages\torch\functional.py:680: UserWarning: A window was not provided. A rectangular window will be applied,which is known to cause spectral leakage. Other windows such as torch.hann_window or torch.hamming_window are recommended to reduce spectral leakage.To suppress this warning and use a rectangular window, explicitly set `window=torch.ones(n_fft, device=<device>)`. (Triggered internally at C:\actions-runner\_work\pytorch\pytorch\aten\src\ATen\native\SpectralOps.cpp:860.)
  return _VF.stft(  # type: ignore[attr-defined]
C:\Users\clm\AppData\Local\Python\pythoncore-3.14-64\Lib\site-packages\torch\functional.py:680: UserWarning: There is a performance drop because we have not yet implemented the batching rule for aten::stft. Please file us an issue on GitHub so that we can prioritize its implementation. (Triggered internally at C:\actions-runner\_work\pytorch\pytorch\aten\src\ATen\functorch\BatchedFallback.cpp:85.)
  return _VF.stft(  # type: ignore[attr-defined]
C:\Users\clm\AppData\Local\Python\pythoncore-3.14-64\Lib\site-packages\torch\functional.py:680: UserWarning: There is a performance drop because we have not yet implemented the batching rule for aten::stft. Please file us an issue on GitHub so that we can prioritize its implementation. (Triggered internally at C:\actions-runner\_work\pytorch\pytorch\aten\src\ATen\functorch\BatchedFallback.cpp:85.)
  return _VF.stft(  # type: ignore[attr-defined]
C:\Users\clm\AppData\Local\Python\pythoncore-3.14-64\Lib\site-packages\torch\functional.py:680: UserWarning: There is a performance drop because we have not yet implemented the batching rule for aten::stft. Please file us an issue on GitHub so that we can prioritize its implementation. (Triggered internally at C:\actions-runner\_work\pytorch\pytorch\aten\src\ATen\functorch\BatchedFallback.cpp:85.)
  return _VF.stft(  # type: ignore[attr-defined]
C:\Users\clm\AppData\Local\Python\pythoncore-3.14-64\Lib\site-packages\torch\testing\_internal\common_methods_invocations.py:1251: UserWarning: Sparse CSR tensor support is in beta state. If you miss a functionality in the sparse tensor support, please submit a feature request to https://github.com/pytorch/pytorch/issues. (Triggered internally at C:\actions-runner\_work\pytorch\pytorch\aten\src\ATen\SparseCsrTensorImpl.cpp:51.)
  .to_sparse_csr()
D:\wsl\personal\dr\paper\toxic_compile\plan\scripts\vmap_sweep.py:42: UserWarning: There is a performance drop because we have not yet implemented the batching rule for aten::isin.Tensor_Tensor. Please file us an issue on GitHub so that we can prioritize its implementation. (Triggered internally at C:\actions-runner\_work\pytorch\pytorch\aten\src\ATen\functorch\BatchedFallback.cpp:85.)
  return tuple(outs_of(fn(a, *args, **kwargs)))
C:\Users\clm\AppData\Local\Python\pythoncore-3.14-64\Lib\site-packages\torch\_dynamo\utils.py:4415: UserWarning: There is a performance drop because we have not yet implemented the batching rule for aten::isin.Tensor_Tensor. Please file us an issue on GitHub so that we can prioritize its implementation. (Triggered internally at C:\actions-runner\_work\pytorch\pytorch\aten\src\ATen\functorch\BatchedFallback.cpp:85.)
  return node.target(*args, **kwargs)  # type: ignore[operator]
C:\Users\clm\AppData\Local\Python\pythoncore-3.14-64\Lib\site-packages\torch\fx\interpreter.py:377: UserWarning: There is a performance drop because we have not yet implemented the batching rule for aten::isin.Tensor_Tensor. Please file us an issue on GitHub so that we can prioritize its implementation. (Triggered internally at C:\actions-runner\_work\pytorch\pytorch\aten\src\ATen\functorch\BatchedFallback.cpp:85.)
  return target(*args, **kwargs)
C:\Users\clm\AppData\Local\Python\pythoncore-3.14-64\Lib\site-packages\torch\fx\experimental\proxy_tensor.py:2014: UserWarning: There is a performance drop because we have not yet implemented the batching rule for aten::isin.Tensor_Tensor. Please file us an issue on GitHub so that we can prioritize its implementation. (Triggered internally at C:\actions-runner\_work\pytorch\pytorch\aten\src\ATen\functorch\BatchedFallback.cpp:85.)
  return func(*args, **kwargs)
C:\Users\clm\AppData\Local\Python\pythoncore-3.14-64\Lib\site-packages\torch\functional.py:2208: UserWarning: torch.lu is deprecated in favor of torch.linalg.lu_factor / torch.linalg.lu_factor_ex and will be removed in a future PyTorch release.
LU, pivots = torch.lu(A, compute_pivots)
should be replaced with
LU, pivots = torch.linalg.lu_factor(A, compute_pivots)
and
LU, pivots, info = torch.lu(A, compute_pivots, get_infos=True)
should be replaced with
LU, pivots, info = torch.linalg.lu_factor_ex(A, compute_pivots) (Triggered internally at C:\actions-runner\_work\pytorch\pytorch\aten\src\ATen\native\BatchLinearAlgebra.cpp:2066.)
  return torch._lu_with_info(A, pivot=pivot, check_errors=(not get_infos))
D:\wsl\personal\dr\paper\toxic_compile\plan\scripts\vmap_sweep.py:42: UserWarning: torch.lu_solve is deprecated in favor of torch.linalg.lu_solveand will be removed in a future PyTorch release.
Note that torch.linalg.lu_solve has its arguments reversed.
X = torch.lu_solve(B, LU, pivots)
should be replaced with
X = torch.linalg.lu_solve(LU, pivots, B) (Triggered internally at C:\actions-runner\_work\pytorch\pytorch\aten\src\ATen\native\BatchLinearAlgebra.cpp:2220.)
  return tuple(outs_of(fn(a, *args, **kwargs)))
D:\wsl\personal\dr\paper\toxic_compile\plan\scripts\vmap_sweep.py:42: UserWarning: There is a performance drop because we have not yet implemented the batching rule for aten::lu_solve. Please file us an issue on GitHub so that we can prioritize its implementation. (Triggered internally at C:\actions-runner\_work\pytorch\pytorch\aten\src\ATen\functorch\BatchedFallback.cpp:85.)
  return tuple(outs_of(fn(a, *args, **kwargs)))
C:\Users\clm\AppData\Local\Python\pythoncore-3.14-64\Lib\site-packages\torch\_dynamo\utils.py:4415: UserWarning: There is a performance drop because we have not yet implemented the batching rule for aten::lu_solve. Please file us an issue on GitHub so that we can prioritize its implementation. (Triggered internally at C:\actions-runner\_work\pytorch\pytorch\aten\src\ATen\functorch\BatchedFallback.cpp:85.)
  return node.target(*args, **kwargs)  # type: ignore[operator]
C:\Users\clm\AppData\Local\Python\pythoncore-3.14-64\Lib\site-packages\torch\fx\interpreter.py:377: UserWarning: There is a performance drop because we have not yet implemented the batching rule for aten::lu_solve. Please file us an issue on GitHub so that we can prioritize its implementation. (Triggered internally at C:\actions-runner\_work\pytorch\pytorch\aten\src\ATen\functorch\BatchedFallback.cpp:85.)
  return target(*args, **kwargs)
C:\Users\clm\AppData\Local\Python\pythoncore-3.14-64\Lib\site-packages\torch\fx\experimental\proxy_tensor.py:2014: UserWarning: There is a performance drop because we have not yet implemented the batching rule for aten::lu_solve. Please file us an issue on GitHub so that we can prioritize its implementation. (Triggered internally at C:\actions-runner\_work\pytorch\pytorch\aten\src\ATen\functorch\BatchedFallback.cpp:85.)
  return func(*args, **kwargs)
D:\wsl\personal\dr\paper\toxic_compile\plan\scripts\vmap_sweep.py:42: UserWarning: There is a performance drop because we have not yet implemented the batching rule for aten::masked_scatter. Please file us an issue on GitHub so that we can prioritize its implementation. (Triggered internally at C:\actions-runner\_work\pytorch\pytorch\aten\src\ATen\functorch\BatchedFallback.cpp:85.)
  return tuple(outs_of(fn(a, *args, **kwargs)))
C:\Users\clm\AppData\Local\Python\pythoncore-3.14-64\Lib\site-packages\torch\_dynamo\utils.py:4415: UserWarning: There is a performance drop because we have not yet implemented the batching rule for aten::masked_scatter. Please file us an issue on GitHub so that we can prioritize its implementation. (Triggered internally at C:\actions-runner\_work\pytorch\pytorch\aten\src\ATen\functorch\BatchedFallback.cpp:85.)
  return node.target(*args, **kwargs)  # type: ignore[operator]
C:\Users\clm\AppData\Local\Python\pythoncore-3.14-64\Lib\site-packages\torch\fx\interpreter.py:377: UserWarning: There is a performance drop because we have not yet implemented the batching rule for aten::masked_scatter. Please file us an issue on GitHub so that we can prioritize its implementation. (Triggered internally at C:\actions-runner\_work\pytorch\pytorch\aten\src\ATen\functorch\BatchedFallback.cpp:85.)
  return target(*args, **kwargs)
C:\Users\clm\AppData\Local\Python\pythoncore-3.14-64\Lib\site-packages\torch\fx\experimental\proxy_tensor.py:2014: UserWarning: There is a performance drop because we have not yet implemented the batching rule for aten::masked_scatter. Please file us an issue on GitHub so that we can prioritize its implementation. (Triggered internally at C:\actions-runner\_work\pytorch\pytorch\aten\src\ATen\functorch\BatchedFallback.cpp:85.)
  return func(*args, **kwargs)
C:\Users\clm\AppData\Local\Python\pythoncore-3.14-64\Lib\site-packages\torch\nn\functional.py:5221: UserWarning: There is a performance drop because we have not yet implemented the batching rule for aten::_upsample_nearest_exact1d.vec. Please file us an issue on GitHub so that we can prioritize its implementation. (Triggered internally at C:\actions-runner\_work\pytorch\pytorch\aten\src\ATen\functorch\BatchedFallback.cpp:85.)
  return torch._C._nn._upsample_nearest_exact1d(input, output_size, scale_factors)
C:\Users\clm\AppData\Local\Python\pythoncore-3.14-64\Lib\site-packages\torch\nn\functional.py:5221: UserWarning: There is a performance drop because we have not yet implemented the batching rule for aten::_upsample_nearest_exact1d.vec. Please file us an issue on GitHub so that we can prioritize its implementation. (Triggered internally at C:\actions-runner\_work\pytorch\pytorch\aten\src\ATen\functorch\BatchedFallback.cpp:85.)
  return torch._C._nn._upsample_nearest_exact1d(input, output_size, scale_factors)
C:\Users\clm\AppData\Local\Python\pythoncore-3.14-64\Lib\site-packages\torch\nn\functional.py:5221: UserWarning: There is a performance drop because we have not yet implemented the batching rule for aten::_upsample_nearest_exact1d.vec. Please file us an issue on GitHub so that we can prioritize its implementation. (Triggered internally at C:\actions-runner\_work\pytorch\pytorch\aten\src\ATen\functorch\BatchedFallback.cpp:85.)
  return torch._C._nn._upsample_nearest_exact1d(input, output_size, scale_factors)
D:\wsl\personal\dr\paper\toxic_compile\plan\scripts\vmap_sweep.py:42: UserWarning: `nn.functional.upsample_bilinear` is deprecated. Use `nn.functional.interpolate` instead.
  return tuple(outs_of(fn(a, *args, **kwargs)))
C:\Users\clm\AppData\Local\Python\pythoncore-3.14-64\Lib\site-packages\torch\_dynamo\utils.py:4415: UserWarning: `nn.functional.upsample_bilinear` is deprecated. Use `nn.functional.interpolate` instead.
  return node.target(*args, **kwargs)  # type: ignore[operator]
C:\Users\clm\AppData\Local\Python\pythoncore-3.14-64\Lib\site-packages\torch\fx\interpreter.py:377: UserWarning: `nn.functional.upsample_bilinear` is deprecated. Use `nn.functional.interpolate` instead.
  return target(*args, **kwargs)
C:\Users\clm\AppData\Local\Python\pythoncore-3.14-64\Lib\site-packages\torch\fx\interpreter.py:377: UserWarning: `nn.functional.upsample_bilinear` is deprecated. Use `nn.functional.interpolate` instead.
  return target(*args, **kwargs)
D:\wsl\personal\dr\paper\toxic_compile\plan\scripts\vmap_sweep.py:42: UserWarning: `nn.functional.upsample_nearest` is deprecated. Use `nn.functional.interpolate` instead.
  return tuple(outs_of(fn(a, *args, **kwargs)))
C:\Users\clm\AppData\Local\Python\pythoncore-3.14-64\Lib\site-packages\torch\_dynamo\utils.py:4415: UserWarning: `nn.functional.upsample_nearest` is deprecated. Use `nn.functional.interpolate` instead.
  return node.target(*args, **kwargs)  # type: ignore[operator]
C:\Users\clm\AppData\Local\Python\pythoncore-3.14-64\Lib\site-packages\torch\fx\interpreter.py:377: UserWarning: `nn.functional.upsample_nearest` is deprecated. Use `nn.functional.interpolate` instead.
  return target(*args, **kwargs)
C:\Users\clm\AppData\Local\Python\pythoncore-3.14-64\Lib\site-packages\torch\fx\interpreter.py:377: UserWarning: `nn.functional.upsample_nearest` is deprecated. Use `nn.functional.interpolate` instead.
  return target(*args, **kwargs)
C:\Users\clm\AppData\Local\Python\pythoncore-3.14-64\Lib\site-packages\torch\nn\functional.py:1040: UserWarning: There is a performance drop because we have not yet implemented the batching rule for aten::max_unpool2d. Please file us an issue on GitHub so that we can prioritize its implementation. (Triggered internally at C:\actions-runner\_work\pytorch\pytorch\aten\src\ATen\functorch\BatchedFallback.cpp:85.)
  return torch._C._nn.max_unpool2d(
C:\Users\clm\AppData\Local\Python\pythoncore-3.14-64\Lib\site-packages\torch\nn\functional.py:1040: UserWarning: There is a performance drop because we have not yet implemented the batching rule for aten::max_unpool2d. Please file us an issue on GitHub so that we can prioritize its implementation. (Triggered internally at C:\actions-runner\_work\pytorch\pytorch\aten\src\ATen\functorch\BatchedFallback.cpp:85.)
  return torch._C._nn.max_unpool2d(
C:\Users\clm\AppData\Local\Python\pythoncore-3.14-64\Lib\site-packages\torch\nn\functional.py:1040: UserWarning: There is a performance drop because we have not yet implemented the batching rule for aten::max_unpool2d. Please file us an issue on GitHub so that we can prioritize its implementation. (Triggered internally at C:\actions-runner\_work\pytorch\pytorch\aten\src\ATen\functorch\BatchedFallback.cpp:85.)
  return torch._C._nn.max_unpool2d(
C:\Users\clm\AppData\Local\Python\pythoncore-3.14-64\Lib\site-packages\torch\nn\functional.py:1040: UserWarning: There is a performance drop because we have not yet implemented the batching rule for aten::max_unpool2d. Please file us an issue on GitHub so that we can prioritize its implementation. (Triggered internally at C:\actions-runner\_work\pytorch\pytorch\aten\src\ATen\functorch\BatchedFallback.cpp:85.)
  return torch._C._nn.max_unpool2d(
C:\Users\clm\AppData\Local\Python\pythoncore-3.14-64\Lib\site-packages\torch\nn\functional.py:1040: UserWarning: There is a performance drop because we have not yet implemented the batching rule for aten::max_unpool2d. Please file us an issue on GitHub so that we can prioritize its implementation. (Triggered internally at C:\actions-runner\_work\pytorch\pytorch\aten\src\ATen\functorch\BatchedFallback.cpp:85.)
  return torch._C._nn.max_unpool2d(
C:\Users\clm\AppData\Local\Python\pythoncore-3.14-64\Lib\site-packages\torch\nn\functional.py:1040: UserWarning: There is a performance drop because we have not yet implemented the batching rule for aten::max_unpool2d. Please file us an issue on GitHub so that we can prioritize its implementation. (Triggered internally at C:\actions-runner\_work\pytorch\pytorch\aten\src\ATen\functorch\BatchedFallback.cpp:85.)
  return torch._C._nn.max_unpool2d(
C:\Users\clm\AppData\Local\Python\pythoncore-3.14-64\Lib\site-packages\torch\nn\functional.py:1075: UserWarning: There is a performance drop because we have not yet implemented the batching rule for aten::max_unpool2d. Please file us an issue on GitHub so that we can prioritize its implementation. (Triggered internally at C:\actions-runner\_work\pytorch\pytorch\aten\src\ATen\functorch\BatchedFallback.cpp:85.)
  return torch._C._nn.max_unpool2d(input, indices, output_size)
C:\Users\clm\AppData\Local\Python\pythoncore-3.14-64\Lib\site-packages\torch\nn\functional.py:1075: UserWarning: There is a performance drop because we have not yet implemented the batching rule for aten::max_unpool2d. Please file us an issue on GitHub so that we can prioritize its implementation. (Triggered internally at C:\actions-runner\_work\pytorch\pytorch\aten\src\ATen\functorch\BatchedFallback.cpp:85.)
  return torch._C._nn.max_unpool2d(input, indices, output_size)
C:\Users\clm\AppData\Local\Python\pythoncore-3.14-64\Lib\site-packages\torch\nn\functional.py:1075: UserWarning: There is a performance drop because we have not yet implemented the batching rule for aten::max_unpool2d. Please file us an issue on GitHub so that we can prioritize its implementation. (Triggered internally at C:\actions-runner\_work\pytorch\pytorch\aten\src\ATen\functorch\BatchedFallback.cpp:85.)
  return torch._C._nn.max_unpool2d(input, indices, output_size)
C:\Users\clm\AppData\Local\Python\pythoncore-3.14-64\Lib\site-packages\torch\nn\functional.py:1075: UserWarning: There is a performance drop because we have not yet implemented the batching rule for aten::max_unpool2d. Please file us an issue on GitHub so that we can prioritize its implementation. (Triggered internally at C:\actions-runner\_work\pytorch\pytorch\aten\src\ATen\functorch\BatchedFallback.cpp:85.)
  return torch._C._nn.max_unpool2d(input, indices, output_size)
C:\Users\clm\AppData\Local\Python\pythoncore-3.14-64\Lib\site-packages\torch\nn\functional.py:1075: UserWarning: There is a performance drop because we have not yet implemented the batching rule for aten::max_unpool2d. Please file us an issue on GitHub so that we can prioritize its implementation. (Triggered internally at C:\actions-runner\_work\pytorch\pytorch\aten\src\ATen\functorch\BatchedFallback.cpp:85.)
  return torch._C._nn.max_unpool2d(input, indices, output_size)
C:\Users\clm\AppData\Local\Python\pythoncore-3.14-64\Lib\site-packages\torch\nn\functional.py:1075: UserWarning: There is a performance drop because we have not yet implemented the batching rule for aten::max_unpool2d. Please file us an issue on GitHub so that we can prioritize its implementation. (Triggered internally at C:\actions-runner\_work\pytorch\pytorch\aten\src\ATen\functorch\BatchedFallback.cpp:85.)
  return torch._C._nn.max_unpool2d(input, indices, output_size)
C:\Users\clm\AppData\Local\Python\pythoncore-3.14-64\Lib\site-packages\torch\nn\functional.py:1108: UserWarning: There is a performance drop because we have not yet implemented the batching rule for aten::max_unpool3d. Please file us an issue on GitHub so that we can prioritize its implementation. (Triggered internally at C:\actions-runner\_work\pytorch\pytorch\aten\src\ATen\functorch\BatchedFallback.cpp:85.)
  return torch._C._nn.max_unpool3d(input, indices, output_size, _stride, padding)
C:\Users\clm\AppData\Local\Python\pythoncore-3.14-64\Lib\site-packages\torch\nn\functional.py:1108: UserWarning: There is a performance drop because we have not yet implemented the batching rule for aten::max_unpool3d. Please file us an issue on GitHub so that we can prioritize its implementation. (Triggered internally at C:\actions-runner\_work\pytorch\pytorch\aten\src\ATen\functorch\BatchedFallback.cpp:85.)
  return torch._C._nn.max_unpool3d(input, indices, output_size, _stride, padding)
C:\Users\clm\AppData\Local\Python\pythoncore-3.14-64\Lib\site-packages\torch\nn\functional.py:1108: UserWarning: There is a performance drop because we have not yet implemented the batching rule for aten::max_unpool3d. Please file us an issue on GitHub so that we can prioritize its implementation. (Triggered internally at C:\actions-runner\_work\pytorch\pytorch\aten\src\ATen\functorch\BatchedFallback.cpp:85.)
  return torch._C._nn.max_unpool3d(input, indices, output_size, _stride, padding)
C:\Users\clm\AppData\Local\Python\pythoncore-3.14-64\Lib\site-packages\torch\nn\functional.py:1108: UserWarning: There is a performance drop because we have not yet implemented the batching rule for aten::max_unpool3d. Please file us an issue on GitHub so that we can prioritize its implementation. (Triggered internally at C:\actions-runner\_work\pytorch\pytorch\aten\src\ATen\functorch\BatchedFallback.cpp:85.)
  return torch._C._nn.max_unpool3d(input, indices, output_size, _stride, padding)
C:\Users\clm\AppData\Local\Python\pythoncore-3.14-64\Lib\site-packages\torch\nn\functional.py:1108: UserWarning: There is a performance drop because we have not yet implemented the batching rule for aten::max_unpool3d. Please file us an issue on GitHub so that we can prioritize its implementation. (Triggered internally at C:\actions-runner\_work\pytorch\pytorch\aten\src\ATen\functorch\BatchedFallback.cpp:85.)
  return torch._C._nn.max_unpool3d(input, indices, output_size, _stride, padding)
C:\Users\clm\AppData\Local\Python\pythoncore-3.14-64\Lib\site-packages\torch\nn\functional.py:1108: UserWarning: There is a performance drop because we have not yet implemented the batching rule for aten::max_unpool3d. Please file us an issue on GitHub so that we can prioritize its implementation. (Triggered internally at C:\actions-runner\_work\pytorch\pytorch\aten\src\ATen\functorch\BatchedFallback.cpp:85.)
  return torch._C._nn.max_unpool3d(input, indices, output_size, _stride, padding)
D:\wsl\personal\dr\paper\toxic_compile\plan\scripts\vmap_sweep.py:42: UserWarning: There is a performance drop because we have not yet implemented the batching rule for aten::bilinear. Please file us an issue on GitHub so that we can prioritize its implementation. (Triggered internally at C:\actions-runner\_work\pytorch\pytorch\aten\src\ATen\functorch\BatchedFallback.cpp:85.)
  return tuple(outs_of(fn(a, *args, **kwargs)))
C:\Users\clm\AppData\Local\Python\pythoncore-3.14-64\Lib\site-packages\torch\_dynamo\utils.py:4415: UserWarning: There is a performance drop because we have not yet implemented the batching rule for aten::bilinear. Please file us an issue on GitHub so that we can prioritize its implementation. (Triggered internally at C:\actions-runner\_work\pytorch\pytorch\aten\src\ATen\functorch\BatchedFallback.cpp:85.)
  return node.target(*args, **kwargs)  # type: ignore[operator]
C:\Users\clm\AppData\Local\Python\pythoncore-3.14-64\Lib\site-packages\torch\fx\interpreter.py:377: UserWarning: There is a performance drop because we have not yet implemented the batching rule for aten::bilinear. Please file us an issue on GitHub so that we can prioritize its implementation. (Triggered internally at C:\actions-runner\_work\pytorch\pytorch\aten\src\ATen\functorch\BatchedFallback.cpp:85.)
  return target(*args, **kwargs)
C:\Users\clm\AppData\Local\Python\pythoncore-3.14-64\Lib\site-packages\torch\fx\experimental\proxy_tensor.py:2014: UserWarning: There is a performance drop because we have not yet implemented the batching rule for aten::bilinear. Please file us an issue on GitHub so that we can prioritize its implementation. (Triggered internally at C:\actions-runner\_work\pytorch\pytorch\aten\src\ATen\functorch\BatchedFallback.cpp:85.)
  return func(*args, **kwargs)
C:\Users\clm\AppData\Local\Python\pythoncore-3.14-64\Lib\site-packages\torch\testing\_utils.py:18: UserWarning: There is a performance drop because we have not yet implemented the batching rule for aten::_scaled_dot_product_flash_attention_for_cpu. Please file us an issue on GitHub so that we can prioritize its implementation. (Triggered internally at C:\actions-runner\_work\pytorch\pytorch\aten\src\ATen\functorch\BatchedFallback.cpp:85.)
  output = op(*args, **kwargs)
[W913 13:31:42.000000000 BatchedFallback.cpp:85] Warning: There is a performance drop because we have not yet implemented the batching rule for aten::_scaled_dot_product_flash_attention_for_cpu. Please file us an issue on GitHub so that we can prioritize its implementation. (function warnFallback)
[W913 13:31:42.000000000 BatchedFallback.cpp:85] Warning: There is a performance drop because we have not yet implemented the batching rule for aten::_scaled_dot_product_flash_attention_for_cpu. Please file us an issue on GitHub so that we can prioritize its implementation. (function warnFallback)
[W913 13:31:42.000000000 BatchedFallback.cpp:85] Warning: There is a performance drop because we have not yet implemented the batching rule for aten::_scaled_dot_product_flash_attention_for_cpu. Please file us an issue on GitHub so that we can prioritize its implementation. (function warnFallback)
[W913 13:31:42.000000000 BatchedFallback.cpp:85] Warning: There is a performance drop because we have not yet implemented the batching rule for aten::_scaled_dot_product_flash_attention_for_cpu. Please file us an issue on GitHub so that we can prioritize its implementation. (function warnFallback)
C:\Users\clm\AppData\Local\Python\pythoncore-3.14-64\Lib\site-packages\torch\nn\functional.py:6014: UserWarning: There is a performance drop because we have not yet implemented the batching rule for aten::triplet_margin_loss. Please file us an issue on GitHub so that we can prioritize its implementation. (Triggered internally at C:\actions-runner\_work\pytorch\pytorch\aten\src\ATen\functorch\BatchedFallback.cpp:85.)
  return torch.triplet_margin_loss(
C:\Users\clm\AppData\Local\Python\pythoncore-3.14-64\Lib\site-packages\torch\nn\functional.py:6014: UserWarning: There is a performance drop because we have not yet implemented the batching rule for aten::triplet_margin_loss. Please file us an issue on GitHub so that we can prioritize its implementation. (Triggered internally at C:\actions-runner\_work\pytorch\pytorch\aten\src\ATen\functorch\BatchedFallback.cpp:85.)
  return torch.triplet_margin_loss(
C:\Users\clm\AppData\Local\Python\pythoncore-3.14-64\Lib\site-packages\torch\nn\functional.py:6014: UserWarning: There is a performance drop because we have not yet implemented the batching rule for aten::triplet_margin_loss. Please file us an issue on GitHub so that we can prioritize its implementation. (Triggered internally at C:\actions-runner\_work\pytorch\pytorch\aten\src\ATen\functorch\BatchedFallback.cpp:85.)
  return torch.triplet_margin_loss(
D:\wsl\personal\dr\paper\toxic_compile\plan\scripts\vmap_sweep.py:42: UserWarning: There is a performance drop because we have not yet implemented the batching rule for aten::ormqr. Please file us an issue on GitHub so that we can prioritize its implementation. (Triggered internally at C:\actions-runner\_work\pytorch\pytorch\aten\src\ATen\functorch\BatchedFallback.cpp:85.)
  return tuple(outs_of(fn(a, *args, **kwargs)))
C:\Users\clm\AppData\Local\Python\pythoncore-3.14-64\Lib\site-packages\torch\_dynamo\utils.py:4415: UserWarning: There is a performance drop because we have not yet implemented the batching rule for aten::ormqr. Please file us an issue on GitHub so that we can prioritize its implementation. (Triggered internally at C:\actions-runner\_work\pytorch\pytorch\aten\src\ATen\functorch\BatchedFallback.cpp:85.)
  return node.target(*args, **kwargs)  # type: ignore[operator]
C:\Users\clm\AppData\Local\Python\pythoncore-3.14-64\Lib\site-packages\torch\fx\interpreter.py:377: UserWarning: There is a performance drop because we have not yet implemented the batching rule for aten::ormqr. Please file us an issue on GitHub so that we can prioritize its implementation. (Triggered internally at C:\actions-runner\_work\pytorch\pytorch\aten\src\ATen\functorch\BatchedFallback.cpp:85.)
  return target(*args, **kwargs)
C:\Users\clm\AppData\Local\Python\pythoncore-3.14-64\Lib\site-packages\torch\fx\experimental\proxy_tensor.py:2014: UserWarning: There is a performance drop because we have not yet implemented the batching rule for aten::ormqr. Please file us an issue on GitHub so that we can prioritize its implementation. (Triggered internally at C:\actions-runner\_work\pytorch\pytorch\aten\src\ATen\functorch\BatchedFallback.cpp:85.)
  return func(*args, **kwargs)
D:\wsl\personal\dr\paper\toxic_compile\plan\scripts\vmap_sweep.py:42: UserWarning: torch.triangular_solve is deprecated in favor of torch.linalg.solve_triangularand will be removed in a future PyTorch release.
torch.linalg.solve_triangular has its arguments reversed and does not return a copy of one of the inputs.
X = torch.triangular_solve(B, A).solution
should be replaced with
X = torch.linalg.solve_triangular(A, B). (Triggered internally at C:\actions-runner\_work\pytorch\pytorch\aten\src\ATen\native\BatchLinearAlgebra.cpp:2262.)
  return tuple(outs_of(fn(a, *args, **kwargs)))
D:\wsl\personal\dr\paper\toxic_compile\plan\scripts\vmap_sweep.py:42: UserWarning: There is a performance drop because we have not yet implemented the batching rule for aten::put. Please file us an issue on GitHub so that we can prioritize its implementation. (Triggered internally at C:\actions-runner\_work\pytorch\pytorch\aten\src\ATen\functorch\BatchedFallback.cpp:85.)
  return tuple(outs_of(fn(a, *args, **kwargs)))
C:\Users\clm\AppData\Local\Python\pythoncore-3.14-64\Lib\site-packages\torch\_dynamo\utils.py:4415: UserWarning: There is a performance drop because we have not yet implemented the batching rule for aten::put. Please file us an issue on GitHub so that we can prioritize its implementation. (Triggered internally at C:\actions-runner\_work\pytorch\pytorch\aten\src\ATen\functorch\BatchedFallback.cpp:85.)
  return node.target(*args, **kwargs)  # type: ignore[operator]
C:\Users\clm\AppData\Local\Python\pythoncore-3.14-64\Lib\site-packages\torch\fx\interpreter.py:377: UserWarning: There is a performance drop because we have not yet implemented the batching rule for aten::put. Please file us an issue on GitHub so that we can prioritize its implementation. (Triggered internally at C:\actions-runner\_work\pytorch\pytorch\aten\src\ATen\functorch\BatchedFallback.cpp:85.)
  return target(*args, **kwargs)
C:\Users\clm\AppData\Local\Python\pythoncore-3.14-64\Lib\site-packages\torch\fx\experimental\proxy_tensor.py:2014: UserWarning: There is a performance drop because we have not yet implemented the batching rule for aten::put. Please file us an issue on GitHub so that we can prioritize its implementation. (Triggered internally at C:\actions-runner\_work\pytorch\pytorch\aten\src\ATen\functorch\BatchedFallback.cpp:85.)
  return func(*args, **kwargs)
D:\wsl\personal\dr\paper\toxic_compile\plan\scripts\vmap_sweep.py:42: UserWarning: There is a performance drop because we have not yet implemented the batching rule for aten::take. Please file us an issue on GitHub so that we can prioritize its implementation. (Triggered internally at C:\actions-runner\_work\pytorch\pytorch\aten\src\ATen\functorch\BatchedFallback.cpp:85.)
  return tuple(outs_of(fn(a, *args, **kwargs)))
C:\Users\clm\AppData\Local\Python\pythoncore-3.14-64\Lib\site-packages\torch\_dynamo\utils.py:4415: UserWarning: There is a performance drop because we have not yet implemented the batching rule for aten::take. Please file us an issue on GitHub so that we can prioritize its implementation. (Triggered internally at C:\actions-runner\_work\pytorch\pytorch\aten\src\ATen\functorch\BatchedFallback.cpp:85.)
  return node.target(*args, **kwargs)  # type: ignore[operator]
C:\Users\clm\AppData\Local\Python\pythoncore-3.14-64\Lib\site-packages\torch\fx\interpreter.py:377: UserWarning: There is a performance drop because we have not yet implemented the batching rule for aten::take. Please file us an issue on GitHub so that we can prioritize its implementation. (Triggered internally at C:\actions-runner\_work\pytorch\pytorch\aten\src\ATen\functorch\BatchedFallback.cpp:85.)
  return target(*args, **kwargs)
C:\Users\clm\AppData\Local\Python\pythoncore-3.14-64\Lib\site-packages\torch\fx\experimental\proxy_tensor.py:2014: UserWarning: There is a performance drop because we have not yet implemented the batching rule for aten::take. Please file us an issue on GitHub so that we can prioritize its implementation. (Triggered internally at C:\actions-runner\_work\pytorch\pytorch\aten\src\ATen\functorch\BatchedFallback.cpp:85.)
  return func(*args, **kwargs)
D:\wsl\personal\dr\paper\toxic_compile\plan\scripts\vmap_sweep.py:42: UserWarning: There is a performance drop because we have not yet implemented the batching rule for aten::renorm. Please file us an issue on GitHub so that we can prioritize its implementation. (Triggered internally at C:\actions-runner\_work\pytorch\pytorch\aten\src\ATen\functorch\BatchedFallback.cpp:85.)
  return tuple(outs_of(fn(a, *args, **kwargs)))
C:\Users\clm\AppData\Local\Python\pythoncore-3.14-64\Lib\site-packages\torch\_dynamo\utils.py:4415: UserWarning: There is a performance drop because we have not yet implemented the batching rule for aten::renorm. Please file us an issue on GitHub so that we can prioritize its implementation. (Triggered internally at C:\actions-runner\_work\pytorch\pytorch\aten\src\ATen\functorch\BatchedFallback.cpp:85.)
  return node.target(*args, **kwargs)  # type: ignore[operator]
C:\Users\clm\AppData\Local\Python\pythoncore-3.14-64\Lib\site-packages\torch\fx\interpreter.py:377: UserWarning: There is a performance drop because we have not yet implemented the batching rule for aten::renorm. Please file us an issue on GitHub so that we can prioritize its implementation. (Triggered internally at C:\actions-runner\_work\pytorch\pytorch\aten\src\ATen\functorch\BatchedFallback.cpp:85.)
  return target(*args, **kwargs)
C:\Users\clm\AppData\Local\Python\pythoncore-3.14-64\Lib\site-packages\torch\fx\experimental\proxy_tensor.py:2014: UserWarning: There is a performance drop because we have not yet implemented the batching rule for aten::renorm. Please file us an issue on GitHub so that we can prioritize its implementation. (Triggered internally at C:\actions-runner\_work\pytorch\pytorch\aten\src\ATen\functorch\BatchedFallback.cpp:85.)
  return func(*args, **kwargs)
C:\Users\clm\AppData\Local\Python\pythoncore-3.14-64\Lib\site-packages\torch\testing\_internal\common_methods_invocations.py:20739: UserWarning: There is a performance drop because we have not yet implemented the batching rule for aten::resize_as_. Please file us an issue on GitHub so that we can prioritize its implementation. (Triggered internally at C:\actions-runner\_work\pytorch\pytorch\aten\src\ATen\functorch\BatchedFallback.cpp:85.)
  op=lambda x, other: torch.resize_as_(x.clone(), other),
C:\Users\clm\AppData\Local\Python\pythoncore-3.14-64\Lib\site-packages\torch\_dynamo\variables\functions.py:2604: UserWarning: Dynamo does not know how to trace the builtin `torch._VariableFunctionsClass.resize_as_.` This function is either a Python builtin (e.g. _warnings.warn) or a third-party C/C++ Python extension (perhaps created with pybind).
If it is a Python builtin, please file an issue on GitHub so the PyTorch team can add support for it and see the next case for a workaround.
If it is a third-party C/C++ Python extension, please either wrap it into a PyTorch-understood custom operator (see https://pytorch.org/tutorials/advanced/custom_ops_landing_page.html for more details) or, if it is traceable, use `torch.compiler.allow_in_graph`.
  torch._dynamo.utils.warn_once(explanation + "\n" + "\n".join(hints))
C:\Users\clm\AppData\Local\Python\pythoncore-3.14-64\Lib\site-packages\torch\testing\_internal\common_methods_invocations.py:21067: UserWarning: There is a performance drop because we have not yet implemented the batching rule for aten::to_sparse. Please file us an issue on GitHub so that we can prioritize its implementation. (Triggered internally at C:\actions-runner\_work\pytorch\pytorch\aten\src\ATen\functorch\BatchedFallback.cpp:85.)
  op=lambda x, *args: x.to_sparse(*args),
C:\Users\clm\AppData\Local\Python\pythoncore-3.14-64\Lib\site-packages\torch\testing\_utils.py:18: UserWarning: dropout2d: Received a 3D input to dropout2d and assuming that channel-wise 1D dropout behavior is desired - input is interpreted as shape (N, C, L), where C is the channel dim. This behavior will change in a future release to interpret the input as one without a batch dimension, i.e. shape (C, H, W). To maintain the 1D channel-wise dropout behavior, please switch to using dropout1d instead.
  output = op(*args, **kwargs)
C:\Users\clm\AppData\Local\Python\pythoncore-3.14-64\Lib\site-packages\torch\nn\functional.py:2828: UserWarning: There is a performance drop because we have not yet implemented the batching rule for aten::embedding_bag.padding_idx. Please file us an issue on GitHub so that we can prioritize its implementation. (Triggered internally at C:\actions-runner\_work\pytorch\pytorch\aten\src\ATen\functorch\BatchedFallback.cpp:85.)
  ret, _, _, _ = torch.embedding_bag(
C:\Users\clm\AppData\Local\Python\pythoncore-3.14-64\Lib\site-packages\torch\nn\functional.py:2828: UserWarning: There is a performance drop because we have not yet implemented the batching rule for aten::embedding_bag.padding_idx. Please file us an issue on GitHub so that we can prioritize its implementation. (Triggered internally at C:\actions-runner\_work\pytorch\pytorch\aten\src\ATen\functorch\BatchedFallback.cpp:85.)
  ret, _, _, _ = torch.embedding_bag(
C:\Users\clm\AppData\Local\Python\pythoncore-3.14-64\Lib\site-packages\torch\nn\functional.py:2828: UserWarning: There is a performance drop because we have not yet implemented the batching rule for aten::embedding_bag.padding_idx. Please file us an issue on GitHub so that we can prioritize its implementation. (Triggered internally at C:\actions-runner\_work\pytorch\pytorch\aten\src\ATen\functorch\BatchedFallback.cpp:85.)
  ret, _, _, _ = torch.embedding_bag(
D:\wsl\personal\dr\paper\toxic_compile\plan\scripts\vmap_sweep.py:42: UserWarning: There is a performance drop because we have not yet implemented the batching rule for aten::argwhere. Please file us an issue on GitHub so that we can prioritize its implementation. (Triggered internally at C:\actions-runner\_work\pytorch\pytorch\aten\src\ATen\functorch\BatchedFallback.cpp:85.)
  return tuple(outs_of(fn(a, *args, **kwargs)))
C:\Users\clm\AppData\Local\Python\pythoncore-3.14-64\Lib\site-packages\torch\_dynamo\utils.py:4415: UserWarning: There is a performance drop because we have not yet implemented the batching rule for aten::argwhere. Please file us an issue on GitHub so that we can prioritize its implementation. (Triggered internally at C:\actions-runner\_work\pytorch\pytorch\aten\src\ATen\functorch\BatchedFallback.cpp:85.)
  return node.target(*args, **kwargs)  # type: ignore[operator]
C:\Users\clm\AppData\Local\Python\pythoncore-3.14-64\Lib\site-packages\torch\nn\functional.py:3165: UserWarning: There is a performance drop because we have not yet implemented the batching rule for aten::ctc_loss.IntList. Please file us an issue on GitHub so that we can prioritize its implementation. (Triggered internally at C:\actions-runner\_work\pytorch\pytorch\aten\src\ATen\functorch\BatchedFallback.cpp:85.)
  return torch.ctc_loss(
D:\wsl\personal\dr\paper\toxic_compile\plan\scripts\vmap_sweep.py:42: UserWarning: There is a performance drop because we have not yet implemented the batching rule for aten::pdist. Please file us an issue on GitHub so that we can prioritize its implementation. (Triggered internally at C:\actions-runner\_work\pytorch\pytorch\aten\src\ATen\functorch\BatchedFallback.cpp:85.)
  return tuple(outs_of(fn(a, *args, **kwargs)))
C:\Users\clm\AppData\Local\Python\pythoncore-3.14-64\Lib\site-packages\torch\_dynamo\utils.py:4415: UserWarning: There is a performance drop because we have not yet implemented the batching rule for aten::pdist. Please file us an issue on GitHub so that we can prioritize its implementation. (Triggered internally at C:\actions-runner\_work\pytorch\pytorch\aten\src\ATen\functorch\BatchedFallback.cpp:85.)
  return node.target(*args, **kwargs)  # type: ignore[operator]
C:\Users\clm\AppData\Local\Python\pythoncore-3.14-64\Lib\site-packages\torch\fx\interpreter.py:377: UserWarning: There is a performance drop because we have not yet implemented the batching rule for aten::pdist. Please file us an issue on GitHub so that we can prioritize its implementation. (Triggered internally at C:\actions-runner\_work\pytorch\pytorch\aten\src\ATen\functorch\BatchedFallback.cpp:85.)
  return target(*args, **kwargs)
C:\Users\clm\AppData\Local\Python\pythoncore-3.14-64\Lib\site-packages\torch\fx\experimental\proxy_tensor.py:2014: UserWarning: There is a performance drop because we have not yet implemented the batching rule for aten::pdist. Please file us an issue on GitHub so that we can prioritize its implementation. (Triggered internally at C:\actions-runner\_work\pytorch\pytorch\aten\src\ATen\functorch\BatchedFallback.cpp:85.)
  return func(*args, **kwargs)
C:\Users\clm\AppData\Local\Python\pythoncore-3.14-64\Lib\site-packages\torch\nn\functional.py:3470: UserWarning: There is a performance drop because we have not yet implemented the batching rule for aten::kl_div. Please file us an issue on GitHub so that we can prioritize its implementation. (Triggered internally at C:\actions-runner\_work\pytorch\pytorch\aten\src\ATen\functorch\BatchedFallback.cpp:85.)
  reduced = torch.kl_div(input, target, reduction_enum, log_target=log_target)
C:\Users\clm\AppData\Local\Python\pythoncore-3.14-64\Lib\site-packages\torch\nn\functional.py:3470: UserWarning: There is a performance drop because we have not yet implemented the batching rule for aten::kl_div. Please file us an issue on GitHub so that we can prioritize its implementation. (Triggered internally at C:\actions-runner\_work\pytorch\pytorch\aten\src\ATen\functorch\BatchedFallback.cpp:85.)
  reduced = torch.kl_div(input, target, reduction_enum, log_target=log_target)
C:\Users\clm\AppData\Local\Python\pythoncore-3.14-64\Lib\site-packages\torch\nn\functional.py:3470: UserWarning: There is a performance drop because we have not yet implemented the batching rule for aten::kl_div. Please file us an issue on GitHub so that we can prioritize its implementation. (Triggered internally at C:\actions-runner\_work\pytorch\pytorch\aten\src\ATen\functorch\BatchedFallback.cpp:85.)
  reduced = torch.kl_div(input, target, reduction_enum, log_target=log_target)
D:\wsl\personal\dr\paper\toxic_compile\plan\scripts\vmap_sweep.py:42: UserWarning: There is a performance drop because we have not yet implemented the batching rule for aten::segment_reduce. Please file us an issue on GitHub so that we can prioritize its implementation. (Triggered internally at C:\actions-runner\_work\pytorch\pytorch\aten\src\ATen\functorch\BatchedFallback.cpp:85.)
  return tuple(outs_of(fn(a, *args, **kwargs)))
C:\Users\clm\AppData\Local\Python\pythoncore-3.14-64\Lib\site-packages\torch\_dynamo\utils.py:4415: UserWarning: There is a performance drop because we have not yet implemented the batching rule for aten::segment_reduce. Please file us an issue on GitHub so that we can prioritize its implementation. (Triggered internally at C:\actions-runner\_work\pytorch\pytorch\aten\src\ATen\functorch\BatchedFallback.cpp:85.)
  return node.target(*args, **kwargs)  # type: ignore[operator]
C:\Users\clm\AppData\Local\Python\pythoncore-3.14-64\Lib\site-packages\torch\fx\interpreter.py:377: UserWarning: There is a performance drop because we have not yet implemented the batching rule for aten::segment_reduce. Please file us an issue on GitHub so that we can prioritize its implementation. (Triggered internally at C:\actions-runner\_work\pytorch\pytorch\aten\src\ATen\functorch\BatchedFallback.cpp:85.)
  return target(*args, **kwargs)
C:\Users\clm\AppData\Local\Python\pythoncore-3.14-64\Lib\site-packages\torch\fx\experimental\proxy_tensor.py:2014: UserWarning: There is a performance drop because we have not yet implemented the batching rule for aten::segment_reduce. Please file us an issue on GitHub so that we can prioritize its implementation. (Triggered internally at C:\actions-runner\_work\pytorch\pytorch\aten\src\ATen\functorch\BatchedFallback.cpp:85.)
  return func(*args, **kwargs)
D:\wsl\personal\dr\paper\toxic_compile\plan\scripts\vmap_sweep.py:42: UserWarning: There is a performance drop because we have not yet implemented the batching rule for aten::segment_reduce. Please file us an issue on GitHub so that we can prioritize its implementation. (Triggered internally at C:\actions-runner\_work\pytorch\pytorch\aten\src\ATen\functorch\BatchedFallback.cpp:85.)
  return tuple(outs_of(fn(a, *args, **kwargs)))
C:\Users\clm\AppData\Local\Python\pythoncore-3.14-64\Lib\site-packages\torch\_dynamo\utils.py:4415: UserWarning: There is a performance drop because we have not yet implemented the batching rule for aten::segment_reduce. Please file us an issue on GitHub so that we can prioritize its implementation. (Triggered internally at C:\actions-runner\_work\pytorch\pytorch\aten\src\ATen\functorch\BatchedFallback.cpp:85.)
  return node.target(*args, **kwargs)  # type: ignore[operator]
C:\Users\clm\AppData\Local\Python\pythoncore-3.14-64\Lib\site-packages\torch\fx\interpreter.py:377: UserWarning: There is a performance drop because we have not yet implemented the batching rule for aten::segment_reduce. Please file us an issue on GitHub so that we can prioritize its implementation. (Triggered internally at C:\actions-runner\_work\pytorch\pytorch\aten\src\ATen\functorch\BatchedFallback.cpp:85.)
  return target(*args, **kwargs)
C:\Users\clm\AppData\Local\Python\pythoncore-3.14-64\Lib\site-packages\torch\fx\experimental\proxy_tensor.py:2014: UserWarning: There is a performance drop because we have not yet implemented the batching rule for aten::segment_reduce. Please file us an issue on GitHub so that we can prioritize its implementation. (Triggered internally at C:\actions-runner\_work\pytorch\pytorch\aten\src\ATen\functorch\BatchedFallback.cpp:85.)
  return func(*args, **kwargs)
D:\wsl\personal\dr\paper\toxic_compile\plan\scripts\vmap_sweep.py:42: UserWarning: There is a performance drop because we have not yet implemented the batching rule for aten::fft_ihfft2. Please file us an issue on GitHub so that we can prioritize its implementation. (Triggered internally at C:\actions-runner\_work\pytorch\pytorch\aten\src\ATen\functorch\BatchedFallback.cpp:85.)
  return tuple(outs_of(fn(a, *args, **kwargs)))
C:\Users\clm\AppData\Local\Python\pythoncore-3.14-64\Lib\site-packages\torch\_dynamo\utils.py:4415: UserWarning: There is a performance drop because we have not yet implemented the batching rule for aten::fft_ihfft2. Please file us an issue on GitHub so that we can prioritize its implementation. (Triggered internally at C:\actions-runner\_work\pytorch\pytorch\aten\src\ATen\functorch\BatchedFallback.cpp:85.)
  return node.target(*args, **kwargs)  # type: ignore[operator]
C:\Users\clm\AppData\Local\Python\pythoncore-3.14-64\Lib\site-packages\torch\fx\interpreter.py:377: UserWarning: There is a performance drop because we have not yet implemented the batching rule for aten::fft_ihfft2. Please file us an issue on GitHub so that we can prioritize its implementation. (Triggered internally at C:\actions-runner\_work\pytorch\pytorch\aten\src\ATen\functorch\BatchedFallback.cpp:85.)
  return target(*args, **kwargs)
C:\Users\clm\AppData\Local\Python\pythoncore-3.14-64\Lib\site-packages\torch\fx\experimental\proxy_tensor.py:2014: UserWarning: There is a performance drop because we have not yet implemented the batching rule for aten::fft_ihfft2. Please file us an issue on GitHub so that we can prioritize its implementation. (Triggered internally at C:\actions-runner\_work\pytorch\pytorch\aten\src\ATen\functorch\BatchedFallback.cpp:85.)
  return func(*args, **kwargs)
D:\wsl\personal\dr\paper\toxic_compile\plan\scripts\vmap_sweep.py:42: UserWarning: There is a performance drop because we have not yet implemented the batching rule for aten::fft_ihfftn. Please file us an issue on GitHub so that we can prioritize its implementation. (Triggered internally at C:\actions-runner\_work\pytorch\pytorch\aten\src\ATen\functorch\BatchedFallback.cpp:85.)
  return tuple(outs_of(fn(a, *args, **kwargs)))
C:\Users\clm\AppData\Local\Python\pythoncore-3.14-64\Lib\site-packages\torch\_dynamo\utils.py:4415: UserWarning: There is a performance drop because we have not yet implemented the batching rule for aten::fft_ihfftn. Please file us an issue on GitHub so that we can prioritize its implementation. (Triggered internally at C:\actions-runner\_work\pytorch\pytorch\aten\src\ATen\functorch\BatchedFallback.cpp:85.)
  return node.target(*args, **kwargs)  # type: ignore[operator]
C:\Users\clm\AppData\Local\Python\pythoncore-3.14-64\Lib\site-packages\torch\fx\interpreter.py:377: UserWarning: There is a performance drop because we have not yet implemented the batching rule for aten::fft_ihfftn. Please file us an issue on GitHub so that we can prioritize its implementation. (Triggered internally at C:\actions-runner\_work\pytorch\pytorch\aten\src\ATen\functorch\BatchedFallback.cpp:85.)
  return target(*args, **kwargs)
C:\Users\clm\AppData\Local\Python\pythoncore-3.14-64\Lib\site-packages\torch\fx\experimental\proxy_tensor.py:2014: UserWarning: There is a performance drop because we have not yet implemented the batching rule for aten::fft_ihfftn. Please file us an issue on GitHub so that we can prioritize its implementation. (Triggered internally at C:\actions-runner\_work\pytorch\pytorch\aten\src\ATen\functorch\BatchedFallback.cpp:85.)
  return func(*args, **kwargs)
D:\wsl\personal\dr\paper\toxic_compile\plan\scripts\vmap_sweep.py:42: UserWarning: There is a performance drop because we have not yet implemented the batching rule for aten::linalg_ldl_solve. Please file us an issue on GitHub so that we can prioritize its implementation. (Triggered internally at C:\actions-runner\_work\pytorch\pytorch\aten\src\ATen\functorch\BatchedFallback.cpp:85.)
  return tuple(outs_of(fn(a, *args, **kwargs)))
C:\Users\clm\AppData\Local\Python\pythoncore-3.14-64\Lib\site-packages\torch\_dynamo\utils.py:4415: UserWarning: There is a performance drop because we have not yet implemented the batching rule for aten::linalg_ldl_solve. Please file us an issue on GitHub so that we can prioritize its implementation. (Triggered internally at C:\actions-runner\_work\pytorch\pytorch\aten\src\ATen\functorch\BatchedFallback.cpp:85.)
  return node.target(*args, **kwargs)  # type: ignore[operator]
C:\Users\clm\AppData\Local\Python\pythoncore-3.14-64\Lib\site-packages\torch\fx\interpreter.py:377: UserWarning: There is a performance drop because we have not yet implemented the batching rule for aten::linalg_ldl_solve. Please file us an issue on GitHub so that we can prioritize its implementation. (Triggered internally at C:\actions-runner\_work\pytorch\pytorch\aten\src\ATen\functorch\BatchedFallback.cpp:85.)
  return target(*args, **kwargs)
C:\Users\clm\AppData\Local\Python\pythoncore-3.14-64\Lib\site-packages\torch\fx\experimental\proxy_tensor.py:2014: UserWarning: There is a performance drop because we have not yet implemented the batching rule for aten::linalg_ldl_solve. Please file us an issue on GitHub so that we can prioritize its implementation. (Triggered internally at C:\actions-runner\_work\pytorch\pytorch\aten\src\ATen\functorch\BatchedFallback.cpp:85.)
  return func(*args, **kwargs)
D:\wsl\personal\dr\paper\toxic_compile\plan\scripts\vmap_sweep.py:42: UserWarning: There is a performance drop because we have not yet implemented the batching rule for aten::linalg_lu. Please file us an issue on GitHub so that we can prioritize its implementation. (Triggered internally at C:\actions-runner\_work\pytorch\pytorch\aten\src\ATen\functorch\BatchedFallback.cpp:85.)
  return tuple(outs_of(fn(a, *args, **kwargs)))
C:\Users\clm\AppData\Local\Python\pythoncore-3.14-64\Lib\site-packages\torch\_dynamo\utils.py:4415: UserWarning: There is a performance drop because we have not yet implemented the batching rule for aten::linalg_lu. Please file us an issue on GitHub so that we can prioritize its implementation. (Triggered internally at C:\actions-runner\_work\pytorch\pytorch\aten\src\ATen\functorch\BatchedFallback.cpp:85.)
  return node.target(*args, **kwargs)  # type: ignore[operator]
C:\Users\clm\AppData\Local\Python\pythoncore-3.14-64\Lib\site-packages\torch\fx\interpreter.py:377: UserWarning: There is a performance drop because we have not yet implemented the batching rule for aten::linalg_lu. Please file us an issue on GitHub so that we can prioritize its implementation. (Triggered internally at C:\actions-runner\_work\pytorch\pytorch\aten\src\ATen\functorch\BatchedFallback.cpp:85.)
  return target(*args, **kwargs)
C:\Users\clm\AppData\Local\Python\pythoncore-3.14-64\Lib\site-packages\torch\fx\experimental\proxy_tensor.py:2014: UserWarning: There is a performance drop because we have not yet implemented the batching rule for aten::linalg_lu. Please file us an issue on GitHub so that we can prioritize its implementation. (Triggered internally at C:\actions-runner\_work\pytorch\pytorch\aten\src\ATen\functorch\BatchedFallback.cpp:85.)
  return func(*args, **kwargs)
D:\wsl\personal\dr\paper\toxic_compile\plan\scripts\vmap_sweep.py:42: UserWarning: There is a performance drop because we have not yet implemented the batching rule for aten::linalg_tensorsolve. Please file us an issue on GitHub so that we can prioritize its implementation. (Triggered internally at C:\actions-runner\_work\pytorch\pytorch\aten\src\ATen\functorch\BatchedFallback.cpp:85.)
  return tuple(outs_of(fn(a, *args, **kwargs)))
C:\Users\clm\AppData\Local\Python\pythoncore-3.14-64\Lib\site-packages\torch\_dynamo\utils.py:4415: UserWarning: There is a performance drop because we have not yet implemented the batching rule for aten::linalg_tensorsolve. Please file us an issue on GitHub so that we can prioritize its implementation. (Triggered internally at C:\actions-runner\_work\pytorch\pytorch\aten\src\ATen\functorch\BatchedFallback.cpp:85.)
  return node.target(*args, **kwargs)  # type: ignore[operator]
C:\Users\clm\AppData\Local\Python\pythoncore-3.14-64\Lib\site-packages\torch\fx\interpreter.py:377: UserWarning: There is a performance drop because we have not yet implemented the batching rule for aten::linalg_tensorsolve. Please file us an issue on GitHub so that we can prioritize its implementation. (Triggered internally at C:\actions-runner\_work\pytorch\pytorch\aten\src\ATen\functorch\BatchedFallback.cpp:85.)
  return target(*args, **kwargs)
C:\Users\clm\AppData\Local\Python\pythoncore-3.14-64\Lib\site-packages\torch\fx\experimental\proxy_tensor.py:2014: UserWarning: There is a performance drop because we have not yet implemented the batching rule for aten::linalg_tensorsolve. Please file us an issue on GitHub so that we can prioritize its implementation. (Triggered internally at C:\actions-runner\_work\pytorch\pytorch\aten\src\ATen\functorch\BatchedFallback.cpp:85.)
  return func(*args, **kwargs)
D:\wsl\personal\dr\paper\toxic_compile\plan\scripts\vmap_sweep.py:42: UserWarning: There is a performance drop because we have not yet implemented the batching rule for aten::special_log_ndtr. Please file us an issue on GitHub so that we can prioritize its implementation. (Triggered internally at C:\actions-runner\_work\pytorch\pytorch\aten\src\ATen\functorch\BatchedFallback.cpp:85.)
  return tuple(outs_of(fn(a, *args, **kwargs)))
C:\Users\clm\AppData\Local\Python\pythoncore-3.14-64\Lib\site-packages\torch\_dynamo\utils.py:4415: UserWarning: There is a performance drop because we have not yet implemented the batching rule for aten::special_log_ndtr. Please file us an issue on GitHub so that we can prioritize its implementation. (Triggered internally at C:\actions-runner\_work\pytorch\pytorch\aten\src\ATen\functorch\BatchedFallback.cpp:85.)
  return node.target(*args, **kwargs)  # type: ignore[operator]
C:\Users\clm\AppData\Local\Python\pythoncore-3.14-64\Lib\site-packages\torch\fx\interpreter.py:377: UserWarning: There is a performance drop because we have not yet implemented the batching rule for aten::special_log_ndtr. Please file us an issue on GitHub so that we can prioritize its implementation. (Triggered internally at C:\actions-runner\_work\pytorch\pytorch\aten\src\ATen\functorch\BatchedFallback.cpp:85.)
  return target(*args, **kwargs)
C:\Users\clm\AppData\Local\Python\pythoncore-3.14-64\Lib\site-packages\torch\fx\experimental\proxy_tensor.py:2014: UserWarning: There is a performance drop because we have not yet implemented the batching rule for aten::special_log_ndtr. Please file us an issue on GitHub so that we can prioritize its implementation. (Triggered internally at C:\actions-runner\_work\pytorch\pytorch\aten\src\ATen\functorch\BatchedFallback.cpp:85.)
  return func(*args, **kwargs)
D:\wsl\personal\dr\paper\toxic_compile\plan\scripts\vmap_sweep.py:42: UserWarning: There is a performance drop because we have not yet implemented the batching rule for aten::special_airy_ai. Please file us an issue on GitHub so that we can prioritize its implementation. (Triggered internally at C:\actions-runner\_work\pytorch\pytorch\aten\src\ATen\functorch\BatchedFallback.cpp:85.)
  return tuple(outs_of(fn(a, *args, **kwargs)))
C:\Users\clm\AppData\Local\Python\pythoncore-3.14-64\Lib\site-packages\torch\_dynamo\utils.py:4415: UserWarning: There is a performance drop because we have not yet implemented the batching rule for aten::special_airy_ai. Please file us an issue on GitHub so that we can prioritize its implementation. (Triggered internally at C:\actions-runner\_work\pytorch\pytorch\aten\src\ATen\functorch\BatchedFallback.cpp:85.)
  return node.target(*args, **kwargs)  # type: ignore[operator]
C:\Users\clm\AppData\Local\Python\pythoncore-3.14-64\Lib\site-packages\torch\fx\interpreter.py:377: UserWarning: There is a performance drop because we have not yet implemented the batching rule for aten::special_airy_ai. Please file us an issue on GitHub so that we can prioritize its implementation. (Triggered internally at C:\actions-runner\_work\pytorch\pytorch\aten\src\ATen\functorch\BatchedFallback.cpp:85.)
  return target(*args, **kwargs)
C:\Users\clm\AppData\Local\Python\pythoncore-3.14-64\Lib\site-packages\torch\fx\experimental\proxy_tensor.py:2014: UserWarning: There is a performance drop because we have not yet implemented the batching rule for aten::special_airy_ai. Please file us an issue on GitHub so that we can prioritize its implementation. (Triggered internally at C:\actions-runner\_work\pytorch\pytorch\aten\src\ATen\functorch\BatchedFallback.cpp:85.)
  return func(*args, **kwargs)
