==== --slice 0:25 exit 0 [67s]
  index_chain__bind_closure0 0 candidate(s), 0 submittable, 6 tests, 21 compiles  [2.5s]
  index_chain__bind_attribute0 0 candidate(s), 0 submittable, 6 tests, 21 compiles  [2.5s]
  index_chain__bind_list_elem0 0 candidate(s), 0 submittable, 6 tests, 21 compiles  [2.3s]
  index_chain__bind_dict_elem0 0 candidate(s), 0 submittable, 6 tests, 21 compiles  [2.2s]
  index_chain__bind_default_param0 0 candidate(s), 0 submittable, 6 tests, 21 compiles  [2.2s]
  index_chain__bind_pos_param0 0 candidate(s), 0 submittable, 6 tests, 21 compiles  [2.2s]
  dtype_read__bind_global0 0 candidate(s), 0 submittable, 6 tests, 21 compiles  [3.0s]
  dtype_read__bind_closure0 0 candidate(s), 0 submittable, 6 tests, 21 compiles  [2.4s]
  dtype_read__bind_attribute0 0 candidate(s), 0 submittable, 6 tests, 21 compiles  [2.3s]
  dtype_read__bind_list_elem0 0 candidate(s), 0 submittable, 6 tests, 21 compiles  [2.5s]

0 candidate(s); summary at gpu_reports_binding_corpus/SUMMARY.md
==== --slice 25:50 exit 0 [67s]
  python_flag_semantic__bind_dict_elem0 0 candidate(s), 0 submittable, 6 tests, 21 compiles  [2.2s]
  python_flag_semantic__bind_default_param0 0 candidate(s), 0 submittable, 6 tests, 21 compiles  [2.3s]
  python_flag_semantic__bind_pos_param0 0 candidate(s), 0 submittable, 6 tests, 21 compiles  [2.2s]
  scalar_compare__bind_global0 0 candidate(s), 0 submittable, 6 tests, 21 compiles  [2.7s]
  scalar_compare__bind_closure0 0 candidate(s), 0 submittable, 6 tests, 21 compiles  [2.6s]
  scalar_compare__bind_attribute0 0 candidate(s), 0 submittable, 6 tests, 21 compiles  [2.3s]
  scalar_compare__bind_list_elem0 0 candidate(s), 0 submittable, 6 tests, 21 compiles  [2.0s]
  scalar_compare__bind_dict_elem0 0 candidate(s), 0 submittable, 6 tests, 21 compiles  [2.0s]
  scalar_compare__bind_default_param0 0 candidate(s), 0 submittable, 6 tests, 21 compiles  [2.0s]
  scalar_compare__bind_pos_param0 0 candidate(s), 0 submittable, 6 tests, 21 compiles  [2.2s]

0 candidate(s); summary at gpu_reports_binding_corpus/SUMMARY.md
==== --slice 50:75 exit 0 [69s]
  noncontig_copy__bind_closure0 0 candidate(s), 0 submittable, 4 tests, 14 compiles  [1.7s]
  noncontig_copy__bind_attribute0 0 candidate(s), 0 submittable, 6 tests, 21 compiles  [2.3s]
  noncontig_copy__bind_list_elem0 0 candidate(s), 0 submittable, 6 tests, 21 compiles  [2.3s]
  noncontig_copy__bind_dict_elem0 0 candidate(s), 0 submittable, 6 tests, 21 compiles  [2.4s]
  noncontig_copy__bind_default_param0 0 candidate(s), 0 submittable, 6 tests, 21 compiles  [2.4s]
  noncontig_copy__bind_pos_param0 0 candidate(s), 0 submittable, 6 tests, 21 compiles  [2.3s]
  overlapping_views__bind_global0 0 candidate(s), 0 submittable, 6 tests, 21 compiles  [3.6s]
  overlapping_views__bind_closure0 0 candidate(s), 0 submittable, 4 tests, 14 compiles  [2.0s]
  overlapping_views__bind_attribute0 0 candidate(s), 0 submittable, 6 tests, 21 compiles  [3.3s]
  overlapping_views__bind_list_elem0 0 candidate(s), 0 submittable, 6 tests, 21 compiles  [3.0s]

0 candidate(s); summary at gpu_reports_binding_corpus/SUMMARY.md
==== --slice 75:100 exit 0 [83s]
  conditional_mutation__bind_default_param0 0 candidate(s), 0 submittable, 6 tests, 17 compiles  [1.6s]
  conditional_mutation__bind_pos_param0 0 candidate(s), 0 submittable, 6 tests, 17 compiles  [1.6s]
  chunk_inplace__bind_global0 0 candidate(s), 0 submittable, 6 tests, 21 compiles  [3.7s]
  chunk_inplace__bind_closure0 0 candidate(s), 0 submittable, 5 tests, 17 compiles  [3.3s]
  chunk_inplace__bind_attribute0 0 candidate(s), 0 submittable, 6 tests, 21 compiles  [3.2s]
  chunk_inplace__bind_list_elem0 0 candidate(s), 0 submittable, 6 tests, 21 compiles  [3.4s]
  chunk_inplace__bind_dict_elem0 0 candidate(s), 0 submittable, 6 tests, 21 compiles  [3.1s]
  chunk_inplace__bind_default_param0 0 candidate(s), 0 submittable, 6 tests, 21 compiles  [3.4s]
  chunk_inplace__bind_pos_param0 0 candidate(s), 0 submittable, 6 tests, 21 compiles  [3.1s]
  requires_grad_switch__bind_global0 0 candidate(s), 0 submittable, 5 tests, 17 compiles  [17.6s]

0 candidate(s); summary at gpu_reports_binding_corpus/SUMMARY.md
==== --slice 100:125 exit 0 [71s]
  reshape_dim__bind_attribute0 0 candidate(s), 0 submittable, 6 tests, 21 compiles  [2.1s]
  reshape_dim__bind_list_elem0 0 candidate(s), 0 submittable, 6 tests, 21 compiles  [2.1s]
  reshape_dim__bind_dict_elem0 0 candidate(s), 0 submittable, 6 tests, 21 compiles  [2.3s]
  reshape_dim__bind_default_param0 0 candidate(s), 0 submittable, 6 tests, 21 compiles  [2.1s]
  reshape_dim__bind_pos_param0 0 candidate(s), 0 submittable, 6 tests, 21 compiles  [2.1s]
  loop_bound__bind_global0 0 candidate(s), 0 submittable, 6 tests, 13 compiles  [1.6s]
  loop_bound__bind_closure0 0 candidate(s), 0 submittable, 6 tests, 21 compiles  [2.6s]
  loop_bound__bind_attribute0 0 candidate(s), 0 submittable, 6 tests, 13 compiles  [1.6s]
  loop_bound__bind_list_elem0 0 candidate(s), 0 submittable, 6 tests, 13 compiles  [1.5s]
  loop_bound__bind_dict_elem0 0 candidate(s), 0 submittable, 6 tests, 13 compiles  [1.8s]

0 candidate(s); summary at gpu_reports_binding_corpus/SUMMARY.md
==== --slice 125:150 exit 0 [44s]
  container_len__bind_pos_param0 0 candidate(s), 0 submittable, 1 tests, 3 compiles  [0.2s]
  string_mode__bind_global0 0 candidate(s), 0 submittable, 6 tests, 21 compiles  [2.2s]
  string_mode__bind_closure0 0 candidate(s), 0 submittable, 6 tests, 21 compiles  [2.0s]
  string_mode__bind_attribute0 0 candidate(s), 0 submittable, 6 tests, 21 compiles  [2.2s]
  string_mode__bind_list_elem0 0 candidate(s), 0 submittable, 6 tests, 21 compiles  [1.9s]
  string_mode__bind_dict_elem0 0 candidate(s), 0 submittable, 6 tests, 21 compiles  [1.9s]
  string_mode__bind_default_param0 0 candidate(s), 0 submittable, 6 tests, 21 compiles  [1.9s]
  string_mode__bind_pos_param0 0 candidate(s), 0 submittable, 6 tests, 21 compiles  [1.9s]
  stride_read__bind_global0 0 candidate(s), 0 submittable, 6 tests, 21 compiles  [2.6s]
  stride_read__bind_closure0 0 candidate(s), 0 submittable, 6 tests, 21 compiles  [2.0s]

0 candidate(s); summary at gpu_reports_binding_corpus/SUMMARY.md
==== --slice 150:175 exit 0 [82s]
  gather_shape__bind_list_elem0 0 candidate(s), 0 submittable, 6 tests, 21 compiles  [2.3s]
  gather_shape__bind_dict_elem0 0 candidate(s), 0 submittable, 6 tests, 21 compiles  [2.5s]
  gather_shape__bind_default_param0 0 candidate(s), 0 submittable, 6 tests, 21 compiles  [2.3s]
  gather_shape__bind_pos_param0 0 candidate(s), 0 submittable, 6 tests, 21 compiles  [2.3s]
  dtype_reduce__bind_global0 0 candidate(s), 0 submittable, 6 tests, 21 compiles  [4.9s]
  dtype_reduce__bind_closure0 0 candidate(s), 0 submittable, 6 tests, 21 compiles  [3.2s]
  dtype_reduce__bind_attribute0 0 candidate(s), 0 submittable, 6 tests, 21 compiles  [3.0s]
  dtype_reduce__bind_list_elem0 0 candidate(s), 0 submittable, 6 tests, 21 compiles  [2.9s]
  dtype_reduce__bind_dict_elem0 0 candidate(s), 0 submittable, 6 tests, 21 compiles  [3.2s]
  dtype_reduce__bind_default_param0 0 candidate(s), 0 submittable, 6 tests, 21 compiles  [3.0s]

0 candidate(s); summary at gpu_reports_binding_corpus/SUMMARY.md
==== --slice 175:197 exit 0 [48s]
  rank_read__bind_dict_elem0 0 candidate(s), 0 submittable, 6 tests, 20 compiles  [1.6s]
  rank_read__bind_default_param0 0 candidate(s), 0 submittable, 6 tests, 20 compiles  [1.7s]
  rank_read__bind_pos_param0 0 candidate(s), 0 submittable, 6 tests, 20 compiles  [1.6s]
  flag_and_shape__bind_global0 0 candidate(s), 0 submittable, 6 tests, 18 compiles  [1.5s]
  flag_and_shape__bind_closure0 0 candidate(s), 0 submittable, 6 tests, 21 compiles  [2.1s]
  flag_and_shape__bind_attribute0 0 candidate(s), 0 submittable, 6 tests, 18 compiles  [1.4s]
  flag_and_shape__bind_list_elem0 0 candidate(s), 0 submittable, 6 tests, 18 compiles  [1.2s]
  flag_and_shape__bind_dict_elem0 0 candidate(s), 0 submittable, 6 tests, 18 compiles  [1.2s]
  flag_and_shape__bind_default_param0 0 candidate(s), 0 submittable, 6 tests, 18 compiles  [1.2s]
  flag_and_shape__bind_pos_param0 0 candidate(s), 0 submittable, 6 tests, 18 compiles  [1.2s]

0 candidate(s); summary at gpu_reports_binding_corpus/SUMMARY.md
