[{"stream_name":"stdout","time":15.764777739,"data":"   ©¥©¥©¥©¥©¥©¥©¥©¥©¥©¥©¥©¥©¥©¥©¥©¥©¥©¥©¥©¥©¥©¥©¥©¥©¥©¥©¥©¥©¥©¥©¥©¥©¥©¥©¥©¥©¥©¥©¥©¥ 554.6/554.6 MB 3.2 MB/s eta 0:00:00\n"}
,{"stream_name":"stdout","time":21.969034716,"data":"   ©¥©¥©¥©¥©¥©¥©¥©¥©¥©¥©¥©¥©¥©¥©¥©¥©¥©¥©¥©¥©¥©¥©¥©¥©¥©¥©¥©¥©¥©¥©¥©¥©¥©¥©¥©¥©¥©¥©¥©¥ 553.1/553.1 MB 3.2 MB/s eta 0:00:00\n"}
,{"stream_name":"stdout","time":23.679365147,"data":"   ©¥©¥©¥©¥©¥©¥©¥©¥©¥©¥©¥©¥©¥©¥©¥©¥©¥©¥©¥©¥©¥©¥©¥©¥©¥©¥©¥©¥©¥©¥©¥©¥©¥©¥©¥©¥©¥©¥©¥©¥ 170.1/170.1 MB 10.8 MB/s eta 0:00:00\n"}
,{"stream_name":"stdout","time":25.924093192,"data":"   ©¥©¥©¥©¥©¥©¥©¥©¥©¥©¥©¥©¥©¥©¥©¥©¥©¥©¥©¥©¥©¥©¥©¥©¥©¥©¥©¥©¥©¥©¥©¥©¥©¥©¥©¥©¥©¥©¥©¥©¥ 216.0/216.0 MB 8.6 MB/s eta 0:00:00\n"}
,{"stream_name":"stdout","time":26.502710076,"data":"   ©¥©¥©¥©¥©¥©¥©¥©¥©¥©¥©¥©¥©¥©¥©¥©¥©¥©¥©¥©¥©¥©¥©¥©¥©¥©¥©¥©¥©¥©¥©¥©¥©¥©¥©¥©¥©¥©¥©¥©¥ 60.4/60.4 MB 31.7 MB/s eta 0:00:00\n"}
,{"stream_name":"stdout","time":31.757249033,"data":"   ©¥©¥©¥©¥©¥©¥©¥©¥©¥©¥©¥©¥©¥©¥©¥©¥©¥©¥©¥©¥©¥©¥©¥©¥©¥©¥©¥©¥©¥©¥©¥©¥©¥©¥©¥©¥©¥©¥©¥©¥ 423.1/423.1 MB 3.1 MB/s eta 0:00:00\n"}
,{"stream_name":"stdout","time":31.88143765,"data":"   ©¥©¥©¥©¥©¥©¥©¥©¥©¥©¥©¥©¥©¥©¥©¥©¥©¥©¥©¥©¥©¥©¥©¥©¥©¥©¥©¥©¥©¥©¥©¥©¥©¥©¥©¥©¥©¥©¥©¥©¥ 10.7/10.7 MB 98.3 MB/s eta 0:00:00\n"}
,{"stream_name":"stdout","time":32.831246174,"data":"   ©¥©¥©¥©¥©¥©¥©¥©¥©¥©¥©¥©¥©¥©¥©¥©¥©¥©¥©¥©¥©¥©¥©¥©¥©¥©¥©¥©¥©¥©¥©¥©¥©¥©¥©¥©¥©¥©¥©¥©¥ 90.2/90.2 MB 19.9 MB/s eta 0:00:00\n"}
,{"stream_name":"stdout","time":32.879990705,"data":"   ©¥©¥©¥©¥©¥©¥©¥©¥©¥©¥©¥©¥©¥©¥©¥©¥©¥©¥©¥©¥©¥©¥©¥©¥©¥©¥©¥©¥©¥©¥©¥©¥©¥©¥©¥©¥©¥©¥©¥©¥ 2.2/2.2 MB 69.3 MB/s eta 0:00:00\n"}
,{"stream_name":"stdout","time":37.162529819,"data":"   ©¥©¥©¥©¥©¥©¥©¥©¥©¥©¥©¥©¥©¥©¥©¥©¥©¥©¥©¥©¥©¥©¥©¥©¥©¥©¥©¥©¥©¥©¥©¥©¥©¥©¥©¥©¥©¥©¥©¥©¥ 214.1/214.1 MB 3.4 MB/s eta 0:00:00\n"}
,{"stream_name":"stdout","time":37.202040574,"data":"   ©¥©¥©¥©¥©¥©¥©¥©¥©¥©¥©¥©¥©¥©¥©¥©¥©¥©¥©¥©¥©¥©¥©¥©¥©¥©¥©¥©¥©¥©¥©¥©¥©¥©¥©¥©¥©¥©¥©¥©¥ 1.2/1.2 MB 52.0 MB/s eta 0:00:00\n"}
,{"stream_name":"stdout","time":37.841404349,"data":"   ©¥©¥©¥©¥©¥©¥©¥©¥©¥©¥©¥©¥©¥©¥©¥©¥©¥©¥©¥©¥©¥©¥©¥©¥©¥©¥©¥©¥©¥©¥©¥©¥©¥©¥©¥©¥©¥©¥©¥©¥ 59.5/59.5 MB 30.8 MB/s eta 0:00:00\n"}
,{"stream_name":"stdout","time":41.344875543,"data":"   ©¥©¥©¥©¥©¥©¥©¥©¥©¥©¥©¥©¥©¥©¥©¥©¥©¥©¥©¥©¥©¥©¥©¥©¥©¥©¥©¥©¥©¥©¥©¥©¥©¥©¥©¥©¥©¥©¥©¥©¥ 200.9/200.9 MB 4.2 MB/s eta 0:00:00\n"}
,{"stream_name":"stdout","time":42.908854119,"data":"   ©¥©¥©¥©¥©¥©¥©¥©¥©¥©¥©¥©¥©¥©¥©¥©¥©¥©¥©¥©¥©¥©¥©¥©¥©¥©¥©¥©¥©¥©¥©¥©¥©¥©¥©¥©¥©¥©¥©¥©¥ 145.9/145.9 MB 12.5 MB/s eta 0:00:00\n"}
,{"stream_name":"stdout","time":42.939211353,"data":"   ©¥©¥©¥©¥©¥©¥©¥©¥©¥©¥©¥©¥©¥©¥©¥©¥©¥©¥©¥©¥©¥©¥©¥©¥©¥©¥©¥©¥©¥©¥©¥©¥©¥©¥©¥©¥©¥©¥©¥©¥ 148.0/148.0 kB 9.8 MB/s eta 0:00:00\n"}
,{"stream_name":"stdout","time":43.035700585,"data":"   ©¥©¥©¥©¥©¥©¥©¥©¥©¥©¥©¥©¥©¥©¥©¥©¥©¥©¥©¥©¥©¥©¥©¥©¥©¥©¥©¥©¥©¥©¥©¥©¥©¥©¥©¥©¥©¥©¥©¥©¥ 7.2/7.2 MB 94.7 MB/s eta 0:00:00\n"}
,{"stream_name":"stdout","time":47.987116931,"data":"   ©¥©¥©¥©¥©¥©¥©¥©¥©¥©¥©¥©¥©¥©¥©¥©¥©¥©¥©¥©¥©¥©¥©¥©¥©¥©¥©¥©¥©¥©¥©¥©¥©¥©¥©¥©¥©¥©¥©¥©¥ 248.0/248.0 MB 2.8 MB/s eta 0:00:00\n"}
,{"stream_name":"stdout","time":48.428736777,"data":"   ©¥©¥©¥©¥©¥©¥©¥©¥©¥©¥©¥©¥©¥©¥©¥©¥©¥©¥©¥©¥©¥©¥©¥©¥©¥©¥©¥©¥©¥©¥©¥©¥©¥©¥©¥©¥©¥©¥©¥©¥ 42.5/42.5 MB 44.2 MB/s eta 0:00:00\n"}
,{"stream_name":"stderr","time":151.473975923,"data":"ERROR: pip's dependency resolver does not currently take into account all the packages that are installed. This behaviour is the source of the following dependency conflicts.\n"}
,{"stream_name":"stderr","time":151.474041311,"data":"libcuml-cu12 26.2.0 requires cuda-toolkit[cublas,cufft,curand,cusolver,cusparse]==12.*, but you have cuda-toolkit 13.0.3.0 which is incompatible.\n"}
,{"stream_name":"stderr","time":151.474046917,"data":"cuml-cu12 26.2.0 requires cuda-toolkit[cublas,cufft,curand,cusolver,cusparse]==12.*, but you have cuda-toolkit 13.0.3.0 which is incompatible.\n"}
,{"stream_name":"stderr","time":151.474052057,"data":"cuda-python 12.9.4 requires cuda-bindings~=12.9.4, but you have cuda-bindings 13.4.2 which is incompatible.\n"}
,{"stream_name":"stderr","time":151.474056822,"data":"torchaudio 2.10.0+cu128 requires torch==2.10.0, but you have torch 2.14.0 which is incompatible.\n"}
,{"stream_name":"stderr","time":151.474061391,"data":"torchvision 0.25.0+cu128 requires torch==2.10.0, but you have torch 2.14.0 which is incompatible.\n"}
,{"stream_name":"stderr","time":151.474065807,"data":"cudf-cu12 26.2.1 requires cuda-toolkit[nvcc,nvrtc]==12.*, but you have cuda-toolkit 13.0.3.0 which is incompatible.\n"}
,{"stream_name":"stderr","time":151.474070088,"data":"libcuvs-cu12 26.2.0 requires cuda-toolkit[cublas,curand,cusolver,cusparse]==12.*, but you have cuda-toolkit 13.0.3.0 which is incompatible.\n"}
,{"stream_name":"stderr","time":151.474074918,"data":"libraft-cu12 26.2.0 requires cuda-toolkit[cublas,curand,cusolver,cusparse]==12.*, but you have cuda-toolkit 13.0.3.0 which is incompatible.\n"}
,{"stream_name":"stdout","time":196.317321345,"data":"torch 2.14.0+cu130\n"}
,{"stream_name":"stdout","time":196.317368487,"data":"== device cpu\n"}
,{"stream_name":"stdout","time":196.317374773,"data":"acosh  torch.float64  n= 3 eager 461.21  compiled 461.21\n"}
,{"stream_name":"stdout","time":196.317380098,"data":"acosh  torch.float64  n= 8 eager 461.21  compiled inf\n"}
,{"stream_name":"stdout","time":196.317385444,"data":"acosh  torch.float64  n=16 eager 461.21  compiled inf\n"}
,{"stream_name":"stdout","time":196.317390671,"data":"acosh  torch.float64  n=32 eager 461.21  compiled inf\n"}
,{"stream_name":"stdout","time":196.317395885,"data":"acosh  torch.float64  n=64 eager 461.21  compiled inf\n"}
,{"stream_name":"stdout","time":196.317401093,"data":"acosh  torch.float32  n= 3 eager 89.29  compiled 89.29\n"}
,{"stream_name":"stdout","time":196.317406804,"data":"acosh  torch.float32  n= 8 eager 89.29  compiled 89.29\n"}
,{"stream_name":"stdout","time":196.317412009,"data":"acosh  torch.float32  n=16 eager 89.29  compiled 89.29\n"}
,{"stream_name":"stdout","time":196.317417421,"data":"acosh  torch.float32  n=32 eager 89.29  compiled 89.29\n"}
,{"stream_name":"stdout","time":196.317422613,"data":"acosh  torch.float32  n=64 eager 89.29  compiled 89.29\n"}
,{"stream_name":"stdout","time":196.317428025,"data":"erfinv torch.float32  x=0.9999999403953552     n= 3 eager 3.8325069  compiled 3.83253694  mpmath 3.83250686  rel err eager 9.96e-09 compiled 7.85e-06\n"}
,{"stream_name":"stdout","time":196.317433627,"data":"erfinv torch.float32  x=0.9999999403953552     n=64 eager 3.8325069  compiled 3.83253694  mpmath 3.83250686  rel err eager 9.96e-09 compiled 7.85e-06\n"}
,{"stream_name":"stdout","time":196.317439365,"data":"erfinv torch.float32  x=0.9998999834060669     n= 3 eager 2.75103545  compiled 2.75103641  mpmath 2.75103544  rel err eager 5.08e-09 compiled 3.52e-07\n"}
,{"stream_name":"stdout","time":196.317444913,"data":"erfinv torch.float32  x=0.9998999834060669     n=64 eager 2.75103545  compiled 2.75103641  mpmath 2.75103544  rel err eager 5.08e-09 compiled 3.52e-07\n"}
,{"stream_name":"stdout","time":196.317464924,"data":"erfinv torch.float32  x=0.9990000128746033     n= 3 eager 2.32675624  compiled 2.32675672  mpmath 2.32675633  rel err eager 3.78e-08 compiled 1.67e-07\n"}
,{"stream_name":"stdout","time":196.317469681,"data":"erfinv torch.float32  x=0.9990000128746033     n=64 eager 2.32675624  compiled 2.32675672  mpmath 2.32675633  rel err eager 3.78e-08 compiled 1.67e-07\n"}
,{"stream_name":"stdout","time":196.317474114,"data":"erfinv torch.float32  x=0.9900000095367432     n= 3 eager 1.82138658  compiled 1.82138693  mpmath 1.8213866  rel err eager 1.38e-08 compiled 1.83e-07\n"}
,{"stream_name":"stdout","time":196.317478511,"data":"erfinv torch.float32  x=0.9900000095367432     n=64 eager 1.82138658  compiled 1.82138693  mpmath 1.8213866  rel err eager 1.38e-08 compiled 1.83e-07\n"}
,{"stream_name":"stdout","time":196.317482944,"data":"erfinv torch.float64  x=0.9999999999999999     n= 3 eager 5.86358475  compiled 5.86394853  mpmath 5.86358475  rel err eager 0.00e+00 compiled 6.20e-05\n"}
,{"stream_name":"stdout","time":196.317488678,"data":"erfinv torch.float64  x=0.9999999999999999     n=64 eager 5.86358475  compiled 5.86394853  mpmath 5.86358475  rel err eager 0.00e+00 compiled 6.20e-05\n"}
,{"stream_name":"stdout","time":196.317493175,"data":"erfinv torch.float64  x=0.999999999999         n= 3 eager 5.0420319  compiled 5.04202913  mpmath 5.0420319  rel err eager 0.00e+00 compiled 5.50e-07\n"}
,{"stream_name":"stdout","time":196.317497592,"data":"erfinv torch.float64  x=0.999999999999         n=64 eager 5.0420319  compiled 5.04202913  mpmath 5.0420319  rel err eager 0.00e+00 compiled 5.50e-07\n"}
,{"stream_name":"stdout","time":196.31750209,"data":"erfinv torch.float64  x=0.9999                 n= 3 eager 2.75106391  compiled 2.75106391  mpmath 2.75106391  rel err eager 0.00e+00 compiled 9.69e-16\n"}
,{"stream_name":"stdout","time":196.317506907,"data":"erfinv torch.float64  x=0.9999                 n=64 eager 2.75106391  compiled 2.75106391  mpmath 2.75106391  rel err eager 0.00e+00 compiled 9.69e-16\n"}
,{"stream_name":"stdout","time":196.317511409,"data":"erfinv torch.float64  x=0.99                   n= 3 eager 1.82138637  compiled 1.82138637  mpmath 1.82138637  rel err eager 0.00e+00 compiled 4.88e-16\n"}
,{"stream_name":"stdout","time":196.31751584,"data":"erfinv torch.float64  x=0.99                   n=64 eager 1.82138637  compiled 1.82138637  mpmath 1.82138637  rel err eager 0.00e+00 compiled 4.88e-16\n"}
,{"stream_name":"stdout","time":196.317520338,"data":"== device cuda\n"}
,{"stream_name":"stdout","time":196.317524254,"data":"acosh  torch.float64  n= 3 eager 461.21  compiled 461.21\n"}
,{"stream_name":"stdout","time":196.317528404,"data":"acosh  torch.float64  n= 8 eager 461.21  compiled 461.21\n"}
,{"stream_name":"stdout","time":196.317532429,"data":"acosh  torch.float64  n=16 eager 461.21  compiled 461.21\n"}
,{"stream_name":"stdout","time":196.317536576,"data":"acosh  torch.float64  n=32 eager 461.21  compiled 461.21\n"}
,{"stream_name":"stdout","time":196.31754065,"data":"acosh  torch.float64  n=64 eager 461.21  compiled 461.21\n"}
,{"stream_name":"stdout","time":196.317544724,"data":"acosh  torch.float32  n= 3 eager 89.29  compiled 89.29\n"}
,{"stream_name":"stdout","time":196.317548769,"data":"acosh  torch.float32  n= 8 eager 89.29  compiled 89.29\n"}
,{"stream_name":"stdout","time":196.317552781,"data":"acosh  torch.float32  n=16 eager 89.29  compiled 89.29\n"}
,{"stream_name":"stdout","time":196.31755685,"data":"acosh  torch.float32  n=32 eager 89.29  compiled 89.29\n"}
,{"stream_name":"stdout","time":196.31756086,"data":"acosh  torch.float32  n=64 eager 89.29  compiled 89.29\n"}
,{"stream_name":"stdout","time":196.317564992,"data":"erfinv torch.float32  x=0.9999999403953552     n= 3 eager 3.83250642  compiled 3.8325069  mpmath 3.83250686  rel err eager 1.14e-07 compiled 9.96e-09\n"}
,{"stream_name":"stdout","time":196.317573372,"data":"erfinv torch.float32  x=0.9999999403953552     n=64 eager 3.83250642  compiled 3.8325069  mpmath 3.83250686  rel err eager 1.14e-07 compiled 9.96e-09\n"}
,{"stream_name":"stdout","time":196.317577873,"data":"erfinv torch.float32  x=0.9998999834060669     n= 3 eager 2.75103545  compiled 2.75103545  mpmath 2.75103544  rel err eager 5.08e-09 compiled 5.08e-09\n"}
,{"stream_name":"stdout","time":196.317582804,"data":"erfinv torch.float32  x=0.9998999834060669     n=64 eager 2.75103545  compiled 2.75103545  mpmath 2.75103544  rel err eager 5.08e-09 compiled 5.08e-09\n"}
,{"stream_name":"stdout","time":196.317587299,"data":"erfinv torch.float32  x=0.9990000128746033     n= 3 eager 2.32675648  compiled 2.32675648  mpmath 2.32675633  rel err eager 6.47e-08 compiled 6.47e-08\n"}
,{"stream_name":"stdout","time":196.317591716,"data":"erfinv torch.float32  x=0.9990000128746033     n=64 eager 2.32675648  compiled 2.32675648  mpmath 2.32675633  rel err eager 6.47e-08 compiled 6.47e-08\n"}
,{"stream_name":"stdout","time":196.31759613,"data":"erfinv torch.float32  x=0.9900000095367432     n= 3 eager 1.82138658  compiled 1.82138658  mpmath 1.8213866  rel err eager 1.38e-08 compiled 1.38e-08\n"}
,{"stream_name":"stdout","time":196.317600539,"data":"erfinv torch.float32  x=0.9900000095367432     n=64 eager 1.82138658  compiled 1.82138658  mpmath 1.8213866  rel err eager 1.38e-08 compiled 1.38e-08\n"}
,{"stream_name":"stdout","time":196.317605016,"data":"erfinv torch.float64  x=0.9999999999999999     n= 3 eager 5.86358475  compiled 5.86358475  mpmath 5.86358475  rel err eager 1.51e-16 compiled 1.51e-16\n"}
,{"stream_name":"stdout","time":196.317609463,"data":"erfinv torch.float64  x=0.9999999999999999     n=64 eager 5.86358475  compiled 5.86358475  mpmath 5.86358475  rel err eager 1.51e-16 compiled 1.51e-16\n"}
,{"stream_name":"stdout","time":196.317613916,"data":"erfinv torch.float64  x=0.999999999999         n= 3 eager 5.0420319  compiled 5.0420319  mpmath 5.0420319  rel err eager 0.00e+00 compiled 0.00e+00\n"}
,{"stream_name":"stdout","time":196.317618337,"data":"erfinv torch.float64  x=0.999999999999         n=64 eager 5.0420319  compiled 5.0420319  mpmath 5.0420319  rel err eager 0.00e+00 compiled 0.00e+00\n"}
,{"stream_name":"stdout","time":196.317622722,"data":"erfinv torch.float64  x=0.9999                 n= 3 eager 2.75106391  compiled 2.75106391  mpmath 2.75106391  rel err eager 0.00e+00 compiled 0.00e+00\n"}
,{"stream_name":"stdout","time":196.317627096,"data":"erfinv torch.float64  x=0.9999                 n=64 eager 2.75106391  compiled 2.75106391  mpmath 2.75106391  rel err eager 0.00e+00 compiled 0.00e+00\n"}
,{"stream_name":"stdout","time":196.317631541,"data":"erfinv torch.float64  x=0.99                   n= 3 eager 1.82138637  compiled 1.82138637  mpmath 1.82138637  rel err eager 0.00e+00 compiled 0.00e+00\n"}
,{"stream_name":"stdout","time":196.317635941,"data":"erfinv torch.float64  x=0.99                   n=64 eager 1.82138637  compiled 1.82138637  mpmath 1.82138637  rel err eager 0.00e+00 compiled 0.00e+00\n"}
,{"stream_name":"stdout","time":206.093884369,"data":"     ©¥©¥©¥©¥©¥©¥©¥©¥©¥©¥©¥©¥©¥©¥©¥©¥©¥©¥©¥©¥©¥©¥©¥©¥©¥©¥©¥©¥©¥©¥©¥©¥©¥©¥©¥©¥©¥©¥ 519.2/519.2 MB 71.1 MB/s eta 0:00:00\n"}
,{"stream_name":"stdout","time":208.692340472,"data":"     ©¥©¥©¥©¥©¥©¥©¥©¥©¥©¥©¥©¥©¥©¥©¥©¥©¥©¥©¥©¥©¥©¥©¥©¥©¥©¥©¥©¥©¥©¥©¥©¥©¥©¥©¥©¥©¥ 135.4/135.4 MB 107.4 MB/s eta 0:00:00\n"}
,{"stream_name":"stdout","time":209.95564266,"data":"     ©¥©¥©¥©¥©¥©¥©¥©¥©¥©¥©¥©¥©¥©¥©¥©¥©¥©¥©¥©¥©¥©¥©¥©¥©¥©¥©¥©¥©¥©¥©¥©¥©¥©¥©¥©¥©¥©¥©¥©¥ 3.9/3.9 MB 215.1 MB/s eta 0:00:00\n"}
,{"stream_name":"stdout","time":216.124750736,"data":"   ©¥©¥©¥©¥©¥©¥©¥©¥©¥©¥©¥©¥©¥©¥©¥©¥©¥©¥©¥©¥©¥©¥©¥©¥©¥©¥©¥©¥©¥©¥©¥©¥©¥©¥©¥©¥©¥©¥©¥©¥ 629.3/629.3 MB 3.1 MB/s eta 0:00:00\n"}
,{"stream_name":"stdout","time":218.496614272,"data":"   ©¥©¥©¥©¥©¥©¥©¥©¥©¥©¥©¥©¥©¥©¥©¥©¥©¥©¥©¥©¥©¥©¥©¥©¥©¥©¥©¥©¥©¥©¥©¥©¥©¥©¥©¥©¥©¥©¥©¥©¥ 246.8/246.8 MB 7.8 MB/s eta 0:00:00\n"}
,{"stream_name":"stderr","time":262.511018337,"data":"ERROR: pip's dependency resolver does not currently take into account all the packages that are installed. This behaviour is the source of the following dependency conflicts.\n"}
,{"stream_name":"stderr","time":262.5110591,"data":"torchaudio 2.10.0+cu128 requires torch==2.10.0, but you have torch 2.15.0.dev20260921+cu130 which is incompatible.\n"}
,{"stream_name":"stderr","time":262.511071909,"data":"torchvision 0.25.0+cu128 requires torch==2.10.0, but you have torch 2.15.0.dev20260921+cu130 which is incompatible.\n"}
,{"stream_name":"stdout","time":300.758521103,"data":"torch 2.15.0.dev20260921+cu130\n"}
,{"stream_name":"stdout","time":300.758562565,"data":"== device cpu\n"}
,{"stream_name":"stdout","time":300.758568349,"data":"acosh  torch.float64  n= 3 eager 461.21  compiled 461.21\n"}
,{"stream_name":"stdout","time":300.75857326,"data":"acosh  torch.float64  n= 8 eager 461.21  compiled inf\n"}
,{"stream_name":"stdout","time":300.758577985,"data":"acosh  torch.float64  n=16 eager 461.21  compiled inf\n"}
,{"stream_name":"stdout","time":300.758582734,"data":"acosh  torch.float64  n=32 eager 461.21  compiled inf\n"}
,{"stream_name":"stdout","time":300.75858745,"data":"acosh  torch.float64  n=64 eager 461.21  compiled inf\n"}
,{"stream_name":"stdout","time":300.758592141,"data":"acosh  torch.float32  n= 3 eager 89.29  compiled 89.29\n"}
,{"stream_name":"stdout","time":300.758596859,"data":"acosh  torch.float32  n= 8 eager 89.29  compiled 89.29\n"}
,{"stream_name":"stdout","time":300.758601556,"data":"acosh  torch.float32  n=16 eager 89.29  compiled 89.29\n"}
,{"stream_name":"stdout","time":300.758606335,"data":"acosh  torch.float32  n=32 eager 89.29  compiled 89.29\n"}
,{"stream_name":"stdout","time":300.758611135,"data":"acosh  torch.float32  n=64 eager 89.29  compiled 89.29\n"}
,{"stream_name":"stdout","time":300.758616076,"data":"erfinv torch.float32  x=0.9999999403953552     n= 3 eager 3.8325069  compiled 3.83253694  mpmath 3.83250686  rel err eager 9.96e-09 compiled 7.85e-06\n"}
,{"stream_name":"stdout","time":300.758621265,"data":"erfinv torch.float32  x=0.9999999403953552     n=64 eager 3.8325069  compiled 3.83253694  mpmath 3.83250686  rel err eager 9.96e-09 compiled 7.85e-06\n"}
,{"stream_name":"stdout","time":300.758626497,"data":"erfinv torch.float32  x=0.9998999834060669     n= 3 eager 2.75103545  compiled 2.75103641  mpmath 2.75103544  rel err eager 5.08e-09 compiled 3.52e-07\n"}
,{"stream_name":"stdout","time":300.758631753,"data":"erfinv torch.float32  x=0.9998999834060669     n=64 eager 2.75103545  compiled 2.75103641  mpmath 2.75103544  rel err eager 5.08e-09 compiled 3.52e-07\n"}
,{"stream_name":"stdout","time":300.758636907,"data":"erfinv torch.float32  x=0.9990000128746033     n= 3 eager 2.32675624  compiled 2.32675672  mpmath 2.32675633  rel err eager 3.78e-08 compiled 1.67e-07\n"}
,{"stream_name":"stdout","time":300.758641985,"data":"erfinv torch.float32  x=0.9990000128746033     n=64 eager 2.32675624  compiled 2.32675672  mpmath 2.32675633  rel err eager 3.78e-08 compiled 1.67e-07\n"}
,{"stream_name":"stdout","time":300.758647153,"data":"erfinv torch.float32  x=0.9900000095367432     n= 3 eager 1.82138658  compiled 1.82138693  mpmath 1.8213866  rel err eager 1.38e-08 compiled 1.83e-07\n"}
,{"stream_name":"stdout","time":300.75946096,"data":"erfinv torch.float32  x=0.9900000095367432     n=64 eager 1.82138658  compiled 1.82138693  mpmath 1.8213866  rel err eager 1.38e-08 compiled 1.83e-07\n"}
,{"stream_name":"stdout","time":300.759518077,"data":"erfinv torch.float64  x=0.9999999999999999     n= 3 eager 5.86358475  compiled 5.86394853  mpmath 5.86358475  rel err eager 0.00e+00 compiled 6.20e-05\n"}
,{"stream_name":"stdout","time":300.759526726,"data":"erfinv torch.float64  x=0.9999999999999999     n=64 eager 5.86358475  compiled 5.86394853  mpmath 5.86358475  rel err eager 0.00e+00 compiled 6.20e-05\n"}
,{"stream_name":"stdout","time":300.759531911,"data":"erfinv torch.float64  x=0.999999999999         n= 3 eager 5.0420319  compiled 5.04202913  mpmath 5.0420319  rel err eager 0.00e+00 compiled 5.50e-07\n"}
,{"stream_name":"stdout","time":300.759536147,"data":"erfinv torch.float64  x=0.999999999999         n=64 eager 5.0420319  compiled 5.04202913  mpmath 5.0420319  rel err eager 0.00e+00 compiled 5.50e-07\n"}
,{"stream_name":"stdout","time":300.759540567,"data":"erfinv torch.float64  x=0.9999                 n= 3 eager 2.75106391  compiled 2.75106391  mpmath 2.75106391  rel err eager 0.00e+00 compiled 9.69e-16\n"}
,{"stream_name":"stdout","time":300.759545521,"data":"erfinv torch.float64  x=0.9999                 n=64 eager 2.75106391  compiled 2.75106391  mpmath 2.75106391  rel err eager 0.00e+00 compiled 9.69e-16\n"}
,{"stream_name":"stdout","time":300.759550897,"data":"erfinv torch.float64  x=0.99                   n= 3 eager 1.82138637  compiled 1.82138637  mpmath 1.82138637  rel err eager 0.00e+00 compiled 4.88e-16\n"}
,{"stream_name":"stdout","time":300.759555171,"data":"erfinv torch.float64  x=0.99                   n=64 eager 1.82138637  compiled 1.82138637  mpmath 1.82138637  rel err eager 0.00e+00 compiled 4.88e-16\n"}
,{"stream_name":"stdout","time":300.759559781,"data":"== device cuda\n"}
,{"stream_name":"stdout","time":300.759564501,"data":"acosh  torch.float64  n= 3 eager 461.21  compiled 461.21\n"}
,{"stream_name":"stdout","time":300.759568285,"data":"acosh  torch.float64  n= 8 eager 461.21  compiled 461.21\n"}
,{"stream_name":"stdout","time":300.759572583,"data":"acosh  torch.float64  n=16 eager 461.21  compiled 461.21\n"}
,{"stream_name":"stdout","time":300.759576537,"data":"acosh  torch.float64  n=32 eager 461.21  compiled 461.21\n"}
,{"stream_name":"stdout","time":300.759600649,"data":"acosh  torch.float64  n=64 eager 461.21  compiled 461.21\n"}
,{"stream_name":"stdout","time":300.759605268,"data":"acosh  torch.float32  n= 3 eager 89.29  compiled 89.29\n"}
,{"stream_name":"stdout","time":300.759609477,"data":"acosh  torch.float32  n= 8 eager 89.29  compiled 89.29\n"}
,{"stream_name":"stdout","time":300.759613178,"data":"acosh  torch.float32  n=16 eager 89.29  compiled 89.29\n"}
,{"stream_name":"stdout","time":300.759617451,"data":"acosh  torch.float32  n=32 eager 89.29  compiled 89.29\n"}
,{"stream_name":"stdout","time":300.759622275,"data":"acosh  torch.float32  n=64 eager 89.29  compiled 89.29\n"}
,{"stream_name":"stdout","time":300.759627149,"data":"erfinv torch.float32  x=0.9999999403953552     n= 3 eager 3.83250642  compiled 3.8325069  mpmath 3.83250686  rel err eager 1.14e-07 compiled 9.96e-09\n"}
,{"stream_name":"stdout","time":300.759631842,"data":"erfinv torch.float32  x=0.9999999403953552     n=64 eager 3.83250642  compiled 3.8325069  mpmath 3.83250686  rel err eager 1.14e-07 compiled 9.96e-09\n"}
,{"stream_name":"stdout","time":300.759636319,"data":"erfinv torch.float32  x=0.9998999834060669     n= 3 eager 2.75103545  compiled 2.75103545  mpmath 2.75103544  rel err eager 5.08e-09 compiled 5.08e-09\n"}
,{"stream_name":"stdout","time":300.759642517,"data":"erfinv torch.float32  x=0.9998999834060669     n=64 eager 2.75103545  compiled 2.75103545  mpmath 2.75103544  rel err eager 5.08e-09 compiled 5.08e-09\n"}
,{"stream_name":"stdout","time":300.759652475,"data":"erfinv torch.float32  x=0.9990000128746033     n= 3 eager 2.32675648  compiled 2.32675648  mpmath 2.32675633  rel err eager 6.47e-08 compiled 6.47e-08\n"}
,{"stream_name":"stdout","time":300.759657085,"data":"erfinv torch.float32  x=0.9990000128746033     n=64 eager 2.32675648  compiled 2.32675648  mpmath 2.32675633  rel err eager 6.47e-08 compiled 6.47e-08\n"}
,{"stream_name":"stdout","time":300.759661733,"data":"erfinv torch.float32  x=0.9900000095367432     n= 3 eager 1.82138658  compiled 1.82138658  mpmath 1.8213866  rel err eager 1.38e-08 compiled 1.38e-08\n"}
,{"stream_name":"stdout","time":300.759697794,"data":"erfinv torch.float32  x=0.9900000095367432     n=64 eager 1.82138658  compiled 1.82138658  mpmath 1.8213866  rel err eager 1.38e-08 compiled 1.38e-08\n"}
,{"stream_name":"stdout","time":300.759703136,"data":"erfinv torch.float64  x=0.9999999999999999     n= 3 eager 5.86358475  compiled 5.86358475  mpmath 5.86358475  rel err eager 1.51e-16 compiled 1.51e-16\n"}
,{"stream_name":"stdout","time":300.759707434,"data":"erfinv torch.float64  x=0.9999999999999999     n=64 eager 5.86358475  compiled 5.86358475  mpmath 5.86358475  rel err eager 1.51e-16 compiled 1.51e-16\n"}
,{"stream_name":"stdout","time":300.759711743,"data":"erfinv torch.float64  x=0.999999999999         n= 3 eager 5.0420319  compiled 5.0420319  mpmath 5.0420319  rel err eager 0.00e+00 compiled 0.00e+00\n"}
,{"stream_name":"stdout","time":300.759716638,"data":"erfinv torch.float64  x=0.999999999999         n=64 eager 5.0420319  compiled 5.0420319  mpmath 5.0420319  rel err eager 0.00e+00 compiled 0.00e+00\n"}
,{"stream_name":"stdout","time":300.759720594,"data":"erfinv torch.float64  x=0.9999                 n= 3 eager 2.75106391  compiled 2.75106391  mpmath 2.75106391  rel err eager 0.00e+00 compiled 0.00e+00\n"}
,{"stream_name":"stdout","time":300.759725059,"data":"erfinv torch.float64  x=0.9999                 n=64 eager 2.75106391  compiled 2.75106391  mpmath 2.75106391  rel err eager 0.00e+00 compiled 0.00e+00\n"}
,{"stream_name":"stdout","time":300.759729588,"data":"erfinv torch.float64  x=0.99                   n= 3 eager 1.82138637  compiled 1.82138637  mpmath 1.82138637  rel err eager 0.00e+00 compiled 0.00e+00\n"}
,{"stream_name":"stdout","time":300.759733923,"data":"erfinv torch.float64  x=0.99                   n=64 eager 1.82138637  compiled 1.82138637  mpmath 1.82138637  rel err eager 0.00e+00 compiled 0.00e+00\n"}
,{"stream_name":"stdout","time":304.443457451,"data":"JOB DONE\n"}
,{"stream_name":"stderr","time":306.665679124,"data":"/usr/local/lib/python3.12/dist-packages/mistune.py:435: SyntaxWarning: invalid escape sequence '\\|'\n"}
,{"stream_name":"stderr","time":306.6657144,"data":"  cells[i][c] = re.sub('\\\\\\\\\\|', '|', cell)\n"}
,{"stream_name":"stderr","time":306.928287264,"data":"/usr/local/lib/python3.12/dist-packages/nbconvert/filters/filter_links.py:36: SyntaxWarning: invalid escape sequence '\\_'\n"}
,{"stream_name":"stderr","time":306.928319873,"data":"  text = re.sub(r'_', '\\_', text) # Escape underscores in display text\n"}
,{"stream_name":"stderr","time":308.157589826,"data":"[NbConvertApp] Converting notebook __script__.ipynb to html\n"}
,{"stream_name":"stderr","time":309.457722344,"data":"[NbConvertApp] Writing 277635 bytes to __results__.html\n"}
]