[{"stream_name":"stdout","time":12.285335386,"data":"   ©¥©¥©¥©¥©¥©¥©¥©¥©¥©¥©¥©¥©¥©¥©¥©¥©¥©¥©¥©¥©¥©¥©¥©¥©¥©¥©¥©¥©¥©¥©¥©¥©¥©¥©¥©¥©¥©¥©¥©¥ 196.3/196.3 MB 8.2 MB/s eta 0:00:00\n"}
,{"stream_name":"stderr","time":56.926944312,"data":"ERROR: pip's dependency resolver does not currently take into account all the packages that are installed. This behaviour is the source of the following dependency conflicts.\n"}
,{"stream_name":"stderr","time":56.927011366,"data":"torchaudio 2.10.0+cpu requires torch==2.10.0, but you have torch 2.14.0+cpu which is incompatible.\n"}
,{"stream_name":"stderr","time":56.927017302,"data":"torchvision 0.25.0+cpu requires torch==2.10.0, but you have torch 2.14.0+cpu which is incompatible.\n"}
,{"stream_name":"stdout","time":86.183548794,"data":"torch 2.14.0+cpu capability AVX2\n"}
,{"stream_name":"stdout","time":86.183596721,"data":"inductor isa avx2\n"}
,{"stream_name":"stdout","time":86.183604091,"data":"torch.float32  n= 3\n"}
,{"stream_name":"stdout","time":86.183610459,"data":"    x=1e-38: eager rel 3.6e-08  compiled rel 1.0e+00  (compiled 0)\n"}
,{"stream_name":"stdout","time":86.183616278,"data":"    x=1e-30: eager rel 4.4e-08  compiled rel 1.0e+00  (compiled 0)\n"}
,{"stream_name":"stdout","time":86.183622222,"data":"    x=1e-20: eager rel 4.4e-09  compiled rel 1.0e+00  (compiled 0)\n"}
,{"stream_name":"stdout","time":86.183628126,"data":"torch.float32  n=64\n"}
,{"stream_name":"stdout","time":86.183633695,"data":"    x=1e-38: eager rel 3.6e-08  compiled rel 1.0e+00  (compiled 0)\n"}
,{"stream_name":"stdout","time":86.183639801,"data":"    x=1e-30: eager rel 4.4e-08  compiled rel 1.0e+00  (compiled 0)\n"}
,{"stream_name":"stdout","time":86.183645057,"data":"    x=1e-20: eager rel 4.4e-09  compiled rel 1.0e+00  (compiled 0)\n"}
,{"stream_name":"stdout","time":86.183650375,"data":"    x=1e-10: eager rel 1.2e-08  compiled rel 1.0e+00  (compiled 0)\n"}
,{"stream_name":"stdout","time":86.18365561,"data":"    x=1e-07: eager rel 1.1e-08  compiled rel 1.0e+00  (compiled 0)\n"}
,{"stream_name":"stdout","time":86.183662507,"data":"    x=1e-06: eager rel 9.4e-09  compiled rel 5.6e-02  (compiled 1.19209e-06)\n"}
,{"stream_name":"stdout","time":86.183673724,"data":"    x=1e-05: eager rel 1.3e-08  compiled rel 1.7e-02  (compiled 1.10864e-05)\n"}
,{"stream_name":"stdout","time":86.183677742,"data":"    x=0.0001: eager rel 1.7e-08  compiled rel 4.5e-04  (compiled 0.000112889)\n"}
,{"stream_name":"stdout","time":86.183681442,"data":"    x=0.001: eager rel 4.8e-08  compiled rel 2.8e-05  (compiled 0.00112841)\n"}
,{"stream_name":"stdout","time":86.183685255,"data":"    x=0.01: eager rel 5.9e-09  compiled rel 8.3e-07  (compiled 0.0112834)\n"}
,{"stream_name":"stdout","time":86.183689044,"data":"    x=0.1: eager rel 2.0e-08  compiled rel 5.1e-07  (compiled 0.112463)\n"}
,{"stream_name":"stdout","time":86.183692884,"data":"    x=0.5: eager rel 1.4e-08  compiled rel 4.7e-07  (compiled 0.5205)\n"}
,{"stream_name":"stdout","time":86.18369638,"data":"    x=1: eager rel 1.6e-08  compiled rel 1.6e-07  (compiled 0.842701)\n"}
,{"stream_name":"stdout","time":86.183699825,"data":"    x=2: eager rel 2.2e-08  compiled rel 9.8e-08  (compiled 0.995322)\n"}
,{"stream_name":"stdout","time":86.183703364,"data":"    x=3: eager rel 2.3e-08  compiled rel 2.3e-08  (compiled 0.999978)\n"}
,{"stream_name":"stdout","time":86.183706825,"data":"torch.float64  n= 3\n"}
,{"stream_name":"stdout","time":86.183710202,"data":"    x=1e-38: eager rel 0.0e+00  compiled rel 0.0e+00  (compiled 1.12838e-38)\n"}
,{"stream_name":"stdout","time":86.183713743,"data":"    x=1e-30: eager rel 0.0e+00  compiled rel 0.0e+00  (compiled 1.12838e-30)\n"}
,{"stream_name":"stdout","time":86.18371739,"data":"    x=1e-20: eager rel 0.0e+00  compiled rel 0.0e+00  (compiled 1.12838e-20)\n"}
,{"stream_name":"stdout","time":86.18373717,"data":"torch.float64  n=64\n"}
,{"stream_name":"stdout","time":86.183740014,"data":"    x=1e-38: eager rel 0.0e+00  compiled rel 0.0e+00  (compiled 1.12838e-38)\n"}
,{"stream_name":"stdout","time":86.183742785,"data":"    x=1e-30: eager rel 0.0e+00  compiled rel 0.0e+00  (compiled 1.12838e-30)\n"}
,{"stream_name":"stdout","time":86.183745495,"data":"    x=1e-20: eager rel 0.0e+00  compiled rel 0.0e+00  (compiled 1.12838e-20)\n"}
,{"stream_name":"stdout","time":86.183748135,"data":"    x=1e-10: eager rel 0.0e+00  compiled rel 0.0e+00  (compiled 1.12838e-10)\n"}
,{"stream_name":"stdout","time":86.183750767,"data":"    x=1e-07: eager rel 0.0e+00  compiled rel 0.0e+00  (compiled 1.12838e-07)\n"}
,{"stream_name":"stdout","time":86.183754892,"data":"    x=1e-06: eager rel 0.0e+00  compiled rel 0.0e+00  (compiled 1.12838e-06)\n"}
,{"stream_name":"stdout","time":86.183757695,"data":"    x=1e-05: eager rel 0.0e+00  compiled rel 0.0e+00  (compiled 1.12838e-05)\n"}
,{"stream_name":"stdout","time":86.183760331,"data":"    x=0.0001: eager rel 0.0e+00  compiled rel 0.0e+00  (compiled 0.000112838)\n"}
,{"stream_name":"stdout","time":86.183762968,"data":"    x=0.001: eager rel 0.0e+00  compiled rel 0.0e+00  (compiled 0.00112838)\n"}
,{"stream_name":"stdout","time":86.183765622,"data":"    x=0.01: eager rel 0.0e+00  compiled rel 0.0e+00  (compiled 0.0112834)\n"}
,{"stream_name":"stdout","time":86.183768304,"data":"    x=0.1: eager rel 0.0e+00  compiled rel 0.0e+00  (compiled 0.112463)\n"}
,{"stream_name":"stdout","time":86.183770989,"data":"    x=0.5: eager rel 0.0e+00  compiled rel 0.0e+00  (compiled 0.5205)\n"}
,{"stream_name":"stdout","time":86.183773624,"data":"    x=1: eager rel 0.0e+00  compiled rel 0.0e+00  (compiled 0.842701)\n"}
,{"stream_name":"stdout","time":86.183776297,"data":"    x=2: eager rel 0.0e+00  compiled rel 0.0e+00  (compiled 0.995322)\n"}
,{"stream_name":"stdout","time":86.183779025,"data":"    x=3: eager rel 0.0e+00  compiled rel 0.0e+00  (compiled 0.999978)\n"}
,{"stream_name":"stdout","time":93.435798232,"data":"   ©¥©¥©¥©¥©¥©¥©¥©¥©¥©¥©¥©¥©¥©¥©¥©¥©¥©¥©¥©¥©¥©¥©¥©¥©¥©¥©¥©¥©¥©¥©¥©¥©¥©¥©¥©¥©¥©¥©¥©¥ 209.1/209.1 MB 8.9 MB/s eta 0:00:00\n"}
,{"stream_name":"stderr","time":118.829482886,"data":"ERROR: pip's dependency resolver does not currently take into account all the packages that are installed. This behaviour is the source of the following dependency conflicts.\n"}
,{"stream_name":"stderr","time":118.829528316,"data":"torchaudio 2.10.0+cpu requires torch==2.10.0, but you have torch 2.15.0.dev20260922+cpu which is incompatible.\n"}
,{"stream_name":"stderr","time":118.829541618,"data":"torchvision 0.25.0+cpu requires torch==2.10.0, but you have torch 2.15.0.dev20260922+cpu which is incompatible.\n"}
,{"stream_name":"stdout","time":140.401206863,"data":"torch 2.15.0.dev20260922+cpu capability AVX2\n"}
,{"stream_name":"stdout","time":140.401258828,"data":"inductor isa avx2\n"}
,{"stream_name":"stdout","time":140.401264539,"data":"torch.float32  n= 3\n"}
,{"stream_name":"stdout","time":140.401268421,"data":"    x=1e-38: eager rel 3.6e-08  compiled rel 1.0e+00  (compiled 0)\n"}
,{"stream_name":"stdout","time":140.401272149,"data":"    x=1e-30: eager rel 4.4e-08  compiled rel 1.0e+00  (compiled 0)\n"}
,{"stream_name":"stdout","time":140.40127575,"data":"    x=1e-20: eager rel 4.4e-09  compiled rel 1.0e+00  (compiled 0)\n"}
,{"stream_name":"stdout","time":140.401294886,"data":"torch.float32  n=64\n"}
,{"stream_name":"stdout","time":140.401298339,"data":"    x=1e-38: eager rel 3.6e-08  compiled rel 1.0e+00  (compiled 0)\n"}
,{"stream_name":"stdout","time":140.401318886,"data":"    x=1e-30: eager rel 4.4e-08  compiled rel 1.0e+00  (compiled 0)\n"}
,{"stream_name":"stdout","time":140.401325977,"data":"    x=1e-20: eager rel 4.4e-09  compiled rel 1.0e+00  (compiled 0)\n"}
,{"stream_name":"stdout","time":140.40132886,"data":"    x=1e-10: eager rel 1.2e-08  compiled rel 1.0e+00  (compiled 0)\n"}
,{"stream_name":"stdout","time":140.401331838,"data":"    x=1e-07: eager rel 1.1e-08  compiled rel 1.0e+00  (compiled 0)\n"}
,{"stream_name":"stdout","time":140.401334554,"data":"    x=1e-06: eager rel 9.4e-09  compiled rel 5.6e-02  (compiled 1.19209e-06)\n"}
,{"stream_name":"stdout","time":140.401337337,"data":"    x=1e-05: eager rel 1.3e-08  compiled rel 1.7e-02  (compiled 1.10864e-05)\n"}
,{"stream_name":"stdout","time":140.401340057,"data":"    x=0.0001: eager rel 1.7e-08  compiled rel 4.5e-04  (compiled 0.000112889)\n"}
,{"stream_name":"stdout","time":140.401342741,"data":"    x=0.001: eager rel 4.8e-08  compiled rel 2.8e-05  (compiled 0.00112841)\n"}
,{"stream_name":"stdout","time":140.401345431,"data":"    x=0.01: eager rel 5.9e-09  compiled rel 8.3e-07  (compiled 0.0112834)\n"}
,{"stream_name":"stdout","time":140.401348056,"data":"    x=0.1: eager rel 2.0e-08  compiled rel 5.1e-07  (compiled 0.112463)\n"}
,{"stream_name":"stdout","time":140.401350908,"data":"    x=0.5: eager rel 1.4e-08  compiled rel 4.7e-07  (compiled 0.5205)\n"}
,{"stream_name":"stdout","time":140.401353547,"data":"    x=1: eager rel 1.6e-08  compiled rel 1.6e-07  (compiled 0.842701)\n"}
,{"stream_name":"stdout","time":140.401356167,"data":"    x=2: eager rel 2.2e-08  compiled rel 9.8e-08  (compiled 0.995322)\n"}
,{"stream_name":"stdout","time":140.4013588,"data":"    x=3: eager rel 2.3e-08  compiled rel 2.3e-08  (compiled 0.999978)\n"}
,{"stream_name":"stdout","time":140.401361494,"data":"torch.float64  n= 3\n"}
,{"stream_name":"stdout","time":140.401364072,"data":"    x=1e-38: eager rel 0.0e+00  compiled rel 0.0e+00  (compiled 1.12838e-38)\n"}
,{"stream_name":"stdout","time":140.401366731,"data":"    x=1e-30: eager rel 0.0e+00  compiled rel 0.0e+00  (compiled 1.12838e-30)\n"}
,{"stream_name":"stdout","time":140.401370095,"data":"    x=1e-20: eager rel 0.0e+00  compiled rel 0.0e+00  (compiled 1.12838e-20)\n"}
,{"stream_name":"stdout","time":140.401374163,"data":"torch.float64  n=64\n"}
,{"stream_name":"stdout","time":140.401378997,"data":"    x=1e-38: eager rel 0.0e+00  compiled rel 0.0e+00  (compiled 1.12838e-38)\n"}
,{"stream_name":"stdout","time":140.401381997,"data":"    x=1e-30: eager rel 0.0e+00  compiled rel 0.0e+00  (compiled 1.12838e-30)\n"}
,{"stream_name":"stdout","time":140.401384641,"data":"    x=1e-20: eager rel 0.0e+00  compiled rel 0.0e+00  (compiled 1.12838e-20)\n"}
,{"stream_name":"stdout","time":140.401387362,"data":"    x=1e-10: eager rel 0.0e+00  compiled rel 0.0e+00  (compiled 1.12838e-10)\n"}
,{"stream_name":"stdout","time":140.401390035,"data":"    x=1e-07: eager rel 0.0e+00  compiled rel 0.0e+00  (compiled 1.12838e-07)\n"}
,{"stream_name":"stdout","time":140.401393848,"data":"    x=1e-06: eager rel 0.0e+00  compiled rel 0.0e+00  (compiled 1.12838e-06)\n"}
,{"stream_name":"stdout","time":140.401396566,"data":"    x=1e-05: eager rel 0.0e+00  compiled rel 0.0e+00  (compiled 1.12838e-05)\n"}
,{"stream_name":"stdout","time":140.401399358,"data":"    x=0.0001: eager rel 0.0e+00  compiled rel 0.0e+00  (compiled 0.000112838)\n"}
,{"stream_name":"stdout","time":140.401402014,"data":"    x=0.001: eager rel 0.0e+00  compiled rel 0.0e+00  (compiled 0.00112838)\n"}
,{"stream_name":"stdout","time":140.401404705,"data":"    x=0.01: eager rel 0.0e+00  compiled rel 0.0e+00  (compiled 0.0112834)\n"}
,{"stream_name":"stdout","time":140.401410611,"data":"    x=0.1: eager rel 0.0e+00  compiled rel 0.0e+00  (compiled 0.112463)\n"}
,{"stream_name":"stdout","time":140.401413466,"data":"    x=0.5: eager rel 0.0e+00  compiled rel 0.0e+00  (compiled 0.5205)\n"}
,{"stream_name":"stdout","time":140.401416101,"data":"    x=1: eager rel 0.0e+00  compiled rel 0.0e+00  (compiled 0.842701)\n"}
,{"stream_name":"stdout","time":140.401418756,"data":"    x=2: eager rel 0.0e+00  compiled rel 0.0e+00  (compiled 0.995322)\n"}
,{"stream_name":"stdout","time":140.401421391,"data":"    x=3: eager rel 0.0e+00  compiled rel 0.0e+00  (compiled 0.999978)\n"}
,{"stream_name":"stdout","time":141.684770372,"data":"JOB DONE\n"}
,{"stream_name":"stderr","time":144.44255272,"data":"/usr/local/lib/python3.12/dist-packages/mistune.py:435: SyntaxWarning: invalid escape sequence '\\|'\n"}
,{"stream_name":"stderr","time":144.442596506,"data":"  cells[i][c] = re.sub('\\\\\\\\\\|', '|', cell)\n"}
,{"stream_name":"stderr","time":144.868311697,"data":"/usr/local/lib/python3.12/dist-packages/nbconvert/filters/filter_links.py:36: SyntaxWarning: invalid escape sequence '\\_'\n"}
,{"stream_name":"stderr","time":144.868347209,"data":"  text = re.sub(r'_', '\\_', text) # Escape underscores in display text\n"}
,{"stream_name":"stderr","time":145.785431257,"data":"[NbConvertApp] Converting notebook __script__.ipynb to html\n"}
,{"stream_name":"stderr","time":147.519919605,"data":"[NbConvertApp] Writing 276576 bytes to __results__.html\n"}
]