[{"stream_name":"stdout","time":7.080032154,"data":"   ©¥©¥©¥©¥©¥©¥©¥©¥©¥©¥©¥©¥©¥©¥©¥©¥©¥©¥©¥©¥©¥©¥©¥©¥©¥©¥©¥©¥©¥©¥©¥©¥©¥©¥©¥©¥©¥©¥©¥©¥ 196.3/196.3 MB 9.0 MB/s eta 0:00:00\n"}
,{"stream_name":"stderr","time":44.384360659,"data":"ERROR: pip's dependency resolver does not currently take into account all the packages that are installed. This behaviour is the source of the following dependency conflicts.\n"}
,{"stream_name":"stderr","time":44.384464731,"data":"torchaudio 2.10.0+cpu requires torch==2.10.0, but you have torch 2.14.0+cpu which is incompatible.\n"}
,{"stream_name":"stderr","time":44.384474855,"data":"torchvision 0.25.0+cpu requires torch==2.10.0, but you have torch 2.14.0+cpu which is incompatible.\n"}
,{"stream_name":"stdout","time":47.104003761,"data":"torch 2.14.0+cpu\n"}
,{"stream_name":"stdout","time":82.926543227,"data":"n=  1024 base   exit=0 runner destroyed OK \n"}
,{"stream_name":"stdout","time":99.648498531,"data":"n=  1024 sleep  exit=0 runner destroyed OK \n"}
,{"stream_name":"stdout","time":114.015027126,"data":"n=  1024 omp1   exit=0 runner destroyed OK \n"}
,{"stream_name":"stdout","time":128.39414954,"data":"n=  4096 base   exit=0 runner destroyed OK \n"}
,{"stream_name":"stdout","time":144.747103359,"data":"n=  4096 sleep  exit=0 runner destroyed OK \n"}
,{"stream_name":"stdout","time":159.114715899,"data":"n=  4096 omp1   exit=0 runner destroyed OK \n"}
,{"stream_name":"stdout","time":173.619397736,"data":"n= 65536 base   exit=0 runner destroyed OK \n"}
,{"stream_name":"stdout","time":190.010581112,"data":"n= 65536 sleep  exit=0 runner destroyed OK \n"}
,{"stream_name":"stdout","time":204.513040096,"data":"n= 65536 omp1   exit=0 runner destroyed OK \n"}
,{"stream_name":"stdout","time":209.161638855,"data":"   ©¥©¥©¥©¥©¥©¥©¥©¥©¥©¥©¥©¥©¥©¥©¥©¥©¥©¥©¥©¥©¥©¥©¥©¥©¥©¥©¥©¥©¥©¥©¥©¥©¥©¥©¥©¥©¥©¥©¥©¥ 209.1/209.1 MB 8.8 MB/s eta 0:00:00\n"}
,{"stream_name":"stderr","time":232.611016942,"data":"ERROR: pip's dependency resolver does not currently take into account all the packages that are installed. This behaviour is the source of the following dependency conflicts.\n"}
,{"stream_name":"stderr","time":232.611060531,"data":"torchaudio 2.10.0+cpu requires torch==2.10.0, but you have torch 2.15.0.dev20260922+cpu which is incompatible.\n"}
,{"stream_name":"stderr","time":232.611067369,"data":"torchvision 0.25.0+cpu requires torch==2.10.0, but you have torch 2.15.0.dev20260922+cpu which is incompatible.\n"}
,{"stream_name":"stdout","time":234.687653989,"data":"torch 2.15.0.dev20260922+cpu\n"}
,{"stream_name":"stdout","time":264.823460982,"data":"n=  1024 base   exit=0 runner destroyed OK \n"}
,{"stream_name":"stdout","time":281.558075512,"data":"n=  1024 sleep  exit=0 runner destroyed OK \n"}
,{"stream_name":"stdout","time":296.246520973,"data":"n=  1024 omp1   exit=0 runner destroyed OK \n"}
,{"stream_name":"stdout","time":310.711110956,"data":"n=  4096 base   exit=0 runner destroyed OK \n"}
,{"stream_name":"stdout","time":327.353321678,"data":"n=  4096 sleep  exit=0 runner destroyed OK \n"}
,{"stream_name":"stdout","time":342.117805219,"data":"n=  4096 omp1   exit=0 runner destroyed OK \n"}
,{"stream_name":"stdout","time":357.014415747,"data":"n= 65536 base   exit=0 runner destroyed OK \n"}
,{"stream_name":"stdout","time":373.853938393,"data":"n= 65536 sleep  exit=0 runner destroyed OK \n"}
,{"stream_name":"stdout","time":388.733088466,"data":"n= 65536 omp1   exit=0 runner destroyed OK \n"}
,{"stream_name":"stdout","time":389.258144404,"data":"JOB DONE\n"}
,{"stream_name":"stderr","time":391.790493459,"data":"/usr/local/lib/python3.12/dist-packages/mistune.py:435: SyntaxWarning: invalid escape sequence '\\|'\n"}
,{"stream_name":"stderr","time":391.790549721,"data":"  cells[i][c] = re.sub('\\\\\\\\\\|', '|', cell)\n"}
,{"stream_name":"stderr","time":392.11685093,"data":"/usr/local/lib/python3.12/dist-packages/nbconvert/filters/filter_links.py:36: SyntaxWarning: invalid escape sequence '\\_'\n"}
,{"stream_name":"stderr","time":392.116880956,"data":"  text = re.sub(r'_', '\\_', text) # Escape underscores in display text\n"}
,{"stream_name":"stderr","time":392.843385184,"data":"[NbConvertApp] Converting notebook __script__.ipynb to html\n"}
,{"stream_name":"stderr","time":394.357048596,"data":"[NbConvertApp] Writing 276360 bytes to __results__.html\n"}
]